******************************************************************************
            TI ARM Clang Linker Unix v2.1.1                    
******************************************************************************
>> Linked Thu Sep 29 15:50:17 2022

OUTPUT FILE NAME:   <sbl_ospi_multi_partition.debug.out>
ENTRY POINT SYMBOL: "_vectors_sbl"  address: 70000000


MEMORY CONFIGURATION

         name            origin    length      used     unused   attr    fill
----------------------  --------  ---------  --------  --------  ----  --------
  R5F_VECS              00000000   00000040  00000000  00000040  RWIX
  R5F_TCMA              00000040   00007fc0  00000000  00007fc0  RWIX
  R5F_TCMB0             41010000   00008000  00000000  00008000  RWIX
  MSRAM_VECS            70000000   00000100  00000040  000000c0  RWIX
  MSRAM_0               70000100   0004ff00  0000afe8  00044f18  RWIX
  MSRAM_1               70050000   00030000  000066c8  00029938  RWIX


SEGMENT ALLOCATION MAP

run origin  load origin   length   init length attrs members
----------  ----------- ---------- ----------- ----- -------
70000000    70000000    00000040   00000040    r-x
  70000000    70000000    00000040   00000040    r-x .vectors
70000100    70000100    00009eb0   00009eb0    r-x
  70000100    70000100    00008b90   00008b90    r-x .text
  70008c90    70008c90    00000a80   00000a80    r-x .text.hwi
  70009710    70009710    00000490   00000490    r-x .text.cache
  70009ba0    70009ba0    000002d0   000002d0    r-x .text.mpu
  70009e70    70009e70    00000140   00000140    r-x .text.boot
70009fb0    70009fb0    00000460   00000460    rw-
  70009fb0    70009fb0    00000460   00000460    rw- .data
7000a410    7000a410    00000cd8   00000cd8    r--
  7000a410    7000a410    00000cd8   00000cd8    r-- .rodata
70050000    70050000    000052c8   00000000    rw-
  70050000    70050000    00004000   00000000    rw- .stack
  70054000    70054000    000012c8   00000000    rw- .bss
700552c8    700552c8    00001400   00000000    r--
  700552c8    700552c8    00001000   00000000    r-- .irqstack
  700562c8    700562c8    00000100   00000000    r-- .fiqstack
  700563c8    700563c8    00000100   00000000    r-- .svcstack
  700564c8    700564c8    00000100   00000000    r-- .abortstack
  700565c8    700565c8    00000100   00000000    r-- .undefinedstack


SECTION ALLOCATION MAP

 output                                  attributes/
section   page    origin      length       input sections
--------  ----  ----------  ----------   ----------------
.vectors   0    70000000    00000040     
                  70000000    00000040     nortos.am243x.r5f.ti-arm-clang.debug.lib : HwiP_armv7r_vectors_nortos_sbl_asm.obj (.vectors)

.text      0    70000100    00008b90     
                  70000100    00000a34     nortos.am243x.r5f.ti-arm-clang.debug.lib : printf.obj (.text._vsnprintf)
                  70000b34    00000008     libc.a : exit.c.obj (.text:abort)
                  70000b3c    00000004     libclang_rt.builtins.a : aeabi_memcpy.S.obj (.text)
                  70000b40    0000051e     nortos.am243x.r5f.ti-arm-clang.debug.lib : printf.obj (.text._ftoa)
                  7000105e    00000002     --HOLE-- [fill = 0]
                  70001060    00000478                                              : printf.obj (.text._etoa)
                  700014d8    00000008     --HOLE-- [fill = 0]
                  700014e0    000002da     drivers.am243x.r5f.ti-arm-clang.debug.lib : sciclient.obj (.text.Sciclient_service)
                  700017ba    00000006     --HOLE-- [fill = 0]
                  700017c0    000002ae     nortos.am243x.r5f.ti-arm-clang.debug.lib : TimerP.obj (.text.TimerP_setup)
                  70001a6e    00000002     --HOLE-- [fill = 0]
                  70001a70    00000286     drivers.am243x.r5f.ti-arm-clang.debug.lib : uart_v0.obj (.text.UART_open)
                  70001cf6    0000000a     --HOLE-- [fill = 0]
                  70001d00    00000278                                               : bootloader.obj (.text.Bootloader_verifyMulticoreImage)
                  70001f78    00000008     --HOLE-- [fill = 0]
                  70001f80    00000242                                               : uart_v0.obj (.text.UART_fifoConfig)
                  700021c2    0000000e     --HOLE-- [fill = 0]
                  700021d0    0000023e     nortos.am243x.r5f.ti-arm-clang.debug.lib : printf.obj (.text._ntoa_format)
                  7000240e    00000002     --HOLE-- [fill = 0]
                  70002410    00000228     drivers.am243x.r5f.ti-arm-clang.debug.lib : uart_v0.obj (.text.UART_masterIsr)
                  70002638    00000008     --HOLE-- [fill = 0]
                  70002640    0000020e                                               : bootloader_soc.obj (.text.Bootloader_socCpuResetRelease)
                  7000284e    00000002     --HOLE-- [fill = 0]
                  70002850    000001ee                                               : uart_v0.obj (.text.UART_write)
                  70002a3e    00000002     --HOLE-- [fill = 0]
                  70002a40    000001d8                                               : bootloader_soc.obj (.text.Bootloader_socCpuPowerOnResetR5f)
                  70002c18    00000008     --HOLE-- [fill = 0]
                  70002c20    000001b4                                               : soc.obj (.text.SOC_moduleSetClockFrequency)
                  70002dd4    0000000c     --HOLE-- [fill = 0]
                  70002de0    000001b0                                               : uart_v0.obj (.text.UART_close)
                  70002f90    0000018a                                               : bootloader_soc.obj (.text.Bootloader_socCpuResetReleaseSelf)
                  7000311a    00000006     --HOLE-- [fill = 0]
                  70003120    00000178                                               : uart_v0.obj (.text.UART_configInstance)
                  70003298    00000008     --HOLE-- [fill = 0]
                  700032a0    00000172     nortos.am243x.r5f.ti-arm-clang.debug.lib : ClockP_nortos_r5.obj (.text.ClockP_init)
                  70003412    0000000e     --HOLE-- [fill = 0]
                  70003420    00000150     drivers.am243x.r5f.ti-arm-clang.debug.lib : uart_v0.obj (.text.UART_procLineStatusErr)
                  70003570    00000142                                               : sciclient.obj (.text.Sciclient_sendMessage)
                  700036b2    0000000e     --HOLE-- [fill = 0]
                  700036c0    00000138     nortos.am243x.r5f.ti-arm-clang.debug.lib : printf.obj (.text._ntoa_long_long)
                  700037f8    00000008     --HOLE-- [fill = 0]
                  70003800    00000134     drivers.am243x.r5f.ti-arm-clang.debug.lib : bootloader.obj (.text.Bootloader_parseMultiCoreAppImage)
                  70003934    0000000c     --HOLE-- [fill = 0]
                  70003940    00000130                                               : sciclient.obj (.text.Sciclient_recvMessage)
                  70003a70    0000012a                                               : sciclient_pm.obj (.text.Sciclient_pmQueryModuleClkFreq)
                  70003b9a    00000006     --HOLE-- [fill = 0]
                  70003ba0    00000126                                               : bootloader.obj (.text.Bootloader_rprcImageLoad)
                  70003cc6    0000000a     --HOLE-- [fill = 0]
                  70003cd0    00000120                                               : bootloader.obj (.text.Bootloader_getMsgLen)
                  70003df0    00000118     libclang_rt.builtins.a : udivmoddi4.S.obj (.text)
                  70003f08    00000008     --HOLE-- [fill = 0]
                  70003f10    00000116     drivers.am243x.r5f.ti-arm-clang.debug.lib : uart_v0.obj (.text.UART_divisorLatchWrite)
                  70004026    0000000a     --HOLE-- [fill = 0]
                  70004030    00000114                                               : sciclient.obj (.text.Sciclient_getVersionCheck)
                  70004144    0000000c     --HOLE-- [fill = 0]
                  70004150    00000114     nortos.am243x.r5f.ti-arm-clang.debug.lib : printf.obj (.text._ntoa_long)
                  70004264    0000000c     --HOLE-- [fill = 0]
                  70004270    00000110     drivers.am243x.r5f.ti-arm-clang.debug.lib : sciclient_pm.obj (.text.Sciclient_pmSetModuleClkFreq)
                  70004380    0000010c     main.obj (.text.main)
                  7000448c    00000004     --HOLE-- [fill = 0]
                  70004490    00000108     drivers.am243x.r5f.ti-arm-clang.debug.lib : bootloader.obj (.text.Bootloader_loadSelfCpu)
                  70004598    00000008     --HOLE-- [fill = 0]
                  700045a0    000000fe                                               : bootloader_soc.obj (.text.Bootloader_socCpuPowerOnResetM4f)
                  7000469e    00000002     --HOLE-- [fill = 0]
                  700046a0    000000f0     nortos.am243x.r5f.ti-arm-clang.debug.lib : SemaphoreP_nortos.obj (.text.SemaphoreP_pend)
                  70004790    000000ea                                              : AddrTranslateP.obj (.text.AddrTranslateP_getLocalAddr)
                  7000487a    00000006     --HOLE-- [fill = 0]
                  70004880    000000de     drivers.am243x.r5f.ti-arm-clang.debug.lib : sciclient.obj (.text.Sciclient_waitForMessage)
                  7000495e    00000002     --HOLE-- [fill = 0]
                  70004960    000000de                                               : uart_v0.obj (.text.UART_intrEnable)
                  70004a3e    00000002     --HOLE-- [fill = 0]
                  70004a40    000000da                                               : uart_v0.obj (.text.UART_intrDisable)
                  70004b1a    00000006     --HOLE-- [fill = 0]
                  70004b20    000000d4                                               : bootloader_soc.obj (.text.Bootloader_socOpenFirewalls)
                  70004bf4    0000000c     --HOLE-- [fill = 0]
                  70004c00    000000d4                                               : pinmux.obj (.text.Pinmux_unlockMMR)
                  70004cd4    0000000c     --HOLE-- [fill = 0]
                  70004ce0    000000d4                                               : sciclient_procboot.obj (.text.Sciclient_procBootWaitProcessorState)
                  70004db4    0000000c     --HOLE-- [fill = 0]
                  70004dc0    000000cc                                               : uart_v0.obj (.text.UART_flushTxFifo)
                  70004e8c    00000004     --HOLE-- [fill = 0]
                  70004e90    000000c2                                               : uart_v0.obj (.text.UART_writePolling)
                  70004f52    0000000e     --HOLE-- [fill = 0]
                  70004f60    000000c0     nortos.am243x.r5f.ti-arm-clang.debug.lib : printf.obj (.text._out_rev)
                  70005020    000000ba                                              : ClockP_nortos.obj (.text.ClockP_stop)
                  700050da    00000006     --HOLE-- [fill = 0]
                  700050e0    000000ba     drivers.am243x.r5f.ti-arm-clang.debug.lib : uart_v0.obj (.text.UART_init)
                  7000519a    00000006     --HOLE-- [fill = 0]
                  700051a0    000000b8     nortos.am243x.r5f.ti-arm-clang.debug.lib : ClockP_nortos.obj (.text.ClockP_timerTickIsr)
                  70005258    00000008     --HOLE-- [fill = 0]
                  70005260    000000b2     drivers.am243x.r5f.ti-arm-clang.debug.lib : sciclient.obj (.text.Sciclient_getCurrentContext)
                  70005312    0000000e     --HOLE-- [fill = 0]
                  70005320    000000ac     ti_drivers_open_close.obj (.text.Drivers_uartOpen)
                  700053cc    00000004     --HOLE-- [fill = 0]
                  700053d0    000000aa     drivers.am243x.r5f.ti-arm-clang.debug.lib : uart_v0.obj (.text.UART_fifoWrite)
                  7000547a    00000006     --HOLE-- [fill = 0]
                  70005480    000000a8     nortos.am243x.r5f.ti-arm-clang.debug.lib : ClockP_nortos.obj (.text.ClockP_addToList)
                  70005528    00000008     --HOLE-- [fill = 0]
                  70005530    000000a8                                              : ClockP_nortos.obj (.text.ClockP_destruct)
                  700055d8    00000008     --HOLE-- [fill = 0]
                  700055e0    000000a6     drivers.am243x.r5f.ti-arm-clang.debug.lib : sciclient_pm.obj (.text.Sciclient_pmGetModuleClkNumParent)
                  70005686    0000000a     --HOLE-- [fill = 0]
                  70005690    000000a4                                               : bootloader_soc.obj (.text.Bootloader_socOpenFirewallRegion)
                  70005734    0000000c     --HOLE-- [fill = 0]
                  70005740    0000009e                                               : bootloader_soc.obj (.text.Bootloader_socCpuSetClock)
                  700057de    00000002     --HOLE-- [fill = 0]
                  700057e0    0000009e                                               : sciclient_soc_priv.obj (.text.Sciclient_getContext)
                  7000587e    00000002     --HOLE-- [fill = 0]
                  70005880    0000009a                                               : bootloader.obj (.text.Bootloader_runCpu)
                  7000591a    00000006     --HOLE-- [fill = 0]
                  70005920    0000009a                                               : bootloader_soc.obj (.text.Bootloader_socTranslateSectionAddr)
                  700059ba    00000006     --HOLE-- [fill = 0]
                  700059c0    0000009a                                               : soc.obj (.text.SOC_controlModuleUnlockMMR)
                  70005a5a    00000006     --HOLE-- [fill = 0]
                  70005a60    0000009a                                               : sciclient_pm.obj (.text.Sciclient_pmGetModuleClkFreq)
                  70005afa    00000006     --HOLE-- [fill = 0]
                  70005b00    0000009a                                               : sciclient_pm.obj (.text.Sciclient_pmGetModuleClkParent)
                  70005b9a    00000006     --HOLE-- [fill = 0]
                  70005ba0    0000009a                                               : sciclient_pm.obj (.text.Sciclient_pmSetModuleClkParent)
                  70005c3a    00000006     --HOLE-- [fill = 0]
                  70005c40    0000009a                                               : sciclient_procboot.obj (.text.Sciclient_procBootSetSequenceCtrl)
                  70005cda    00000006     --HOLE-- [fill = 0]
                  70005ce0    00000098                                               : sciclient_pm.obj (.text.Sciclient_pmModuleGetClkStatus)
                  70005d78    00000008     --HOLE-- [fill = 0]
                  70005d80    00000096                                               : sciclient.obj (.text.Sciclient_init)
                  70005e16    0000000a     --HOLE-- [fill = 0]
                  70005e20    00000096                                               : uart_v0.obj (.text.UART_subConfigTCRTLRModeEn)
                  70005eb6    0000000a     --HOLE-- [fill = 0]
                  70005ec0    00000094                                               : sciclient.obj (.text.Sciclient_waitForBootNotification)
                  70005f54    0000000c     --HOLE-- [fill = 0]
                  70005f60    00000092                                               : soc.obj (.text.SOC_moduleClockEnable)
                  70005ff2    0000000e     --HOLE-- [fill = 0]
                  70006000    00000092                                               : uart_v0.obj (.text.UART_writeCancelNoCB)
                  70006092    0000000e     --HOLE-- [fill = 0]
                  700060a0    0000008c                                               : bootloader_soc.obj (.text.Bootloader_socCpuGetClock)
                  7000612c    00000004     --HOLE-- [fill = 0]
                  70006130    0000008c                                               : bootloader_soc.obj (.text.Bootloader_socCpuSetEntryPoint)
                  700061bc    00000004     --HOLE-- [fill = 0]
                  700061c0    0000008c                                               : sciclient_pm.obj (.text.Sciclient_pmGetModuleState)
                  7000624c    00000004     --HOLE-- [fill = 0]
                  70006250    0000008c                                               : sciclient_pm.obj (.text.Sciclient_pmModuleClkRequest)
                  700062dc    00000004     --HOLE-- [fill = 0]
                  700062e0    0000008c                                               : sciclient_pm.obj (.text.Sciclient_pmSetModuleState)
                  7000636c    00000004     --HOLE-- [fill = 0]
                  70006370    00000088     nortos.am243x.r5f.ti-arm-clang.debug.lib : ClockP_nortos.obj (.text.ClockP_getTimeUsec)
                  700063f8    00000008     --HOLE-- [fill = 0]
                  70006400    00000088     drivers.am243x.r5f.ti-arm-clang.debug.lib : sciclient_procboot.obj (.text.Sciclient_procBootReleaseProcessor)
                  70006488    00000008     --HOLE-- [fill = 0]
                  70006490    00000086                                               : soc.obj (.text.SOC_controlModuleLockMMR)
                  70006516    0000000a     --HOLE-- [fill = 0]
                  70006520    00000086                                               : uart_v0.obj (.text.UART_tcrTlrBitValRestore)
                  700065a6    0000000a     --HOLE-- [fill = 0]
                  700065b0    00000084                                               : uart_dma.obj (.text.UART_dmaDisableChannel)
                  70006634    0000000c     --HOLE-- [fill = 0]
                  70006640    00000080                                               : uart_dma.obj (.text.UART_dmaClose)
                  700066c0    00000080                                               : uart_v0.obj (.text.UART_readData)
                  70006740    0000007e                                               : bootloader.obj (.text.Bootloader_findSeq)
                  700067be    00000002     --HOLE-- [fill = 0]
                  700067c0    0000007c                                               : pinmux.obj (.text.Pinmux_config)
                  7000683c    00000004     --HOLE-- [fill = 0]
                  70006840    0000007a                                               : uart_v0.obj (.text.UART_Params_init)
                  700068ba    00000006     --HOLE-- [fill = 0]
                  700068c0    0000007a     nortos.am243x.r5f.ti-arm-clang.debug.lib : DebugP_log.obj (.text._DebugP_assert)
                  7000693a    00000006     --HOLE-- [fill = 0]
                  70006940    00000074                                              : ClockP_nortos.obj (.text.ClockP_construct)
                  700069b4    0000000c     --HOLE-- [fill = 0]
                  700069c0    00000072     drivers.am243x.r5f.ti-arm-clang.debug.lib : bootloader_soc.obj (.text.Bootloader_socCpuPowerOnResetA53)
                  70006a32    0000000e     --HOLE-- [fill = 0]
                  70006a40    00000070                                               : bootloader.obj (.text.Bootloader_open)
                  70006ab0    00000070                                               : uart_dma.obj (.text.UART_dmaOpen)
                  70006b20    0000006e                                               : bootloader.obj (.text.Bootloader_getX509CertLen)
                  70006b8e    00000002     --HOLE-- [fill = 0]
                  70006b90    0000006e                                               : bootloader_soc.obj (.text.Bootloader_socGetR5fBtcmAddrAndSize)
                  70006bfe    00000002     --HOLE-- [fill = 0]
                  70006c00    0000006c                                               : bootloader_soc.obj (.text.Bootloader_socCpuRelease)
                  70006c6c    00000004     --HOLE-- [fill = 0]
                  70006c70    0000006c                                               : bootloader_soc.obj (.text.Bootloader_socGetR5fAtcmAddrAndSize)
                  70006cdc    00000004     --HOLE-- [fill = 0]
                  70006ce0    0000006a     main.obj (.text.App_bootCpu)
                  70006d4a    00000006     --HOLE-- [fill = 0]
                  70006d50    0000006a     main.obj (.text.App_bootLoadSelfCpu)
                  70006dba    00000006     --HOLE-- [fill = 0]
                  70006dc0    0000006a     drivers.am243x.r5f.ti-arm-clang.debug.lib : bootloader_soc.obj (.text.Bootloader_socCpuRequest)
                  70006e2a    00000006     --HOLE-- [fill = 0]
                  70006e30    0000006a                                               : pinmux.obj (.text.Pinmux_lockMMR)
                  70006e9a    00000006     --HOLE-- [fill = 0]
                  70006ea0    00000068                                               : bootloader.obj (.text.Bootloader_loadCpu)
                  70006f08    00000008     --HOLE-- [fill = 0]
                  70006f10    00000068                                               : uart_v0.obj (.text.UART_divisorValCompute)
                  70006f78    00000008     --HOLE-- [fill = 0]
                  70006f80    00000066                                               : bootloader_soc.obj (.text.Bootloader_socInitR5FAtcmBtcm)
                  70006fe6    0000000a     --HOLE-- [fill = 0]
                  70006ff0    00000066                                               : sciclient_pm.obj (.text.Sciclient_pmSetModuleRst_flags)
                  70007056    0000000a     --HOLE-- [fill = 0]
                  70007060    00000064                                               : sciclient_procboot.obj (.text.Sciclient_procBootGetProcessorState)
                  700070c4    0000000c     --HOLE-- [fill = 0]
                  700070d0    00000060                                               : uart_v0.obj (.text.UART_getChar)
                  70007130    0000005e                                               : sciclient_pm.obj (.text.Sciclient_pmSetModuleRst)
                  7000718e    00000002     --HOLE-- [fill = 0]
                  70007190    0000005e                                               : sciclient_procboot.obj (.text.Sciclient_procBootRequestProcessor)
                  700071ee    00000002     --HOLE-- [fill = 0]
                  700071f0    0000005e                                               : uart_v0.obj (.text.UART_writeData)
                  7000724e    00000002     --HOLE-- [fill = 0]
                  70007250    0000005c     ti_power_clock_config.obj (.text.Module_clockSetFrequency)
                  700072ac    00000004     --HOLE-- [fill = 0]
                  700072b0    0000005a     nortos.am243x.r5f.ti-arm-clang.debug.lib : SemaphoreP_nortos.obj (.text.SemaphoreP_post)
                  7000730a    00000006     --HOLE-- [fill = 0]
                  70007310    0000005a     drivers.am243x.r5f.ti-arm-clang.debug.lib : uart_v0.obj (.text.UART_regConfigModeEnable)
                  7000736a    00000006     --HOLE-- [fill = 0]
                  70007370    00000058                                               : bootloader_soc.obj (.text.Bootloader_socRprcToCslCoreId)
                  700073c8    00000008     --HOLE-- [fill = 0]
                  700073d0    00000058                                               : sciclient_firewall.obj (.text.Sciclient_firewallChangeOwnerInfo)
                  70007428    00000008     --HOLE-- [fill = 0]
                  70007430    00000058                                               : sciclient_firewall.obj (.text.Sciclient_firewallSetRegion)
                  70007488    00000008     --HOLE-- [fill = 0]
                  70007490    00000058                                               : sciclient_procboot.obj (.text.Sciclient_procBootAuthAndStart)
                  700074e8    00000008     --HOLE-- [fill = 0]
                  700074f0    00000056                                               : bootloader.obj (.text.Bootloader_BootImageInfo_init)
                  70007546    0000000a     --HOLE-- [fill = 0]
                  70007550    00000056     nortos.am243x.r5f.ti-arm-clang.debug.lib : SemaphoreP_nortos.obj (.text.SemaphoreP_construct)
                  700075a6    0000000a     --HOLE-- [fill = 0]
                  700075b0    00000054     drivers.am243x.r5f.ti-arm-clang.debug.lib : sciclient_procboot.obj (.text.Sciclient_procBootSetProcessorCfg)
                  70007604    0000000c     --HOLE-- [fill = 0]
                  70007610    00000054                                               : uart_dma.obj (.text.UART_writeInterruptDma)
                  70007664    0000000c     --HOLE-- [fill = 0]
                  70007670    00000050                                               : bootloader_soc.obj (.text.Bootloader_socCpuPowerOnReset)
                  700076c0    00000050     ti_drivers_open_close.obj (.text.Drivers_uartClose)
                  70007710    00000050     libc.a : autoinit.c.obj (.text:__TI_auto_init_nobinit_nopinit)
                  70007760    0000004e     drivers.am243x.r5f.ti-arm-clang.debug.lib : uart_v0.obj (.text.UART_getHandle)
                  700077ae    00000002     --HOLE-- [fill = 0]
                  700077b0    0000004c     ti_power_clock_config.obj (.text.Module_clockDisable)
                  700077fc    00000004     --HOLE-- [fill = 0]
                  70007800    0000004c     ti_power_clock_config.obj (.text.Module_clockEnable)
                  7000784c    00000004     --HOLE-- [fill = 0]
                  70007850    0000004c     drivers.am243x.r5f.ti-arm-clang.debug.lib : uart_v0.obj (.text.UART_fifoRegisterWrite)
                  7000789c    00000004     --HOLE-- [fill = 0]
                  700078a0    0000004a     ti_dpl_config.obj (.text.Dpl_init)
                  700078ea    00000006     --HOLE-- [fill = 0]
                  700078f0    0000004a     drivers.am243x.r5f.ti-arm-clang.debug.lib : sciclient_soc_priv.obj (.text.Sciclient_getDevId)
                  7000793a    00000006     --HOLE-- [fill = 0]
                  70007940    0000004a                                               : uart_v0.obj (.text.UART_getIntrIdentityStatus)
                  7000798a    00000006     --HOLE-- [fill = 0]
                  70007990    0000004a                                               : uart_v0.obj (.text.UART_lineCharConfig)
                  700079da    00000006     --HOLE-- [fill = 0]
                  700079e0    00000046                                               : soc.obj (.text.SOC_getWarmResetCauseMcuDomain)
                  70007a26    0000000a     --HOLE-- [fill = 0]
                  70007a30    00000046                                               : uart_v0.obj (.text.UART_readLineStatus)
                  70007a76    0000000a     --HOLE-- [fill = 0]
                  70007a80    00000044                                               : soc.obj (.text.SOC_generateSwWarmResetMcuDomain)
                  70007ac4    0000000c     --HOLE-- [fill = 0]
                  70007ad0    00000044     nortos.am243x.r5f.ti-arm-clang.debug.lib : DebugP_nortos.obj (.text._DebugP_logZone)
                  70007b14    0000000c     --HOLE-- [fill = 0]
                  70007b20    00000044                                              : printf.obj (.text._strnlen_s)
                  70007b64    0000000c     --HOLE-- [fill = 0]
                  70007b70    00000042                                              : ClockP_nortos.obj (.text.ClockP_start)
                  70007bb2    0000000e     --HOLE-- [fill = 0]
                  70007bc0    00000042     drivers.am243x.r5f.ti-arm-clang.debug.lib : uart_v0.obj (.text.UART_checkOpenParams)
                  70007c02    00000002     --HOLE-- [fill = 0]
                  70007c04    00000040     libc.a : memcmp.c.obj (.text.memcmp)
                  70007c44    0000000c     --HOLE-- [fill = 0]
                  70007c50    0000003e     nortos.am243x.r5f.ti-arm-clang.debug.lib : DebugP_uartLogWriter.obj (.text.DebugP_uartLogWriterPutChar)
                  70007c8e    00000002     --HOLE-- [fill = 0]
                  70007c90    0000003e     drivers.am243x.r5f.ti-arm-clang.debug.lib : soc.obj (.text.SOC_clearResetCauseMainMcuDomain)
                  70007cce    00000002     --HOLE-- [fill = 0]
                  70007cd0    0000003e                                               : sciclient.obj (.text.Sciclient_secProxyWaitThread)
                  70007d0e    00000002     --HOLE-- [fill = 0]
                  70007d10    0000003e                                               : uart_v0.obj (.text.UART_spaceAvail)
                  70007d4e    00000002     --HOLE-- [fill = 0]
                  70007d50    0000003c                                               : bootloader_soc.obj (.text.Bootloader_socIsAuthRequired)
                  70007d8c    00000004     --HOLE-- [fill = 0]
                  70007d90    0000003c                                               : uart_v0.obj (.text.UART_enhanFuncEnable)
                  70007dcc    00000004     --HOLE-- [fill = 0]
                  70007dd0    0000003c                                               : uart_v0.obj (.text.UART_resetModule)
                  70007e0c    00000004     --HOLE-- [fill = 0]
                  70007e10    0000003c                                               : uart_v0.obj (.text.UART_writeDataPolling)
                  70007e4c    00000004     --HOLE-- [fill = 0]
                  70007e50    0000003a                                               : bootloader.obj (.text.Bootloader_rprcImageParseEntryPoint)
                  70007e8a    00000006     --HOLE-- [fill = 0]
                  70007e90    0000003a     nortos.am243x.r5f.ti-arm-clang.debug.lib : printf.obj (.text._atoi)
                  70007eca    00000006     --HOLE-- [fill = 0]
                  70007ed0    00000038     drivers.am243x.r5f.ti-arm-clang.debug.lib : soc.obj (.text.CSL_REG32_FINS_RAW)
                  70007f08    00000008     --HOLE-- [fill = 0]
                  70007f10    00000038                                               : bootloader_mem.obj (.text.Mem_imgRead)
                  70007f48    00000008     --HOLE-- [fill = 0]
                  70007f50    00000038                                               : sciclient.obj (.text.Sciclient_secProxyFlush)
                  70007f88    00000008     --HOLE-- [fill = 0]
                  70007f90    00000036                                               : bootloader_mem.obj (.text.Mem_imgOpen)
                  70007fc6    0000000a     --HOLE-- [fill = 0]
                  70007fd0    00000036                                               : uart_v0.obj (.text.UART_checkTransaction)
                  70008006    0000000a     --HOLE-- [fill = 0]
                  70008010    00000034                                               : bootloader.obj (.text.Bootloader_close)
                  70008044    0000000c     --HOLE-- [fill = 0]
                  70008050    00000034                                               : bootloader_soc.obj (.text.Bootloader_socGetSciclientCpuClkId)
                  70008084    0000000c     --HOLE-- [fill = 0]
                  70008090    00000034                                               : bootloader_soc.obj (.text.Bootloader_socGetSciclientCpuDevId)
                  700080c4    0000000c     --HOLE-- [fill = 0]
                  700080d0    00000034     nortos.am243x.r5f.ti-arm-clang.debug.lib : TimerP.obj (.text.TimerP_Params_init)
                  70008104    0000000c     --HOLE-- [fill = 0]
                  70008110    00000032     drivers.am243x.r5f.ti-arm-clang.debug.lib : bootloader_soc.obj (.text.Bootloader_socGetSciclientCpuProcId)
                  70008142    0000000e     --HOLE-- [fill = 0]
                  70008150    00000032                                               : bootloader_soc.obj (.text.Bootloader_socMemInitCpu)
                  70008182    0000000e     --HOLE-- [fill = 0]
                  70008190    00000032                                               : uart_v0.obj (.text.HW_WR_FIELD32_RAW)
                  700081c2    0000000e     --HOLE-- [fill = 0]
                  700081d0    00000032                                               : uart_v0.obj (.text.UART_enhanFuncBitValRestore)
                  70008202    0000000e     --HOLE-- [fill = 0]
                  70008210    00000032                                               : uart_v0.obj (.text.UART_hardwareFlowCtrlOptSet)
                  70008242    0000000e     --HOLE-- [fill = 0]
                  70008250    00000030     ti_drivers_config.obj (.text.System_init)
                  70008280    00000030     drivers.am243x.r5f.ti-arm-clang.debug.lib : uart_v0.obj (.text.UART_flowCtrlTrigLvlConfig)
                  700082b0    0000002e                                               : bootloader.obj (.text.Bootloader_bootCpu)
                  700082de    00000002     --HOLE-- [fill = 0]
                  700082e0    0000002e                                               : bootloader_soc.obj (.text.Bootloader_socCpuGetClkDefault)
                  7000830e    00000002     --HOLE-- [fill = 0]
                  70008310    0000002e                                               : bootloader_soc.obj (.text.Bootloader_socGetCoreName)
                  7000833e    00000002     --HOLE-- [fill = 0]
                  70008340    0000002e                                               : sciclient.obj (.text.CSL_secProxyGetMaxMsgSize)
                  7000836e    00000002     --HOLE-- [fill = 0]
                  70008370    0000002e                                               : sciclient.obj (.text.Sciclient_secProxyReadThread32)
                  7000839e    00000002     --HOLE-- [fill = 0]
                  700083a0    0000002e                                               : uart_v0.obj (.text.UART_deinit)
                  700083ce    00000002     --HOLE-- [fill = 0]
                  700083d0    0000002e     nortos.am243x.r5f.ti-arm-clang.debug.lib : printf.obj (.text._is_digit)
                  700083fe    00000002     --HOLE-- [fill = 0]
                  70008400    0000002c                                              : DebugP_log.obj (.text.DebugP_logZoneEnable)
                  7000842c    00000004     --HOLE-- [fill = 0]
                  70008430    0000002c                                              : SemaphoreP_nortos.obj (.text.SemaphoreP_constructBinary)
                  7000845c    00000004     --HOLE-- [fill = 0]
                  70008460    0000002c                                              : TimerP.obj (.text.TimerP_clearOverflowInt)
                  7000848c    00000004     --HOLE-- [fill = 0]
                  70008490    0000002c     drivers.am243x.r5f.ti-arm-clang.debug.lib : uart_v0.obj (.text.UART_moduleReset)
                  700084bc    00000004     --HOLE-- [fill = 0]
                  700084c0    0000002a                                               : bootloader_soc.obj (.text.Bootloader_socInitM4fIram)
                  700084ea    00000006     --HOLE-- [fill = 0]
                  700084f0    0000002a                                               : bootloader_soc.obj (.text.Bootloader_socResetWorkaround)
                  7000851a    00000006     --HOLE-- [fill = 0]
                  70008520    0000002a     ti_drivers_config.obj (.text.System_deinit)
                  7000854a    00000006     --HOLE-- [fill = 0]
                  70008550    0000002a     nortos.am243x.r5f.ti-arm-clang.debug.lib : DebugP_uartLogWriter.obj (.text.UART_Transaction_init)
                  7000857a    00000006     --HOLE-- [fill = 0]
                  70008580    0000002a     drivers.am243x.r5f.ti-arm-clang.debug.lib : uart_v0.obj (.text.UART_intr2Disable)
                  700085aa    00000006     --HOLE-- [fill = 0]
                  700085b0    0000002a                                               : uart_v0.obj (.text.UART_operatingModeSelect)
                  700085da    00000006     --HOLE-- [fill = 0]
                  700085e0    00000028                                               : sciclient.obj (.text.Sciclient_secProxyVerifyThread)
                  70008608    00000008     --HOLE-- [fill = 0]
                  70008610    00000028     nortos.am243x.r5f.ti-arm-clang.debug.lib : printf.obj (.text.vprintf_)
                  70008638    00000008     --HOLE-- [fill = 0]
                  70008640    00000024     drivers.am243x.r5f.ti-arm-clang.debug.lib : bootloader.obj (.text.Bootloader_CpuInfo_init)
                  70008664    0000000c     --HOLE-- [fill = 0]
                  70008670    00000024                                               : sciclient.obj (.text.CSL_REG32_FEXT_RAW)
                  70008694    0000000c     --HOLE-- [fill = 0]
                  700086a0    00000024     nortos.am243x.r5f.ti-arm-clang.debug.lib : SemaphoreP_nortos.obj (.text.SemaphoreP_constructMutex)
                  700086c4    0000000c     --HOLE-- [fill = 0]
                  700086d0    00000024                                              : printf.obj (.text._out_char)
                  700086f4    0000000c     --HOLE-- [fill = 0]
                  70008700    00000024                                              : boot_armv7r.obj (.text._system_pre_init)
                  70008724    00000024     libclang_rt.builtins.a : aeabi_uldivmod.S.obj (.text)
                  70008748    00000008     --HOLE-- [fill = 0]
                  70008750    00000022     drivers.am243x.r5f.ti-arm-clang.debug.lib : bootloader_soc.obj (.text.Bootloader_socAuthImage)
                  70008772    0000000e     --HOLE-- [fill = 0]
                  70008780    00000022                                               : uart_v0.obj (.text.UART_writeInterrupt)
                  700087a2    0000000e     --HOLE-- [fill = 0]
                  700087b0    00000020                                               : uart_v0.obj (.text.HW_RD_FIELD32_RAW)
                  700087d0    00000020     ti_pinmux_config.obj (.text.Pinmux_init)
                  700087f0    0000001e     nortos.am243x.r5f.ti-arm-clang.debug.lib : ClockP_nortos.obj (.text.ClockP_Params_init)
                  7000880e    00000002     --HOLE-- [fill = 0]
                  70008810    0000001e     drivers.am243x.r5f.ti-arm-clang.debug.lib : uart_v0.obj (.text.UART_breakCtl)
                  7000882e    00000002     --HOLE-- [fill = 0]
                  70008830    0000001c                                               : csl_sec_proxy.obj (.text.CSL_secProxyGetDataAddr)
                  7000884c    0000001c     libsysbm.a : memcpy32.S.obj (.text:TI_memcpy_small)
                  70008868    0000001c     libclang_rt.builtins.a : aeabi_memset.S.obj (.text)
                  70008884    0000000c     --HOLE-- [fill = 0]
                  70008890    0000001a     drivers.am243x.r5f.ti-arm-clang.debug.lib : uart_v0.obj (.text.UART_fifoCharGet)
                  700088aa    00000006     --HOLE-- [fill = 0]
                  700088b0    00000018                                               : sciclient.obj (.text.Sciclient_secProxyThreadStatusReg)
                  700088c8    00000008     --HOLE-- [fill = 0]
                  700088d0    00000018     nortos.am243x.r5f.ti-arm-clang.debug.lib : SemaphoreP_nortos.obj (.text.SemaphoreP_Params_init)
                  700088e8    00000008     --HOLE-- [fill = 0]
                  700088f0    00000018                                              : TimerP.obj (.text.TimerP_start)
                  70008908    00000008     --HOLE-- [fill = 0]
                  70008910    00000018                                              : TimerP.obj (.text.TimerP_stop)
                  70008928    00000008     --HOLE-- [fill = 0]
                  70008930    00000018     drivers.am243x.r5f.ti-arm-clang.debug.lib : uart_v0.obj (.text.UART_divisorLatchDisable)
                  70008948    00000008     --HOLE-- [fill = 0]
                  70008950    00000018                                               : uart_v0.obj (.text.UART_modemControlReset)
                  70008968    00000008     --HOLE-- [fill = 0]
                  70008970    00000018                                               : uart_v0.obj (.text.UART_putChar)
                  70008988    00000018     libsysbm.a : memset32.S.obj (.text:TI_memset_small)
                  700089a0    00000016     nortos.am243x.r5f.ti-arm-clang.debug.lib : ClockP_nortos.obj (.text.ClockP_isActive)
                  700089b6    0000000a     --HOLE-- [fill = 0]
                  700089c0    00000016     drivers.am243x.r5f.ti-arm-clang.debug.lib : sciclient.obj (.text.Sciclient_secProxyReadThreadCount)
                  700089d6    0000000a     --HOLE-- [fill = 0]
                  700089e0    00000016                                               : uart_v0.obj (.text.UART_divideRoundCloset)
                  700089f6    0000000a     --HOLE-- [fill = 0]
                  70008a00    00000016                                               : uart_v0.obj (.text.UART_regConfModeRestore)
                  70008a16    0000000a     --HOLE-- [fill = 0]
                  70008a20    00000014                                               : bootloader.obj (.text.Bootloader_Params_init)
                  70008a34    0000000c     --HOLE-- [fill = 0]
                  70008a40    00000014     nortos.am243x.r5f.ti-arm-clang.debug.lib : DebugP_uartLogWriter.obj (.text.DebugP_uartSetDrvIndex)
                  70008a54    0000000c     --HOLE-- [fill = 0]
                  70008a60    00000014     drivers.am243x.r5f.ti-arm-clang.debug.lib : bootloader_mem.obj (.text.Mem_imgSeek)
                  70008a74    0000000c     --HOLE-- [fill = 0]
                  70008a80    00000014     ti_dpl_config.obj (.text.putchar_)
                  70008a94    0000000c     --HOLE-- [fill = 0]
                  70008aa0    00000012     nortos.am243x.r5f.ti-arm-clang.debug.lib : TimerP.obj (.text.TimerP_getCount)
                  70008ab2    0000000e     --HOLE-- [fill = 0]
                  70008ac0    00000012                                              : TimerP.obj (.text.TimerP_getReloadCount)
                  70008ad2    0000000e     --HOLE-- [fill = 0]
                  70008ae0    00000010     drivers.am243x.r5f.ti-arm-clang.debug.lib : pinmux.obj (.text.CSL_REG32_WR_RAW)
                  70008af0    00000010                                               : sciclient.obj (.text.CSL_REG32_WR_RAW)
                  70008b00    00000010                                               : soc.obj (.text.CSL_REG32_WR_RAW)
                  70008b10    00000010     nortos.am243x.r5f.ti-arm-clang.debug.lib : ClockP_nortos_r5.obj (.text.ClockP_getTimerCount)
                  70008b20    00000010                                              : ClockP_nortos_r5.obj (.text.ClockP_timerClearOverflowInt)
                  70008b30    00000010     drivers.am243x.r5f.ti-arm-clang.debug.lib : uart_v0.obj (.text.HW_RD_REG32_RAW)
                  70008b40    00000010                                               : uart_v0.obj (.text.HW_WR_REG32_RAW)
                  70008b50    00000010                                               : bootloader_mem.obj (.text.Mem_imgGetCurOffset)
                  70008b60    00000010     nortos.am243x.r5f.ti-arm-clang.debug.lib : printf.obj (.text._out_null)
                  70008b70    0000000c     ti_board_open_close.obj (.text.Board_driversOpen)
                  70008b7c    00000004     --HOLE-- [fill = 0]
                  70008b80    0000000c     drivers.am243x.r5f.ti-arm-clang.debug.lib : bootloader_soc.obj (.text.CSL_REG32_RD_RAW)
                  70008b8c    00000004     --HOLE-- [fill = 0]
                  70008b90    0000000c                                               : sciclient.obj (.text.CSL_REG32_RD_RAW)
                  70008b9c    00000004     --HOLE-- [fill = 0]
                  70008ba0    0000000c                                               : soc.obj (.text.CSL_REG32_RD_RAW)
                  70008bac    00000004     --HOLE-- [fill = 0]
                  70008bb0    0000000c     nortos.am243x.r5f.ti-arm-clang.debug.lib : ClockP_nortos.obj (.text.ClockP_getTicks)
                  70008bbc    00000004     --HOLE-- [fill = 0]
                  70008bc0    0000000c     ti_power_clock_config.obj (.text.PowerClock_init)
                  70008bcc    00000004     --HOLE-- [fill = 0]
                  70008bd0    0000000c     drivers.am243x.r5f.ti-arm-clang.debug.lib : sciclient.obj (.text.Sciclient_deinit)
                  70008bdc    00000004     --HOLE-- [fill = 0]
                  70008be0    0000000a                                               : bootloader_soc.obj (.text.Bootloader_socGetSBLMem)
                  70008bea    00000006     --HOLE-- [fill = 0]
                  70008bf0    0000000a                                               : bootloader_mem.obj (.text.Mem_imgClose)
                  70008bfa    00000006     --HOLE-- [fill = 0]
                  70008c00    00000008                                               : bootloader_soc.obj (.text.Bootloader_socWaitForFWBoot)
                  70008c08    00000008     --HOLE-- [fill = 0]
                  70008c10    00000008     ti_drivers_open_close.obj (.text.Drivers_close)
                  70008c18    00000008     --HOLE-- [fill = 0]
                  70008c20    00000008     ti_drivers_open_close.obj (.text.Drivers_open)
                  70008c28    00000008     --HOLE-- [fill = 0]
                  70008c30    00000008     ti_drivers_config.obj (.text.Drivers_uartInit)
                  70008c38    00000008     --HOLE-- [fill = 0]
                  70008c40    00000008     ti_power_clock_config.obj (.text.PowerClock_deinit)
                  70008c48    00000008     --HOLE-- [fill = 0]
                  70008c50    00000008     nortos.am243x.r5f.ti-arm-clang.debug.lib : SemaphoreP_nortos.obj (.text.SemaphoreP_destruct)
                  70008c58    00000008     --HOLE-- [fill = 0]
                  70008c60    00000004     libclang_rt.builtins.a : aeabi_div0.c.obj (.text.__aeabi_ldiv0)
                  70008c64    0000000c     --HOLE-- [fill = 0]
                  70008c70    00000002     ti_dpl_config.obj (.text.Dpl_deinit)
                  70008c72    0000000e     --HOLE-- [fill = 0]
                  70008c80    00000002     nortos.am243x.r5f.ti-arm-clang.debug.lib : TaskP_nortos.obj (.text.TaskP_yield)
                  70008c82    0000000e     --HOLE-- [fill = 0]

.text.hwi 
*          0    70008c90    00000a80     
                  70008c90    000005b8     nortos.am243x.r5f.ti-arm-clang.debug.lib : HwiP_armv7r_vim.obj (.text.hwi)
                  70009248    00000008     --HOLE-- [fill = 0]
                  70009250    000003d8                                              : HwiP_armv7r_handlers_nortos.obj (.text.hwi)
                  70009628    00000078                                              : HwiP_armv7r_handlers_nortos_asm.obj (.text.hwi)
                  700096a0    00000070                                              : HwiP_armv7r_asm.obj (.text.hwi)

.text.cache 
*          0    70009710    00000490     
                  70009710    00000340     nortos.am243x.r5f.ti-arm-clang.debug.lib : CacheP_armv7r_asm.obj (.text.cache)
                  70009a50    00000148                                              : CacheP_armv7r.obj (.text.cache)
                  70009b98    00000008     --HOLE-- [fill = 0]

.text.mpu 
*          0    70009ba0    000002d0     
                  70009ba0    00000256     nortos.am243x.r5f.ti-arm-clang.debug.lib : MpuP_armv7r.obj (.text.mpu)
                  70009df6    00000002     --HOLE-- [fill = 0]
                  70009df8    00000078                                              : MpuP_armv7r_asm.obj (.text.mpu)

.text.boot 
*          0    70009e70    00000140     
                  70009e70    000000fc     nortos.am243x.r5f.ti-arm-clang.debug.lib : boot_armv7r_asm.obj (.text.boot)
                  70009f6c    00000004     --HOLE-- [fill = 0]
                  70009f70    00000024                                              : DebugP_log.obj (.text.boot)
                  70009f94    0000000c     --HOLE-- [fill = 0]
                  70009fa0    0000000c     ti_dpl_config.obj (.text.boot)
                  70009fac    00000004     --HOLE-- [fill = 0]

.data      0    70009fb0    00000460     
                  70009fb0    000000c4     drivers.am243x.r5f.ti-arm-clang.debug.lib : bootloader_soc.obj (.data.gAddrTranslateInfo)
                  7000a074    000000a8                                               : bootloader_soc.obj (.data.gCoreBootInfo)
                  7000a11c    0000009c                                               : uart_v0.obj (.data.gUartDrvObj)
                  7000a1b8    0000008c     ti_drivers_config.obj (.data.gBootloaderConfig)
                  7000a244    00000054     ti_drivers_open_close.obj (.data.gUartParams)
                  7000a298    00000040     ti_dpl_config.obj (.data.gMpuRegionConfig)
                  7000a2d8    00000020     drivers.am243x.r5f.ti-arm-clang.debug.lib : sciclient_soc_priv.obj (.data.gSciclientSecProxyCfg)
                  7000a2f8    00000018     ti_pinmux_config.obj (.data.gPinMuxMainDomainCfg)
                  7000a310    00000018     drivers.am243x.r5f.ti-arm-clang.debug.lib : sciclient.obj (.data.gSciclientHandle)
                  7000a328    00000018     ti_power_clock_config.obj (.data.gSocModulesClockFrequency)
                  7000a340    00000014     drivers.am243x.r5f.ti-arm-clang.debug.lib : bootloader_mem.obj (.data.gBootloaderMemFxns)
                  7000a354    00000014     ti_dpl_config.obj (.data.gClockConfig)
                  7000a368    00000014     drivers.am243x.r5f.ti-arm-clang.debug.lib : bootloader_soc.obj (.data.gResMemSection)
                  7000a37c    0000000c     nortos.am243x.r5f.ti-arm-clang.debug.lib : AddrTranslateP.obj (.data.gAddrTranslateConfig)
                  7000a388    0000000c     ti_dpl_config.obj (.data.gMpuConfig)
                  7000a394    00000008     ti_drivers_config.obj (.data.gBootloader0Args)
                  7000a39c    00000008     ti_drivers_config.obj (.data.gBootloader1Args)
                  7000a3a4    00000008     ti_drivers_config.obj (.data.gBootloader2Args)
                  7000a3ac    00000008     ti_drivers_config.obj (.data.gBootloader3Args)
                  7000a3b4    00000008     ti_drivers_config.obj (.data.gBootloader4Args)
                  7000a3bc    00000008     ti_dpl_config.obj (.data.gCacheConfig)
                  7000a3c4    00000008     ti_pinmux_config.obj (.data.gPinMuxMcuDomainCfg)
                  7000a3cc    00000008     ti_power_clock_config.obj (.data.gSocModules)
                  7000a3d4    00000008     ti_drivers_config.obj (.data.gUartAttrs)
                  7000a3dc    00000008     ti_drivers_config.obj (.data.gUartConfig)
                  7000a3e4    00000004     ti_drivers_config.obj (.data.gBootloaderConfigNum)
                  7000a3e8    00000004     nortos.am243x.r5f.ti-arm-clang.debug.lib : CacheP_armv7r.obj (.data.gCacheL1dCacheLineSize)
                  7000a3ec    00000004                                              : CacheP_armv7r.obj (.data.gCacheL1pCacheLineSize)
                  7000a3f0    00000004                                              : DebugP_log.obj (.data.gDebugLogZone)
                  7000a3f4    00000004                                              : DebugP_uartLogWriter.obj (.data.gDebugP_uartDrvIndex)
                  7000a3f8    00000004     ti_dpl_config.obj (.data.gHwiConfig)
                  7000a3fc    00000004     ti_drivers_config.obj (.data.gUartConfigNum)
                  7000a400    00000004     ti_drivers_config.obj (.data.gUartDmaConfigNum)
                  7000a404    00000004     ti_drivers_config.obj (.data.operatingMode)
                  7000a408    00000001     drivers.am243x.r5f.ti-arm-clang.debug.lib : sciclient.obj (.data.gSecHeaderSizeWords)
                  7000a409    00000007     --HOLE-- [fill = 0]

.rodata    0    7000a410    00000cd8     
                  7000a410    0000043b     drivers.am243x.r5f.ti-arm-clang.debug.lib : bootloader_soc.obj (.rodata.str1.1)
                  7000a84b    00000135                                               : uart_v0.obj (.rodata.str1.1)
                  7000a980    0000012c                                               : sciclient_fmwSecureProxyMap.obj (.rodata.gSciclientMap)
                  7000aaac    00000117                                               : bootloader.obj (.rodata.str1.1)
                  7000abc3    00000103     nortos.am243x.r5f.ti-arm-clang.debug.lib : TimerP.obj (.rodata.str1.1)
                  7000acc6    000000ac                                              : ClockP_nortos_r5.obj (.rodata.str1.1)
                  7000ad72    000000a9     drivers.am243x.r5f.ti-arm-clang.debug.lib : sciclient.obj (.rodata.str1.1)
                  7000ae1b    00000077     main.obj (.rodata.str1.1)
                  7000ae92    0000006b     nortos.am243x.r5f.ti-arm-clang.debug.lib : SemaphoreP_nortos.obj (.rodata.str1.1)
                  7000aefd    0000005a                                              : ClockP_nortos.obj (.rodata.str1.1)
                  7000af57    00000001     --HOLE-- [fill = 0]
                  7000af58    00000050                                              : printf.obj (.rodata._ftoa.pow10)
                  7000afa8    0000004b     drivers.am243x.r5f.ti-arm-clang.debug.lib : uart_dma.obj (.rodata.str1.1)
                  7000aff3    00000001     --HOLE-- [fill = 0]
                  7000aff4    00000048                                               : bootloader_soc.obj (.rodata.gSOC_r5fVectors)
                  7000b03c    00000046     ti_drivers_open_close.obj (.rodata.str1.1)
                  7000b082    0000002d     nortos.am243x.r5f.ti-arm-clang.debug.lib : DebugP_log.obj (.rodata.str1.1)
                  7000b0af    00000001     --HOLE-- [fill = 0]
                  7000b0b0    0000001c     drivers.am243x.r5f.ti-arm-clang.debug.lib : bootloader_soc.obj (.rodata..L__const.Bootloader_socRprcToCslCoreId.rprcCoreIds)
                  7000b0cc    00000012     nortos.am243x.r5f.ti-arm-clang.debug.lib : printf.obj (.rodata.str1.1)
                  7000b0de    00000002     --HOLE-- [fill = 0]
                  7000b0e0    00000008     drivers.am243x.r5f.ti-arm-clang.debug.lib : bootloader_soc.obj (.rodata.gSOC_a53WhileLoop)

.bss       0    70054000    000012c8     UNINITIALIZED
                  70054000    00001008     (.common:gHwiCtrl)
                  70055008    00000280     ti_drivers_config.obj (.bss.gUartObjects)
                  70055288    00000038     (.common:gClockCtrl)
                  700552c0    00000004     nortos.am243x.r5f.ti-arm-clang.debug.lib : HwiP_armv7r_vim.obj (.bss.gdummy)
                  700552c4    00000004     (.common:gUartHandle)

.stack     0    70050000    00004000     UNINITIALIZED
                  70050000    00000004     nortos.am243x.r5f.ti-arm-clang.debug.lib : boot_armv7r_asm.obj (.stack)
                  70050004    00003ffc     --HOLE--

.irqstack 
*          0    700552c8    00001000     UNINITIALIZED
                  700552c8    00001000     --HOLE--

.fiqstack 
*          0    700562c8    00000100     UNINITIALIZED
                  700562c8    00000100     --HOLE--

.svcstack 
*          0    700563c8    00000100     UNINITIALIZED
                  700563c8    00000100     --HOLE--

.abortstack 
*          0    700564c8    00000100     UNINITIALIZED
                  700564c8    00000100     --HOLE--

.undefinedstack 
*          0    700565c8    00000100     UNINITIALIZED
                  700565c8    00000100     --HOLE--

__llvm_prf_cnts 
*          0    70050000    00000000     UNINITIALIZED

__llvm_prf_bits 
*          0    70050000    00000000     UNINITIALIZED

MODULE SUMMARY

       Module                                   code    ro data   rw data
       ------                                   ----    -------   -------
    obj/debug/
       ti_drivers_config.obj                    98      0         852    
       main.obj                                 480     119       0      
       ti_drivers_open_close.obj                268     70        88     
       ti_power_clock_config.obj                264     0         32     
       ti_dpl_config.obj                        108     0         108    
       ti_pinmux_config.obj                     32      0         32     
       ti_board_open_close.obj                  12      0         0      
    +--+----------------------------------------+-------+---------+---------+
       Total:                                   1262    189       1112   
                                                                         
    /home/gtbldadm/nightlybuilds/repo_manifests/scripts/jenkins/mcu_plus_sdk_am243x_08_04_00_17/source/drivers/lib/drivers.am243x.r5f.ti-arm-clang.debug.lib
       uart_v0.obj                              7326    309       156    
       bootloader_soc.obj                       3934    1191      384    
       bootloader.obj                           2690    279       0      
       sciclient.obj                            2702    169       25     
       sciclient_pm.obj                         1966    0         0      
       soc.obj                                  1154    0         0      
       sciclient_procboot.obj                   868     0         0      
       uart_dma.obj                             456     75        0      
       pinmux.obj                               458     0         0      
       sciclient_fmwSecureProxyMap.obj          0       300       0      
       sciclient_soc_priv.obj                   232     0         32     
       bootloader_mem.obj                       156     0         20     
       sciclient_firewall.obj                   176     0         0      
       csl_sec_proxy.obj                        28      0         0      
    +--+----------------------------------------+-------+---------+---------+
       Total:                                   22146   2323      617    
                                                                         
    /home/gtbldadm/nightlybuilds/repo_manifests/scripts/jenkins/mcu_plus_sdk_am243x_08_04_00_17/source/kernel/nortos/lib/nortos.am243x.r5f.ti-arm-clang.debug.lib
       printf.obj                               6684    98        0      
       HwiP_armv7r_vim.obj                      1464    0         4108   
       ClockP_nortos.obj                        1088    90        56     
       TimerP.obj                               866     259       0      
       HwiP_armv7r_handlers_nortos.obj          984     0         0      
       CacheP_armv7r_asm.obj                    832     0         0      
       SemaphoreP_nortos.obj                    528     107       0      
       MpuP_armv7r.obj                          598     0         0      
       ClockP_nortos_r5.obj                     402     172       0      
       CacheP_armv7r.obj                        328     0         8      
       boot_armv7r_asm.obj                      252     0         0      
       DebugP_log.obj                           202     45        4      
       AddrTranslateP.obj                       234     0         12     
       DebugP_uartLogWriter.obj                 124     0         4      
       HwiP_armv7r_handlers_nortos_asm.obj      120     0         0      
       MpuP_armv7r_asm.obj                      120     0         0      
       HwiP_armv7r_asm.obj                      112     0         0      
       DebugP_nortos.obj                        68      0         0      
       HwiP_armv7r_vectors_nortos_sbl_asm.obj   64      0         0      
       boot_armv7r.obj                          36      0         0      
       TaskP_nortos.obj                         2       0         0      
    +--+----------------------------------------+-------+---------+---------+
       Total:                                   15108   771       4192   
                                                                         
    /home/gtbldadm/ti/ti-cgt-armllvm_2.1.1.LTS/lib/armv7r-ti-none-eabihf/c/libc.a
       autoinit.c.obj                           80      0         0      
       memcmp.c.obj                             64      0         0      
       exit.c.obj                               8       0         0      
    +--+----------------------------------------+-------+---------+---------+
       Total:                                   152     0         0      
                                                                         
    /home/gtbldadm/ti/ti-cgt-armllvm_2.1.1.LTS/lib/armv7r-ti-none-eabihf/c/libsysbm.a
       memcpy32.S.obj                           28      0         0      
       memset32.S.obj                           24      0         0      
    +--+----------------------------------------+-------+---------+---------+
       Total:                                   52      0         0      
                                                                         
    /home/gtbldadm/ti/ti-cgt-armllvm_2.1.1.LTS/lib/clang/14.0.6/lib/armv7r-ti-none-eabihf/libclang_rt.builtins.a
       udivmoddi4.S.obj                         280     0         0      
       aeabi_uldivmod.S.obj                     36      0         0      
       aeabi_memset.S.obj                       28      0         0      
       aeabi_div0.c.obj                         4       0         0      
       aeabi_memcpy.S.obj                       4       0         0      
    +--+----------------------------------------+-------+---------+---------+
       Total:                                   352     0         0      
                                                                         
       Stack:                                   0       0         16384  
    +--+----------------------------------------+-------+---------+---------+
       Grand Total:                             39072   3283      22305  


GLOBAL SYMBOLS: SORTED ALPHABETICALLY BY Name 

address   name                                
-------   ----                                
70004791  AddrTranslateP_getLocalAddr         
70006ce1  App_bootCpu                         
70006d51  App_bootLoadSelfCpu                 
70008b71  Board_driversOpen                   
700074f1  Bootloader_BootImageInfo_init       
70008641  Bootloader_CpuInfo_init             
70008a21  Bootloader_Params_init              
700082b1  Bootloader_bootCpu                  
70008011  Bootloader_close                    
70006741  Bootloader_findSeq                  
70003cd1  Bootloader_getMsgLen                
70006b21  Bootloader_getX509CertLen           
70006ea1  Bootloader_loadCpu                  
70004491  Bootloader_loadSelfCpu              
70006a41  Bootloader_open                     
70003801  Bootloader_parseMultiCoreAppImage   
70003ba1  Bootloader_rprcImageLoad            
70007e51  Bootloader_rprcImageParseEntryPoint 
70005881  Bootloader_runCpu                   
70008751  Bootloader_socAuthImage             
700082e1  Bootloader_socCpuGetClkDefault      
700060a1  Bootloader_socCpuGetClock           
70007671  Bootloader_socCpuPowerOnReset       
700069c1  Bootloader_socCpuPowerOnResetA53    
700045a1  Bootloader_socCpuPowerOnResetM4f    
70002a41  Bootloader_socCpuPowerOnResetR5f    
70006c01  Bootloader_socCpuRelease            
70006dc1  Bootloader_socCpuRequest            
70002641  Bootloader_socCpuResetRelease       
70002f91  Bootloader_socCpuResetReleaseSelf   
70005741  Bootloader_socCpuSetClock           
70006131  Bootloader_socCpuSetEntryPoint      
70008311  Bootloader_socGetCoreName           
70006c71  Bootloader_socGetR5fAtcmAddrAndSize 
70006b91  Bootloader_socGetR5fBtcmAddrAndSize 
70008be1  Bootloader_socGetSBLMem             
70008051  Bootloader_socGetSciclientCpuClkId  
70008091  Bootloader_socGetSciclientCpuDevId  
70008111  Bootloader_socGetSciclientCpuProcId 
700084c1  Bootloader_socInitM4fIram           
70006f81  Bootloader_socInitR5FAtcmBtcm       
70007d51  Bootloader_socIsAuthRequired        
70008151  Bootloader_socMemInitCpu            
70004b21  Bootloader_socOpenFirewalls         
700084f1  Bootloader_socResetWorkaround       
70007371  Bootloader_socRprcToCslCoreId       
70005921  Bootloader_socTranslateSectionAddr  
70008c01  Bootloader_socWaitForFWBoot         
70001d01  Bootloader_verifyMulticoreImage     
70000b34  C$$EXIT                             
70008831  CSL_secProxyGetDataAddr             
70009a20  CacheP_configForceWrThru            
70009ad1  CacheP_disable                      
70009710  CacheP_disableL1d                   
70009738  CacheP_disableL1p                   
70009b21  CacheP_enable                       
70009750  CacheP_enableL1d                    
70009768  CacheP_enableL1p                    
70009a14  CacheP_getCacheLevelInfo            
700099dc  CacheP_getEnabled                   
70009a51  CacheP_init                         
70009b61  CacheP_inv                          
70009780  CacheP_invL1d                       
700097f4  CacheP_invL1dAll                    
700097b8  CacheP_invL1p                       
700097fc  CacheP_invL1pAll                    
70009a40  CacheP_setDLFO                      
70009804  CacheP_wb                           
7000987c  CacheP_wbAll                        
70009840  CacheP_wbInv                        
70009924  CacheP_wbInvAll                     
7000993c  CacheP_wbInvAllAsm                  
700087f1  ClockP_Params_init                  
70006941  ClockP_construct                    
70005531  ClockP_destruct                     
70008bb1  ClockP_getTicks                     
70006371  ClockP_getTimeUsec                  
70008b11  ClockP_getTimerCount                
700032a1  ClockP_init                         
700089a1  ClockP_isActive                     
70007b71  ClockP_start                        
70005021  ClockP_stop                         
70008b21  ClockP_timerClearOverflowInt        
700051a1  ClockP_timerTickIsr                 
70008401  DebugP_logZoneEnable                
70007c51  DebugP_uartLogWriterPutChar         
70008a41  DebugP_uartSetDrvIndex              
70008c71  Dpl_deinit                          
700078a1  Dpl_init                            
70008c11  Drivers_close                       
70008c21  Drivers_open                        
700076c1  Drivers_uartClose                   
70008c31  Drivers_uartInit                    
70005321  Drivers_uartOpen                    
70008de1  HwiP_Params_init                    
70008d61  HwiP_clearInt                       
70008e11  HwiP_construct                      
700095d1  HwiP_data_abort_handler             
70009011  HwiP_destruct                       
700096a0  HwiP_disable                        
700096b0  HwiP_disableFIQ                     
70008cd1  HwiP_disableInt                     
700096f8  HwiP_disableVIC                     
700096c0  HwiP_enable                         
700096d0  HwiP_enableFIQ                      
70008c91  HwiP_enableInt                      
700096e8  HwiP_enableVIC                      
70009391  HwiP_fiq_handler                    
70009708  HwiP_getCPSR                        
700091f1  HwiP_inISR                          
70009081  HwiP_init                           
70009628  HwiP_irq_handler                    
70009251  HwiP_irq_handler_c                  
70008da1  HwiP_post                           
70009591  HwiP_prefetch_abort_handler         
700094d1  HwiP_reserved_handler               
700096e0  HwiP_restore                        
70008d31  HwiP_restoreInt                     
70009551  HwiP_svc_handler                    
70009511  HwiP_undefined_handler              
700077b1  Module_clockDisable                 
70007801  Module_clockEnable                  
70007251  Module_clockSetFrequency            
70009ba1  MpuP_RegionAttrs_init               
70009d11  MpuP_disable                        
70009df8  MpuP_disableAsm                     
70009e10  MpuP_disableBRAsm                   
70009cc1  MpuP_enable                         
70009e20  MpuP_enableAsm                      
70009e38  MpuP_enableBRAsm                    
70009d61  MpuP_init                           
70009d51  MpuP_isEnable                       
70009e48  MpuP_isEnableAsm                    
70009bd1  MpuP_setRegion                      
70009e5c  MpuP_setRegionAsm                   
700067c1  Pinmux_config                       
700087d1  Pinmux_init                         
70008c41  PowerClock_deinit                   
70008bc1  PowerClock_init                     
70007c91  SOC_clearResetCauseMainMcuDomain    
70006491  SOC_controlModuleLockMMR            
700059c1  SOC_controlModuleUnlockMMR          
70007a81  SOC_generateSwWarmResetMcuDomain    
700079e1  SOC_getWarmResetCauseMcuDomain      
70005f61  SOC_moduleClockEnable               
70002c21  SOC_moduleSetClockFrequency         
70008bd1  Sciclient_deinit                    
700073d1  Sciclient_firewallChangeOwnerInfo   
70007431  Sciclient_firewallSetRegion         
700057e1  Sciclient_getContext                
70005261  Sciclient_getCurrentContext         
700078f1  Sciclient_getDevId                  
70004031  Sciclient_getVersionCheck           
70005d81  Sciclient_init                      
70005a61  Sciclient_pmGetModuleClkFreq        
700055e1  Sciclient_pmGetModuleClkNumParent   
70005b01  Sciclient_pmGetModuleClkParent      
700061c1  Sciclient_pmGetModuleState          
70006251  Sciclient_pmModuleClkRequest        
70005ce1  Sciclient_pmModuleGetClkStatus      
70003a71  Sciclient_pmQueryModuleClkFreq      
70004271  Sciclient_pmSetModuleClkFreq        
70005ba1  Sciclient_pmSetModuleClkParent      
70007131  Sciclient_pmSetModuleRst            
70006ff1  Sciclient_pmSetModuleRst_flags      
700062e1  Sciclient_pmSetModuleState          
70007491  Sciclient_procBootAuthAndStart      
70007061  Sciclient_procBootGetProcessorState 
70006401  Sciclient_procBootReleaseProcessor  
70007191  Sciclient_procBootRequestProcessor  
700075b1  Sciclient_procBootSetProcessorCfg   
70005c41  Sciclient_procBootSetSequenceCtrl   
70004ce1  Sciclient_procBootWaitProcessorState
700014e1  Sciclient_service                   
70005ec1  Sciclient_waitForBootNotification   
700088d1  SemaphoreP_Params_init              
70007551  SemaphoreP_construct                
70008431  SemaphoreP_constructBinary          
700086a1  SemaphoreP_constructMutex           
70008c51  SemaphoreP_destruct                 
700046a1  SemaphoreP_pend                     
700072b1  SemaphoreP_post                     
70008521  System_deinit                       
70008251  System_init                         
7000884c  TI_memcpy_small                     
70008988  TI_memset_small                     
70008c81  TaskP_yield                         
700080d1  TimerP_Params_init                  
70008461  TimerP_clearOverflowInt             
70008aa1  TimerP_getCount                     
70008ac1  TimerP_getReloadCount               
700017c1  TimerP_setup                        
700088f1  TimerP_start                        
70008911  TimerP_stop                         
70002de1  UART_close                          
700083a1  UART_deinit                         
70006641  UART_dmaClose                       
700065b1  UART_dmaDisableChannel              
70006ab1  UART_dmaOpen                        
70004dc1  UART_flushTxFifo                    
70007761  UART_getHandle                      
700050e1  UART_init                           
70001a71  UART_open                           
70002851  UART_write                          
70007611  UART_writeInterruptDma              
700068c1  _DebugP_assert                      
70009f71  _DebugP_assertNoLog                 
70007ad1  _DebugP_logZone                     
700565c8  __ABORT_STACK_END                   
00000100  __ABORT_STACK_SIZE                  
700564c8  __ABORT_STACK_START                 
700552c8  __BSS_END                           
70054000  __BSS_START                         
700563c8  __FIQ_STACK_END                     
00000100  __FIQ_STACK_SIZE                    
700562c8  __FIQ_STACK_START                   
700562c8  __IRQ_STACK_END                     
00001000  __IRQ_STACK_SIZE                    
700552c8  __IRQ_STACK_START                   
70054000  __STACK_END                         
00004000  __STACK_SIZE                        
700564c8  __SVC_STACK_END                     
00000100  __SVC_STACK_SIZE                    
700563c8  __SVC_STACK_START                   
UNDEFED   __TI_CINIT_Base                     
UNDEFED   __TI_CINIT_Limit                    
UNDEFED   __TI_Handler_Table_Base             
UNDEFED   __TI_Handler_Table_Limit            
70007710  __TI_auto_init_nobinit_nopinit      
ffffffff  __TI_pprof_out_hndl                 
ffffffff  __TI_prof_data_size                 
ffffffff  __TI_prof_data_start                
70000000  __TI_static_base__                  
700566c8  __UNDEFINED_STACK_END               
00000100  __UNDEFINED_STACK_SIZE              
700565c8  __UNDEFINED_STACK_START             
70008c60  __aeabi_ldiv0                       
70008878  __aeabi_memclr                      
70008878  __aeabi_memclr4                     
70008878  __aeabi_memclr8                     
70000b3c  __aeabi_memcpy                      
70000b3c  __aeabi_memcpy4                     
70000b3c  __aeabi_memcpy8                     
70008868  __aeabi_memset                      
70008868  __aeabi_memset4                     
70008868  __aeabi_memset8                     
70008724  __aeabi_uldivmod                    
ffffffff  __binit__                           
70009fa1  __mpu_init                          
70050000  __stack                             
70050000  __start___llvm_prf_bits             
70050000  __start___llvm_prf_cnts             
70050000  __stop___llvm_prf_bits              
70050000  __stop___llvm_prf_cnts              
70003df0  __udivmoddi4                        
70009e94  _c_int00                            
70009e70  _c_int00_sbl                        
UNDEFED   _system_post_cinit                  
70008701  _system_pre_init                    
70000000  _vectors_sbl                        
70000b34  abort                               
ffffffff  binit                               
7000a37c  gAddrTranslateConfig                
70009fb0  gAddrTranslateInfo                  
7000a394  gBootloader0Args                    
7000a39c  gBootloader1Args                    
7000a3a4  gBootloader2Args                    
7000a3ac  gBootloader3Args                    
7000a3b4  gBootloader4Args                    
7000a1b8  gBootloaderConfig                   
7000a3e4  gBootloaderConfigNum                
7000a340  gBootloaderMemFxns                  
7000a3bc  gCacheConfig                        
7000a3e8  gCacheL1dCacheLineSize              
7000a3ec  gCacheL1pCacheLineSize              
7000a354  gClockConfig                        
70055288  gClockCtrl                          
7000a074  gCoreBootInfo                       
7000a3f0  gDebugLogZone                       
7000a3f4  gDebugP_uartDrvIndex                
7000a3f8  gHwiConfig                          
70054000  gHwiCtrl                            
7000a388  gMpuConfig                          
7000a298  gMpuRegionConfig                    
7000a368  gResMemSection                      
7000b0e0  gSOC_a53WhileLoop                   
7000aff4  gSOC_r5fVectors                     
7000a980  gSciclientMap                       
7000a2d8  gSciclientSecProxyCfg               
7000a3cc  gSocModules                         
7000a328  gSocModulesClockFrequency           
7000a3dc  gUartConfig                         
7000a3fc  gUartConfigNum                      
70009fb0  gUartDmaConfig                      
7000a400  gUartDmaConfigNum                   
700552c4  gUartHandle                         
7000a244  gUartParams                         
70004381  main                                
70007c04  memcmp                              
7000a404  operatingMode                       
70008a81  putchar_                            
70008611  vprintf_                            


GLOBAL SYMBOLS: SORTED BY Symbol Address 

address   name                                
-------   ----                                
00000100  __ABORT_STACK_SIZE                  
00000100  __FIQ_STACK_SIZE                    
00000100  __SVC_STACK_SIZE                    
00000100  __UNDEFINED_STACK_SIZE              
00001000  __IRQ_STACK_SIZE                    
00004000  __STACK_SIZE                        
70000000  __TI_static_base__                  
70000000  _vectors_sbl                        
70000b34  C$$EXIT                             
70000b34  abort                               
70000b3c  __aeabi_memcpy                      
70000b3c  __aeabi_memcpy4                     
70000b3c  __aeabi_memcpy8                     
700014e1  Sciclient_service                   
700017c1  TimerP_setup                        
70001a71  UART_open                           
70001d01  Bootloader_verifyMulticoreImage     
70002641  Bootloader_socCpuResetRelease       
70002851  UART_write                          
70002a41  Bootloader_socCpuPowerOnResetR5f    
70002c21  SOC_moduleSetClockFrequency         
70002de1  UART_close                          
70002f91  Bootloader_socCpuResetReleaseSelf   
700032a1  ClockP_init                         
70003801  Bootloader_parseMultiCoreAppImage   
70003a71  Sciclient_pmQueryModuleClkFreq      
70003ba1  Bootloader_rprcImageLoad            
70003cd1  Bootloader_getMsgLen                
70003df0  __udivmoddi4                        
70004031  Sciclient_getVersionCheck           
70004271  Sciclient_pmSetModuleClkFreq        
70004381  main                                
70004491  Bootloader_loadSelfCpu              
700045a1  Bootloader_socCpuPowerOnResetM4f    
700046a1  SemaphoreP_pend                     
70004791  AddrTranslateP_getLocalAddr         
70004b21  Bootloader_socOpenFirewalls         
70004ce1  Sciclient_procBootWaitProcessorState
70004dc1  UART_flushTxFifo                    
70005021  ClockP_stop                         
700050e1  UART_init                           
700051a1  ClockP_timerTickIsr                 
70005261  Sciclient_getCurrentContext         
70005321  Drivers_uartOpen                    
70005531  ClockP_destruct                     
700055e1  Sciclient_pmGetModuleClkNumParent   
70005741  Bootloader_socCpuSetClock           
700057e1  Sciclient_getContext                
70005881  Bootloader_runCpu                   
70005921  Bootloader_socTranslateSectionAddr  
700059c1  SOC_controlModuleUnlockMMR          
70005a61  Sciclient_pmGetModuleClkFreq        
70005b01  Sciclient_pmGetModuleClkParent      
70005ba1  Sciclient_pmSetModuleClkParent      
70005c41  Sciclient_procBootSetSequenceCtrl   
70005ce1  Sciclient_pmModuleGetClkStatus      
70005d81  Sciclient_init                      
70005ec1  Sciclient_waitForBootNotification   
70005f61  SOC_moduleClockEnable               
700060a1  Bootloader_socCpuGetClock           
70006131  Bootloader_socCpuSetEntryPoint      
700061c1  Sciclient_pmGetModuleState          
70006251  Sciclient_pmModuleClkRequest        
700062e1  Sciclient_pmSetModuleState          
70006371  ClockP_getTimeUsec                  
70006401  Sciclient_procBootReleaseProcessor  
70006491  SOC_controlModuleLockMMR            
700065b1  UART_dmaDisableChannel              
70006641  UART_dmaClose                       
70006741  Bootloader_findSeq                  
700067c1  Pinmux_config                       
700068c1  _DebugP_assert                      
70006941  ClockP_construct                    
700069c1  Bootloader_socCpuPowerOnResetA53    
70006a41  Bootloader_open                     
70006ab1  UART_dmaOpen                        
70006b21  Bootloader_getX509CertLen           
70006b91  Bootloader_socGetR5fBtcmAddrAndSize 
70006c01  Bootloader_socCpuRelease            
70006c71  Bootloader_socGetR5fAtcmAddrAndSize 
70006ce1  App_bootCpu                         
70006d51  App_bootLoadSelfCpu                 
70006dc1  Bootloader_socCpuRequest            
70006ea1  Bootloader_loadCpu                  
70006f81  Bootloader_socInitR5FAtcmBtcm       
70006ff1  Sciclient_pmSetModuleRst_flags      
70007061  Sciclient_procBootGetProcessorState 
70007131  Sciclient_pmSetModuleRst            
70007191  Sciclient_procBootRequestProcessor  
70007251  Module_clockSetFrequency            
700072b1  SemaphoreP_post                     
70007371  Bootloader_socRprcToCslCoreId       
700073d1  Sciclient_firewallChangeOwnerInfo   
70007431  Sciclient_firewallSetRegion         
70007491  Sciclient_procBootAuthAndStart      
700074f1  Bootloader_BootImageInfo_init       
70007551  SemaphoreP_construct                
700075b1  Sciclient_procBootSetProcessorCfg   
70007611  UART_writeInterruptDma              
70007671  Bootloader_socCpuPowerOnReset       
700076c1  Drivers_uartClose                   
70007710  __TI_auto_init_nobinit_nopinit      
70007761  UART_getHandle                      
700077b1  Module_clockDisable                 
70007801  Module_clockEnable                  
700078a1  Dpl_init                            
700078f1  Sciclient_getDevId                  
700079e1  SOC_getWarmResetCauseMcuDomain      
70007a81  SOC_generateSwWarmResetMcuDomain    
70007ad1  _DebugP_logZone                     
70007b71  ClockP_start                        
70007c04  memcmp                              
70007c51  DebugP_uartLogWriterPutChar         
70007c91  SOC_clearResetCauseMainMcuDomain    
70007d51  Bootloader_socIsAuthRequired        
70007e51  Bootloader_rprcImageParseEntryPoint 
70008011  Bootloader_close                    
70008051  Bootloader_socGetSciclientCpuClkId  
70008091  Bootloader_socGetSciclientCpuDevId  
700080d1  TimerP_Params_init                  
70008111  Bootloader_socGetSciclientCpuProcId 
70008151  Bootloader_socMemInitCpu            
70008251  System_init                         
700082b1  Bootloader_bootCpu                  
700082e1  Bootloader_socCpuGetClkDefault      
70008311  Bootloader_socGetCoreName           
700083a1  UART_deinit                         
70008401  DebugP_logZoneEnable                
70008431  SemaphoreP_constructBinary          
70008461  TimerP_clearOverflowInt             
700084c1  Bootloader_socInitM4fIram           
700084f1  Bootloader_socResetWorkaround       
70008521  System_deinit                       
70008611  vprintf_                            
70008641  Bootloader_CpuInfo_init             
700086a1  SemaphoreP_constructMutex           
70008701  _system_pre_init                    
70008724  __aeabi_uldivmod                    
70008751  Bootloader_socAuthImage             
700087d1  Pinmux_init                         
700087f1  ClockP_Params_init                  
70008831  CSL_secProxyGetDataAddr             
7000884c  TI_memcpy_small                     
70008868  __aeabi_memset                      
70008868  __aeabi_memset4                     
70008868  __aeabi_memset8                     
70008878  __aeabi_memclr                      
70008878  __aeabi_memclr4                     
70008878  __aeabi_memclr8                     
700088d1  SemaphoreP_Params_init              
700088f1  TimerP_start                        
70008911  TimerP_stop                         
70008988  TI_memset_small                     
700089a1  ClockP_isActive                     
70008a21  Bootloader_Params_init              
70008a41  DebugP_uartSetDrvIndex              
70008a81  putchar_                            
70008aa1  TimerP_getCount                     
70008ac1  TimerP_getReloadCount               
70008b11  ClockP_getTimerCount                
70008b21  ClockP_timerClearOverflowInt        
70008b71  Board_driversOpen                   
70008bb1  ClockP_getTicks                     
70008bc1  PowerClock_init                     
70008bd1  Sciclient_deinit                    
70008be1  Bootloader_socGetSBLMem             
70008c01  Bootloader_socWaitForFWBoot         
70008c11  Drivers_close                       
70008c21  Drivers_open                        
70008c31  Drivers_uartInit                    
70008c41  PowerClock_deinit                   
70008c51  SemaphoreP_destruct                 
70008c60  __aeabi_ldiv0                       
70008c71  Dpl_deinit                          
70008c81  TaskP_yield                         
70008c91  HwiP_enableInt                      
70008cd1  HwiP_disableInt                     
70008d31  HwiP_restoreInt                     
70008d61  HwiP_clearInt                       
70008da1  HwiP_post                           
70008de1  HwiP_Params_init                    
70008e11  HwiP_construct                      
70009011  HwiP_destruct                       
70009081  HwiP_init                           
700091f1  HwiP_inISR                          
70009251  HwiP_irq_handler_c                  
70009391  HwiP_fiq_handler                    
700094d1  HwiP_reserved_handler               
70009511  HwiP_undefined_handler              
70009551  HwiP_svc_handler                    
70009591  HwiP_prefetch_abort_handler         
700095d1  HwiP_data_abort_handler             
70009628  HwiP_irq_handler                    
700096a0  HwiP_disable                        
700096b0  HwiP_disableFIQ                     
700096c0  HwiP_enable                         
700096d0  HwiP_enableFIQ                      
700096e0  HwiP_restore                        
700096e8  HwiP_enableVIC                      
700096f8  HwiP_disableVIC                     
70009708  HwiP_getCPSR                        
70009710  CacheP_disableL1d                   
70009738  CacheP_disableL1p                   
70009750  CacheP_enableL1d                    
70009768  CacheP_enableL1p                    
70009780  CacheP_invL1d                       
700097b8  CacheP_invL1p                       
700097f4  CacheP_invL1dAll                    
700097fc  CacheP_invL1pAll                    
70009804  CacheP_wb                           
70009840  CacheP_wbInv                        
7000987c  CacheP_wbAll                        
70009924  CacheP_wbInvAll                     
7000993c  CacheP_wbInvAllAsm                  
700099dc  CacheP_getEnabled                   
70009a14  CacheP_getCacheLevelInfo            
70009a20  CacheP_configForceWrThru            
70009a40  CacheP_setDLFO                      
70009a51  CacheP_init                         
70009ad1  CacheP_disable                      
70009b21  CacheP_enable                       
70009b61  CacheP_inv                          
70009ba1  MpuP_RegionAttrs_init               
70009bd1  MpuP_setRegion                      
70009cc1  MpuP_enable                         
70009d11  MpuP_disable                        
70009d51  MpuP_isEnable                       
70009d61  MpuP_init                           
70009df8  MpuP_disableAsm                     
70009e10  MpuP_disableBRAsm                   
70009e20  MpuP_enableAsm                      
70009e38  MpuP_enableBRAsm                    
70009e48  MpuP_isEnableAsm                    
70009e5c  MpuP_setRegionAsm                   
70009e70  _c_int00_sbl                        
70009e94  _c_int00                            
70009f71  _DebugP_assertNoLog                 
70009fa1  __mpu_init                          
70009fb0  gAddrTranslateInfo                  
70009fb0  gUartDmaConfig                      
7000a074  gCoreBootInfo                       
7000a1b8  gBootloaderConfig                   
7000a244  gUartParams                         
7000a298  gMpuRegionConfig                    
7000a2d8  gSciclientSecProxyCfg               
7000a328  gSocModulesClockFrequency           
7000a340  gBootloaderMemFxns                  
7000a354  gClockConfig                        
7000a368  gResMemSection                      
7000a37c  gAddrTranslateConfig                
7000a388  gMpuConfig                          
7000a394  gBootloader0Args                    
7000a39c  gBootloader1Args                    
7000a3a4  gBootloader2Args                    
7000a3ac  gBootloader3Args                    
7000a3b4  gBootloader4Args                    
7000a3bc  gCacheConfig                        
7000a3cc  gSocModules                         
7000a3dc  gUartConfig                         
7000a3e4  gBootloaderConfigNum                
7000a3e8  gCacheL1dCacheLineSize              
7000a3ec  gCacheL1pCacheLineSize              
7000a3f0  gDebugLogZone                       
7000a3f4  gDebugP_uartDrvIndex                
7000a3f8  gHwiConfig                          
7000a3fc  gUartConfigNum                      
7000a400  gUartDmaConfigNum                   
7000a404  operatingMode                       
7000a980  gSciclientMap                       
7000aff4  gSOC_r5fVectors                     
7000b0e0  gSOC_a53WhileLoop                   
70050000  __stack                             
70050000  __start___llvm_prf_bits             
70050000  __start___llvm_prf_cnts             
70050000  __stop___llvm_prf_bits              
70050000  __stop___llvm_prf_cnts              
70054000  __BSS_START                         
70054000  __STACK_END                         
70054000  gHwiCtrl                            
70055288  gClockCtrl                          
700552c4  gUartHandle                         
700552c8  __BSS_END                           
700552c8  __IRQ_STACK_START                   
700562c8  __FIQ_STACK_START                   
700562c8  __IRQ_STACK_END                     
700563c8  __FIQ_STACK_END                     
700563c8  __SVC_STACK_START                   
700564c8  __ABORT_STACK_START                 
700564c8  __SVC_STACK_END                     
700565c8  __ABORT_STACK_END                   
700565c8  __UNDEFINED_STACK_START             
700566c8  __UNDEFINED_STACK_END               
ffffffff  __TI_pprof_out_hndl                 
ffffffff  __TI_prof_data_size                 
ffffffff  __TI_prof_data_start                
ffffffff  __binit__                           
ffffffff  binit                               
UNDEFED   __TI_CINIT_Base                     
UNDEFED   __TI_CINIT_Limit                    
UNDEFED   __TI_Handler_Table_Base             
UNDEFED   __TI_Handler_Table_Limit            
UNDEFED   _system_post_cinit                  

[302 symbols]
