******************************************************************************
            TI ARM Clang Linker Unix v2.1.1                    
******************************************************************************
>> Linked Thu Sep 29 15:50:33 2022

OUTPUT FILE NAME:   <sbl_uart_uniflash.debug.out>
ENTRY POINT SYMBOL: "_vectors_sbl"  address: 70000000


MEMORY CONFIGURATION

         name            origin    length      used     unused   attr    fill
----------------------  --------  ---------  --------  --------  ----  --------
  R5F_VECS              00000000   00000040  00000000  00000040  RWIX
  R5F_TCMA              00000040   00007fc0  00000000  00007fc0  RWIX
  R5F_TCMB0             41010000   00008000  00000000  00008000  RWIX
  MSRAM_VECS            70000000   00000100  00000040  000000c0  RWIX
  MSRAM_0               70000100   00070f00  0001db38  000533c8  RWIX
  MSRAM_1               70071000   0001f000  00017680  00007980  RWIX
  MSRAM_2               70090000   00150000  00150000  00000000  RWIX


SEGMENT ALLOCATION MAP

run origin  load origin   length   init length attrs members
----------  ----------- ---------- ----------- ----- -------
70000000    70000000    00000040   00000040    r-x
  70000000    70000000    00000040   00000040    r-x .vectors
70000100    70000100    0001be10   0001be10    r-x
  70000100    70000100    0001aaf0   0001aaf0    r-x .text
  7001abf0    7001abf0    00000a80   00000a80    r-x .text.hwi
  7001b670    7001b670    00000490   00000490    r-x .text.cache
  7001bb00    7001bb00    000002d0   000002d0    r-x .text.mpu
  7001bdd0    7001bdd0    00000140   00000140    r-x .text.boot
7001bf10    7001bf10    00000820   00000820    rw-
  7001bf10    7001bf10    00000820   00000820    rw- .data
7001c730    7001c730    00001508   00001508    r--
  7001c730    7001c730    00001508   00001508    r-- .rodata
70071000    70071000    00016280   00000000    rw-
  70071000    70071000    0000a280   00000000    rw- .bss
  7007b280    7007b280    00008000   00000000    rw- .sysmem
  70083280    70083280    00004000   00000000    rw- .stack
70087280    70087280    00001400   00000000    r--
  70087280    70087280    00001000   00000000    r-- .irqstack
  70088280    70088280    00000100   00000000    r-- .fiqstack
  70088380    70088380    00000100   00000000    r-- .svcstack
  70088480    70088480    00000100   00000000    r-- .abortstack
  70088580    70088580    00000100   00000000    r-- .undefinedstack


SECTION ALLOCATION MAP

 output                                  attributes/
section   page    origin      length       input sections
--------  ----  ----------  ----------   ----------------
.vectors   0    70000000    00000040     
                  70000000    00000040     nortos.am243x.r5f.ti-arm-clang.debug.lib : HwiP_armv7r_vectors_nortos_sbl_asm.obj (.vectors)

.text      0    70000100    0001aaf0     
                  70000100    00000a34     nortos.am243x.r5f.ti-arm-clang.debug.lib : printf.obj (.text._vsnprintf)
                  70000b34    00000008     libc.a : exit.c.obj (.text:abort)
                  70000b3c    00000004     libclang_rt.builtins.a : aeabi_memcpy.S.obj (.text)
                  70000b40    00000826     drivers.am243x.r5f.ti-arm-clang.debug.lib : ospi_phy.obj (.text.OSPI_phyFindOTP1)
                  70001366    0000000a     --HOLE-- [fill = 0]
                  70001370    00000622                                               : mmcsd_v0.obj (.text.MMCSD_transfer)
                  70001992    0000000e     --HOLE-- [fill = 0]
                  700019a0    000005f4                                               : sciclient_rm_irq.obj (.text.Sciclient_rmIrqRouteValidate)
                  70001f94    0000000c     --HOLE-- [fill = 0]
                  70001fa0    00000550                                               : ospi_phy.obj (.text.OSPI_phyFindOTP2)
                  700024f0    00000550                                               : udma_rm.obj (.text.Udma_rmInit)
                  70002a40    0000051e     nortos.am243x.r5f.ti-arm-clang.debug.lib : printf.obj (.text._ftoa)
                  70002f5e    00000002     --HOLE-- [fill = 0]
                  70002f60    00000478                                              : printf.obj (.text._etoa)
                  700033d8    00000008     --HOLE-- [fill = 0]
                  700033e0    000003bc     drivers.am243x.r5f.ti-arm-clang.debug.lib : udma_soc.obj (.text.Udma_initDrvHandle)
                  7000379c    00000004     --HOLE-- [fill = 0]
                  700037a0    0000039c                                               : udma_ch.obj (.text.Udma_chAllocResource)
                  70003b3c    00000004     --HOLE-- [fill = 0]
                  70003b40    00000372                                               : udma_rmcfg_common.obj (.text.UdmaRmInitPrms_init)
                  70003eb2    0000000e     --HOLE-- [fill = 0]
                  70003ec0    00000360                                               : udma_ch.obj (.text.Udma_chDisableTxChan)
                  70004220    0000035a                                               : udma_event.obj (.text.Udma_eventConfig)
                  7000457a    00000006     --HOLE-- [fill = 0]
                  70004580    00000342     board.am243x.r5f.ti-arm-clang.debug.lib : flash_nor_ospi.obj (.text.Flash_setQeBit)
                  700048c2    0000000e     --HOLE-- [fill = 0]
                  700048d0    00000306     drivers.am243x.r5f.ti-arm-clang.debug.lib : sciclient_rm_irq.obj (.text.Sciclient_rmIrqGetRoute)
                  70004bd6    0000000a     --HOLE-- [fill = 0]
                  70004be0    000002f4                                               : udma_event.obj (.text.Udma_eventReset)
                  70004ed4    0000000c     --HOLE-- [fill = 0]
                  70004ee0    000002e8                                               : xmodem.obj (.text.xmodemTransmit)
                  700051c8    00000008     --HOLE-- [fill = 0]
                  700051d0    000002e0                                               : bootloader_uniflash.obj (.text.Bootloader_uniflashProcessFlashCommands)
                  700054b0    000002da                                               : sciclient.obj (.text.Sciclient_service)
                  7000578a    00000006     --HOLE-- [fill = 0]
                  70005790    000002ce                                               : mmcsd_v0.obj (.text.MMCSD_xferStatusPollingFxn)
                  70005a5e    00000002     --HOLE-- [fill = 0]
                  70005a60    000002c8                                               : udma_ch.obj (.text.Udma_chDisableRxChan)
                  70005d28    00000008     --HOLE-- [fill = 0]
                  70005d30    000002ae     nortos.am243x.r5f.ti-arm-clang.debug.lib : TimerP.obj (.text.TimerP_setup)
                  70005fde    00000002     --HOLE-- [fill = 0]
                  70005fe0    0000029c     drivers.am243x.r5f.ti-arm-clang.debug.lib : bootloader_mmcsd_raw.obj (.text.Bootloader_MmcsdRaw_writeToOffset)
                  7000627c    00000004     --HOLE-- [fill = 0]
                  70006280    00000294                                               : csl_bcdma.obj (.text.CSL_bcdmaChanOpCfgChan)
                  70006514    0000000c     --HOLE-- [fill = 0]
                  70006520    0000028a                                               : ospi_v0.obj (.text.OSPI_programInstance)
                  700067aa    00000006     --HOLE-- [fill = 0]
                  700067b0    00000286                                               : uart_v0.obj (.text.UART_open)
                  70006a36    0000000a     --HOLE-- [fill = 0]
                  70006a40    00000262                                               : ospi_dma_udma.obj (.text.OspiDma_udmaOpen)
                  70006ca2    0000000e     --HOLE-- [fill = 0]
                  70006cb0    00000260                                               : udma_ch.obj (.text.Udma_chConfigRx)
                  70006f10    00000260                                               : xmodem.obj (.text.xmodemReceive)
                  70007170    00000248                                               : sciclient_rm_irq.obj (.text.Sciclient_rmIrqFindRoute)
                  700073b8    00000008     --HOLE-- [fill = 0]
                  700073c0    00000242                                               : uart_v0.obj (.text.UART_fifoConfig)
                  70007602    0000000e     --HOLE-- [fill = 0]
                  70007610    0000023e     nortos.am243x.r5f.ti-arm-clang.debug.lib : printf.obj (.text._ntoa_format)
                  7000784e    00000002     --HOLE-- [fill = 0]
                  70007850    0000023a     drivers.am243x.r5f.ti-arm-clang.debug.lib : bootloader_mmcsd_raw.obj (.text.Bootloader_MmcsdRaw_readFromOffset)
                  70007a8a    00000006     --HOLE-- [fill = 0]
                  70007a90    00000238     board.am243x.r5f.ti-arm-clang.debug.lib : flash_nor_ospi.obj (.text.Flash_set888mode)
                  70007cc8    00000008     --HOLE-- [fill = 0]
                  70007cd0    0000022a     drivers.am243x.r5f.ti-arm-clang.debug.lib : udma_rm.obj (.text.Udma_rmDeinit)
                  70007efa    00000006     --HOLE-- [fill = 0]
                  70007f00    00000228                                               : uart_v0.obj (.text.UART_masterIsr)
                  70008128    00000008     --HOLE-- [fill = 0]
                  70008130    00000222                                               : udma_event.obj (.text.Udma_eventRegister)
                  70008352    0000000e     --HOLE-- [fill = 0]
                  70008360    0000021e                                               : udma_event.obj (.text.Udma_eventAllocResource)
                  7000857e    00000002     --HOLE-- [fill = 0]
                  70008580    00000214                                               : udma_rm.obj (.text.Udma_rmSetSharedResRmInitPrms)
                  70008794    0000000c     --HOLE-- [fill = 0]
                  700087a0    0000020c                                               : udma_ch.obj (.text.Udma_chFreeResource)
                  700089ac    00000004     --HOLE-- [fill = 0]
                  700089b0    0000020a                                               : udma_ring_common.obj (.text.Udma_ringAlloc)
                  70008bba    00000006     --HOLE-- [fill = 0]
                  70008bc0    00000202     board.am243x.r5f.ti-arm-clang.debug.lib : flash_nor_ospi.obj (.text.Flash_norOspiOpen)
                  70008dc2    0000000e     --HOLE-- [fill = 0]
                  70008dd0    000001ee     drivers.am243x.r5f.ti-arm-clang.debug.lib : uart_v0.obj (.text.UART_write)
                  70008fbe    00000002     --HOLE-- [fill = 0]
                  70008fc0    000001ea                                               : ospi_v0.obj (.text.OSPI_open)
                  700091aa    00000006     --HOLE-- [fill = 0]
                  700091b0    000001e6                                               : udma_ch.obj (.text.Udma_chDisableBlkCpyChan)
                  70009396    0000000a     --HOLE-- [fill = 0]
                  700093a0    000001d8                                               : udma_flow.obj (.text.Udma_flowConfig)
                  70009578    00000008     --HOLE-- [fill = 0]
                  70009580    000001c8                                               : uart_v0.obj (.text.UART_read)
                  70009748    00000008     --HOLE-- [fill = 0]
                  70009750    000001b4                                               : soc.obj (.text.SOC_moduleSetClockFrequency)
                  70009904    0000000c     --HOLE-- [fill = 0]
                  70009910    000001b0                                               : uart_v0.obj (.text.UART_close)
                  70009ac0    00000198                                               : sciclient_rm_irq.obj (.text.Sciclient_rmClearInterruptRoute)
                  70009c58    00000008     --HOLE-- [fill = 0]
                  70009c60    00000196                                               : udma_ch.obj (.text.Udma_chConfigTx)
                  70009df6    0000000a     --HOLE-- [fill = 0]
                  70009e00    00000194                                               : ospi_dma_udma.obj (.text.OspiDma_udmaUpdateSubmitTR)
                  70009f94    0000000c     --HOLE-- [fill = 0]
                  70009fa0    0000018a                                               : sciclient_rm_irq.obj (.text.Sciclient_rmIrqDeleteRoute)
                  7000a12a    00000006     --HOLE-- [fill = 0]
                  7000a130    0000018a                                               : sciclient_rm_irq.obj (.text.Sciclient_rmProgramInterruptRoute)
                  7000a2ba    00000006     --HOLE-- [fill = 0]
                  7000a2c0    00000186                                               : sciclient_rm_irq.obj (.text.Sciclient_rmIrqProgramRoute)
                  7000a446    0000000a     --HOLE-- [fill = 0]
                  7000a450    00000184     board.am243x.r5f.ti-arm-clang.debug.lib : flash_nor_ospi.obj (.text.Flash_set444mode)
                  7000a5d4    0000000c     --HOLE-- [fill = 0]
                  7000a5e0    00000182     drivers.am243x.r5f.ti-arm-clang.debug.lib : udma_ch.obj (.text.Udma_chEnableLocal)
                  7000a762    0000000e     --HOLE-- [fill = 0]
                  7000a770    0000017e                                               : ospi_v0.obj (.text.OSPI_readCmd)
                  7000a8ee    00000002     --HOLE-- [fill = 0]
                  7000a8f0    00000178                                               : uart_v0.obj (.text.UART_configInstance)
                  7000aa68    00000008     --HOLE-- [fill = 0]
                  7000aa70    00000172     nortos.am243x.r5f.ti-arm-clang.debug.lib : ClockP_nortos_r5.obj (.text.ClockP_init)
                  7000abe2    0000000e     --HOLE-- [fill = 0]
                  7000abf0    0000016c     drivers.am243x.r5f.ti-arm-clang.debug.lib : csl_bcdma.obj (.text.CSL_bcdmaChanOpTeardownChan)
                  7000ad5c    00000004     --HOLE-- [fill = 0]
                  7000ad60    0000016c                                               : ospi_v0.obj (.text.OSPI_readDirect)
                  7000aecc    00000004     --HOLE-- [fill = 0]
                  7000aed0    00000168                                               : csl_bcdma.obj (.text.CSL_bcdmaChanOp)
                  7000b038    00000008     --HOLE-- [fill = 0]
                  7000b040    00000168                                               : udma_ch.obj (.text.Udma_chOpen)
                  7000b1a8    00000008     --HOLE-- [fill = 0]
                  7000b1b0    0000015a                                               : udma_rm.obj (.text.Udma_rmAllocMappedRxCh)
                  7000b30a    00000006     --HOLE-- [fill = 0]
                  7000b310    0000015a                                               : udma_rm.obj (.text.Udma_rmAllocMappedTxCh)
                  7000b46a    00000006     --HOLE-- [fill = 0]
                  7000b470    00000158                                               : csl_bcdma.obj (.text.CSL_bcdmaChanOpGetChanStats)
                  7000b5c8    00000008     --HOLE-- [fill = 0]
                  7000b5d0    00000150                                               : csl_lcdma_ringacc.obj (.text.CSL_lcdma_ringaccDequeue)
                  7000b720    00000150                                               : ospi_v0.obj (.text.OSPI_writeCmd)
                  7000b870    00000150                                               : uart_v0.obj (.text.UART_procLineStatusErr)
                  7000b9c0    0000014e                                               : ospi_v0.obj (.text.OSPI_writeIndirect)
                  7000bb0e    00000002     --HOLE-- [fill = 0]
                  7000bb10    00000146                                               : udma_ch.obj (.text.Udma_chAssignRegOverlay)
                  7000bc56    0000000a     --HOLE-- [fill = 0]
                  7000bc60    00000142                                               : sciclient.obj (.text.Sciclient_sendMessage)
                  7000bda2    0000000e     --HOLE-- [fill = 0]
                  7000bdb0    00000140                                               : sciclient_rm_irq.obj (.text.Sciclient_rmIaValidateMapping)
                  7000bef0    00000140                                               : udma_rm.obj (.text.Udma_rmAllocMappedRing)
                  7000c030    00000138     nortos.am243x.r5f.ti-arm-clang.debug.lib : printf.obj (.text._ntoa_long_long)
                  7000c168    00000008     --HOLE-- [fill = 0]
                  7000c170    00000136     drivers.am243x.r5f.ti-arm-clang.debug.lib : sciclient_rm_irq.obj (.text.Sciclient_rmIrqVintDelete)
                  7000c2a6    0000000a     --HOLE-- [fill = 0]
                  7000c2b0    00000134                                               : mmcsd_v0.obj (.text.MMCSD_xferStatusPollingFxnCMD19)
                  7000c3e4    0000000c     --HOLE-- [fill = 0]
                  7000c3f0    00000130                                               : sciclient.obj (.text.Sciclient_recvMessage)
                  7000c520    0000012e                                               : udma_rm.obj (.text.Udma_rmAllocIrIntr)
                  7000c64e    00000002     --HOLE-- [fill = 0]
                  7000c650    0000012a                                               : sciclient_pm.obj (.text.Sciclient_pmQueryModuleClkFreq)
                  7000c77a    00000006     --HOLE-- [fill = 0]
                  7000c780    00000128                                               : mmcsd_v0.obj (.text.MMCSD_read)
                  7000c8a8    00000008     --HOLE-- [fill = 0]
                  7000c8b0    00000126     board.am243x.r5f.ti-arm-clang.debug.lib : flash_nor_ospi.obj (.text.Flash_norOspiWrite)
                  7000c9d6    0000000a     --HOLE-- [fill = 0]
                  7000c9e0    00000122     drivers.am243x.r5f.ti-arm-clang.debug.lib : udma_rm.obj (.text.Udma_rmAllocBlkCopyCh)
                  7000cb02    0000000e     --HOLE-- [fill = 0]
                  7000cb10    00000122                                               : udma_rm.obj (.text.Udma_rmAllocBlkCopyHcCh)
                  7000cc32    0000000e     --HOLE-- [fill = 0]
                  7000cc40    00000122                                               : udma_rm.obj (.text.Udma_rmAllocBlkCopyUhcCh)
                  7000cd62    0000000e     --HOLE-- [fill = 0]
                  7000cd70    00000122                                               : udma_rm.obj (.text.Udma_rmAllocRxCh)
                  7000ce92    0000000e     --HOLE-- [fill = 0]
                  7000cea0    00000122                                               : udma_rm.obj (.text.Udma_rmAllocRxHcCh)
                  7000cfc2    0000000e     --HOLE-- [fill = 0]
                  7000cfd0    00000122                                               : udma_rm.obj (.text.Udma_rmAllocRxUhcCh)
                  7000d0f2    0000000e     --HOLE-- [fill = 0]
                  7000d100    00000122                                               : udma_rm.obj (.text.Udma_rmAllocTxCh)
                  7000d222    0000000e     --HOLE-- [fill = 0]
                  7000d230    00000122                                               : udma_rm.obj (.text.Udma_rmAllocTxHcCh)
                  7000d352    0000000e     --HOLE-- [fill = 0]
                  7000d360    00000122                                               : udma_rm.obj (.text.Udma_rmAllocTxUhcCh)
                  7000d482    0000000e     --HOLE-- [fill = 0]
                  7000d490    00000120                                               : mmcsd_v0.obj (.text.MMCSD_write)
                  7000d5b0    0000011e                                               : sciclient_rm_irq.obj (.text.Sciclient_rmIaValidateEvt)
                  7000d6ce    00000002     --HOLE-- [fill = 0]
                  7000d6d0    0000011e                                               : sciclient_rm_irq.obj (.text.Sciclient_rmIrqVintAdd)
                  7000d7ee    00000002     --HOLE-- [fill = 0]
                  7000d7f0    0000011c     board.am243x.r5f.ti-arm-clang.debug.lib : flash_nor_ospi.obj (.text.Flash_norOspiReset)
                  7000d90c    00000004     --HOLE-- [fill = 0]
                  7000d910    00000118     drivers.am243x.r5f.ti-arm-clang.debug.lib : udma_ring_lcdma.obj (.text.Udma_ringSetCfgLcdma)
                  7000da28    00000118     libclang_rt.builtins.a : udivmoddi4.S.obj (.text)
                  7000db40    00000116     drivers.am243x.r5f.ti-arm-clang.debug.lib : csl_bcdma.obj (.text.CSL_bcdmaChanOpDecChanStats)
                  7000dc56    0000000a     --HOLE-- [fill = 0]
                  7000dc60    00000116                                               : uart_v0.obj (.text.UART_divisorLatchWrite)
                  7000dd76    0000000a     --HOLE-- [fill = 0]
                  7000dd80    00000114     board.am243x.r5f.ti-arm-clang.debug.lib : flash_nor_ospi.obj (.text.Flash_norOspiSetProtocol)
                  7000de94    0000000c     --HOLE-- [fill = 0]
                  7000dea0    00000114     nortos.am243x.r5f.ti-arm-clang.debug.lib : printf.obj (.text._ntoa_long)
                  7000dfb4    0000000c     --HOLE-- [fill = 0]
                  7000dfc0    00000110     board.am243x.r5f.ti-arm-clang.debug.lib : flash_nor_ospi.obj (.text.Flash_norOspiWaitReady)
                  7000e0d0    00000110     drivers.am243x.r5f.ti-arm-clang.debug.lib : sciclient_pm.obj (.text.Sciclient_pmSetModuleClkFreq)
                  7000e1e0    0000010a     board.am243x.r5f.ti-arm-clang.debug.lib : flash_nor_ospi.obj (.text.Flash_norOspiErase)
                  7000e2ea    00000006     --HOLE-- [fill = 0]
                  7000e2f0    0000010a                                             : flash_nor_ospi.obj (.text.Flash_norOspiEraseSector)
                  7000e3fa    00000006     --HOLE-- [fill = 0]
                  7000e400    00000106     drivers.am243x.r5f.ti-arm-clang.debug.lib : ospi_v0.obj (.text.OSPI_setProtocol)
                  7000e506    0000000a     --HOLE-- [fill = 0]
                  7000e510    00000106                                               : udma_event.obj (.text.Udma_eventCheckParams)
                  7000e616    0000000a     --HOLE-- [fill = 0]
                  7000e620    00000104                                               : csl_pktdma.obj (.text.CSL_pktdmaTeardownChan)
                  7000e724    0000000c     --HOLE-- [fill = 0]
                  7000e730    00000102                                               : bootloader_uniflash.obj (.text.Bootloader_uniflashFlashFile)
                  7000e832    0000000e     --HOLE-- [fill = 0]
                  7000e840    00000100                                               : csl_lcdma_ringacc.obj (.text.CSL_lcdma_ringaccPop64MultiAccess)
                  7000e940    000000fe                                               : bootloader_uniflash.obj (.text.Bootloader_uniflashFlashErase)
                  7000ea3e    00000002     --HOLE-- [fill = 0]
                  7000ea40    000000fe                                               : sciclient_rm_irq.obj (.text.Sciclient_rmIrGetOutp)
                  7000eb3e    00000002     --HOLE-- [fill = 0]
                  7000eb40    000000fe                                               : udma.obj (.text.Udma_init)
                  7000ec3e    00000002     --HOLE-- [fill = 0]
                  7000ec40    000000fa                                               : csl_lcdma_ringacc.obj (.text.CSL_lcdma_ringaccPush64MultiAccess)
                  7000ed3a    00000006     --HOLE-- [fill = 0]
                  7000ed40    000000f4                                               : sciclient_rm_irq.obj (.text.Sciclient_rmTranslateIntOutput)
                  7000ee34    0000000c     --HOLE-- [fill = 0]
                  7000ee40    000000f0     nortos.am243x.r5f.ti-arm-clang.debug.lib : SemaphoreP_nortos.obj (.text.SemaphoreP_pend)
                  7000ef30    000000ee     main.obj (.text.main)
                  7000f01e    00000002     --HOLE-- [fill = 0]
                  7000f020    000000ec     drivers.am243x.r5f.ti-arm-clang.debug.lib : udma_event.obj (.text.Udma_eventIsrFxn)
                  7000f10c    00000004     --HOLE-- [fill = 0]
                  7000f110    000000ea     nortos.am243x.r5f.ti-arm-clang.debug.lib : AddrTranslateP.obj (.text.AddrTranslateP_getLocalAddr)
                  7000f1fa    00000006     --HOLE-- [fill = 0]
                  7000f200    000000e8     drivers.am243x.r5f.ti-arm-clang.debug.lib : udma_event.obj (.text.Udma_eventFreeResource)
                  7000f2e8    00000008     --HOLE-- [fill = 0]
                  7000f2f0    000000e2                                               : bootloader_uniflash.obj (.text.Bootloader_uniflashFlashVerifyFile)
                  7000f3d2    0000000e     --HOLE-- [fill = 0]
                  7000f3e0    000000e2     board.am243x.r5f.ti-arm-clang.debug.lib : flash_nor_ospi.obj (.text.Flash_norOspiReadId)
                  7000f4c2    0000000e     --HOLE-- [fill = 0]
                  7000f4d0    000000e2     drivers.am243x.r5f.ti-arm-clang.debug.lib : sciclient_rm_irq.obj (.text.Sciclient_rmIrqGetNode)
                  7000f5b2    0000000e     --HOLE-- [fill = 0]
                  7000f5c0    000000e0                                               : bootloader_uniflash.obj (.text.Bootloader_uniflashFlashVerifyFileMMCSDRaw)
                  7000f6a0    000000de     board.am243x.r5f.ti-arm-clang.debug.lib : flash_nor_ospi.obj (.text.Flash_norOspiSet4ByteAddrMode)
                  7000f77e    00000002     --HOLE-- [fill = 0]
                  7000f780    000000de     drivers.am243x.r5f.ti-arm-clang.debug.lib : mmcsd_v0.obj (.text.MMCSD_cmdStatusPollingFxn)
                  7000f85e    00000002     --HOLE-- [fill = 0]
                  7000f860    000000de                                               : sciclient.obj (.text.Sciclient_waitForMessage)
                  7000f93e    00000002     --HOLE-- [fill = 0]
                  7000f940    000000de                                               : uart_v0.obj (.text.UART_intrEnable)
                  7000fa1e    00000002     --HOLE-- [fill = 0]
                  7000fa20    000000dc                                               : bootloader_uniflash.obj (.text.Bootloader_uniflashFlashOrVerifyXipFile)
                  7000fafc    00000004     --HOLE-- [fill = 0]
                  7000fb00    000000da                                               : sciclient_rm_irq.obj (.text.Sciclient_rmIrInpIsFree)
                  7000fbda    00000006     --HOLE-- [fill = 0]
                  7000fbe0    000000da                                               : uart_v0.obj (.text.UART_intrDisable)
                  7000fcba    00000006     --HOLE-- [fill = 0]
                  7000fcc0    000000da                                               : udma_rm.obj (.text.Udma_rmGetSciclientDefaultBoardCfgRmRange)
                  7000fd9a    00000006     --HOLE-- [fill = 0]
                  7000fda0    000000d8     board.am243x.r5f.ti-arm-clang.debug.lib : flash_nor_ospi.obj (.text.Flash_norOspiSetRegCfg)
                  7000fe78    00000008     --HOLE-- [fill = 0]
                  7000fe80    000000d6                                             : flash_nor_ospi.obj (.text.Flash_setOeBit)
                  7000ff56    0000000a     --HOLE-- [fill = 0]
                  7000ff60    000000d4     drivers.am243x.r5f.ti-arm-clang.debug.lib : bootloader_soc.obj (.text.Bootloader_socOpenFirewalls)
                  70010034    0000000c     --HOLE-- [fill = 0]
                  70010040    000000d4                                               : csl_bcdma.obj (.text.CSL_bcdmaChanOpGetChanRT)
                  70010114    0000000c     --HOLE-- [fill = 0]
                  70010120    000000d4                                               : pinmux.obj (.text.Pinmux_unlockMMR)
                  700101f4    0000000c     --HOLE-- [fill = 0]
                  70010200    000000ce                                               : mmcsd_v0.obj (.text.MMCSD_enableBootPartition)
                  700102ce    00000002     --HOLE-- [fill = 0]
                  700102d0    000000cc                                               : uart_v0.obj (.text.UART_flushTxFifo)
                  7001039c    00000004     --HOLE-- [fill = 0]
                  700103a0    000000cc                                               : udma_rm.obj (.text.Udma_rmAllocVintrBit)
                  7001046c    00000004     --HOLE-- [fill = 0]
                  70010470    000000ca                                               : csl_bcdma.obj (.text.CSL_bcdmaChanOpSetBurstSize)
                  7001053a    00000006     --HOLE-- [fill = 0]
                  70010540    000000ca                                               : ospi_phy.obj (.text.OSPI_phyResyncDLL)
                  7001060a    00000006     --HOLE-- [fill = 0]
                  70010610    000000ca                                               : ospi_dma_udma.obj (.text.OspiDma_udmaCopy)
                  700106da    00000006     --HOLE-- [fill = 0]
                  700106e0    000000ca                                               : udma_ring_common.obj (.text.Udma_ringCheckParams)
                  700107aa    00000006     --HOLE-- [fill = 0]
                  700107b0    000000c8                                               : udma_event.obj (.text.Udma_eventCheckUnRegister)
                  70010878    00000008     --HOLE-- [fill = 0]
                  70010880    000000c8                                               : udma_ring_common.obj (.text.Udma_ringFree)
                  70010948    00000008     --HOLE-- [fill = 0]
                  70010950    000000c6                                               : udma_event.obj (.text.Udma_eventUnRegister)
                  70010a16    0000000a     --HOLE-- [fill = 0]
                  70010a20    000000c4                                               : sciclient_rm_irq.obj (.text.Sciclient_rmIrqIsVintRouteSet)
                  70010ae4    0000000c     --HOLE-- [fill = 0]
                  70010af0    000000c2     ti_board_open_close.obj (.text.Board_flashOpen)
                  70010bb2    0000000e     --HOLE-- [fill = 0]
                  70010bc0    000000c2     drivers.am243x.r5f.ti-arm-clang.debug.lib : mmcsd_v0.obj (.text.MMCSD_setupADMA2)
                  70010c82    0000000e     --HOLE-- [fill = 0]
                  70010c90    000000c2                                               : uart_v0.obj (.text.UART_writePolling)
                  70010d52    0000000e     --HOLE-- [fill = 0]
                  70010d60    000000c2                                               : udma_ch.obj (.text.Udma_chClose)
                  70010e22    0000000e     --HOLE-- [fill = 0]
                  70010e30    000000c0                                               : csl_bcdma.obj (.text.CSL_bcdmaChanOpAccessRemotePeerReg)
                  70010ef0    000000c0     nortos.am243x.r5f.ti-arm-clang.debug.lib : printf.obj (.text._out_rev)
                  70010fb0    000000ba                                              : ClockP_nortos.obj (.text.ClockP_stop)
                  7001106a    00000006     --HOLE-- [fill = 0]
                  70011070    000000ba     drivers.am243x.r5f.ti-arm-clang.debug.lib : uart_v0.obj (.text.UART_init)
                  7001112a    00000006     --HOLE-- [fill = 0]
                  70011130    000000b8     nortos.am243x.r5f.ti-arm-clang.debug.lib : ClockP_nortos.obj (.text.ClockP_timerTickIsr)
                  700111e8    00000008     --HOLE-- [fill = 0]
                  700111f0    000000b8     board.am243x.r5f.ti-arm-clang.debug.lib : flash.obj (.text.Flash_offsetToSectorPage)
                  700112a8    00000008     --HOLE-- [fill = 0]
                  700112b0    000000b6     drivers.am243x.r5f.ti-arm-clang.debug.lib : bootloader_uniflash.obj (.text.Bootloader_uniflashFlashOrVerifyRprcXipFile)
                  70011366    0000000a     --HOLE-- [fill = 0]
                  70011370    000000b6                                               : csl_pktdma.obj (.text.CSL_pktdmaAccessChanPeerReg)
                  70011426    0000000a     --HOLE-- [fill = 0]
                  70011430    000000b6     board.am243x.r5f.ti-arm-clang.debug.lib : flash.obj (.text.Flash_offsetToBlkPage)
                  700114e6    0000000a     --HOLE-- [fill = 0]
                  700114f0    000000b6     drivers.am243x.r5f.ti-arm-clang.debug.lib : mmcsd_v0.obj (.text.MMCSD_halSendCommand)
                  700115a6    0000000a     --HOLE-- [fill = 0]
                  700115b0    000000b6                                               : ospi_phy.obj (.text.OSPI_phyTuneDDR)
                  70011666    0000000a     --HOLE-- [fill = 0]
                  70011670    000000b6                                               : uart_v0.obj (.text.UART_readPolling)
                  70011726    0000000a     --HOLE-- [fill = 0]
                  70011730    000000b4                                               : ospi_v0.obj (.text.OSPI_close)
                  700117e4    0000000c     --HOLE-- [fill = 0]
                  700117f0    000000b4                                               : udma.obj (.text.Udma_deinit)
                  700118a4    0000000c     --HOLE-- [fill = 0]
                  700118b0    000000b2                                               : sciclient.obj (.text.Sciclient_getCurrentContext)
                  70011962    0000000e     --HOLE-- [fill = 0]
                  70011970    000000b0                                               : udma_ch.obj (.text.Udma_chCheckParams)
                  70011a20    000000ae                                               : udma_soc.obj (.text.Udma_getMappedChRingAttributes)
                  70011ace    00000002     --HOLE-- [fill = 0]
                  70011ad0    000000ac     ti_drivers_open_close.obj (.text.Drivers_uartOpen)
                  70011b7c    00000004     --HOLE-- [fill = 0]
                  70011b80    000000ac     drivers.am243x.r5f.ti-arm-clang.debug.lib : uart_v0.obj (.text.UART_readCancelNoCB)
                  70011c2c    00000004     --HOLE-- [fill = 0]
                  70011c30    000000ac                                               : udma_ch.obj (.text.UdmaChRxPrms_init)
                  70011cdc    00000004     --HOLE-- [fill = 0]
                  70011ce0    000000ac                                               : udma_ch.obj (.text.UdmaChTxPrms_init)
                  70011d8c    00000004     --HOLE-- [fill = 0]
                  70011d90    000000ac                                               : udma_ch.obj (.text.Udma_chDisable)
                  70011e3c    00000004     --HOLE-- [fill = 0]
                  70011e40    000000aa                                               : csl_bcdma.obj (.text.CSL_bcdmaChanOpSetChanPause)
                  70011eea    00000006     --HOLE-- [fill = 0]
                  70011ef0    000000aa                                               : csl_bcdma.obj (.text.CSL_bcdmaChanOpSetChanRT)
                  70011f9a    00000006     --HOLE-- [fill = 0]
                  70011fa0    000000aa     ti_drivers_open_close.obj (.text.Drivers_ospiOpen)
                  7001204a    00000006     --HOLE-- [fill = 0]
                  70012050    000000aa     drivers.am243x.r5f.ti-arm-clang.debug.lib : uart_v0.obj (.text.UART_fifoWrite)
                  700120fa    00000006     --HOLE-- [fill = 0]
                  70012100    000000a8     nortos.am243x.r5f.ti-arm-clang.debug.lib : ClockP_nortos.obj (.text.ClockP_addToList)
                  700121a8    00000008     --HOLE-- [fill = 0]
                  700121b0    000000a8                                              : ClockP_nortos.obj (.text.ClockP_destruct)
                  70012258    00000008     --HOLE-- [fill = 0]
                  70012260    000000a8     drivers.am243x.r5f.ti-arm-clang.debug.lib : ospi_v0.obj (.text.OSPI_isProtocolValid)
                  70012308    00000008     --HOLE-- [fill = 0]
                  70012310    000000a8                                               : ospi_dma_udma.obj (.text.OspiDma_udmaClose)
                  700123b8    00000008     --HOLE-- [fill = 0]
                  700123c0    000000a8                                               : sciclient_rm_irq.obj (.text.Sciclient_rmIrInpRomMapped)
                  70012468    00000008     --HOLE-- [fill = 0]
                  70012470    000000a8                                               : sciclient_rm_irq.obj (.text.Sciclient_rmIrOutpRomMapped)
                  70012518    00000008     --HOLE-- [fill = 0]
                  70012520    000000a8     ti_drivers_config.obj (.text.System_init)
                  700125c8    00000008     --HOLE-- [fill = 0]
                  700125d0    000000a8     drivers.am243x.r5f.ti-arm-clang.debug.lib : udma_ring_lcdma.obj (.text.Udma_ringSetDoorBellLcdma)
                  70012678    00000008     --HOLE-- [fill = 0]
                  70012680    000000a6                                               : ospi_v0.obj (.text.OSPI_setXferOpCodes)
                  70012726    0000000a     --HOLE-- [fill = 0]
                  70012730    000000a6                                               : sciclient_pm.obj (.text.Sciclient_pmGetModuleClkNumParent)
                  700127d6    0000000a     --HOLE-- [fill = 0]
                  700127e0    000000a4                                               : bootloader_soc.obj (.text.Bootloader_socOpenFirewallRegion)
                  70012884    0000000c     --HOLE-- [fill = 0]
                  70012890    000000a4                                               : csl_intaggr.obj (.text.CSL_intaggrIsIntrPending)
                  70012934    0000000c     --HOLE-- [fill = 0]
                  70012940    000000a4                                               : ospi_v0.obj (.text.OSPI_flashExecCmd)
                  700129e4    0000000c     --HOLE-- [fill = 0]
                  700129f0    000000a4                                               : sciclient_rm_irq.obj (.text.Sciclient_rmIrqCheckLoop)
                  70012a94    0000000c     --HOLE-- [fill = 0]
                  70012aa0    000000a0                                               : udma_rm.obj (.text.Udma_rmAllocEvent)
                  70012b40    000000a0                                               : udma_rm.obj (.text.Udma_rmAllocVintr)
                  70012be0    0000009e                                               : mmcsd_v0.obj (.text.MMCSD_halCmdResponseGet)
                  70012c7e    00000002     --HOLE-- [fill = 0]
                  70012c80    0000009e                                               : sciclient_soc_priv.obj (.text.Sciclient_getContext)
                  70012d1e    00000002     --HOLE-- [fill = 0]
                  70012d20    0000009c                                               : udma_ring_lcdma.obj (.text.Udma_ringFlushRawLcdma)
                  70012dbc    00000004     --HOLE-- [fill = 0]
                  70012dc0    0000009a                                               : soc.obj (.text.SOC_controlModuleUnlockMMR)
                  70012e5a    00000006     --HOLE-- [fill = 0]
                  70012e60    0000009a                                               : sciclient_pm.obj (.text.Sciclient_pmGetModuleClkParent)
                  70012efa    00000006     --HOLE-- [fill = 0]
                  70012f00    0000009a                                               : sciclient_pm.obj (.text.Sciclient_pmSetModuleClkParent)
                  70012f9a    00000006     --HOLE-- [fill = 0]
                  70012fa0    0000009a                                               : sciclient_rm_irq.obj (.text.Sciclient_rmIrOutpIsFree)
                  7001303a    00000006     --HOLE-- [fill = 0]
                  70013040    0000009a                                               : udma_ring_common.obj (.text.Udma_ringQueueRaw)
                  700130da    00000006     --HOLE-- [fill = 0]
                  700130e0    00000098                                               : csl_bcdma.obj (.text.CSL_bcdmaChanOpSetChanEnable)
                  70013178    00000008     --HOLE-- [fill = 0]
                  70013180    00000098                                               : ospi_v0.obj (.text.OSPI_init)
                  70013218    00000008     --HOLE-- [fill = 0]
                  70013220    00000098                                               : sciclient_pm.obj (.text.Sciclient_pmModuleGetClkStatus)
                  700132b8    00000008     --HOLE-- [fill = 0]
                  700132c0    00000096                                               : sciclient.obj (.text.Sciclient_init)
                  70013356    0000000a     --HOLE-- [fill = 0]
                  70013360    00000096                                               : uart_v0.obj (.text.UART_subConfigTCRTLRModeEn)
                  700133f6    0000000a     --HOLE-- [fill = 0]
                  70013400    00000096                                               : udma_flow.obj (.text.UdmaFlowPrms_init)
                  70013496    0000000a     --HOLE-- [fill = 0]
                  700134a0    00000096                                               : udma_ring_common.obj (.text.Udma_ringDequeueRaw)
                  70013536    0000000a     --HOLE-- [fill = 0]
                  70013540    00000096                                               : xmodem.obj (.text.check)
                  700135d6    0000000a     --HOLE-- [fill = 0]
                  700135e0    00000094                                               : sciclient.obj (.text.Sciclient_waitForBootNotification)
                  70013674    0000000c     --HOLE-- [fill = 0]
                  70013680    00000094     ti_drivers_config.obj (.text.System_deinit)
                  70013714    0000000c     --HOLE-- [fill = 0]
                  70013720    00000092     board.am243x.r5f.ti-arm-clang.debug.lib : flash_nor_ospi.obj (.text.Flash_norOspiSetModeDummy)
                  700137b2    0000000e     --HOLE-- [fill = 0]
                  700137c0    00000092     drivers.am243x.r5f.ti-arm-clang.debug.lib : soc.obj (.text.SOC_moduleClockEnable)
                  70013852    0000000e     --HOLE-- [fill = 0]
                  70013860    00000092                                               : sciclient_rm_irq.obj (.text.Sciclient_rmPsPop)
                  700138f2    0000000e     --HOLE-- [fill = 0]
                  70013900    00000092                                               : uart_v0.obj (.text.UART_writeCancelNoCB)
                  70013992    0000000e     --HOLE-- [fill = 0]
                  700139a0    00000090                                               : mmcsd_v0.obj (.text.MMCSD_isReadyForTransfer)
                  70013a30    0000008e                                               : udma_rm.obj (.text.Udma_rmFreeMappedRing)
                  70013abe    00000002     --HOLE-- [fill = 0]
                  70013ac0    0000008c     board.am243x.r5f.ti-arm-clang.debug.lib : flash_nor_ospi.obj (.text.Flash_norOspiSetAddressBytes)
                  70013b4c    00000004     --HOLE-- [fill = 0]
                  70013b50    0000008c     drivers.am243x.r5f.ti-arm-clang.debug.lib : sciclient_pm.obj (.text.Sciclient_pmGetModuleState)
                  70013bdc    00000004     --HOLE-- [fill = 0]
                  70013be0    0000008c                                               : sciclient_pm.obj (.text.Sciclient_pmModuleClkRequest)
                  70013c6c    00000004     --HOLE-- [fill = 0]
                  70013c70    0000008c                                               : sciclient_pm.obj (.text.Sciclient_pmSetModuleState)
                  70013cfc    00000004     --HOLE-- [fill = 0]
                  70013d00    0000008c                                               : sciclient_rm_irq.obj (.text.Sciclient_rmIaEvtRomMapped)
                  70013d8c    00000004     --HOLE-- [fill = 0]
                  70013d90    0000008a                                               : ospi_phy.obj (.text.OSPI_phySetRdDelayTxRxDLL)
                  70013e1a    00000006     --HOLE-- [fill = 0]
                  70013e20    0000008a                                               : udma_ring_common.obj (.text.Udma_ringFlushRaw)
                  70013eaa    00000006     --HOLE-- [fill = 0]
                  70013eb0    00000088                                               : csl_bcdma.obj (.text.CSL_bcdmaGetCfg)
                  70013f38    00000008     --HOLE-- [fill = 0]
                  70013f40    00000088     nortos.am243x.r5f.ti-arm-clang.debug.lib : ClockP_nortos.obj (.text.ClockP_getTimeUsec)
                  70013fc8    00000008     --HOLE-- [fill = 0]
                  70013fd0    00000088     drivers.am243x.r5f.ti-arm-clang.debug.lib : udma_rm.obj (.text.Udma_rmFreeVintrBit)
                  70014058    00000008     --HOLE-- [fill = 0]
                  70014060    00000086     board.am243x.r5f.ti-arm-clang.debug.lib : flash_nor_ospi.obj (.text.Flash_norOspiRead)
                  700140e6    0000000a     --HOLE-- [fill = 0]
                  700140f0    00000086     drivers.am243x.r5f.ti-arm-clang.debug.lib : ospi_v0.obj (.text.OSPI_enablePhy)
                  70014176    0000000a     --HOLE-- [fill = 0]
                  70014180    00000086                                               : soc.obj (.text.SOC_controlModuleLockMMR)
                  70014206    0000000a     --HOLE-- [fill = 0]
                  70014210    00000086                                               : uart_v0.obj (.text.UART_tcrTlrBitValRestore)
                  70014296    0000000a     --HOLE-- [fill = 0]
                  700142a0    00000084     board.am243x.r5f.ti-arm-clang.debug.lib : flash_nor_ospi.obj (.text.Flash_norOspiRegWrite)
                  70014324    0000000c     --HOLE-- [fill = 0]
                  70014330    00000084     drivers.am243x.r5f.ti-arm-clang.debug.lib : mmcsd_v0.obj (.text.MMCSD_halLinesResetCmd)
                  700143b4    0000000c     --HOLE-- [fill = 0]
                  700143c0    00000084                                               : mmcsd_v0.obj (.text.MMCSD_halLinesResetDat)
                  70014444    0000000c     --HOLE-- [fill = 0]
                  70014450    00000084                                               : uart_dma.obj (.text.UART_dmaDisableChannel)
                  700144d4    0000000c     --HOLE-- [fill = 0]
                  700144e0    00000082                                               : udma_utils.obj (.text.CSL_udmapCppi5SetReturnPolicy)
                  70014562    0000000e     --HOLE-- [fill = 0]
                  70014570    00000082                                               : ospi_phy.obj (.text.OSPI_phyFindRxHigh)
                  700145f2    0000000e     --HOLE-- [fill = 0]
                  70014600    00000082                                               : ospi_phy.obj (.text.OSPI_phyFindRxLow)
                  70014682    0000000e     --HOLE-- [fill = 0]
                  70014690    00000082                                               : ospi_phy.obj (.text.OSPI_phyFindTxHigh)
                  70014712    0000000e     --HOLE-- [fill = 0]
                  70014720    00000082                                               : ospi_phy.obj (.text.OSPI_phyFindTxLow)
                  700147a2    0000000e     --HOLE-- [fill = 0]
                  700147b0    00000082                                               : udma_ch.obj (.text.Udma_chPair)
                  70014832    0000000e     --HOLE-- [fill = 0]
                  70014840    00000082                                               : udma_ch.obj (.text.Udma_chUnpair)
                  700148c2    0000000e     --HOLE-- [fill = 0]
                  700148d0    00000080     board.am243x.r5f.ti-arm-clang.debug.lib : flash_nor_ospi.obj (.text.Flash_norOspiRegRead)
                  70014950    00000080     drivers.am243x.r5f.ti-arm-clang.debug.lib : uart_dma.obj (.text.UART_dmaClose)
                  700149d0    00000080                                               : uart_v0.obj (.text.UART_readData)
                  70014a50    0000007e                                               : csl_bcdma.obj (.text.CSL_bcdmaChanOpIsChanEnabled)
                  70014ace    00000002     --HOLE-- [fill = 0]
                  70014ad0    0000007e                                               : csl_bcdma.obj (.text.CSL_bcdmaChanOpIsValidChanIdx)
                  70014b4e    00000002     --HOLE-- [fill = 0]
                  70014b50    0000007e                                               : csl_bcdma.obj (.text.CSL_bcdmaMapChanIdx)
                  70014bce    00000002     --HOLE-- [fill = 0]
                  70014bd0    0000007c                                               : csl_pktdma.obj (.text.CSL_pktdmaGetCfg)
                  70014c4c    00000004     --HOLE-- [fill = 0]
                  70014c50    0000007c                                               : pinmux.obj (.text.Pinmux_config)
                  70014ccc    00000004     --HOLE-- [fill = 0]
                  70014cd0    0000007a                                               : ospi_v0.obj (.text.OSPI_disablePhy)
                  70014d4a    00000006     --HOLE-- [fill = 0]
                  70014d50    0000007a                                               : uart_v0.obj (.text.UART_Params_init)
                  70014dca    00000006     --HOLE-- [fill = 0]
                  70014dd0    0000007a     nortos.am243x.r5f.ti-arm-clang.debug.lib : DebugP_log.obj (.text._DebugP_assert)
                  70014e4a    00000006     --HOLE-- [fill = 0]
                  70014e50    00000078     drivers.am243x.r5f.ti-arm-clang.debug.lib : ospi_v0.obj (.text.OSPI_waitIndWriteComplete)
                  70014ec8    00000008     --HOLE-- [fill = 0]
                  70014ed0    00000076                                               : csl_bcdma.obj (.text.CSL_bcdmaChanOpClearError)
                  70014f46    0000000a     --HOLE-- [fill = 0]
                  70014f50    00000076                                               : csl_bcdma.obj (.text.CSL_bcdmaDoChanOp)
                  70014fc6    0000000a     --HOLE-- [fill = 0]
                  70014fd0    00000076                                               : ospi_v0.obj (.text.OSPI_isDmaRestrictedRegion)
                  70015046    0000000a     --HOLE-- [fill = 0]
                  70015050    00000076                                               : ospi_phy.obj (.text.OSPI_phyReadAttackVector)
                  700150c6    0000000a     --HOLE-- [fill = 0]
                  700150d0    00000076                                               : ospi_v0.obj (.text.OSPI_waitIdle)
                  70015146    0000000a     --HOLE-- [fill = 0]
                  70015150    00000076                                               : uart_v0.obj (.text.UART_fifoRead)
                  700151c6    0000000a     --HOLE-- [fill = 0]
                  700151d0    00000076                                               : udma_ch.obj (.text.Udma_chGetCqRingHandle)
                  70015246    0000000a     --HOLE-- [fill = 0]
                  70015250    00000076                                               : udma_ch.obj (.text.Udma_chGetFqRingHandle)
                  700152c6    0000000a     --HOLE-- [fill = 0]
                  700152d0    00000074                                               : bootloader_uniflash.obj (.text.Bootloader_uniflashFlashPhyTuningData)
                  70015344    0000000c     --HOLE-- [fill = 0]
                  70015350    00000074     nortos.am243x.r5f.ti-arm-clang.debug.lib : ClockP_nortos.obj (.text.ClockP_construct)
                  700153c4    0000000c     --HOLE-- [fill = 0]
                  700153d0    00000074     drivers.am243x.r5f.ti-arm-clang.debug.lib : uart_v0.obj (.text.UART_readInterrupt)
                  70015444    0000000c     --HOLE-- [fill = 0]
                  70015450    00000074                                               : udma_ch.obj (.text.Udma_chEnable)
                  700154c4    0000000c     --HOLE-- [fill = 0]
                  700154d0    00000072                                               : csl_bcdma.obj (.text.CSL_bcdmaChanOpTriggerChan)
                  70015542    0000000e     --HOLE-- [fill = 0]
                  70015550    00000072                                               : csl_lcdma_ringacc.obj (.text.CSL_lcdma_ringaccAckReverseRing)
                  700155c2    0000000e     --HOLE-- [fill = 0]
                  700155d0    00000072     nortos.am243x.r5f.ti-arm-clang.debug.lib : ClockP_nortos.obj (.text.ClockP_usleep)
                  70015642    0000000e     --HOLE-- [fill = 0]
                  70015650    00000072     drivers.am243x.r5f.ti-arm-clang.debug.lib : udma_utils.obj (.text.UdmaUtils_makeTrpd)
                  700156c2    0000000e     --HOLE-- [fill = 0]
                  700156d0    00000070                                               : csl_intaggr.obj (.text.CSL_intaggrClrIntr)
                  70015740    00000070                                               : sciclient_rm.obj (.text.Sciclient_rmGetResourceRange)
                  700157b0    00000070                                               : uart_dma.obj (.text.UART_dmaOpen)
                  70015820    00000070                                               : uart_v0.obj (.text.UART_readByte)
                  70015890    00000070                                               : udma_rm.obj (.text.Udma_rmFreeMappedRxCh)
                  70015900    00000070                                               : udma_rm.obj (.text.Udma_rmFreeMappedTxCh)
                  70015970    0000006e                                               : sciclient_rm_irq.obj (.text.Sciclient_rmIaVintGetInfo)
                  700159de    00000002     --HOLE-- [fill = 0]
                  700159e0    0000006c                                               : ospi_dma.obj (.text.OSPI_dmaOpen)
                  70015a4c    00000004     --HOLE-- [fill = 0]
                  70015a50    0000006c                                               : udma_ch.obj (.text.UdmaChPrms_init)
                  70015abc    00000004     --HOLE-- [fill = 0]
                  70015ac0    0000006a     board.am243x.r5f.ti-arm-clang.debug.lib : flash_nor_ospi.obj (.text.Flash_quirkSpansionUNHYSADisable)
                  70015b2a    00000006     --HOLE-- [fill = 0]
                  70015b30    0000006a     drivers.am243x.r5f.ti-arm-clang.debug.lib : pinmux.obj (.text.Pinmux_lockMMR)
                  70015b9a    00000006     --HOLE-- [fill = 0]
                  70015ba0    0000006a                                               : udma_rm.obj (.text.Udma_rmCheckResLeak)
                  70015c0a    00000006     --HOLE-- [fill = 0]
                  70015c10    00000068     board.am243x.r5f.ti-arm-clang.debug.lib : flash_nor_ospi.obj (.text.Flash_norOspiCmdRead)
                  70015c78    00000008     --HOLE-- [fill = 0]
                  70015c80    00000068     drivers.am243x.r5f.ti-arm-clang.debug.lib : ospi_v0.obj (.text.OSPI_waitWriteSRAMLevel)
                  70015ce8    00000008     --HOLE-- [fill = 0]
                  70015cf0    00000068                                               : sciclient_rm_irq.obj (.text.Sciclient_rmIrqCfgIsDirectEvent)
                  70015d58    00000008     --HOLE-- [fill = 0]
                  70015d60    00000068                                               : sciclient_rm_irq.obj (.text.Sciclient_rmIrqCfgIsDirectNonEvent)
                  70015dc8    00000008     --HOLE-- [fill = 0]
                  70015dd0    00000068                                               : sciclient_rm_irq.obj (.text.Sciclient_rmIrqCfgIsEventToVintMappingOnly)
                  70015e38    00000008     --HOLE-- [fill = 0]
                  70015e40    00000068                                               : sciclient_rm_irq.obj (.text.Sciclient_rmIrqCfgIsOesOnly)
                  70015ea8    00000008     --HOLE-- [fill = 0]
                  70015eb0    00000068                                               : sciclient_rm_irq.obj (.text.Sciclient_rmIrqCfgIsUnmappedVintDirectEvent)
                  70015f18    00000008     --HOLE-- [fill = 0]
                  70015f20    00000068                                               : uart_v0.obj (.text.UART_divisorValCompute)
                  70015f88    00000008     --HOLE-- [fill = 0]
                  70015f90    00000068                                               : udma_ring_lcdma.obj (.text.Udma_ringPrimeReadLcdma)
                  70015ff8    00000008     --HOLE-- [fill = 0]
                  70016000    00000066                                               : bootloader_uniflash.obj (.text.Bootloader_uniflashFlashFileMMCSDRaw)
                  70016066    0000000a     --HOLE-- [fill = 0]
                  70016070    00000066                                               : csl_lcdma_ringacc.obj (.text.CSL_lcdma_ringaccCommitToForwardRing)
                  700160d6    0000000a     --HOLE-- [fill = 0]
                  700160e0    00000066                                               : udma_utils.obj (.text.CSL_udmapCppi5SetIds)
                  70016146    0000000a     --HOLE-- [fill = 0]
                  70016150    00000064                                               : ospi_v0.obj (.text.OSPI_getCmdExt)
                  700161b4    0000000c     --HOLE-- [fill = 0]
                  700161c0    00000064                                               : sciclient_rm_irq.obj (.text.Sciclient_rmIrGetInst)
                  70016224    0000000c     --HOLE-- [fill = 0]
                  70016230    00000064                                               : udma_rm.obj (.text.Udma_rmFreeEvent)
                  70016294    0000000c     --HOLE-- [fill = 0]
                  700162a0    00000064                                               : udma_rm.obj (.text.Udma_rmFreeIrIntr)
                  70016304    0000000c     --HOLE-- [fill = 0]
                  70016310    00000064                                               : udma_rm.obj (.text.Udma_rmFreeVintr)
                  70016374    0000000c     --HOLE-- [fill = 0]
                  70016380    00000062     board.am243x.r5f.ti-arm-clang.debug.lib : flash.obj (.text.Flash_open)
                  700163e2    0000000e     --HOLE-- [fill = 0]
                  700163f0    00000062     drivers.am243x.r5f.ti-arm-clang.debug.lib : udma_event.obj (.text.UdmaEventPrms_init)
                  70016452    0000000e     --HOLE-- [fill = 0]
                  70016460    00000062                                               : udma_rm.obj (.text.Udma_rmFreeBlkCopyCh)
                  700164c2    0000000e     --HOLE-- [fill = 0]
                  700164d0    00000062                                               : udma_rm.obj (.text.Udma_rmFreeBlkCopyHcCh)
                  70016532    0000000e     --HOLE-- [fill = 0]
                  70016540    00000062                                               : udma_rm.obj (.text.Udma_rmFreeBlkCopyUhcCh)
                  700165a2    0000000e     --HOLE-- [fill = 0]
                  700165b0    00000062                                               : udma_rm.obj (.text.Udma_rmFreeRxCh)
                  70016612    0000000e     --HOLE-- [fill = 0]
                  70016620    00000062                                               : udma_rm.obj (.text.Udma_rmFreeRxHcCh)
                  70016682    0000000e     --HOLE-- [fill = 0]
                  70016690    00000062                                               : udma_rm.obj (.text.Udma_rmFreeRxUhcCh)
                  700166f2    0000000e     --HOLE-- [fill = 0]
                  70016700    00000062                                               : udma_rm.obj (.text.Udma_rmFreeTxCh)
                  70016762    0000000e     --HOLE-- [fill = 0]
                  70016770    00000062                                               : udma_rm.obj (.text.Udma_rmFreeTxHcCh)
                  700167d2    0000000e     --HOLE-- [fill = 0]
                  700167e0    00000062                                               : udma_rm.obj (.text.Udma_rmFreeTxUhcCh)
                  70016842    0000000e     --HOLE-- [fill = 0]
                  70016850    00000062                                               : bootloader_xmodem.obj (.text._inbyte)
                  700168b2    0000000e     --HOLE-- [fill = 0]
                  700168c0    00000060                                               : bootloader_xmodem.obj (.text.Bootloader_xmodemReceive)
                  70016920    00000060                                               : uart_v0.obj (.text.UART_getChar)
                  70016980    00000060                                               : udma_utils.obj (.text.Udma_phyToVirtFxn)
                  700169e0    00000060                                               : udma_utils.obj (.text.Udma_virtToPhyFxn)
                  70016a40    0000005e                                               : sciclient_pm.obj (.text.Sciclient_pmSetModuleRst)
                  70016a9e    00000002     --HOLE-- [fill = 0]
                  70016aa0    0000005e                                               : uart_v0.obj (.text.UART_writeData)
                  70016afe    00000002     --HOLE-- [fill = 0]
                  70016b00    0000005c     ti_power_clock_config.obj (.text.Module_clockSetFrequency)
                  70016b5c    00000004     --HOLE-- [fill = 0]
                  70016b60    0000005c     drivers.am243x.r5f.ti-arm-clang.debug.lib : sciclient_rm_irq.obj (.text.Sciclient_rmIaGetInst)
                  70016bbc    00000004     --HOLE-- [fill = 0]
                  70016bc0    0000005c                                               : sciclient_rm_irq.obj (.text.Sciclient_rmPsPush)
                  70016c1c    00000004     --HOLE-- [fill = 0]
                  70016c20    0000005a                                               : sciclient_rm_irq.obj (.text.Sciclient_rmIaValidateGlobalEvt)
                  70016c7a    00000006     --HOLE-- [fill = 0]
                  70016c80    0000005a     nortos.am243x.r5f.ti-arm-clang.debug.lib : SemaphoreP_nortos.obj (.text.SemaphoreP_post)
                  70016cda    00000006     --HOLE-- [fill = 0]
                  70016ce0    0000005a     drivers.am243x.r5f.ti-arm-clang.debug.lib : uart_v0.obj (.text.UART_regConfigModeEnable)
                  70016d3a    00000006     --HOLE-- [fill = 0]
                  70016d40    00000058                                               : bootloader_xmodem.obj (.text.Bootloader_xmodemTransmit)
                  70016d98    00000008     --HOLE-- [fill = 0]
                  70016da0    00000058     board.am243x.r5f.ti-arm-clang.debug.lib : flash_nor_ospi.obj (.text.Flash_norOspiCmdWrite)
                  70016df8    00000008     --HOLE-- [fill = 0]
                  70016e00    00000058     drivers.am243x.r5f.ti-arm-clang.debug.lib : ospi_v0.obj (.text.OSPI_writeFifoData)
                  70016e58    00000008     --HOLE-- [fill = 0]
                  70016e60    00000058                                               : sciclient_firewall.obj (.text.Sciclient_firewallChangeOwnerInfo)
                  70016eb8    00000008     --HOLE-- [fill = 0]
                  70016ec0    00000058                                               : sciclient_firewall.obj (.text.Sciclient_firewallSetRegion)
                  70016f18    00000008     --HOLE-- [fill = 0]
                  70016f20    00000058                                               : sciclient_rm.obj (.text.Sciclient_rmIrqSetRaw)
                  70016f78    00000008     --HOLE-- [fill = 0]
                  70016f80    00000058                                               : sciclient_rm_irq.obj (.text.Sciclient_rmIrqUnmappedVintRouteDelete)
                  70016fd8    00000008     --HOLE-- [fill = 0]
                  70016fe0    00000058                                               : sciclient_rm.obj (.text.Sciclient_rmRingCfg)
                  70017038    00000008     --HOLE-- [fill = 0]
                  70017040    00000058                                               : sciclient_rm.obj (.text.Sciclient_rmUdmapFlowCfg)
                  70017098    00000008     --HOLE-- [fill = 0]
                  700170a0    00000058                                               : sciclient_rm.obj (.text.Sciclient_rmUdmapFlowSizeThreshCfg)
                  700170f8    00000008     --HOLE-- [fill = 0]
                  70017100    00000058                                               : sciclient_rm.obj (.text.Sciclient_rmUdmapRxChCfg)
                  70017158    00000008     --HOLE-- [fill = 0]
                  70017160    00000058                                               : sciclient_rm.obj (.text.Sciclient_rmUdmapTxChCfg)
                  700171b8    00000008     --HOLE-- [fill = 0]
                  700171c0    00000058                                               : udma_utils.obj (.text.UdmaUtils_getTrSizeEncoded)
                  70017218    00000008     --HOLE-- [fill = 0]
                  70017220    00000056                                               : csl_intaggr.obj (.text.CSL_intaggrGetCfg)
                  70017276    0000000a     --HOLE-- [fill = 0]
                  70017280    00000056                                               : sciclient_rm.obj (.text.Sciclient_rmIrqReleaseRaw)
                  700172d6    0000000a     --HOLE-- [fill = 0]
                  700172e0    00000056                                               : sciclient_rm.obj (.text.Sciclient_rmPsilPair)
                  70017336    0000000a     --HOLE-- [fill = 0]
                  70017340    00000056                                               : sciclient_rm.obj (.text.Sciclient_rmPsilUnpair)
                  70017396    0000000a     --HOLE-- [fill = 0]
                  700173a0    00000056     nortos.am243x.r5f.ti-arm-clang.debug.lib : SemaphoreP_nortos.obj (.text.SemaphoreP_construct)
                  700173f6    0000000a     --HOLE-- [fill = 0]
                  70017400    00000054     drivers.am243x.r5f.ti-arm-clang.debug.lib : csl_pktdma.obj (.text.CSL_pktdmaIsValidChanIdx)
                  70017454    0000000c     --HOLE-- [fill = 0]
                  70017460    00000054                                               : ospi_v0.obj (.text.OSPI_setNumAddrBytes)
                  700174b4    0000000c     --HOLE-- [fill = 0]
                  700174c0    00000054                                               : sciclient_rm_irq.obj (.text.Sciclient_rmUnmappedVintRouteCreate)
                  70017514    0000000c     --HOLE-- [fill = 0]
                  70017520    00000054                                               : uart_dma.obj (.text.UART_readInterruptDma)
                  70017574    0000000c     --HOLE-- [fill = 0]
                  70017580    00000054                                               : uart_dma.obj (.text.UART_writeInterruptDma)
                  700175d4    0000000c     --HOLE-- [fill = 0]
                  700175e0    00000054                                               : udma_ring_common.obj (.text.UdmaRingPrms_init)
                  70017634    0000000c     --HOLE-- [fill = 0]
                  70017640    00000052                                               : ospi_dma.obj (.text.OSPI_dmaCopy)
                  70017692    0000000e     --HOLE-- [fill = 0]
                  700176a0    00000052                                               : udma_ch.obj (.text.Udma_chInitRegs)
                  700176f2    0000000e     --HOLE-- [fill = 0]
                  70017700    00000052                                               : udma_ring_lcdma.obj (.text.Udma_ringPrimeLcdma)
                  70017752    0000000e     --HOLE-- [fill = 0]
                  70017760    00000052                                               : crc16.obj (.text.crc16_ccitt)
                  700177b2    0000000e     --HOLE-- [fill = 0]
                  700177c0    00000050     ti_board_open_close.obj (.text.Board_flashClose)
                  70017810    00000050     ti_drivers_open_close.obj (.text.Drivers_ospiClose)
                  70017860    00000050     ti_drivers_open_close.obj (.text.Drivers_uartClose)
                  700178b0    00000050     drivers.am243x.r5f.ti-arm-clang.debug.lib : udma_rmcfg.obj (.text.Udma_rmGetSharedResPrms)
                  70017900    00000050     libc.a : autoinit.c.obj (.text:__TI_auto_init_nobinit_nopinit)
                  70017950    0000004e     drivers.am243x.r5f.ti-arm-clang.debug.lib : mmcsd_v0.obj (.text.CSL_REG16_FINS_RAW)
                  7001799e    00000002     --HOLE-- [fill = 0]
                  700179a0    0000004e                                               : mmcsd_v0.obj (.text.CSL_REG8_FINS_RAW)
                  700179ee    00000002     --HOLE-- [fill = 0]
                  700179f0    0000004e                                               : csl_pktdma.obj (.text.CSL_pktdmaIsChanEnabled)
                  70017a3e    00000002     --HOLE-- [fill = 0]
                  70017a40    0000004e                                               : mmcsd_v0.obj (.text.MMCSD_getHandle)
                  70017a8e    00000002     --HOLE-- [fill = 0]
                  70017a90    0000004e                                               : mmcsd_v0.obj (.text.MMCSD_initTransaction)
                  70017ade    00000002     --HOLE-- [fill = 0]
                  70017ae0    0000004e                                               : ospi_v0.obj (.text.OSPI_setDeviceSize)
                  70017b2e    00000002     --HOLE-- [fill = 0]
                  70017b30    0000004e                                               : uart_v0.obj (.text.UART_getHandle)
                  70017b7e    00000002     --HOLE-- [fill = 0]
                  70017b80    0000004e                                               : udma_utils.obj (.text.UdmaUtils_makeTrpdTr15)
                  70017bce    00000002     --HOLE-- [fill = 0]
                  70017bd0    0000004c     ti_power_clock_config.obj (.text.Module_clockDisable)
                  70017c1c    00000004     --HOLE-- [fill = 0]
                  70017c20    0000004c     ti_power_clock_config.obj (.text.Module_clockEnable)
                  70017c6c    00000004     --HOLE-- [fill = 0]
                  70017c70    0000004c     drivers.am243x.r5f.ti-arm-clang.debug.lib : ospi_v0.obj (.text.OSPI_getHandle)
                  70017cbc    00000004     --HOLE-- [fill = 0]
                  70017cc0    0000004c                                               : sciclient_rm_irq.obj (.text.Sciclient_rmPsSetInp)
                  70017d0c    00000004     --HOLE-- [fill = 0]
                  70017d10    0000004c                                               : sciclient_rm_irq.obj (.text.Sciclient_rmPsSetOutp)
                  70017d5c    00000004     --HOLE-- [fill = 0]
                  70017d60    0000004c                                               : uart_v0.obj (.text.UART_fifoRegisterWrite)
                  70017dac    00000004     --HOLE-- [fill = 0]
                  70017db0    0000004c                                               : uart_v0.obj (.text.UART_statusIsDataReady)
                  70017dfc    00000004     --HOLE-- [fill = 0]
                  70017e00    0000004c                                               : udma_event.obj (.text.Udma_eventGetId)
                  70017e4c    00000004     --HOLE-- [fill = 0]
                  70017e50    0000004a                                               : csl_pktdma.obj (.text.CSL_pktdmaGetRxRT)
                  70017e9a    00000006     --HOLE-- [fill = 0]
                  70017ea0    0000004a                                               : csl_pktdma.obj (.text.CSL_pktdmaGetTxRT)
                  70017eea    00000006     --HOLE-- [fill = 0]
                  70017ef0    0000004a                                               : sciclient_soc_priv.obj (.text.Sciclient_getDevId)
                  70017f3a    00000006     --HOLE-- [fill = 0]
                  70017f40    0000004a                                               : uart_v0.obj (.text.UART_getIntrIdentityStatus)
                  70017f8a    00000006     --HOLE-- [fill = 0]
                  70017f90    0000004a                                               : uart_v0.obj (.text.UART_lineCharConfig)
                  70017fda    00000006     --HOLE-- [fill = 0]
                  70017fe0    00000048     board.am243x.r5f.ti-arm-clang.debug.lib : flash.obj (.text.Flash_read)
                  70018028    00000008     --HOLE-- [fill = 0]
                  70018030    00000048                                             : flash.obj (.text.Flash_write)
                  70018078    00000008     --HOLE-- [fill = 0]
                  70018080    00000048     drivers.am243x.r5f.ti-arm-clang.debug.lib : ospi_v0.obj (.text.OSPI_setRdDataCaptureDelay)
                  700180c8    00000008     --HOLE-- [fill = 0]
                  700180d0    00000046                                               : csl_bcdma.obj (.text.CSL_bcdmaTeardownRxChan)
                  70018116    0000000a     --HOLE-- [fill = 0]
                  70018120    00000046                                               : csl_bcdma.obj (.text.CSL_bcdmaTeardownTxChan)
                  70018166    0000000a     --HOLE-- [fill = 0]
                  70018170    00000046                                               : ospi_dma.obj (.text.OSPI_dmaClose)
                  700181b6    0000000a     --HOLE-- [fill = 0]
                  700181c0    00000046                                               : uart_v0.obj (.text.UART_readLineStatus)
                  70018206    0000000a     --HOLE-- [fill = 0]
                  70018210    00000044                                               : csl_bcdma.obj (.text.CSL_bcdmaGetChanPeerReg)
                  70018254    0000000c     --HOLE-- [fill = 0]
                  70018260    00000044     ti_dpl_config.obj (.text.Dpl_init)
                  700182a4    0000000c     --HOLE-- [fill = 0]
                  700182b0    00000044     drivers.am243x.r5f.ti-arm-clang.debug.lib : ospi_v0.obj (.text.OSPI_enableDacMode)
                  700182f4    0000000c     --HOLE-- [fill = 0]
                  70018300    00000044                                               : udma_ring_lcdma.obj (.text.Udma_lcdmaRingaccMemOps)
                  70018344    0000000c     --HOLE-- [fill = 0]
                  70018350    00000044     nortos.am243x.r5f.ti-arm-clang.debug.lib : DebugP_nortos.obj (.text._DebugP_logZone)
                  70018394    0000000c     --HOLE-- [fill = 0]
                  700183a0    00000044                                              : printf.obj (.text._strnlen_s)
                  700183e4    0000000c     --HOLE-- [fill = 0]
                  700183f0    00000042     drivers.am243x.r5f.ti-arm-clang.debug.lib : udma_utils.obj (.text.CSL_udmapCppi5SetPktLen)
                  70018432    0000000e     --HOLE-- [fill = 0]
                  70018440    00000042     nortos.am243x.r5f.ti-arm-clang.debug.lib : ClockP_nortos.obj (.text.ClockP_start)
                  70018482    0000000e     --HOLE-- [fill = 0]
                  70018490    00000042     drivers.am243x.r5f.ti-arm-clang.debug.lib : mmcsd_v0.obj (.text.MMCSD_halErrorIntrStatusEnable)
                  700184d2    0000000e     --HOLE-- [fill = 0]
                  700184e0    00000042                                               : mmcsd_v0.obj (.text.MMCSD_halErrorSigIntrDisable)
                  70018522    0000000e     --HOLE-- [fill = 0]
                  70018530    00000042                                               : mmcsd_v0.obj (.text.MMCSD_halErrorSigIntrEnable)
                  70018572    0000000e     --HOLE-- [fill = 0]
                  70018580    00000042                                               : mmcsd_v0.obj (.text.MMCSD_halNormalIntrStatusDisable)
                  700185c2    0000000e     --HOLE-- [fill = 0]
                  700185d0    00000042                                               : mmcsd_v0.obj (.text.MMCSD_halNormalIntrStatusEnable)
                  70018612    0000000e     --HOLE-- [fill = 0]
                  70018620    00000042                                               : mmcsd_v0.obj (.text.MMCSD_halNormalSigIntrDisable)
                  70018662    0000000e     --HOLE-- [fill = 0]
                  70018670    00000042                                               : mmcsd_v0.obj (.text.MMCSD_halNormalSigIntrEnable)
                  700186b2    0000000e     --HOLE-- [fill = 0]
                  700186c0    00000042                                               : sciclient_rm_irq.obj (.text.Sciclient_rmIrqGetNodeItf)
                  70018702    0000000e     --HOLE-- [fill = 0]
                  70018710    00000042                                               : uart_v0.obj (.text.UART_checkOpenParams)
                  70018752    0000000e     --HOLE-- [fill = 0]
                  70018760    00000042                                               : udma_utils.obj (.text.UdmaUtils_getRingMemSize)
                  700187a2    0000000e     --HOLE-- [fill = 0]
                  700187b0    00000042                                               : bootloader_xmodem.obj (.text._outbyte)
                  700187f2    0000000e     --HOLE-- [fill = 0]
                  70018800    00000040                                               : csl_lcdma_ringacc.obj (.text.CSL_lcdma_ringaccIsTeardownComplete)
                  70018840    00000040                                               : sciclient_rm_irq.obj (.text.Sciclient_rmIrqProgramOesRegister)
                  70018880    00000040                                               : sciclient_rm_irq.obj (.text.Sciclient_rmPsGetIfIdx)
                  700188c0    00000040                                               : sciclient_rm_irq.obj (.text.Sciclient_rmPsGetInp)
                  70018900    00000040                                               : sciclient_rm_irq.obj (.text.Sciclient_rmPsGetOutp)
                  70018940    00000040                                               : uart_v0.obj (.text.UART_readDataPolling)
                  70018980    00000040                                               : udma_ring_lcdma.obj (.text.Udma_ringGetForwardRingOccLcdma)
                  700189c0    00000040                                               : udma_ring_lcdma.obj (.text.Udma_ringGetReverseRingOccLcdma)
                  70018a00    00000040     libc.a : memcmp.c.obj (.text.memcmp)
                  70018a40    0000003e     board.am243x.r5f.ti-arm-clang.debug.lib : flash.obj (.text.Flash_eraseBlk)
                  70018a7e    00000002     --HOLE-- [fill = 0]
                  70018a80    0000003e     drivers.am243x.r5f.ti-arm-clang.debug.lib : ospi_v0.obj (.text.OSPI_setCmdDummyCycles)
[...]
7001bdd0  _c_int00_sbl                                                                  
7001bdf4  _c_int00                                                                      
7001bed1  _DebugP_assertNoLog                                                           
7001bf01  __mpu_init                                                                    
7001bf10  gUartDmaConfig                                                                
7001bf10  vint_usage_count_DMASS0_INTAGGR_0                                             
7001c284  gFlashDevCfg_S25HL512T                                                        
7001c2f4  gRmIrInstances                                                                
7001c354  gUdmaRmSharedResPrms                                                          
7001c3ac  gUartParams                                                                   
7001c490  gMpuRegionConfig                                                              
7001c4d0  gFlashAttrs_S25HL512T                                                         
7001c500  gPhyTuneWindowParamsGTE133                                                    
7001c528  gPhyTuneWindowParamsLT133                                                     
7001c550  gFlashToSpiProtocolMap                                                        
7001c574  gSocModulesClockFrequency                                                     
7001c5b8  gRmIaInstances                                                                
7001c5d8  gSciclientSecProxyCfg                                                         
7001c5f8  gFlashNorOspiFxns                                                             
7001c614  gOspiUdma0Args                                                                
7001c648  gClockConfig                                                                  
7001c65c  gSocModules                                                                   
7001c684  gFlashConfig                                                                  
7001c6a4  gAddrTranslateConfig                                                          
7001c6b0  gMpuConfig                                                                    
7001c6bc  gOspiDmaUdmaFxns                                                              
7001c6c8  gCacheConfig                                                                  
7001c6d0  gFlashParams                                                                  
7001c6d8  gOspiConfig                                                                   
7001c6e0  gOspiDmaConfig                                                                
7001c6f8  gUartConfig                                                                   
7001c700  gCacheL1dCacheLineSize                                                        
7001c704  gCacheL1pCacheLineSize                                                        
7001c708  gDebugLogZone                                                                 
7001c70c  gFlashConfigNum                                                               
7001c710  gHwiConfig                                                                    
7001c714  gOspiConfigNum                                                                
7001c718  gOspiDmaConfigNum                                                             
7001c71c  gOspiParams                                                                   
7001c720  gPhyTuneWindowParams                                                          
7001c724  gUartConfigNum                                                                
7001c728  gUartDmaConfigNum                                                             
7001c930  gUdmaRmDefBoardCfg_Pktdma                                                     
7001cad4  gUdmaTxMappedChRingAttributes                                                 
7001cd44  gSciclientMap                                                                 
7001d0f4  gUdmaRxMappedChRingAttributes                                                 
7001d21c  gUdmaRmDefBoardCfg_Bcdma                                                      
7001d30c  tisci_if_TIMESYNC_EVENT_INTROUTER0                                            
7001d434  gRmIrqTree                                                                    
7001d4e4  gRmIrqTreeCount                                                               
7001d620  tisci_if_MAIN_GPIOMUX_INTROUTER0                                              
7001d654  tisci_if_DMASS0_INTAGGR_0                                                     
7001d6dc  tisci_if_MCU_MCU_GPIOMUX_INTROUTER0                                           
7001d720  tisci_if_CPTS0                                                                
7001d740  tisci_if_PRU_ICSSG0                                                           
7001d75c  tisci_if_PRU_ICSSG1                                                           
7001d778  tisci_if_CMP_EVENT_INTROUTER0                                                 
7001d790  tisci_if_PCIE0                                                                
7001d7b8  tisci_if_CPSW0                                                                
7001d7c8  CMP_EVENT_INTROUTER0_outp_0_15_to_GICSS0_spi_48_63                            
7001d7d0  CMP_EVENT_INTROUTER0_outp_16_23_to_R5FSS0_CORE0_intr_48_55                    
7001d7d8  CMP_EVENT_INTROUTER0_outp_16_23_to_R5FSS0_CORE1_intr_48_55                    
7001d7e0  CMP_EVENT_INTROUTER0_outp_24_31_to_R5FSS1_CORE0_intr_48_55                    
7001d7e8  CMP_EVENT_INTROUTER0_outp_24_31_to_R5FSS1_CORE1_intr_48_55                    
7001d7f0  CMP_EVENT_INTROUTER0_outp_32_39_to_DMASS0_INTAGGR_0_intaggr_levi_pend_0_7     
7001d7f8  CPSW0_cpts_comp_0_0_to_CMP_EVENT_INTROUTER0_in_80_80                          
7001d800  CPSW0_cpts_genf0_1_1_to_TIMESYNC_EVENT_INTROUTER0_in_21_21                    
7001d808  CPSW0_cpts_genf1_2_2_to_TIMESYNC_EVENT_INTROUTER0_in_22_22                    
7001d810  CPSW0_cpts_sync_3_3_to_TIMESYNC_EVENT_INTROUTER0_in_34_34                     
7001d818  CPTS0_cpts_comp_0_0_to_CMP_EVENT_INTROUTER0_in_82_82                          
7001d820  CPTS0_cpts_genf0_1_1_to_TIMESYNC_EVENT_INTROUTER0_in_16_16                    
7001d828  CPTS0_cpts_genf1_2_2_to_TIMESYNC_EVENT_INTROUTER0_in_17_17                    
7001d830  CPTS0_cpts_genf2_3_3_to_TIMESYNC_EVENT_INTROUTER0_in_18_18                    
7001d838  CPTS0_cpts_genf3_4_4_to_TIMESYNC_EVENT_INTROUTER0_in_19_19                    
7001d840  CPTS0_cpts_genf4_5_5_to_TIMESYNC_EVENT_INTROUTER0_in_20_20                    
7001d848  CPTS0_cpts_genf5_6_6_to_TIMESYNC_EVENT_INTROUTER0_in_24_24                    
7001d850  CPTS0_cpts_sync_7_7_to_TIMESYNC_EVENT_INTROUTER0_in_35_35                     
7001d858  DMASS0_INTAGGR_0_intaggr_vintr_pend_0_39_to_GICSS0_spi_64_103                 
7001d860  DMASS0_INTAGGR_0_intaggr_vintr_pend_120_127_to_R5FSS1_CORE0_intr_8_15         
7001d868  DMASS0_INTAGGR_0_intaggr_vintr_pend_128_135_to_R5FSS1_CORE1_intr_8_15         
7001d870  DMASS0_INTAGGR_0_intaggr_vintr_pend_152_159_to_PRU_ICSSG0_pr1_slv_intr_16_23  
7001d878  DMASS0_INTAGGR_0_intaggr_vintr_pend_160_167_to_PRU_ICSSG1_pr1_slv_intr_16_23  
7001d880  DMASS0_INTAGGR_0_intaggr_vintr_pend_168_183_to_MCU_M4FSS0_CORE0_nvic_32_47    
7001d888  DMASS0_INTAGGR_0_intaggr_vintr_pend_40_71_to_R5FSS0_CORE0_intr_64_95          
7001d890  DMASS0_INTAGGR_0_intaggr_vintr_pend_40_71_to_R5FSS0_CORE1_intr_64_95          
7001d898  DMASS0_INTAGGR_0_intaggr_vintr_pend_72_79_to_R5FSS0_CORE0_intr_8_15           
7001d8a0  DMASS0_INTAGGR_0_intaggr_vintr_pend_80_87_to_R5FSS0_CORE1_intr_8_15           
7001d8a8  DMASS0_INTAGGR_0_intaggr_vintr_pend_88_119_to_R5FSS1_CORE0_intr_64_95         
7001d8b0  DMASS0_INTAGGR_0_intaggr_vintr_pend_88_119_to_R5FSS1_CORE1_intr_64_95         
7001d8b8  EPWM0_epwm_synco_o_0_0_to_TIMESYNC_EVENT_INTROUTER0_in_39_39                  
7001d8c0  EPWM3_epwm_synco_o_0_0_to_TIMESYNC_EVENT_INTROUTER0_in_40_40                  
7001d8c8  EPWM6_epwm_synco_o_0_0_to_TIMESYNC_EVENT_INTROUTER0_in_41_41                  
7001d8d0  GPIO0_gpio_0_89_to_MAIN_GPIOMUX_INTROUTER0_in_0_89                            
7001d8d8  GPIO0_gpio_bank_90_98_to_MAIN_GPIOMUX_INTROUTER0_in_190_198                   
7001d8e0  GPIO1_gpio_0_89_to_MAIN_GPIOMUX_INTROUTER0_in_90_179                          
7001d8e8  GPIO1_gpio_bank_90_98_to_MAIN_GPIOMUX_INTROUTER0_in_180_188                   
7001d8f0  GPMC0_gpmc_sdmareq_0_0_to_DMASS0_INTAGGR_0_intaggr_levi_pend_29_29            
7001d8f8  GTC0_gtc_push_event_0_0_to_TIMESYNC_EVENT_INTROUTER0_in_36_36                 
7001d900  MAIN_GPIOMUX_INTROUTER0_outp_0_15_to_GICSS0_spi_32_47                         
7001d908  MAIN_GPIOMUX_INTROUTER0_outp_0_15_to_R5FSS0_CORE0_intr_32_47                  
7001d910  MAIN_GPIOMUX_INTROUTER0_outp_0_15_to_R5FSS0_CORE1_intr_32_47                  
7001d918  MAIN_GPIOMUX_INTROUTER0_outp_0_15_to_R5FSS1_CORE0_intr_32_47                  
7001d920  MAIN_GPIOMUX_INTROUTER0_outp_0_15_to_R5FSS1_CORE1_intr_32_47                  
7001d928  MAIN_GPIOMUX_INTROUTER0_outp_16_17_to_DMASS0_INTAGGR_0_intaggr_levi_pend_24_25
7001d930  MAIN_GPIOMUX_INTROUTER0_outp_18_23_to_PRU_ICSSG0_pr1_iep0_cap_intr_req_4_9    
7001d938  MAIN_GPIOMUX_INTROUTER0_outp_18_23_to_PRU_ICSSG1_pr1_iep0_cap_intr_req_4_9    
7001d940  MAIN_GPIOMUX_INTROUTER0_outp_24_29_to_PRU_ICSSG0_pr1_iep1_cap_intr_req_10_15  
7001d948  MAIN_GPIOMUX_INTROUTER0_outp_24_29_to_PRU_ICSSG1_pr1_iep1_cap_intr_req_10_15  
7001d950  MAIN_GPIOMUX_INTROUTER0_outp_30_37_to_DMASS0_INTAGGR_0_intaggr_levi_pend_16_23
7001d958  MAIN_GPIOMUX_INTROUTER0_outp_38_45_to_PRU_ICSSG0_pr1_slv_intr_46_53           
7001d960  MAIN_GPIOMUX_INTROUTER0_outp_46_53_to_PRU_ICSSG1_pr1_slv_intr_46_53           
7001d968  MCU_GPIO0_gpio_0_29_to_MCU_MCU_GPIOMUX_INTROUTER0_in_0_29                     
7001d970  MCU_GPIO0_gpio_bank_30_31_to_MCU_MCU_GPIOMUX_INTROUTER0_in_30_31              
7001d978  MCU_MCU_GPIOMUX_INTROUTER0_outp_0_3_to_GICSS0_spi_104_107                     
7001d980  MCU_MCU_GPIOMUX_INTROUTER0_outp_0_3_to_R5FSS0_CORE0_intr_104_107              
7001d988  MCU_MCU_GPIOMUX_INTROUTER0_outp_0_3_to_R5FSS0_CORE1_intr_104_107              
7001d990  MCU_MCU_GPIOMUX_INTROUTER0_outp_0_3_to_R5FSS1_CORE0_intr_104_107              
7001d998  MCU_MCU_GPIOMUX_INTROUTER0_outp_0_3_to_R5FSS1_CORE1_intr_104_107              
7001d9a0  MCU_MCU_GPIOMUX_INTROUTER0_outp_4_7_to_MCU_M4FSS0_CORE0_nvic_0_3              
7001d9a8  MCU_MCU_GPIOMUX_INTROUTER0_outp_8_11_to_MCU_ESM0_esm_pls_event0_88_91         
7001d9b0  MCU_MCU_GPIOMUX_INTROUTER0_outp_8_11_to_MCU_ESM0_esm_pls_event1_92_95         
7001d9b8  MCU_MCU_GPIOMUX_INTROUTER0_outp_8_11_to_MCU_ESM0_esm_pls_event2_96_99         
7001d9c0  PCIE0_pcie_cpts_comp_0_0_to_CMP_EVENT_INTROUTER0_in_81_81                     
7001d9c8  PCIE0_pcie_cpts_genf0_1_1_to_TIMESYNC_EVENT_INTROUTER0_in_23_23               
7001d9d0  PCIE0_pcie_cpts_hw1_push_2_2_to_TIMESYNC_EVENT_INTROUTER0_in_37_37            
7001d9d8  PCIE0_pcie_cpts_sync_3_3_to_TIMESYNC_EVENT_INTROUTER0_in_33_33                
7001d9e0  PCIE0_pcie_ptm_valid_pulse_4_4_to_TIMESYNC_EVENT_INTROUTER0_in_38_38          
7001d9e8  PRU_ICSSG0_pr1_edc0_sync0_out_0_0_to_TIMESYNC_EVENT_INTROUTER0_in_25_25       
7001d9f0  PRU_ICSSG0_pr1_edc0_sync1_out_1_1_to_TIMESYNC_EVENT_INTROUTER0_in_26_26       
7001d9f8  PRU_ICSSG0_pr1_edc1_sync0_out_2_2_to_TIMESYNC_EVENT_INTROUTER0_in_27_27       
7001da00  PRU_ICSSG0_pr1_edc1_sync1_out_3_3_to_TIMESYNC_EVENT_INTROUTER0_in_28_28       
7001da08  PRU_ICSSG0_pr1_host_intr_req_4_11_to_CMP_EVENT_INTROUTER0_in_0_7              
7001da10  PRU_ICSSG0_pr1_iep0_cmp_intr_req_12_27_to_CMP_EVENT_INTROUTER0_in_16_31       
7001da18  PRU_ICSSG0_pr1_iep1_cmp_intr_req_28_43_to_CMP_EVENT_INTROUTER0_in_32_47       
7001da20  PRU_ICSSG1_pr1_edc0_sync0_out_0_0_to_TIMESYNC_EVENT_INTROUTER0_in_29_29       
7001da28  PRU_ICSSG1_pr1_edc0_sync1_out_1_1_to_TIMESYNC_EVENT_INTROUTER0_in_30_30       
7001da30  PRU_ICSSG1_pr1_edc1_sync0_out_2_2_to_TIMESYNC_EVENT_INTROUTER0_in_31_31       
7001da38  PRU_ICSSG1_pr1_edc1_sync1_out_3_3_to_TIMESYNC_EVENT_INTROUTER0_in_32_32       
7001da40  PRU_ICSSG1_pr1_host_intr_req_4_11_to_CMP_EVENT_INTROUTER0_in_8_15             
7001da48  PRU_ICSSG1_pr1_iep0_cmp_intr_req_12_27_to_CMP_EVENT_INTROUTER0_in_48_63       
7001da50  PRU_ICSSG1_pr1_iep1_cmp_intr_req_28_43_to_CMP_EVENT_INTROUTER0_in_64_79       
7001da58  TIMER0_timer_pwm_0_0_to_TIMESYNC_EVENT_INTROUTER0_in_0_0                      
7001da60  TIMER1_timer_pwm_0_0_to_TIMESYNC_EVENT_INTROUTER0_in_1_1                      
7001da68  TIMER2_timer_pwm_0_0_to_TIMESYNC_EVENT_INTROUTER0_in_2_2                      
7001da70  TIMER3_timer_pwm_0_0_to_TIMESYNC_EVENT_INTROUTER0_in_3_3                      
7001da78  TIMESYNC_EVENT_INTROUTER0_outl_0_7_to_DMASS0_INTAGGR_0_intaggr_levi_pend_8_15 
7001da80  TIMESYNC_EVENT_INTROUTER0_outl_10_10_to_PRU_ICSSG0_pr1_edc1_latch0_in_2_2     
7001da88  TIMESYNC_EVENT_INTROUTER0_outl_11_11_to_PRU_ICSSG0_pr1_edc1_latch1_in_3_3     
7001da90  TIMESYNC_EVENT_INTROUTER0_outl_12_12_to_PRU_ICSSG1_pr1_edc0_latch0_in_0_0     
7001da98  TIMESYNC_EVENT_INTROUTER0_outl_13_13_to_PRU_ICSSG1_pr1_edc0_latch1_in_1_1     
7001daa0  TIMESYNC_EVENT_INTROUTER0_outl_14_14_to_PRU_ICSSG1_pr1_edc1_latch0_in_2_2     
7001daa8  TIMESYNC_EVENT_INTROUTER0_outl_15_15_to_PRU_ICSSG1_pr1_edc1_latch1_in_3_3     
7001dab0  TIMESYNC_EVENT_INTROUTER0_outl_16_16_to_CPTS0_cpts_hw1_push_0_0               
7001dab8  TIMESYNC_EVENT_INTROUTER0_outl_17_17_to_CPTS0_cpts_hw2_push_1_1               
7001dac0  TIMESYNC_EVENT_INTROUTER0_outl_18_18_to_CPTS0_cpts_hw3_push_2_2               
7001dac8  TIMESYNC_EVENT_INTROUTER0_outl_19_19_to_CPTS0_cpts_hw4_push_3_3               
7001dad0  TIMESYNC_EVENT_INTROUTER0_outl_20_20_to_CPTS0_cpts_hw5_push_4_4               
7001dad8  TIMESYNC_EVENT_INTROUTER0_outl_21_21_to_CPTS0_cpts_hw6_push_5_5               
7001dae0  TIMESYNC_EVENT_INTROUTER0_outl_22_22_to_CPTS0_cpts_hw7_push_6_6               
7001dae8  TIMESYNC_EVENT_INTROUTER0_outl_23_23_to_CPTS0_cpts_hw8_push_7_7               
7001daf0  TIMESYNC_EVENT_INTROUTER0_outl_29_29_to_PCIE0_pcie_cpts_hw2_push_0_0          
7001daf8  TIMESYNC_EVENT_INTROUTER0_outl_30_30_to_CPSW0_cpts_hw1_push_0_0               
7001db00  TIMESYNC_EVENT_INTROUTER0_outl_31_31_to_CPSW0_cpts_hw2_push_1_1               
7001db08  TIMESYNC_EVENT_INTROUTER0_outl_32_32_to_CPSW0_cpts_hw3_push_2_2               
7001db10  TIMESYNC_EVENT_INTROUTER0_outl_33_33_to_CPSW0_cpts_hw4_push_3_3               
7001db18  TIMESYNC_EVENT_INTROUTER0_outl_34_34_to_CPSW0_cpts_hw5_push_4_4               
7001db20  TIMESYNC_EVENT_INTROUTER0_outl_35_35_to_CPSW0_cpts_hw6_push_5_5               
7001db28  TIMESYNC_EVENT_INTROUTER0_outl_36_36_to_CPSW0_cpts_hw7_push_6_6               
7001db30  TIMESYNC_EVENT_INTROUTER0_outl_37_37_to_CPSW0_cpts_hw8_push_7_7               
7001db38  TIMESYNC_EVENT_INTROUTER0_outl_8_8_to_PRU_ICSSG0_pr1_edc0_latch0_in_0_0       
7001db40  TIMESYNC_EVENT_INTROUTER0_outl_9_9_to_PRU_ICSSG0_pr1_edc0_latch1_in_1_1       
7001db48  tisci_if_GPIO0                                                                
7001db50  tisci_if_GPIO1                                                                
7001db58  tisci_if_MCU_GPIO0                                                            
7001dc10  tisci_if_EPWM0                                                                
7001dc14  tisci_if_EPWM3                                                                
7001dc18  tisci_if_EPWM6                                                                
7001dc1c  tisci_if_GPMC0                                                                
7001dc20  tisci_if_GTC0                                                                 
7001dc24  tisci_if_TIMER0                                                               
7001dc28  tisci_if_TIMER1                                                               
7001dc2c  tisci_if_TIMER2                                                               
7001dc30  tisci_if_TIMER3                                                               
70071000  __BSS_START                                                                   
70071000  __start___llvm_prf_bits                                                       
70071000  __start___llvm_prf_cnts                                                       
70071000  __stop___llvm_prf_bits                                                        
70071000  __stop___llvm_prf_cnts                                                        
70071000  gUniflashVerifyBuf                                                            
70079000  gHwiCtrl                                                                      
7007a008  gUdmaDrvObj                                                                   
7007b078  gMmcsdConfig                                                                  
7007b200  gClockCtrl                                                                    
7007b238  gFlashObject_S25HL512T                                                        
7007b24c  gADMA2Desc                                                                    
7007b260  gFlashHandle                                                                  
7007b264  gMmcsdConfigNum                                                               
7007b268  gOspiHandle                                                                   
7007b26c  gUartHandle                                                                   
7007b280  __BSS_END                                                                     
7007b280  _sys_memory                                                                   
70083280  __stack                                                                       
70087280  __IRQ_STACK_START                                                             
70087280  __STACK_END                                                                   
70088280  __FIQ_STACK_START                                                             
70088280  __IRQ_STACK_END                                                               
70088380  __FIQ_STACK_END                                                               
70088380  __SVC_STACK_START                                                             
70088480  __ABORT_STACK_START                                                           
70088480  __SVC_STACK_END                                                               
70088580  __ABORT_STACK_END                                                             
70088580  __UNDEFINED_STACK_START                                                       
70088680  __UNDEFINED_STACK_END                                                         
70090000  gUniflashFileBuf                                                              
ffffffff  __TI_pprof_out_hndl                                                           
ffffffff  __TI_prof_data_size                                                           
ffffffff  __TI_prof_data_start                                                          
ffffffff  __binit__                                                                     
ffffffff  binit                                                                         
UNDEFED   __TI_CINIT_Base                                                               
UNDEFED   __TI_CINIT_Limit                                                              
UNDEFED   __TI_Handler_Table_Base                                                       
UNDEFED   __TI_Handler_Table_Limit                                                      
UNDEFED   _system_post_cinit                                                            

[627 symbols]
