******************************************************************************
            TI ARM Clang Linker Unix v2.1.1                    
******************************************************************************
>> Linked Thu Sep 29 15:53:19 2022

OUTPUT FILE NAME:   <sbl_uart.release.out>
ENTRY POINT SYMBOL: "_vectors_sbl"  address: 70000000


MEMORY CONFIGURATION

         name            origin    length      used     unused   attr    fill
----------------------  --------  ---------  --------  --------  ----  --------
  R5F_VECS              00000000   00000040  00000000  00000040  RWIX
  R5F_TCMA              00000040   00007fc0  00000000  00007fc0  RWIX
  R5F_TCMB0             41010000   00008000  00000000  00008000  RWIX
  MSRAM_VECS            70000000   00000100  00000040  000000c0  RWIX
  MSRAM_0               70000100   0004ff00  00007580  00048980  RWIX
  MSRAM_1               70050000   00030000  000066d0  00029930  RWIX
  MSRAM_2               70180000   00060000  00060000  00000000  RWIX


SEGMENT ALLOCATION MAP

run origin  load origin   length   init length attrs members
----------  ----------- ---------- ----------- ----- -------
70000000    70000000    00000040   00000040    r-x
  70000000    70000000    00000040   00000040    r-x .vectors
70000100    70000100    00006380   00006380    r-x
  70000100    70000100    00005420   00005420    r-x .text
  70005520    70005520    00000790   00000790    r-x .text.hwi
  70005cb0    70005cb0    00000460   00000460    r-x .text.cache
  70006110    70006110    00000240   00000240    r-x .text.mpu
  70006350    70006350    00000130   00000130    r-x .text.boot
70006480    70006480    000003d8   000003d8    rw-
  70006480    70006480    000003d8   000003d8    rw- .data
70006858    70006858    00000e28   00000e28    r--
  70006858    70006858    00000e28   00000e28    r-- .rodata
70050000    70050000    000052d0   00000000    rw-
  70050000    70050000    00004000   00000000    rw- .stack
  70054000    70054000    000012d0   00000000    rw- .bss
700552d0    700552d0    00001400   00000000    r--
  700552d0    700552d0    00001000   00000000    r-- .irqstack
  700562d0    700562d0    00000100   00000000    r-- .fiqstack
  700563d0    700563d0    00000100   00000000    r-- .svcstack
  700564d0    700564d0    00000100   00000000    r-- .abortstack
  700565d0    700565d0    00000100   00000000    r-- .undefinedstack


SECTION ALLOCATION MAP

 output                                  attributes/
section   page    origin      length       input sections
--------  ----  ----------  ----------   ----------------
.vectors   0    70000000    00000040     
                  70000000    00000040     nortos.am243x.r5f.ti-arm-clang.release.lib : HwiP_armv7r_vectors_nortos_sbl_asm.obj (.vectors)

.text      0    70000100    00005420     
                  70000100    00000596     nortos.am243x.r5f.ti-arm-clang.release.lib : printf.obj (.text._vsnprintf)
                  70000696    00000002     drivers.am243x.r5f.ti-arm-clang.release.lib : bootloader_mem.obj (.text.Mem_imgClose)
                  70000698    00000454                                                 : uart_v0.obj (.text.UART_open)
                  70000aec    00000004                                                 : bootloader_soc.obj (.text.Bootloader_socWaitForFWBoot)
                  70000af0    00000388     nortos.am243x.r5f.ti-arm-clang.release.lib : printf.obj (.text._ftoa)
                  70000e78    00000008     drivers.am243x.r5f.ti-arm-clang.release.lib : bootloader_soc.obj (.text.Bootloader_socGetSBLMem)
                  70000e80    00000310     nortos.am243x.r5f.ti-arm-clang.release.lib : printf.obj (.text._etoa)
                  70001190    000002dc     drivers.am243x.r5f.ti-arm-clang.release.lib : sciclient.obj (.text.Sciclient_service)
                  7000146c    00000004                                                 : bootloader_mem.obj (.text.Mem_imgGetCurOffset)
                  70001470    00000288     main.obj (.text.main)
                  700016f8    00000214     drivers.am243x.r5f.ti-arm-clang.release.lib : uart_v0.obj (.text.UART_read)
                  7000190c    000001fc                                                 : xmodem.obj (.text.xmodemReceive)
                  70001b08    000001e8                                                 : uart_v0.obj (.text.UART_write)
                  70001cf0    000001c0                                                 : bootloader_soc.obj (.text.Bootloader_socCpuResetRelease)
                  70001eb0    000001c0     nortos.am243x.r5f.ti-arm-clang.release.lib : TimerP.obj (.text.TimerP_setup)
                  70002070    0000019c     drivers.am243x.r5f.ti-arm-clang.release.lib : xmodem.obj (.text.xmodemTransmit)
                  7000220c    00000184                                                 : uart_v0.obj (.text.UART_masterIsr)
                  70002390    0000017c                                                 : bootloader.obj (.text.Bootloader_verifyMulticoreImage)
                  7000250c    00000178                                                 : bootloader_soc.obj (.text.Bootloader_socCpuPowerOnResetR5f)
                  70002684    0000000c                                                 : bootloader.obj (.text.Bootloader_Params_init)
                  70002690    00000132     nortos.am243x.r5f.ti-arm-clang.release.lib : printf.obj (.text._ntoa_format)
                  700027c2    0000012c     drivers.am243x.r5f.ti-arm-clang.release.lib : soc.obj (.text.SOC_moduleSetClockFrequency)
                  700028ee    00000002     --HOLE-- [fill = 0]
                  700028f0    0000012c                                                 : uart_v0.obj (.text.UART_close)
                  70002a1c    00000118     libclang_rt.builtins.a : udivmoddi4.S.obj (.text)
                  70002b34    00000104     drivers.am243x.r5f.ti-arm-clang.release.lib : bootloader_soc.obj (.text.Bootloader_socCpuResetReleaseSelf)
                  70002c38    00000008     libc.a : exit.c.obj (.text:abort)
                  70002c40    000000fc     nortos.am243x.r5f.ti-arm-clang.release.lib : ClockP_nortos_r5.obj (.text.ClockP_init)
                  70002d3c    000000f0     drivers.am243x.r5f.ti-arm-clang.release.lib : bootloader_soc.obj (.text.Bootloader_socCpuPowerOnResetM4f)
                  70002e2c    000000c8                                                 : bootloader.obj (.text.Bootloader_rprcImageLoad)
                  70002ef4    000000b4                                                 : bootloader.obj (.text.Bootloader_parseMultiCoreAppImage)
                  70002fa8    00000004                                                 : bootloader_mem.obj (.text.Mem_imgSeek)
                  70002fac    00000004                                                 : sciclient.obj (.text.Sciclient_deinit)
                  70002fb0    000000b0     nortos.am243x.r5f.ti-arm-clang.release.lib : printf.obj (.text._ntoa_long_long)
                  70003060    000000ac     drivers.am243x.r5f.ti-arm-clang.release.lib : pinmux.obj (.text.Pinmux_config)
                  7000310c    000000ac                                                 : uart_v0.obj (.text.UART_divisorLatchWrite)
                  700031b8    00000004     libclang_rt.builtins.a : aeabi_memcpy.S.obj (.text)
                  700031bc    00000004     --HOLE-- [fill = 0]
                  700031c0    000000a6     nortos.am243x.r5f.ti-arm-clang.release.lib : printf.obj (.text._out_rev)
                  70003266    000000a0     drivers.am243x.r5f.ti-arm-clang.release.lib : sciclient_pm.obj (.text.Sciclient_pmQueryModuleClkFreq)
                  70003306    00000002     --HOLE-- [fill = 0]
                  70003308    00000098                                                 : bootloader.obj (.text.Bootloader_loadSelfCpu)
                  700033a0    00000096     nortos.am243x.r5f.ti-arm-clang.release.lib : SemaphoreP_nortos.obj (.text.SemaphoreP_pend)
                  70003436    00000002     --HOLE-- [fill = 0]
                  70003438    00000090     drivers.am243x.r5f.ti-arm-clang.release.lib : bootloader.obj (.text.Bootloader_getMsgLen)
                  700034c8    00000090                                                 : uart_v0.obj (.text.UART_flushTxFifo)
                  70003558    0000008e                                                 : sciclient_pm.obj (.text.Sciclient_pmSetModuleClkFreq)
                  700035e6    0000008c                                                 : uart_v0.obj (.text.UART_procLineStatusErr)
                  70003672    0000000a                                                 : csl_sec_proxy.obj (.text.CSL_secProxyGetDataAddr)
                  7000367c    00000004     --HOLE-- [fill = 0]
                  70003680    0000008c     nortos.am243x.r5f.ti-arm-clang.release.lib : printf.obj (.text._ntoa_long)
                  7000370c    00000088     drivers.am243x.r5f.ti-arm-clang.release.lib : uart_v0.obj (.text.UART_init)
                  70003794    00000084                                                 : sciclient.obj (.text.Sciclient_sendMessage)
                  70003818    0000007a                                                 : sciclient_pm.obj (.text.Sciclient_pmGetModuleClkNumParent)
                  70003892    0000007a                                                 : sciclient_procboot.obj (.text.Sciclient_procBootWaitProcessorState)
                  7000390c    00000078                                                 : bootloader_soc.obj (.text.Bootloader_socOpenFirewallRegion)
                  70003984    00000074                                                 : bootloader_soc.obj (.text.Bootloader_socCpuSetEntryPoint)
                  700039f8    00000070                                                 : bootloader_soc.obj (.text.Bootloader_socCpuSetClock)
                  70003a68    00000070                                                 : bootloader_soc.obj (.text.Bootloader_socOpenFirewalls)
                  70003ad8    00000070                                                 : uart_v0.obj (.text.UART_readCancelNoCB)
                  70003b48    0000006e                                                 : sciclient_pm.obj (.text.Sciclient_pmGetModuleState)
                  70003bb6    00000002     --HOLE-- [fill = 0]
                  70003bb8    00000008     nortos.am243x.r5f.ti-arm-clang.release.lib : HwiP_armv7r_asm.obj (.tramp.HwiP_enable.1)
                  70003bc0    0000006c                                                : ClockP_nortos.obj (.text.ClockP_timerTickIsr)
                  70003c2c    0000006c     drivers.am243x.r5f.ti-arm-clang.release.lib : soc.obj (.text.SOC_moduleClockEnable)
                  70003c98    0000006c                                                 : sciclient.obj (.text.Sciclient_init)
                  70003d04    00000008     nortos.am243x.r5f.ti-arm-clang.release.lib : HwiP_armv7r_asm.obj (.tramp.HwiP_restore.1)
                  70003d0c    00000004     --HOLE-- [fill = 0]
                  70003d10    00000068                                                : AddrTranslateP.obj (.text.AddrTranslateP_getLocalAddr)
                  70003d78    00000068     drivers.am243x.r5f.ti-arm-clang.release.lib : bootloader_soc.obj (.text.Bootloader_socCpuPowerOnResetA53)
                  70003de0    00000066                                                 : sciclient_pm.obj (.text.Sciclient_pmGetModuleClkFreq)
                  70003e46    00000066                                                 : sciclient_pm.obj (.text.Sciclient_pmGetModuleClkParent)
                  70003eac    00000064                                                 : sciclient_pm.obj (.text.Sciclient_pmModuleGetClkStatus)
                  70003f10    0000005e                                                 : sciclient_pm.obj (.text.Sciclient_pmSetModuleClkParent)
                  70003f6e    00000002     --HOLE-- [fill = 0]
                  70003f70    0000005c                                                 : bootloader_soc.obj (.text.Bootloader_socCpuGetClock)
                  70003fcc    0000005c                                                 : bootloader_soc.obj (.text.Bootloader_socCpuRelease)
                  70004028    0000005c                                                 : bootloader_soc.obj (.text.Bootloader_socCpuRequest)
                  70004084    0000005c                                                 : uart_v0.obj (.text.UART_writeCancelNoCB)
                  700040e0    0000005c     nortos.am243x.r5f.ti-arm-clang.release.lib : DebugP_log.obj (.text._DebugP_assert)
                  7000413c    0000005a     drivers.am243x.r5f.ti-arm-clang.release.lib : sciclient_pm.obj (.text.Sciclient_pmModuleClkRequest)
                  70004196    00000002     --HOLE-- [fill = 0]
                  70004198    00000058                                                 : bootloader.obj (.text.Bootloader_runCpu)
                  700041f0    00000058                                                 : sciclient_procboot.obj (.text.Sciclient_procBootSetSequenceCtrl)
                  70004248    00000052                                                 : sciclient_pm.obj (.text.Sciclient_pmSetModuleState)
                  7000429a    00000052                                                 : uart_v0.obj (.text.UART_intrDisable)
                  700042ec    00000052                                                 : uart_v0.obj (.text.UART_readData)
                  7000433e    00000002     --HOLE-- [fill = 0]
                  70004340    00000050     nortos.am243x.r5f.ti-arm-clang.release.lib : ClockP_nortos.obj (.text.ClockP_addToList)
                  70004390    00000050                                                : ClockP_nortos.obj (.text.ClockP_construct)
                  700043e0    00000050     drivers.am243x.r5f.ti-arm-clang.release.lib : sciclient_soc_priv.obj (.text.Sciclient_getContext)
                  70004430    00000050                                                 : sciclient.obj (.text.Sciclient_waitForBootNotification)
                  70004480    00000050     libc.a : autoinit.c.obj (.text:__TI_auto_init_nobinit_nopinit)
                  700044d0    0000004e     drivers.am243x.r5f.ti-arm-clang.release.lib : sciclient_procboot.obj (.text.Sciclient_procBootReleaseProcessor)
                  7000451e    00000002     --HOLE-- [fill = 0]
                  70004520    0000004c                                                 : bootloader_soc.obj (.text.Bootloader_socInitR5FAtcmBtcm)
                  7000456c    00000004     --HOLE-- [fill = 0]
                  70004570    0000004c     nortos.am243x.r5f.ti-arm-clang.release.lib : ClockP_nortos.obj (.text.ClockP_getTimeUsec)
                  700045bc    00000004     --HOLE-- [fill = 0]
                  700045c0    0000004c     ti_drivers_open_close.obj (.text.Drivers_uartOpen)
                  7000460c    0000004c     drivers.am243x.r5f.ti-arm-clang.release.lib : uart_dma.obj (.text.UART_dmaDisableChannel)
                  70004658    00000048                                                 : uart_dma.obj (.text.UART_dmaClose)
                  700046a0    00000046                                                 : sciclient_pm.obj (.text.Sciclient_pmSetModuleRst_flags)
                  700046e6    00000046                                                 : sciclient_procboot.obj (.text.Sciclient_procBootGetProcessorState)
                  7000472c    00000044                                                 : bootloader.obj (.text.Bootloader_findSeq)
                  70004770    00000044                                                 : bootloader.obj (.text.Bootloader_loadCpu)
                  700047b4    00000044                                                 : sciclient_pm.obj (.text.Sciclient_pmSetModuleRst)
                  700047f8    00000044                                                 : sciclient_procboot.obj (.text.Sciclient_procBootRequestProcessor)
                  7000483c    00000044                                                 : bootloader_xmodem.obj (.text._inbyte)
                  70004880    00000042                                                 : sciclient_procboot.obj (.text.Sciclient_procBootAuthAndStart)
                  700048c2    0000000e     --HOLE-- [fill = 0]
                  700048d0    00000040     nortos.am243x.r5f.ti-arm-clang.release.lib : ClockP_nortos.obj (.text.ClockP_stop)
                  70004910    00000040     ti_dpl_config.obj (.text.Dpl_init)
                  70004950    00000040     drivers.am243x.r5f.ti-arm-clang.release.lib : sciclient_firewall.obj (.text.Sciclient_firewallChangeOwnerInfo)
                  70004990    00000040                                                 : sciclient_firewall.obj (.text.Sciclient_firewallSetRegion)
                  700049d0    00000040     nortos.am243x.r5f.ti-arm-clang.release.lib : SemaphoreP_nortos.obj (.text.SemaphoreP_constructBinary)
                  70004a10    0000003e     drivers.am243x.r5f.ti-arm-clang.release.lib : sciclient_procboot.obj (.text.Sciclient_procBootSetProcessorCfg)
                  70004a4e    00000002     --HOLE-- [fill = 0]
                  70004a50    0000003e     nortos.am243x.r5f.ti-arm-clang.release.lib : SemaphoreP_nortos.obj (.text.SemaphoreP_constructMutex)
                  70004a8e    00000002     --HOLE-- [fill = 0]
                  70004a90    0000003c     drivers.am243x.r5f.ti-arm-clang.release.lib : bootloader.obj (.text.Bootloader_open)
                  70004acc    00000004     --HOLE-- [fill = 0]
                  70004ad0    0000003a     nortos.am243x.r5f.ti-arm-clang.release.lib : ClockP_nortos.obj (.text.ClockP_destruct)
                  70004b0a    00000038     drivers.am243x.r5f.ti-arm-clang.release.lib : bootloader.obj (.text.Bootloader_getX509CertLen)
                  70004b42    00000002     --HOLE-- [fill = 0]
                  70004b44    00000038                                                 : bootloader_soc.obj (.text.Bootloader_socTranslateSectionAddr)
                  70004b7c    00000038                                                 : bootloader_buf_io.obj (.text.BufIo_sendTransferComplete)
                  70004bb4    00000038                                                 : soc.obj (.text.SOC_controlModuleUnlockMMR)
                  70004bec    00000038                                                 : sciclient.obj (.text.Sciclient_getCurrentContext)
                  70004c24    00000038                                                 : uart_dma.obj (.text.UART_dmaOpen)
                  70004c5c    00000004     --HOLE-- [fill = 0]
                  70004c60    00000038     nortos.am243x.r5f.ti-arm-clang.release.lib : DebugP_nortos.obj (.text._DebugP_logZone)
                  70004c98    00000008     --HOLE-- [fill = 0]
                  70004ca0    00000036     ti_power_clock_config.obj (.text.Module_clockSetFrequency)
                  70004cd6    00000002     --HOLE-- [fill = 0]
                  70004cd8    00000034     drivers.am243x.r5f.ti-arm-clang.release.lib : bootloader_soc.obj (.text.Bootloader_socMemInitCpu)
                  70004d0c    00000004     --HOLE-- [fill = 0]
                  70004d10    00000034     nortos.am243x.r5f.ti-arm-clang.release.lib : ClockP_nortos.obj (.text.ClockP_start)
                  70004d44    00000034     drivers.am243x.r5f.ti-arm-clang.release.lib : bootloader_xmodem.obj (.text._outbyte)
                  70004d78    00000008     --HOLE-- [fill = 0]
                  70004d80    00000032     nortos.am243x.r5f.ti-arm-clang.release.lib : SemaphoreP_nortos.obj (.text.SemaphoreP_post)
                  70004db2    00000002     --HOLE-- [fill = 0]
                  70004db4    00000030     drivers.am243x.r5f.ti-arm-clang.release.lib : bootloader.obj (.text.Bootloader_BootImageInfo_init)
                  70004de4    00000030                                                 : bootloader_xmodem.obj (.text.Bootloader_xmodemReceive)
                  70004e14    00000030                                                 : bootloader_xmodem.obj (.text.Bootloader_xmodemTransmit)
                  70004e44    0000000c     --HOLE-- [fill = 0]
                  70004e50    0000002e     ti_power_clock_config.obj (.text.Module_clockDisable)
                  70004e7e    00000002     --HOLE-- [fill = 0]
                  70004e80    0000002e     ti_power_clock_config.obj (.text.Module_clockEnable)
                  70004eae    0000002e     drivers.am243x.r5f.ti-arm-clang.release.lib : soc.obj (.text.SOC_controlModuleLockMMR)
                  70004edc    0000002c                                                 : uart_v0.obj (.text.UART_getHandle)
                  70004f08    00000028                                                 : bootloader_soc.obj (.text.Bootloader_socCpuPowerOnReset)
                  70004f30    00000028     nortos.am243x.r5f.ti-arm-clang.release.lib : ClockP_nortos.obj (.text.ClockP_sleepTicks)
                  70004f58    00000028     drivers.am243x.r5f.ti-arm-clang.release.lib : bootloader_mem.obj (.text.Mem_imgRead)
                  70004f80    00000028                                                 : crc16.obj (.text.crc16_ccitt)
                  70004fa8    00000026                                                 : bootloader.obj (.text.Bootloader_rprcImageParseEntryPoint)
                  70004fce    00000002     --HOLE-- [fill = 0]
                  70004fd0    00000026     nortos.am243x.r5f.ti-arm-clang.release.lib : ClockP_nortos.obj (.text.ClockP_sleep)
                  70004ff6    0000000a     --HOLE-- [fill = 0]
                  70005000    00000026     ti_drivers_config.obj (.text.System_init)
                  70005026    0000000a     --HOLE-- [fill = 0]
                  70005030    00000024     nortos.am243x.r5f.ti-arm-clang.release.lib : printf.obj (.text.vprintf_)
                  70005054    00000024     libclang_rt.builtins.a : aeabi_uldivmod.S.obj (.text)
                  70005078    00000008     --HOLE-- [fill = 0]
                  70005080    00000022     ti_pinmux_config.obj (.text.Pinmux_init)
                  700050a2    00000002     --HOLE-- [fill = 0]
                  700050a4    00000020     drivers.am243x.r5f.ti-arm-clang.release.lib : bootloader.obj (.text.Bootloader_runSelfCpu)
                  700050c4    0000000c     --HOLE-- [fill = 0]
                  700050d0    00000020     nortos.am243x.r5f.ti-arm-clang.release.lib : DebugP_log.obj (.text.DebugP_logZoneEnable)
                  700050f0    00000020     drivers.am243x.r5f.ti-arm-clang.release.lib : sciclient.obj (.text.Sciclient_secProxyWaitThread)
                  70005110    00000020     ti_drivers_config.obj (.text.System_deinit)
                  70005130    00000020     nortos.am243x.r5f.ti-arm-clang.release.lib : TimerP.obj (.text.TimerP_Params_init)
                  70005150    00000020     drivers.am243x.r5f.ti-arm-clang.release.lib : uart_v0.obj (.text.UART_getChar)
                  70005170    0000001c                                                 : bootloader_soc.obj (.text.Bootloader_socCpuGetClkDefault)
                  7000518c    0000001c                                                 : bootloader_soc.obj (.text.Bootloader_socGetCoreName)
                  700051a8    0000001c                                                 : bootloader_soc.obj (.text.Bootloader_socIsAuthRequired)
                  700051c4    0000001c                                                 : bootloader_soc.obj (.text.Bootloader_socRprcToCslCoreId)
                  700051e0    0000001c                                                 : bootloader_mem.obj (.text.Mem_imgOpen)
                  700051fc    00000004     --HOLE-- [fill = 0]
                  70005200    0000001c     nortos.am243x.r5f.ti-arm-clang.release.lib : boot_armv7r.obj (.text._system_pre_init)
                  7000521c    0000001c     libsysbm.a : memcpy32.S.obj (.text:TI_memcpy_small)
                  70005238    0000001c     libclang_rt.builtins.a : aeabi_memset.S.obj (.text)
                  70005254    0000001a     drivers.am243x.r5f.ti-arm-clang.release.lib : uart_v0.obj (.text.UART_enhanFuncEnable)
                  7000526e    0000001a                                                 : uart_dma.obj (.text.UART_readInterruptDma)
                  70005288    0000001a                                                 : uart_dma.obj (.text.UART_writeInterruptDma)
                  700052a2    00000002     --HOLE-- [fill = 0]
                  700052a4    00000018                                                 : sciclient.obj (.text.CSL_secProxyGetMaxMsgSize)
                  700052bc    00000004     --HOLE-- [fill = 0]
                  700052c0    00000018     ti_drivers_open_close.obj (.text.Drivers_close)
                  700052d8    00000018     drivers.am243x.r5f.ti-arm-clang.release.lib : sciclient.obj (.text.Sciclient_secProxyReadThread32)
                  700052f0    00000018                                                 : uart_v0.obj (.text.UART_deinit)
                  70005308    00000018     libsysbm.a : memset32.S.obj (.text:TI_memset_small)
                  70005320    00000016     drivers.am243x.r5f.ti-arm-clang.release.lib : bootloader_soc.obj (.text.Bootloader_socAuthImage)
                  70005336    00000016                                                 : uart_v0.obj (.text.UART_getRxError)
                  7000534c    00000014                                                 : sciclient_soc_priv.obj (.text.Sciclient_getDevId)
                  70005360    00000014                                                 : uart_v0.obj (.text.UART_enhanFuncBitValRestore)
                  70005374    0000000c     --HOLE-- [fill = 0]
                  70005380    00000012     nortos.am243x.r5f.ti-arm-clang.release.lib : TimerP.obj (.text.TimerP_clearOverflowInt)
                  70005392    00000012     drivers.am243x.r5f.ti-arm-clang.release.lib : uart_v0.obj (.text.UART_readLineStatus)
                  700053a4    00000012                                                 : xmodem.obj (.text.flushinput)
                  700053b6    00000010                                                 : bootloader.obj (.text.Bootloader_close)
                  700053c6    00000002     --HOLE-- [fill = 0]
                  700053c8    00000010                                                 : bootloader.obj (.text.Bootloader_getBootMedia)
                  700053d8    00000010                                                 : bootloader.obj (.text.Bootloader_isCorePresent)
                  700053e8    00000008     --HOLE-- [fill = 0]
                  700053f0    0000000e     ti_power_clock_config.obj (.text.PowerClock_init)
                  700053fe    00000002     --HOLE-- [fill = 0]
                  70005400    0000000c     nortos.am243x.r5f.ti-arm-clang.release.lib : ClockP_nortos.obj (.text.ClockP_getTicks)
                  7000540c    00000004     --HOLE-- [fill = 0]
                  70005410    0000000a                                                : ClockP_nortos.obj (.text.ClockP_Params_init)
                  7000541a    00000006     --HOLE-- [fill = 0]
                  70005420    0000000a                                                : ClockP_nortos.obj (.text.ClockP_isActive)
                  7000542a    00000006     --HOLE-- [fill = 0]
                  70005430    0000000a                                                : TimerP.obj (.text.TimerP_start)
                  7000543a    00000006     --HOLE-- [fill = 0]
                  70005440    00000008                                                : printf.obj (.text._out_char)
                  70005448    00000008     --HOLE-- [fill = 0]
                  70005450    00000004     ti_board_open_close.obj (.text.Board_driversOpen)
                  70005454    0000000c     --HOLE-- [fill = 0]
                  70005460    00000004     nortos.am243x.r5f.ti-arm-clang.release.lib : ClockP_nortos_r5.obj (.text.ClockP_getTimerCount)
                  70005464    0000000c     --HOLE-- [fill = 0]
                  70005470    00000004                                                : ClockP_nortos_r5.obj (.text.ClockP_timerClearOverflowInt)
                  70005474    0000000c     --HOLE-- [fill = 0]
                  70005480    00000004     ti_drivers_open_close.obj (.text.Drivers_open)
                  70005484    0000000c     --HOLE-- [fill = 0]
                  70005490    00000004     ti_power_clock_config.obj (.text.PowerClock_deinit)
                  70005494    0000000c     --HOLE-- [fill = 0]
                  700054a0    00000004     nortos.am243x.r5f.ti-arm-clang.release.lib : TimerP.obj (.text.TimerP_getCount)
                  700054a4    0000000c     --HOLE-- [fill = 0]
                  700054b0    00000004                                                : TimerP.obj (.text.TimerP_getReloadCount)
                  700054b4    0000000c     --HOLE-- [fill = 0]
                  700054c0    00000004     libclang_rt.builtins.a : aeabi_div0.c.obj (.text.__aeabi_ldiv0)
                  700054c4    0000000c     --HOLE-- [fill = 0]
                  700054d0    00000002     ti_dpl_config.obj (.text.Dpl_deinit)
                  700054d2    0000000e     --HOLE-- [fill = 0]
                  700054e0    00000002     nortos.am243x.r5f.ti-arm-clang.release.lib : SemaphoreP_nortos.obj (.text.SemaphoreP_destruct)
                  700054e2    0000000e     --HOLE-- [fill = 0]
                  700054f0    00000002                                                : TaskP_nortos.obj (.text.TaskP_yield)
                  700054f2    0000000e     --HOLE-- [fill = 0]
                  70005500    00000002                                                : printf.obj (.text._out_null)
                  70005502    0000000e     --HOLE-- [fill = 0]
                  70005510    00000002     ti_dpl_config.obj (.text.putchar_)
                  70005512    0000000e     --HOLE-- [fill = 0]

.text.hwi 
*          0    70005520    00000790     
                  70005520    00000452     nortos.am243x.r5f.ti-arm-clang.release.lib : HwiP_armv7r_vim.obj (.text.hwi)
                  70005972    00000002     --HOLE-- [fill = 0]
                  70005974    00000008                                                : HwiP_armv7r_asm.obj (.tramp.HwiP_enableFIQ.1)
                  7000597c    00000004     --HOLE-- [fill = 0]
                  70005980    0000023e                                                : HwiP_armv7r_handlers_nortos.obj (.text.hwi)
                  70005bbe    00000002     --HOLE-- [fill = 0]
                  70005bc0    00000078                                                : HwiP_armv7r_handlers_nortos_asm.obj (.text.hwi)
                  70005c38    00000070                                                : HwiP_armv7r_asm.obj (.text.hwi)
                  70005ca8    00000008     --HOLE-- [fill = 0]

.text.cache 
*          0    70005cb0    00000460     
                  70005cb0    00000340     nortos.am243x.r5f.ti-arm-clang.release.lib : CacheP_armv7r_asm.obj (.text.cache)
                  70005ff0    00000106                                                : CacheP_armv7r.obj (.text.cache)
                  700060f6    00000002     --HOLE-- [fill = 0]
                  700060f8    00000008                                                : CacheP_armv7r_asm.obj (.tramp.CacheP_invL1d.1)
                  70006100    00000008                                                : HwiP_armv7r_asm.obj (.tramp.HwiP_restore.2)
                  70006108    00000008                                                : CacheP_armv7r_asm.obj (.tramp.CacheP_enableL1p.1)

.text.mpu 
*          0    70006110    00000240     
                  70006110    000001b4     nortos.am243x.r5f.ti-arm-clang.release.lib : MpuP_armv7r.obj (.text.mpu)
                  700062c4    00000078                                                : MpuP_armv7r_asm.obj (.text.mpu)
                  7000633c    00000008                                                : MpuP_armv7r_asm.obj (.tramp.MpuP_isEnableAsm.1)
                  70006344    00000008                                                : HwiP_armv7r_asm.obj (.tramp.HwiP_restore.3)
                  7000634c    00000004     --HOLE-- [fill = 0]

.text.boot 
*          0    70006350    00000130     
                  70006350    000000fc     nortos.am243x.r5f.ti-arm-clang.release.lib : boot_armv7r_asm.obj (.text.boot)
                  7000644c    00000004     --HOLE-- [fill = 0]
                  70006450    0000001e                                                : DebugP_log.obj (.text.boot)
                  7000646e    00000002     --HOLE-- [fill = 0]
                  70006470    0000000e     ti_dpl_config.obj (.text.boot)
                  7000647e    00000002     --HOLE-- [fill = 0]

.data      0    70006480    000003d8     
                  70006480    000000c4     drivers.am243x.r5f.ti-arm-clang.release.lib : bootloader_soc.obj (.data.gAddrTranslateInfo)
                  70006544    000000a8                                                 : bootloader_soc.obj (.data.gCoreBootInfo)
                  700065ec    0000009c                                                 : uart_v0.obj (.data.gUartDrvObj)
                  70006688    00000054     ti_drivers_open_close.obj (.data.gUartParams)
                  700066dc    00000050     ti_dpl_config.obj (.data.gMpuRegionConfig)
                  7000672c    00000004     ti_drivers_config.obj (.data.gBootloaderConfigNum)
                  70006730    00000020     drivers.am243x.r5f.ti-arm-clang.release.lib : sciclient_soc_priv.obj (.data.gSciclientSecProxyCfg)
                  70006750    0000001c     ti_drivers_config.obj (.data.gBootloaderConfig)
                  7000676c    00000018     drivers.am243x.r5f.ti-arm-clang.release.lib : sciclient.obj (.data..L_MergedGlobals)
                  70006784    00000018     ti_pinmux_config.obj (.data.gPinMuxMainDomainCfg)
                  7000679c    00000018     ti_power_clock_config.obj (.data.gSocModulesClockFrequency)
                  700067b4    00000014     drivers.am243x.r5f.ti-arm-clang.release.lib : bootloader_mem.obj (.data.gBootloaderMemFxns)
                  700067c8    00000014     ti_dpl_config.obj (.data.gClockConfig)
                  700067dc    00000014     drivers.am243x.r5f.ti-arm-clang.release.lib : bootloader_soc.obj (.data.gResMemSection)
                  700067f0    0000000c     nortos.am243x.r5f.ti-arm-clang.release.lib : AddrTranslateP.obj (.data.gAddrTranslateConfig)
                  700067fc    0000000c     ti_dpl_config.obj (.data.gMpuConfig)
                  70006808    00000008     ti_drivers_config.obj (.data.gBootloader0Args)
                  70006810    00000008     ti_dpl_config.obj (.data.gCacheConfig)
                  70006818    00000008     ti_pinmux_config.obj (.data.gPinMuxMcuDomainCfg)
                  70006820    00000008     ti_power_clock_config.obj (.data.gSocModules)
                  70006828    00000008     ti_drivers_config.obj (.data.gUartAttrs)
                  70006830    00000008     ti_drivers_config.obj (.data.gUartConfig)
                  70006838    00000004     nortos.am243x.r5f.ti-arm-clang.release.lib : CacheP_armv7r.obj (.data.gCacheL1dCacheLineSize)
                  7000683c    00000004                                                : CacheP_armv7r.obj (.data.gCacheL1pCacheLineSize)
                  70006840    00000004                                                : DebugP_log.obj (.data.gDebugLogZone)
                  70006844    00000004     ti_dpl_config.obj (.data.gHwiConfig)
                  70006848    00000004     ti_drivers_config.obj (.data.gUartConfigNum)
                  7000684c    00000004     ti_drivers_config.obj (.data.gUartDmaConfigNum)
                  70006850    00000004     ti_drivers_config.obj (.data.operatingMode)
                  70006854    00000004     --HOLE-- [fill = 0]

.rodata    0    70006858    00000e28     
                  70006858    0000043b     drivers.am243x.r5f.ti-arm-clang.release.lib : bootloader_soc.obj (.rodata.str1.1)
                  70006c93    00000001     --HOLE-- [fill = 0]
                  70006c94    00000200                                                 : crc16.obj (.rodata.crc16tab)
                  70006e94    00000135                                                 : uart_v0.obj (.rodata.str1.1)
                  70006fc9    00000003     --HOLE-- [fill = 0]
                  70006fcc    0000012c                                                 : sciclient_fmwSecureProxyMap.obj (.rodata.gSciclientMap)
                  700070f8    00000117                                                 : bootloader.obj (.rodata.str1.1)
                  7000720f    00000103     nortos.am243x.r5f.ti-arm-clang.release.lib : TimerP.obj (.rodata.str1.1)
                  70007312    000000ac                                                : ClockP_nortos_r5.obj (.rodata.str1.1)
                  700073be    0000006b                                                : SemaphoreP_nortos.obj (.rodata.str1.1)
                  70007429    0000005a                                                : ClockP_nortos.obj (.rodata.str1.1)
                  70007483    00000005     --HOLE-- [fill = 0]
                  70007488    00000050                                                : printf.obj (.rodata._ftoa.pow10)
                  700074d8    0000004b     drivers.am243x.r5f.ti-arm-clang.release.lib : uart_dma.obj (.rodata.str1.1)
                  70007523    00000001     --HOLE-- [fill = 0]
                  70007524    00000048                                                 : bootloader_soc.obj (.rodata.gSOC_r5fVectors)
                  7000756c    00000046     ti_drivers_open_close.obj (.rodata.str1.1)
                  700075b2    00000044     main.obj (.rodata.str1.1)
                  700075f6    0000002d     nortos.am243x.r5f.ti-arm-clang.release.lib : DebugP_log.obj (.rodata.str1.1)
                  70007623    00000001     --HOLE-- [fill = 0]
                  70007624    0000001c     drivers.am243x.r5f.ti-arm-clang.release.lib : bootloader_soc.obj (.rodata..L__const.Bootloader_socRprcToCslCoreId.rprcCoreIds)
                  70007640    00000018                                                 : sciclient_soc_priv.obj (.rodata..Lswitch.table.Sciclient_getDevId)
                  70007658    00000012     nortos.am243x.r5f.ti-arm-clang.release.lib : printf.obj (.rodata.str1.1)
                  7000766a    0000000b     drivers.am243x.r5f.ti-arm-clang.release.lib : bootloader.obj (.rodata..L__const.Bootloader_getMsgLen.boot_seq_oid)
                  70007675    00000006                                                 : bootloader_soc.obj (.rodata..L__const.Bootloader_socOpenFirewalls.fwlIds)
                  7000767b    00000005     --HOLE-- [fill = 0]

.bss       0    70054000    000012d0     UNINITIALIZED
                  70054000    00001008     (.common:gHwiCtrl)
                  70055008    00000280     ti_drivers_config.obj (.bss.gUartObjects)
                  70055288    00000038     (.common:gClockCtrl)
                  700552c0    00000004     drivers.am243x.r5f.ti-arm-clang.release.lib : bootloader_xmodem.obj (.bss.gUartHandle)
                  700552c4    00000004     nortos.am243x.r5f.ti-arm-clang.release.lib : HwiP_armv7r_vim.obj (.bss.gdummy)
                  700552c8    00000004     (.common:gUartHandle)
                  700552cc    00000004     --HOLE--

.stack     0    70050000    00004000     UNINITIALIZED
                  70050000    00000004     nortos.am243x.r5f.ti-arm-clang.release.lib : boot_armv7r_asm.obj (.stack)
                  70050004    00003ffc     --HOLE--

.irqstack 
*          0    700552d0    00001000     UNINITIALIZED
                  700552d0    00001000     --HOLE--

.fiqstack 
*          0    700562d0    00000100     UNINITIALIZED
                  700562d0    00000100     --HOLE--

.svcstack 
*          0    700563d0    00000100     UNINITIALIZED
                  700563d0    00000100     --HOLE--

.abortstack 
*          0    700564d0    00000100     UNINITIALIZED
                  700564d0    00000100     --HOLE--

.undefinedstack 
*          0    700565d0    00000100     UNINITIALIZED
                  700565d0    00000100     --HOLE--

.bss.filebuf 
*          0    70180000    00060000     NOLOAD SECTION
                  70180000    00060000     main.obj (.bss.filebuf)

__llvm_prf_cnts 
*          0    70050000    00000000     UNINITIALIZED

__llvm_prf_bits 
*          0    70050000    00000000     UNINITIALIZED

MODULE SUMMARY

       Module                                   code    ro data   rw data
       ------                                   ----    -------   -------
    obj/release/
       main.obj                                 648     68        393216 
       ti_drivers_config.obj                    70      0         708    
       ti_drivers_open_close.obj                104     70        88     
       ti_dpl_config.obj                        82      0         124    
       ti_power_clock_config.obj                164     0         32     
       ti_pinmux_config.obj                     34      0         32     
       ti_board_open_close.obj                  4       0         0      
    +--+----------------------------------------+-------+---------+---------+
       Total:                                   1106    138       394200 
                                                                         
    /home/gtbldadm/nightlybuilds/repo_manifests/scripts/jenkins/mcu_plus_sdk_am243x_08_04_00_17/source/drivers/lib/drivers.am243x.r5f.ti-arm-clang.release.lib
       uart_v0.obj                              3962    309       156    
       bootloader_soc.obj                       2534    1189      384    
       bootloader.obj                           1574    290       0      
       sciclient_pm.obj                         1242    0         0      
       sciclient.obj                            1192    0         24     
       xmodem.obj                               938     0         0      
       sciclient_procboot.obj                   554     0         0      
       crc16.obj                                40      512       0      
       soc.obj                                  510     0         0      
       uart_dma.obj                             256     75        0      
       sciclient_fmwSecureProxyMap.obj          0       300       0      
       bootloader_xmodem.obj                    216     0         4      
       pinmux.obj                               172     0         0      
       sciclient_soc_priv.obj                   100     24        32     
       sciclient_firewall.obj                   128     0         0      
       bootloader_mem.obj                       78      0         20     
       bootloader_buf_io.obj                    56      0         0      
       csl_sec_proxy.obj                        10      0         0      
    +--+----------------------------------------+-------+---------+---------+
       Total:                                   13562   2699      620    
                                                                         
    /home/gtbldadm/nightlybuilds/repo_manifests/scripts/jenkins/mcu_plus_sdk_am243x_08_04_00_17/source/kernel/nortos/lib/nortos.am243x.r5f.ti-arm-clang.release.lib
       HwiP_armv7r_vim.obj                      1106    0         4108   
       printf.obj                               3952    98        0      
       CacheP_armv7r_asm.obj                    848     0         0      
       TimerP.obj                               516     259       0      
       ClockP_nortos.obj                        628     90        56     
       HwiP_armv7r_handlers_nortos.obj          574     0         0      
       MpuP_armv7r.obj                          436     0         0      
       SemaphoreP_nortos.obj                    328     107       0      
       ClockP_nortos_r5.obj                     260     172       0      
       CacheP_armv7r.obj                        262     0         8      
       boot_armv7r_asm.obj                      252     0         0      
       DebugP_log.obj                           154     45        4      
       HwiP_armv7r_asm.obj                      152     0         0      
       MpuP_armv7r_asm.obj                      128     0         0      
       HwiP_armv7r_handlers_nortos_asm.obj      120     0         0      
       AddrTranslateP.obj                       104     0         12     
       HwiP_armv7r_vectors_nortos_sbl_asm.obj   64      0         0      
       DebugP_nortos.obj                        56      0         0      
       boot_armv7r.obj                          28      0         0      
       TaskP_nortos.obj                         2       0         0      
    +--+----------------------------------------+-------+---------+---------+
       Total:                                   9970    771       4188   
                                                                         
    /home/gtbldadm/ti/ti-cgt-armllvm_2.1.1.LTS/lib/armv7r-ti-none-eabihf/c/libc.a
       autoinit.c.obj                           80      0         0      
       exit.c.obj                               8       0         0      
    +--+----------------------------------------+-------+---------+---------+
       Total:                                   88      0         0      
                                                                         
    /home/gtbldadm/ti/ti-cgt-armllvm_2.1.1.LTS/lib/armv7r-ti-none-eabihf/c/libsysbm.a
       memcpy32.S.obj                           28      0         0      
       memset32.S.obj                           24      0         0      
    +--+----------------------------------------+-------+---------+---------+
       Total:                                   52      0         0      
                                                                         
    /home/gtbldadm/ti/ti-cgt-armllvm_2.1.1.LTS/lib/clang/14.0.6/lib/armv7r-ti-none-eabihf/libclang_rt.builtins.a
       udivmoddi4.S.obj                         280     0         0      
       aeabi_uldivmod.S.obj                     36      0         0      
       aeabi_memset.S.obj                       28      0         0      
       aeabi_div0.c.obj                         4       0         0      
       aeabi_memcpy.S.obj                       4       0         0      
    +--+----------------------------------------+-------+---------+---------+
       Total:                                   352     0         0      
                                                                         
       Stack:                                   0       0         16384  
    +--+----------------------------------------+-------+---------+---------+
       Grand Total:                             25130   3608      415392 

VENEERS

callee name               veneer name
   callee addr  veneer addr  call addr  call info
--------------  -----------  ---------  ----------------
HwiP_enable               $Ven$TA$L$PI$$HwiP_enable
   70005c58     70003bb8     7000494c   ti_dpl_config.obj (.text.Dpl_init)
HwiP_restore              $Ven$TA$L$PI$$HwiP_restore
   70005c78     70003d04     7000490c   nortos.am243x.r5f.ti-arm-clang.release.lib : ClockP_nortos.obj (.text.ClockP_stop)
                             70004b06                                              : ClockP_nortos.obj (.text.ClockP_destruct)
                             70004d40                                              : ClockP_nortos.obj (.text.ClockP_start)
                             70004dae                                              : SemaphoreP_nortos.obj (.text.SemaphoreP_post)
HwiP_enableFIQ            $Ven$TA$L$PI$$HwiP_enableFIQ
   70005c68     70005974     7000595c   nortos.am243x.r5f.ti-arm-clang.release.lib : HwiP_armv7r_vim.obj (.text.hwi)
CacheP_invL1d             $Ven$TA$L$PI$$CacheP_invL1d
   70005d20     700060f8     700060f2   nortos.am243x.r5f.ti-arm-clang.release.lib : CacheP_armv7r.obj (.text.cache)
HwiP_restore              $Ven$TA$L$PI$$HwiP_restore
   70005c78     70006100     700060a6   nortos.am243x.r5f.ti-arm-clang.release.lib : CacheP_armv7r.obj (.text.cache)
CacheP_enableL1p          $Ven$TA$L$PI$$CacheP_enableL1p
   70005d08     70006108     70006062   nortos.am243x.r5f.ti-arm-clang.release.lib : CacheP_armv7r.obj (.text.cache)
                             700060cc                                              : CacheP_armv7r.obj (.text.cache)
MpuP_isEnableAsm          $Ven$TA$L$PI$$MpuP_isEnableAsm
   70006314     7000633c     70006250   nortos.am243x.r5f.ti-arm-clang.release.lib : MpuP_armv7r.obj (.text.mpu)
HwiP_restore              $Ven$TA$L$PI$$HwiP_restore
   70005c78     70006344     7000620a   nortos.am243x.r5f.ti-arm-clang.release.lib : MpuP_armv7r.obj (.text.mpu)
                             7000623c                                              : MpuP_armv7r.obj (.text.mpu)

[8 trampolines]
[13 trampoline calls]


GLOBAL SYMBOLS: SORTED ALPHABETICALLY BY Name 

address   name                                
-------   ----                                
70003d11  AddrTranslateP_getLocalAddr         
70005451  Board_driversOpen                   
70004db5  Bootloader_BootImageInfo_init       
70002685  Bootloader_Params_init              
700053b7  Bootloader_close                    
7000472d  Bootloader_findSeq                  
700053c9  Bootloader_getBootMedia             
70003439  Bootloader_getMsgLen                
70004b0b  Bootloader_getX509CertLen           
700053d9  Bootloader_isCorePresent            
70004771  Bootloader_loadCpu                  
70003309  Bootloader_loadSelfCpu              
70004a91  Bootloader_open                     
70002ef5  Bootloader_parseMultiCoreAppImage   
70002e2d  Bootloader_rprcImageLoad            
70004fa9  Bootloader_rprcImageParseEntryPoint 
70004199  Bootloader_runCpu                   
700050a5  Bootloader_runSelfCpu               
70005321  Bootloader_socAuthImage             
70005171  Bootloader_socCpuGetClkDefault      
70003f71  Bootloader_socCpuGetClock           
70004f09  Bootloader_socCpuPowerOnReset       
70003d79  Bootloader_socCpuPowerOnResetA53    
70002d3d  Bootloader_socCpuPowerOnResetM4f    
7000250d  Bootloader_socCpuPowerOnResetR5f    
70003fcd  Bootloader_socCpuRelease            
70004029  Bootloader_socCpuRequest            
70001cf1  Bootloader_socCpuResetRelease       
70002b35  Bootloader_socCpuResetReleaseSelf   
700039f9  Bootloader_socCpuSetClock           
70003985  Bootloader_socCpuSetEntryPoint      
7000518d  Bootloader_socGetCoreName           
70000e79  Bootloader_socGetSBLMem             
70004521  Bootloader_socInitR5FAtcmBtcm       
700051a9  Bootloader_socIsAuthRequired        
70004cd9  Bootloader_socMemInitCpu            
70003a69  Bootloader_socOpenFirewalls         
700051c5  Bootloader_socRprcToCslCoreId       
70004b45  Bootloader_socTranslateSectionAddr  
70000aed  Bootloader_socWaitForFWBoot         
70002391  Bootloader_verifyMulticoreImage     
70004de5  Bootloader_xmodemReceive            
70004e15  Bootloader_xmodemTransmit           
70004b7d  BufIo_sendTransferComplete          
70002c38  C$$EXIT                             
70003673  CSL_secProxyGetDataAddr             
70005fc0  CacheP_configForceWrThru            
70006071  CacheP_disable                      
70005cb0  CacheP_disableL1d                   
70005cd8  CacheP_disableL1p                   
700060b1  CacheP_enable                       
70005cf0  CacheP_enableL1d                    
70005d08  CacheP_enableL1p                    
70005fb4  CacheP_getCacheLevelInfo            
70005f7c  CacheP_getEnabled                   
70005ff1  CacheP_init                         
700060d1  CacheP_inv                          
70005d20  CacheP_invL1d                       
70005d94  CacheP_invL1dAll                    
70005d58  CacheP_invL1p                       
70005d9c  CacheP_invL1pAll                    
70005fe0  CacheP_setDLFO                      
70005da4  CacheP_wb                           
70005e1c  CacheP_wbAll                        
70005de0  CacheP_wbInv                        
70005ec4  CacheP_wbInvAll                     
70005edc  CacheP_wbInvAllAsm                  
70005411  ClockP_Params_init                  
70004391  ClockP_construct                    
70004ad1  ClockP_destruct                     
70005401  ClockP_getTicks                     
70004571  ClockP_getTimeUsec                  
70005461  ClockP_getTimerCount                
70002c41  ClockP_init                         
70005421  ClockP_isActive                     
70004fd1  ClockP_sleep                        
70004d11  ClockP_start                        
700048d1  ClockP_stop                         
70005471  ClockP_timerClearOverflowInt        
70003bc1  ClockP_timerTickIsr                 
700050d1  DebugP_logZoneEnable                
700054d1  Dpl_deinit                          
70004911  Dpl_init                            
700052c1  Drivers_close                       
70005481  Drivers_open                        
700045c1  Drivers_uartOpen                    
70005641  HwiP_Params_init                    
700055f1  HwiP_clearInt                       
70005661  HwiP_construct                      
70005b91  HwiP_data_abort_handler             
700057b1  HwiP_destruct                       
70005c38  HwiP_disable                        
70005c48  HwiP_disableFIQ                     
70005551  HwiP_disableInt                     
70005c90  HwiP_disableVIC                     
70005c58  HwiP_enable                         
70005c68  HwiP_enableFIQ                      
70005521  HwiP_enableInt                      
70005c80  HwiP_enableVIC                      
70005a11  HwiP_fiq_handler                    
70005ca0  HwiP_getCPSR                        
70005961  HwiP_inISR                          
70005891  HwiP_init                           
70005bc0  HwiP_irq_handler                    
70005981  HwiP_irq_handler_c                  
70005611  HwiP_post                           
70005b61  HwiP_prefetch_abort_handler         
70005ad1  HwiP_reserved_handler               
70005c78  HwiP_restore                        
70005591  HwiP_restoreInt                     
70005b31  HwiP_svc_handler                    
70005b01  HwiP_undefined_handler              
70004e51  Module_clockDisable                 
70004e81  Module_clockEnable                  
70004ca1  Module_clockSetFrequency            
70006111  MpuP_RegionAttrs_init               
70006211  MpuP_disable                        
700062c4  MpuP_disableAsm                     
700062dc  MpuP_disableBRAsm                   
700061d1  MpuP_enable                         
700062ec  MpuP_enableAsm                      
70006304  MpuP_enableBRAsm                    
70006261  MpuP_init                           
70006251  MpuP_isEnable                       
70006314  MpuP_isEnableAsm                    
70006121  MpuP_setRegion                      
70006328  MpuP_setRegionAsm                   
70003061  Pinmux_config                       
70005081  Pinmux_init                         
70005491  PowerClock_deinit                   
700053f1  PowerClock_init                     
70004eaf  SOC_controlModuleLockMMR            
70004bb5  SOC_controlModuleUnlockMMR          
70003c2d  SOC_moduleClockEnable               
700027c3  SOC_moduleSetClockFrequency         
70002fad  Sciclient_deinit                    
70004951  Sciclient_firewallChangeOwnerInfo   
70004991  Sciclient_firewallSetRegion         
700043e1  Sciclient_getContext                
70004bed  Sciclient_getCurrentContext         
7000534d  Sciclient_getDevId                  
70003c99  Sciclient_init                      
70003de1  Sciclient_pmGetModuleClkFreq        
70003819  Sciclient_pmGetModuleClkNumParent   
70003e47  Sciclient_pmGetModuleClkParent      
70003b49  Sciclient_pmGetModuleState          
7000413d  Sciclient_pmModuleClkRequest        
70003ead  Sciclient_pmModuleGetClkStatus      
70003267  Sciclient_pmQueryModuleClkFreq      
70003559  Sciclient_pmSetModuleClkFreq        
70003f11  Sciclient_pmSetModuleClkParent      
700047b5  Sciclient_pmSetModuleRst            
700046a1  Sciclient_pmSetModuleRst_flags      
70004249  Sciclient_pmSetModuleState          
70004881  Sciclient_procBootAuthAndStart      
700046e7  Sciclient_procBootGetProcessorState 
700044d1  Sciclient_procBootReleaseProcessor  
700047f9  Sciclient_procBootRequestProcessor  
70004a11  Sciclient_procBootSetProcessorCfg   
700041f1  Sciclient_procBootSetSequenceCtrl   
70003893  Sciclient_procBootWaitProcessorState
70001191  Sciclient_service                   
70004431  Sciclient_waitForBootNotification   
700049d1  SemaphoreP_constructBinary          
70004a51  SemaphoreP_constructMutex           
700054e1  SemaphoreP_destruct                 
700033a1  SemaphoreP_pend                     
70004d81  SemaphoreP_post                     
70005111  System_deinit                       
70005001  System_init                         
7000521c  TI_memcpy_small                     
70005308  TI_memset_small                     
700054f1  TaskP_yield                         
70005131  TimerP_Params_init                  
70005381  TimerP_clearOverflowInt             
700054a1  TimerP_getCount                     
700054b1  TimerP_getReloadCount               
70001eb1  TimerP_setup                        
70005431  TimerP_start                        
700028f1  UART_close                          
700052f1  UART_deinit                         
70004659  UART_dmaClose                       
7000460d  UART_dmaDisableChannel              
70004c25  UART_dmaOpen                        
700034c9  UART_flushTxFifo                    
70004edd  UART_getHandle                      
7000370d  UART_init                           
70000699  UART_open                           
700016f9  UART_read                           
7000526f  UART_readInterruptDma               
70001b09  UART_write                          
70005289  UART_writeInterruptDma              
700040e1  _DebugP_assert                      
70006451  _DebugP_assertNoLog                 
70004c61  _DebugP_logZone                     
700565d0  __ABORT_STACK_END                   
00000100  __ABORT_STACK_SIZE                  
700564d0  __ABORT_STACK_START                 
700552d0  __BSS_END                           
70054000  __BSS_START                         
700563d0  __FIQ_STACK_END                     
00000100  __FIQ_STACK_SIZE                    
700562d0  __FIQ_STACK_START                   
700562d0  __IRQ_STACK_END                     
00001000  __IRQ_STACK_SIZE                    
700552d0  __IRQ_STACK_START                   
70054000  __STACK_END                         
00004000  __STACK_SIZE                        
700564d0  __SVC_STACK_END                     
00000100  __SVC_STACK_SIZE                    
700563d0  __SVC_STACK_START                   
UNDEFED   __TI_CINIT_Base                     
UNDEFED   __TI_CINIT_Limit                    
UNDEFED   __TI_Handler_Table_Base             
UNDEFED   __TI_Handler_Table_Limit            
70004480  __TI_auto_init_nobinit_nopinit      
ffffffff  __TI_pprof_out_hndl                 
ffffffff  __TI_prof_data_size                 
ffffffff  __TI_prof_data_start                
70000000  __TI_static_base__                  
700566d0  __UNDEFINED_STACK_END               
00000100  __UNDEFINED_STACK_SIZE              
700565d0  __UNDEFINED_STACK_START             
700054c0  __aeabi_ldiv0                       
70005248  __aeabi_memclr                      
70005248  __aeabi_memclr4                     
70005248  __aeabi_memclr8                     
700031b8  __aeabi_memcpy                      
700031b8  __aeabi_memcpy4                     
700031b8  __aeabi_memcpy8                     
70005238  __aeabi_memset                      
70005238  __aeabi_memset4                     
70005238  __aeabi_memset8                     
70005054  __aeabi_uldivmod                    
ffffffff  __binit__                           
70006471  __mpu_init                          
70050000  __stack                             
70050000  __start___llvm_prf_bits             
70050000  __start___llvm_prf_cnts             
70050000  __stop___llvm_prf_bits              
70050000  __stop___llvm_prf_cnts              
70002a1c  __udivmoddi4                        
70006374  _c_int00                            
70006350  _c_int00_sbl                        
7000483d  _inbyte                             
70004d45  _outbyte                            
UNDEFED   _system_post_cinit                  
70005201  _system_pre_init                    
70000000  _vectors_sbl                        
70002c38  abort                               
ffffffff  binit                               
70004f81  crc16_ccitt                         
700067f0  gAddrTranslateConfig                
70006480  gAddrTranslateInfo                  
70180000  gAppImageBuf                        
70006808  gBootloader0Args                    
70006750  gBootloaderConfig                   
7000672c  gBootloaderConfigNum                
700067b4  gBootloaderMemFxns                  
70006810  gCacheConfig                        
70006838  gCacheL1dCacheLineSize              
7000683c  gCacheL1pCacheLineSize              
700067c8  gClockConfig                        
70055288  gClockCtrl                          
70006544  gCoreBootInfo                       
70006840  gDebugLogZone                       
70006844  gHwiConfig                          
70054000  gHwiCtrl                            
700067fc  gMpuConfig                          
700066dc  gMpuRegionConfig                    
700067dc  gResMemSection                      
70007524  gSOC_r5fVectors                     
70006fcc  gSciclientMap                       
70006730  gSciclientSecProxyCfg               
70006820  gSocModules                         
7000679c  gSocModulesClockFrequency           
70006830  gUartConfig                         
70006848  gUartConfigNum                      
70006480  gUartDmaConfig                      
7000684c  gUartDmaConfigNum                   
700552c8  gUartHandle                         
70006688  gUartParams                         
70001471  main                                
70006850  operatingMode                       
70005511  putchar_                            
70005031  vprintf_                            
7000190d  xmodemReceive                       
70002071  xmodemTransmit                      


GLOBAL SYMBOLS: SORTED BY Symbol Address 

address   name                                
-------   ----                                
00000100  __ABORT_STACK_SIZE                  
00000100  __FIQ_STACK_SIZE                    
00000100  __SVC_STACK_SIZE                    
00000100  __UNDEFINED_STACK_SIZE              
00001000  __IRQ_STACK_SIZE                    
00004000  __STACK_SIZE                        
70000000  __TI_static_base__                  
70000000  _vectors_sbl                        
70000699  UART_open                           
70000aed  Bootloader_socWaitForFWBoot         
70000e79  Bootloader_socGetSBLMem             
70001191  Sciclient_service                   
70001471  main                                
700016f9  UART_read                           
7000190d  xmodemReceive                       
70001b09  UART_write                          
70001cf1  Bootloader_socCpuResetRelease       
70001eb1  TimerP_setup                        
70002071  xmodemTransmit                      
70002391  Bootloader_verifyMulticoreImage     
7000250d  Bootloader_socCpuPowerOnResetR5f    
70002685  Bootloader_Params_init              
700027c3  SOC_moduleSetClockFrequency         
700028f1  UART_close                          
70002a1c  __udivmoddi4                        
70002b35  Bootloader_socCpuResetReleaseSelf   
70002c38  C$$EXIT                             
70002c38  abort                               
70002c41  ClockP_init                         
70002d3d  Bootloader_socCpuPowerOnResetM4f    
70002e2d  Bootloader_rprcImageLoad            
70002ef5  Bootloader_parseMultiCoreAppImage   
70002fad  Sciclient_deinit                    
70003061  Pinmux_config                       
700031b8  __aeabi_memcpy                      
700031b8  __aeabi_memcpy4                     
700031b8  __aeabi_memcpy8                     
70003267  Sciclient_pmQueryModuleClkFreq      
70003309  Bootloader_loadSelfCpu              
700033a1  SemaphoreP_pend                     
70003439  Bootloader_getMsgLen                
700034c9  UART_flushTxFifo                    
70003559  Sciclient_pmSetModuleClkFreq        
70003673  CSL_secProxyGetDataAddr             
7000370d  UART_init                           
70003819  Sciclient_pmGetModuleClkNumParent   
70003893  Sciclient_procBootWaitProcessorState
70003985  Bootloader_socCpuSetEntryPoint      
700039f9  Bootloader_socCpuSetClock           
70003a69  Bootloader_socOpenFirewalls         
70003b49  Sciclient_pmGetModuleState          
70003bc1  ClockP_timerTickIsr                 
70003c2d  SOC_moduleClockEnable               
70003c99  Sciclient_init                      
70003d11  AddrTranslateP_getLocalAddr         
70003d79  Bootloader_socCpuPowerOnResetA53    
70003de1  Sciclient_pmGetModuleClkFreq        
70003e47  Sciclient_pmGetModuleClkParent      
70003ead  Sciclient_pmModuleGetClkStatus      
70003f11  Sciclient_pmSetModuleClkParent      
70003f71  Bootloader_socCpuGetClock           
70003fcd  Bootloader_socCpuRelease            
70004029  Bootloader_socCpuRequest            
700040e1  _DebugP_assert                      
7000413d  Sciclient_pmModuleClkRequest        
70004199  Bootloader_runCpu                   
700041f1  Sciclient_procBootSetSequenceCtrl   
70004249  Sciclient_pmSetModuleState          
70004391  ClockP_construct                    
700043e1  Sciclient_getContext                
70004431  Sciclient_waitForBootNotification   
70004480  __TI_auto_init_nobinit_nopinit      
700044d1  Sciclient_procBootReleaseProcessor  
70004521  Bootloader_socInitR5FAtcmBtcm       
70004571  ClockP_getTimeUsec                  
700045c1  Drivers_uartOpen                    
7000460d  UART_dmaDisableChannel              
70004659  UART_dmaClose                       
700046a1  Sciclient_pmSetModuleRst_flags      
700046e7  Sciclient_procBootGetProcessorState 
7000472d  Bootloader_findSeq                  
70004771  Bootloader_loadCpu                  
700047b5  Sciclient_pmSetModuleRst            
700047f9  Sciclient_procBootRequestProcessor  
7000483d  _inbyte                             
70004881  Sciclient_procBootAuthAndStart      
700048d1  ClockP_stop                         
70004911  Dpl_init                            
70004951  Sciclient_firewallChangeOwnerInfo   
70004991  Sciclient_firewallSetRegion         
700049d1  SemaphoreP_constructBinary          
70004a11  Sciclient_procBootSetProcessorCfg   
70004a51  SemaphoreP_constructMutex           
70004a91  Bootloader_open                     
70004ad1  ClockP_destruct                     
70004b0b  Bootloader_getX509CertLen           
70004b45  Bootloader_socTranslateSectionAddr  
70004b7d  BufIo_sendTransferComplete          
70004bb5  SOC_controlModuleUnlockMMR          
70004bed  Sciclient_getCurrentContext         
70004c25  UART_dmaOpen                        
70004c61  _DebugP_logZone                     
70004ca1  Module_clockSetFrequency            
70004cd9  Bootloader_socMemInitCpu            
70004d11  ClockP_start                        
70004d45  _outbyte                            
70004d81  SemaphoreP_post                     
70004db5  Bootloader_BootImageInfo_init       
70004de5  Bootloader_xmodemReceive            
70004e15  Bootloader_xmodemTransmit           
70004e51  Module_clockDisable                 
70004e81  Module_clockEnable                  
70004eaf  SOC_controlModuleLockMMR            
70004edd  UART_getHandle                      
70004f09  Bootloader_socCpuPowerOnReset       
70004f81  crc16_ccitt                         
70004fa9  Bootloader_rprcImageParseEntryPoint 
70004fd1  ClockP_sleep                        
70005001  System_init                         
70005031  vprintf_                            
70005054  __aeabi_uldivmod                    
70005081  Pinmux_init                         
700050a5  Bootloader_runSelfCpu               
700050d1  DebugP_logZoneEnable                
70005111  System_deinit                       
70005131  TimerP_Params_init                  
70005171  Bootloader_socCpuGetClkDefault      
7000518d  Bootloader_socGetCoreName           
700051a9  Bootloader_socIsAuthRequired        
700051c5  Bootloader_socRprcToCslCoreId       
70005201  _system_pre_init                    
7000521c  TI_memcpy_small                     
70005238  __aeabi_memset                      
70005238  __aeabi_memset4                     
70005238  __aeabi_memset8                     
70005248  __aeabi_memclr                      
70005248  __aeabi_memclr4                     
70005248  __aeabi_memclr8                     
7000526f  UART_readInterruptDma               
70005289  UART_writeInterruptDma              
700052c1  Drivers_close                       
700052f1  UART_deinit                         
70005308  TI_memset_small                     
70005321  Bootloader_socAuthImage             
7000534d  Sciclient_getDevId                  
70005381  TimerP_clearOverflowInt             
700053b7  Bootloader_close                    
700053c9  Bootloader_getBootMedia             
700053d9  Bootloader_isCorePresent            
700053f1  PowerClock_init                     
70005401  ClockP_getTicks                     
70005411  ClockP_Params_init                  
70005421  ClockP_isActive                     
70005431  TimerP_start                        
70005451  Board_driversOpen                   
70005461  ClockP_getTimerCount                
70005471  ClockP_timerClearOverflowInt        
70005481  Drivers_open                        
70005491  PowerClock_deinit                   
700054a1  TimerP_getCount                     
700054b1  TimerP_getReloadCount               
700054c0  __aeabi_ldiv0                       
700054d1  Dpl_deinit                          
700054e1  SemaphoreP_destruct                 
700054f1  TaskP_yield                         
70005511  putchar_                            
70005521  HwiP_enableInt                      
70005551  HwiP_disableInt                     
70005591  HwiP_restoreInt                     
700055f1  HwiP_clearInt                       
70005611  HwiP_post                           
70005641  HwiP_Params_init                    
70005661  HwiP_construct                      
700057b1  HwiP_destruct                       
70005891  HwiP_init                           
70005961  HwiP_inISR                          
70005981  HwiP_irq_handler_c                  
70005a11  HwiP_fiq_handler                    
70005ad1  HwiP_reserved_handler               
70005b01  HwiP_undefined_handler              
70005b31  HwiP_svc_handler                    
70005b61  HwiP_prefetch_abort_handler         
70005b91  HwiP_data_abort_handler             
70005bc0  HwiP_irq_handler                    
70005c38  HwiP_disable                        
70005c48  HwiP_disableFIQ                     
70005c58  HwiP_enable                         
70005c68  HwiP_enableFIQ                      
70005c78  HwiP_restore                        
70005c80  HwiP_enableVIC                      
70005c90  HwiP_disableVIC                     
70005ca0  HwiP_getCPSR                        
70005cb0  CacheP_disableL1d                   
70005cd8  CacheP_disableL1p                   
70005cf0  CacheP_enableL1d                    
70005d08  CacheP_enableL1p                    
70005d20  CacheP_invL1d                       
70005d58  CacheP_invL1p                       
70005d94  CacheP_invL1dAll                    
70005d9c  CacheP_invL1pAll                    
70005da4  CacheP_wb                           
70005de0  CacheP_wbInv                        
70005e1c  CacheP_wbAll                        
70005ec4  CacheP_wbInvAll                     
70005edc  CacheP_wbInvAllAsm                  
70005f7c  CacheP_getEnabled                   
70005fb4  CacheP_getCacheLevelInfo            
70005fc0  CacheP_configForceWrThru            
70005fe0  CacheP_setDLFO                      
70005ff1  CacheP_init                         
70006071  CacheP_disable                      
700060b1  CacheP_enable                       
700060d1  CacheP_inv                          
70006111  MpuP_RegionAttrs_init               
70006121  MpuP_setRegion                      
700061d1  MpuP_enable                         
70006211  MpuP_disable                        
70006251  MpuP_isEnable                       
70006261  MpuP_init                           
700062c4  MpuP_disableAsm                     
700062dc  MpuP_disableBRAsm                   
700062ec  MpuP_enableAsm                      
70006304  MpuP_enableBRAsm                    
70006314  MpuP_isEnableAsm                    
70006328  MpuP_setRegionAsm                   
70006350  _c_int00_sbl                        
70006374  _c_int00                            
70006451  _DebugP_assertNoLog                 
70006471  __mpu_init                          
70006480  gAddrTranslateInfo                  
70006480  gUartDmaConfig                      
70006544  gCoreBootInfo                       
70006688  gUartParams                         
700066dc  gMpuRegionConfig                    
7000672c  gBootloaderConfigNum                
70006730  gSciclientSecProxyCfg               
70006750  gBootloaderConfig                   
7000679c  gSocModulesClockFrequency           
700067b4  gBootloaderMemFxns                  
700067c8  gClockConfig                        
700067dc  gResMemSection                      
700067f0  gAddrTranslateConfig                
700067fc  gMpuConfig                          
70006808  gBootloader0Args                    
70006810  gCacheConfig                        
70006820  gSocModules                         
70006830  gUartConfig                         
70006838  gCacheL1dCacheLineSize              
7000683c  gCacheL1pCacheLineSize              
70006840  gDebugLogZone                       
70006844  gHwiConfig                          
70006848  gUartConfigNum                      
7000684c  gUartDmaConfigNum                   
70006850  operatingMode                       
70006fcc  gSciclientMap                       
70007524  gSOC_r5fVectors                     
70050000  __stack                             
70050000  __start___llvm_prf_bits             
70050000  __start___llvm_prf_cnts             
70050000  __stop___llvm_prf_bits              
70050000  __stop___llvm_prf_cnts              
70054000  __BSS_START                         
70054000  __STACK_END                         
70054000  gHwiCtrl                            
70055288  gClockCtrl                          
700552c8  gUartHandle                         
700552d0  __BSS_END                           
700552d0  __IRQ_STACK_START                   
700562d0  __FIQ_STACK_START                   
700562d0  __IRQ_STACK_END                     
700563d0  __FIQ_STACK_END                     
700563d0  __SVC_STACK_START                   
700564d0  __ABORT_STACK_START                 
700564d0  __SVC_STACK_END                     
700565d0  __ABORT_STACK_END                   
700565d0  __UNDEFINED_STACK_START             
700566d0  __UNDEFINED_STACK_END               
70180000  gAppImageBuf                        
ffffffff  __TI_pprof_out_hndl                 
ffffffff  __TI_prof_data_size                 
ffffffff  __TI_prof_data_start                
ffffffff  __binit__                           
ffffffff  binit                               
UNDEFED   __TI_CINIT_Base                     
UNDEFED   __TI_CINIT_Limit                    
UNDEFED   __TI_Handler_Table_Base             
UNDEFED   __TI_Handler_Table_Limit            
UNDEFED   _system_post_cinit                  

[288 symbols]
