******************************************************************************
            TI ARM Clang Linker Unix v2.1.1                    
******************************************************************************
>> Linked Thu Sep 29 15:50:00 2022

OUTPUT FILE NAME:   <sbl_jtag_uniflash.debug.out>
ENTRY POINT SYMBOL: "_vectors_sbl"  address: 70000000


MEMORY CONFIGURATION

         name            origin    length      used     unused   attr    fill
----------------------  --------  ---------  --------  --------  ----  --------
  R5F_VECS              00000000   00000040  00000000  00000040  RWIX
  R5F_TCMA              00000040   00007fc0  00000000  00007fc0  RWIX
  R5F_TCMB0             41010000   00008000  00000000  00008000  RWIX
  MSRAM_VECS            70000000   00000100  00000040  000000c0  RWIX
  MSRAM_0               70000100   00070f00  0000d910  000635f0  RWIX
  MSRAM_1               70071000   0001f000  00016980  00008680  RWIX
  MSRAM_2               70090000   00150000  00150000  00000000  RWIX


SEGMENT ALLOCATION MAP

run origin  load origin   length   init length attrs members
----------  ----------- ---------- ----------- ----- -------
70000000    70000000    00000040   00000040    r-x
  70000000    70000000    00000040   00000040    r-x .vectors
70000100    70000100    0000c4e0   0000c4e0    r-x
  70000100    70000100    0000b1c0   0000b1c0    r-x .text
  7000b2c0    7000b2c0    00000a80   00000a80    r-x .text.hwi
  7000bd40    7000bd40    00000490   00000490    r-x .text.cache
  7000c1d0    7000c1d0    000002d0   000002d0    r-x .text.mpu
  7000c4a0    7000c4a0    00000140   00000140    r-x .text.boot
7000c5e0    7000c5e0    00000728   00000728    rw-
  7000c5e0    7000c5e0    00000728   00000728    rw- .data
7000cd10    7000cd10    00000d00   00000d00    r--
  7000cd10    7000cd10    00000d00   00000d00    r-- .rodata
70071000    70071000    00015580   00000000    rw-
  70071000    70071000    00009580   00000000    rw- .bss
  7007a580    7007a580    00008000   00000000    rw- .sysmem
  70082580    70082580    00004000   00000000    rw- .stack
70086580    70086580    00001400   00000000    r--
  70086580    70086580    00001000   00000000    r-- .irqstack
  70087580    70087580    00000100   00000000    r-- .fiqstack
  70087680    70087680    00000100   00000000    r-- .svcstack
  70087780    70087780    00000100   00000000    r-- .abortstack
  70087880    70087880    00000100   00000000    r-- .undefinedstack


SECTION ALLOCATION MAP

 output                                  attributes/
section   page    origin      length       input sections
--------  ----  ----------  ----------   ----------------
.vectors   0    70000000    00000040     
                  70000000    00000040     nortos.am243x.r5f.ti-arm-clang.debug.lib : HwiP_armv7r_vectors_nortos_sbl_asm.obj (.vectors)

.text      0    70000100    0000b1c0     
                  70000100    00000a34     nortos.am243x.r5f.ti-arm-clang.debug.lib : printf.obj (.text._vsnprintf)
                  70000b34    0000000c     libc.a : aeabi_portable.c.obj (.text.__aeabi_errno_addr)
                  70000b40    00000826     drivers.am243x.r5f.ti-arm-clang.debug.lib : ospi_phy.obj (.text.OSPI_phyFindOTP1)
                  70001366    00000002     --HOLE-- [fill = 0]
                  70001368    00000008     libc.a : exit.c.obj (.text:abort)
                  70001370    00000550     drivers.am243x.r5f.ti-arm-clang.debug.lib : ospi_phy.obj (.text.OSPI_phyFindOTP2)
                  700018c0    0000051e     nortos.am243x.r5f.ti-arm-clang.debug.lib : printf.obj (.text._ftoa)
                  70001dde    00000002     --HOLE-- [fill = 0]
                  70001de0    00000478                                              : printf.obj (.text._etoa)
                  70002258    00000004     libc.a : _lock.c.obj (.text._nop)
                  7000225c    00000004            : fseek.c.obj (.text.fseek)
                  70002260    00000342     board.am243x.r5f.ti-arm-clang.debug.lib : flash_nor_ospi.obj (.text.Flash_setQeBit)
                  700025a2    00000002     --HOLE-- [fill = 0]
                  700025a4    0000000c     libc.a : memory.c.obj (.text.malloc)
                  700025b0    000002da     drivers.am243x.r5f.ti-arm-clang.debug.lib : sciclient.obj (.text.Sciclient_service)
                  7000288a    00000002     --HOLE-- [fill = 0]
                  7000288c    00000004     libc.a : ftell.c.obj (.text.ftell)
                  70002890    000002ae     nortos.am243x.r5f.ti-arm-clang.debug.lib : TimerP.obj (.text.TimerP_setup)
                  70002b3e    00000002     --HOLE-- [fill = 0]
                  70002b40    00000298     libc.a : fgets.c.obj (.text._dofgets)
                  70002dd8    00000004     libsysbm.a : remove.c.obj (.text.remove)
                  70002ddc    00000004     libclang_rt.builtins.a : aeabi_memcpy.S.obj (.text)
                  70002de0    00000296     main.obj (.text.sbl_jtag_uniflash_load_file)
                  70003076    0000000a     --HOLE-- [fill = 0]
                  70003080    0000028a     drivers.am243x.r5f.ti-arm-clang.debug.lib : ospi_v0.obj (.text.OSPI_programInstance)
                  7000330a    00000006     --HOLE-- [fill = 0]
                  70003310    0000023e     nortos.am243x.r5f.ti-arm-clang.debug.lib : printf.obj (.text._ntoa_format)
                  7000354e    00000002     --HOLE-- [fill = 0]
                  70003550    00000238     board.am243x.r5f.ti-arm-clang.debug.lib : flash_nor_ospi.obj (.text.Flash_set888mode)
                  70003788    00000208     libc.a : strtol.c.obj (.text.strtol)
                  70003990    00000202     board.am243x.r5f.ti-arm-clang.debug.lib : flash_nor_ospi.obj (.text.Flash_norOspiOpen)
                  70003b92    0000000e     --HOLE-- [fill = 0]
                  70003ba0    000001ea     drivers.am243x.r5f.ti-arm-clang.debug.lib : ospi_v0.obj (.text.OSPI_open)
                  70003d8a    00000002     --HOLE-- [fill = 0]
                  70003d8c    000001d0     libclang_rt.builtins.a : udivsi3.S.obj (.text)
                  70003f5c    000001c0     libc.a : fopen.c.obj (.text._openfile)
                  7000411c    00000004     --HOLE-- [fill = 0]
                  70004120    000001c0     main.obj (.text.sbl_jtag_uniflash_write_file)
                  700042e0    000001b8     libc.a : memory.c.obj (.text.aligned_alloc)
                  70004498    000001b8            : memory.c.obj (.text.free)
                  70004650    000001b4     drivers.am243x.r5f.ti-arm-clang.debug.lib : soc.obj (.text.SOC_moduleSetClockFrequency)
                  70004804    0000000c     --HOLE-- [fill = 0]
                  70004810    00000184     board.am243x.r5f.ti-arm-clang.debug.lib : flash_nor_ospi.obj (.text.Flash_set444mode)
                  70004994    0000000c     --HOLE-- [fill = 0]
                  700049a0    0000017e     drivers.am243x.r5f.ti-arm-clang.debug.lib : ospi_v0.obj (.text.OSPI_readCmd)
                  70004b1e    00000002     --HOLE-- [fill = 0]
                  70004b20    00000172     nortos.am243x.r5f.ti-arm-clang.debug.lib : ClockP_nortos_r5.obj (.text.ClockP_init)
                  70004c92    0000000e     --HOLE-- [fill = 0]
                  70004ca0    0000016c     drivers.am243x.r5f.ti-arm-clang.debug.lib : ospi_v0.obj (.text.OSPI_readDirect)
                  70004e0c    00000004     --HOLE-- [fill = 0]
                  70004e10    0000015e     main.obj (.text.sbl_jtag_uniflash_verify_file)
                  70004f6e    00000002     --HOLE-- [fill = 0]
                  70004f70    00000150     drivers.am243x.r5f.ti-arm-clang.debug.lib : ospi_v0.obj (.text.OSPI_writeCmd)
                  700050c0    0000014e                                               : ospi_v0.obj (.text.OSPI_writeIndirect)
                  7000520e    00000002     --HOLE-- [fill = 0]
                  70005210    00000144     libc.a : setvbuf.c.obj (.text.setvbuf)
                  70005354    0000000c     --HOLE-- [fill = 0]
                  70005360    00000142     drivers.am243x.r5f.ti-arm-clang.debug.lib : sciclient.obj (.text.Sciclient_sendMessage)
                  700054a2    0000000e     --HOLE-- [fill = 0]
                  700054b0    00000138     nortos.am243x.r5f.ti-arm-clang.debug.lib : printf.obj (.text._ntoa_long_long)
                  700055e8    00000008     --HOLE-- [fill = 0]
                  700055f0    00000136     main.obj (.text.main)
                  70005726    0000000a     --HOLE-- [fill = 0]
                  70005730    00000130     drivers.am243x.r5f.ti-arm-clang.debug.lib : sciclient.obj (.text.Sciclient_recvMessage)
                  70005860    0000012a                                               : sciclient_pm.obj (.text.Sciclient_pmQueryModuleClkFreq)
                  7000598a    00000006     --HOLE-- [fill = 0]
                  70005990    00000126     board.am243x.r5f.ti-arm-clang.debug.lib : flash_nor_ospi.obj (.text.Flash_norOspiWrite)
                  70005ab6    00000002     --HOLE-- [fill = 0]
                  70005ab8    00000120     libsysbm.a : open.c.obj (.text.open)
                  70005bd8    00000008     --HOLE-- [fill = 0]
                  70005be0    0000011c     board.am243x.r5f.ti-arm-clang.debug.lib : flash_nor_ospi.obj (.text.Flash_norOspiReset)
                  70005cfc    00000118     libclang_rt.builtins.a : udivmoddi4.S.obj (.text)
                  70005e14    0000000c     --HOLE-- [fill = 0]
                  70005e20    00000114     board.am243x.r5f.ti-arm-clang.debug.lib : flash_nor_ospi.obj (.text.Flash_norOspiSetProtocol)
                  70005f34    0000000c     --HOLE-- [fill = 0]
                  70005f40    00000114     nortos.am243x.r5f.ti-arm-clang.debug.lib : printf.obj (.text._ntoa_long)
                  70006054    0000000c     --HOLE-- [fill = 0]
                  70006060    00000110     board.am243x.r5f.ti-arm-clang.debug.lib : flash_nor_ospi.obj (.text.Flash_norOspiWaitReady)
                  70006170    00000110     drivers.am243x.r5f.ti-arm-clang.debug.lib : sciclient_pm.obj (.text.Sciclient_pmSetModuleClkFreq)
                  70006280    0000010a     board.am243x.r5f.ti-arm-clang.debug.lib : flash_nor_ospi.obj (.text.Flash_norOspiErase)
                  7000638a    00000006     --HOLE-- [fill = 0]
                  70006390    0000010a                                             : flash_nor_ospi.obj (.text.Flash_norOspiEraseSector)
                  7000649a    00000006     --HOLE-- [fill = 0]
                  700064a0    00000106     drivers.am243x.r5f.ti-arm-clang.debug.lib : ospi_v0.obj (.text.OSPI_setProtocol)
                  700065a6    00000002     --HOLE-- [fill = 0]
                  700065a8    000000f8     libc.a : fopen.c.obj (.text.fopen)
                  700066a0    000000f0     nortos.am243x.r5f.ti-arm-clang.debug.lib : SemaphoreP_nortos.obj (.text.SemaphoreP_pend)
                  70006790    000000ea                                              : AddrTranslateP.obj (.text.AddrTranslateP_getLocalAddr)
                  7000687a    00000002     --HOLE-- [fill = 0]
                  7000687c    000000e8     libc.a : _bufread.c.obj (.text.__TI_buff_read)
                  70006964    000000e8            : fputc.c.obj (.text.fputc)
                  70006a4c    00000004     --HOLE-- [fill = 0]
                  70006a50    000000e2     board.am243x.r5f.ti-arm-clang.debug.lib : flash_nor_ospi.obj (.text.Flash_norOspiReadId)
                  70006b32    0000000e     --HOLE-- [fill = 0]
                  70006b40    000000de                                             : flash_nor_ospi.obj (.text.Flash_norOspiSet4ByteAddrMode)
                  70006c1e    00000002     --HOLE-- [fill = 0]
                  70006c20    000000de     drivers.am243x.r5f.ti-arm-clang.debug.lib : sciclient.obj (.text.Sciclient_waitForMessage)
                  70006cfe    00000002     --HOLE-- [fill = 0]
                  70006d00    000000d8     board.am243x.r5f.ti-arm-clang.debug.lib : flash_nor_ospi.obj (.text.Flash_norOspiSetRegCfg)
                  70006dd8    00000008     --HOLE-- [fill = 0]
                  70006de0    000000d6                                             : flash_nor_ospi.obj (.text.Flash_setOeBit)
                  70006eb6    0000000a     --HOLE-- [fill = 0]
                  70006ec0    000000d4     drivers.am243x.r5f.ti-arm-clang.debug.lib : pinmux.obj (.text.Pinmux_unlockMMR)
                  70006f94    0000000c     --HOLE-- [fill = 0]
                  70006fa0    000000ca                                               : ospi_phy.obj (.text.OSPI_phyResyncDLL)
                  7000706a    00000002     --HOLE-- [fill = 0]
                  7000706c    000000c8     libc.a : getdevice.c.obj (.text.getdevice)
                  70007134    0000000c     --HOLE-- [fill = 0]
                  70007140    000000c2     ti_board_open_close.obj (.text.Board_flashOpen)
                  70007202    0000000e     --HOLE-- [fill = 0]
                  70007210    000000c0     nortos.am243x.r5f.ti-arm-clang.debug.lib : printf.obj (.text._out_rev)
                  700072d0    000000ba                                              : ClockP_nortos.obj (.text.ClockP_stop)
                  7000738a    00000006     --HOLE-- [fill = 0]
                  70007390    000000b8                                              : ClockP_nortos.obj (.text.ClockP_timerTickIsr)
                  70007448    00000008     --HOLE-- [fill = 0]
                  70007450    000000b8     board.am243x.r5f.ti-arm-clang.debug.lib : flash.obj (.text.Flash_offsetToSectorPage)
                  70007508    00000008     --HOLE-- [fill = 0]
                  70007510    000000b6                                             : flash.obj (.text.Flash_offsetToBlkPage)
                  700075c6    0000000a     --HOLE-- [fill = 0]
                  700075d0    000000b6     drivers.am243x.r5f.ti-arm-clang.debug.lib : ospi_phy.obj (.text.OSPI_phyTuneDDR)
                  70007686    0000000a     --HOLE-- [fill = 0]
                  70007690    000000b4                                               : ospi_v0.obj (.text.OSPI_close)
                  70007744    000000b4     libc.a : fclose.c.obj (.text.__TI_closefile)
                  700077f8    000000b4            : fseek.c.obj (.text.fseeko)
                  700078ac    000000b4            : ftell.c.obj (.text.ftello)
                  70007960    000000b2     drivers.am243x.r5f.ti-arm-clang.debug.lib : sciclient.obj (.text.Sciclient_getCurrentContext)
                  70007a12    0000000e     --HOLE-- [fill = 0]
                  70007a20    000000aa     ti_drivers_open_close.obj (.text.Drivers_ospiOpen)
                  70007aca    00000006     --HOLE-- [fill = 0]
                  70007ad0    000000a8     nortos.am243x.r5f.ti-arm-clang.debug.lib : ClockP_nortos.obj (.text.ClockP_addToList)
                  70007b78    00000008     --HOLE-- [fill = 0]
                  70007b80    000000a8                                              : ClockP_nortos.obj (.text.ClockP_destruct)
                  70007c28    00000008     --HOLE-- [fill = 0]
                  70007c30    000000a8     drivers.am243x.r5f.ti-arm-clang.debug.lib : ospi_v0.obj (.text.OSPI_isProtocolValid)
                  70007cd8    00000008     --HOLE-- [fill = 0]
                  70007ce0    000000a6                                               : ospi_v0.obj (.text.OSPI_setXferOpCodes)
                  70007d86    0000000a     --HOLE-- [fill = 0]
                  70007d90    000000a6                                               : sciclient_pm.obj (.text.Sciclient_pmGetModuleClkNumParent)
                  70007e36    0000000a     --HOLE-- [fill = 0]
                  70007e40    000000a4                                               : ospi_v0.obj (.text.OSPI_flashExecCmd)
                  70007ee4    000000a4     libc.a : memory.c.obj (.text.split)
                  70007f88    000000a0     libsysbm.a : hostrename.c.obj (.text.HOSTrename)
                  70008028    00000008     --HOLE-- [fill = 0]
                  70008030    0000009e     drivers.am243x.r5f.ti-arm-clang.debug.lib : sciclient_soc_priv.obj (.text.Sciclient_getContext)
                  700080ce    00000002     --HOLE-- [fill = 0]
                  700080d0    0000009c     libc.a : _io_perm.c.obj (.text.__TI_wrt_ok)
                  7000816c    00000004     --HOLE-- [fill = 0]
                  70008170    0000009a     drivers.am243x.r5f.ti-arm-clang.debug.lib : soc.obj (.text.SOC_controlModuleUnlockMMR)
                  7000820a    00000006     --HOLE-- [fill = 0]
                  70008210    0000009a                                               : sciclient_pm.obj (.text.Sciclient_pmGetModuleClkParent)
                  700082aa    00000006     --HOLE-- [fill = 0]
                  700082b0    0000009a                                               : sciclient_pm.obj (.text.Sciclient_pmSetModuleClkParent)
                  7000834a    00000002     --HOLE-- [fill = 0]
                  7000834c    00000098     libsysbm.a : hostlseek.c.obj (.text.HOSTlseek)
                  700083e4    0000000c     --HOLE-- [fill = 0]
                  700083f0    00000098     drivers.am243x.r5f.ti-arm-clang.debug.lib : ospi_v0.obj (.text.OSPI_init)
                  70008488    00000008     --HOLE-- [fill = 0]
                  70008490    00000098                                               : sciclient_pm.obj (.text.Sciclient_pmModuleGetClkStatus)
                  70008528    00000008     --HOLE-- [fill = 0]
                  70008530    00000096                                               : sciclient.obj (.text.Sciclient_init)
                  700085c6    00000002     --HOLE-- [fill = 0]
                  700085c8    00000094     libsysbm.a : hostopen.c.obj (.text.HOSTopen)
                  7000865c    00000004     --HOLE-- [fill = 0]
                  70008660    00000092     board.am243x.r5f.ti-arm-clang.debug.lib : flash_nor_ospi.obj (.text.Flash_norOspiSetModeDummy)
                  700086f2    0000000e     --HOLE-- [fill = 0]
                  70008700    00000092     drivers.am243x.r5f.ti-arm-clang.debug.lib : soc.obj (.text.SOC_moduleClockEnable)
                  70008792    0000000e     --HOLE-- [fill = 0]
                  700087a0    0000008c     board.am243x.r5f.ti-arm-clang.debug.lib : flash_nor_ospi.obj (.text.Flash_norOspiSetAddressBytes)
                  7000882c    00000004     --HOLE-- [fill = 0]
                  70008830    0000008c     drivers.am243x.r5f.ti-arm-clang.debug.lib : sciclient_pm.obj (.text.Sciclient_pmGetModuleState)
                  700088bc    00000004     --HOLE-- [fill = 0]
                  700088c0    0000008c                                               : sciclient_pm.obj (.text.Sciclient_pmModuleClkRequest)
                  7000894c    00000004     --HOLE-- [fill = 0]
                  70008950    0000008c                                               : sciclient_pm.obj (.text.Sciclient_pmSetModuleState)
                  700089dc    0000008c     libsysbm.a : close.c.obj (.text.close)
                  70008a68    00000008     --HOLE-- [fill = 0]
                  70008a70    0000008a     drivers.am243x.r5f.ti-arm-clang.debug.lib : ospi_phy.obj (.text.OSPI_phySetRdDelayTxRxDLL)
                  70008afa    00000006     --HOLE-- [fill = 0]
                  70008b00    00000088     nortos.am243x.r5f.ti-arm-clang.debug.lib : ClockP_nortos.obj (.text.ClockP_getTimeUsec)
                  70008b88    00000088     libc.a : fflush.c.obj (.text.__TI_doflush)
                  70008c10    00000086     board.am243x.r5f.ti-arm-clang.debug.lib : flash_nor_ospi.obj (.text.Flash_norOspiRead)
                  70008c96    0000000a     --HOLE-- [fill = 0]
                  70008ca0    00000086     drivers.am243x.r5f.ti-arm-clang.debug.lib : ospi_v0.obj (.text.OSPI_enablePhy)
                  70008d26    0000000a     --HOLE-- [fill = 0]
                  70008d30    00000086                                               : soc.obj (.text.SOC_controlModuleLockMMR)
                  70008db6    0000000a     --HOLE-- [fill = 0]
                  70008dc0    00000084     board.am243x.r5f.ti-arm-clang.debug.lib : flash_nor_ospi.obj (.text.Flash_norOspiRegWrite)
                  70008e44    00000084     libsysbm.a : hostread.c.obj (.text.HOSTread)
                  70008ec8    00000084                : hostwrite.c.obj (.text.HOSTwrite)
                  70008f4c    00000004     --HOLE-- [fill = 0]
                  70008f50    00000082     drivers.am243x.r5f.ti-arm-clang.debug.lib : ospi_phy.obj (.text.OSPI_phyFindRxHigh)
                  70008fd2    0000000e     --HOLE-- [fill = 0]
                  70008fe0    00000082                                               : ospi_phy.obj (.text.OSPI_phyFindRxLow)
                  70009062    0000000e     --HOLE-- [fill = 0]
                  70009070    00000082                                               : ospi_phy.obj (.text.OSPI_phyFindTxHigh)
                  700090f2    0000000e     --HOLE-- [fill = 0]
                  70009100    00000082                                               : ospi_phy.obj (.text.OSPI_phyFindTxLow)
                  70009182    0000000e     --HOLE-- [fill = 0]
                  70009190    00000080     board.am243x.r5f.ti-arm-clang.debug.lib : flash_nor_ospi.obj (.text.Flash_norOspiRegRead)
                  70009210    0000007c     drivers.am243x.r5f.ti-arm-clang.debug.lib : pinmux.obj (.text.Pinmux_config)
                  7000928c    00000004     --HOLE-- [fill = 0]
                  70009290    0000007a                                               : ospi_v0.obj (.text.OSPI_disablePhy)
                  7000930a    00000006     --HOLE-- [fill = 0]
                  70009310    0000007a     nortos.am243x.r5f.ti-arm-clang.debug.lib : DebugP_log.obj (.text._DebugP_assert)
                  7000938a    00000006     --HOLE-- [fill = 0]
                  70009390    00000078     drivers.am243x.r5f.ti-arm-clang.debug.lib : ospi_v0.obj (.text.OSPI_waitIndWriteComplete)
                  70009408    00000008     --HOLE-- [fill = 0]
                  70009410    00000076                                               : ospi_v0.obj (.text.OSPI_isDmaRestrictedRegion)
                  70009486    0000000a     --HOLE-- [fill = 0]
                  70009490    00000076                                               : ospi_phy.obj (.text.OSPI_phyReadAttackVector)
                  70009506    0000000a     --HOLE-- [fill = 0]
                  70009510    00000076                                               : ospi_v0.obj (.text.OSPI_waitIdle)
                  70009586    0000000a     --HOLE-- [fill = 0]
                  70009590    00000074     nortos.am243x.r5f.ti-arm-clang.debug.lib : ClockP_nortos.obj (.text.ClockP_construct)
                  70009604    00000074     libc.a : _io_perm.c.obj (.text.__TI_rd_ok)
                  70009678    00000008     --HOLE-- [fill = 0]
                  70009680    0000006e     main.obj (.text.sbl_jtag_uniflash_erase_all)
                  700096ee    00000002     --HOLE-- [fill = 0]
                  700096f0    0000006c     libsysbm.a : hostunlink.c.obj (.text.HOSTunlink)
                  7000975c    00000004     --HOLE-- [fill = 0]
                  70009760    0000006c     drivers.am243x.r5f.ti-arm-clang.debug.lib : ospi_dma.obj (.text.OSPI_dmaOpen)
                  700097cc    0000006c     libc.a : getdevice.c.obj (.text.finddevice)
                  70009838    00000008     --HOLE-- [fill = 0]
                  70009840    0000006a     board.am243x.r5f.ti-arm-clang.debug.lib : flash_nor_ospi.obj (.text.Flash_quirkSpansionUNHYSADisable)
                  700098aa    00000006     --HOLE-- [fill = 0]
                  700098b0    0000006a     drivers.am243x.r5f.ti-arm-clang.debug.lib : pinmux.obj (.text.Pinmux_lockMMR)
                  7000991a    00000006     --HOLE-- [fill = 0]
                  70009920    00000068     board.am243x.r5f.ti-arm-clang.debug.lib : flash_nor_ospi.obj (.text.Flash_norOspiCmdRead)
                  70009988    00000008     --HOLE-- [fill = 0]
                  70009990    00000068     drivers.am243x.r5f.ti-arm-clang.debug.lib : ospi_v0.obj (.text.OSPI_waitWriteSRAMLevel)
                  700099f8    00000008     --HOLE-- [fill = 0]
                  70009a00    00000064                                               : ospi_v0.obj (.text.OSPI_getCmdExt)
                  70009a64    0000000c     --HOLE-- [fill = 0]
                  70009a70    00000062     board.am243x.r5f.ti-arm-clang.debug.lib : flash.obj (.text.Flash_open)
                  70009ad2    00000002     --HOLE-- [fill = 0]
                  70009ad4    00000060     libsysbm.a : hostclose.c.obj (.text.HOSTclose)
                  70009b34    0000000c     --HOLE-- [fill = 0]
                  70009b40    0000005e     drivers.am243x.r5f.ti-arm-clang.debug.lib : sciclient_pm.obj (.text.Sciclient_pmSetModuleRst)
                  70009b9e    00000002     --HOLE-- [fill = 0]
                  70009ba0    0000005c     ti_power_clock_config.obj (.text.Module_clockSetFrequency)
                  70009bfc    00000004     --HOLE-- [fill = 0]
                  70009c00    0000005a     nortos.am243x.r5f.ti-arm-clang.debug.lib : SemaphoreP_nortos.obj (.text.SemaphoreP_post)
                  70009c5a    00000006     --HOLE-- [fill = 0]
                  70009c60    00000058     board.am243x.r5f.ti-arm-clang.debug.lib : flash_nor_ospi.obj (.text.Flash_norOspiCmdWrite)
                  70009cb8    00000008     --HOLE-- [fill = 0]
                  70009cc0    00000058     drivers.am243x.r5f.ti-arm-clang.debug.lib : ospi_v0.obj (.text.OSPI_writeFifoData)
                  70009d18    00000058     libc.a : fopen.c.obj (.text.__TI_cleanup)
                  70009d70    00000058     libsysbm.a : trgmsg.c.obj (.text.__TI_readmsg)
                  70009dc8    00000058                : trgmsg.c.obj (.text.__TI_writemsg)
                  70009e20    00000056     nortos.am243x.r5f.ti-arm-clang.debug.lib : SemaphoreP_nortos.obj (.text.SemaphoreP_construct)
                  70009e76    0000000a     --HOLE-- [fill = 0]
                  70009e80    00000054     drivers.am243x.r5f.ti-arm-clang.debug.lib : ospi_v0.obj (.text.OSPI_setNumAddrBytes)
                  70009ed4    00000054     libc.a : exit.c.obj (.text.exit)
                  70009f28    00000008     --HOLE-- [fill = 0]
                  70009f30    00000052     drivers.am243x.r5f.ti-arm-clang.debug.lib : ospi_dma.obj (.text.OSPI_dmaCopy)
                  70009f82    0000000e     --HOLE-- [fill = 0]
                  70009f90    00000050     ti_board_open_close.obj (.text.Board_flashClose)
                  70009fe0    00000050     ti_drivers_open_close.obj (.text.Drivers_ospiClose)
                  7000a030    00000050     libc.a : autoinit.c.obj (.text:__TI_auto_init_nobinit_nopinit)
                  7000a080    0000004e     drivers.am243x.r5f.ti-arm-clang.debug.lib : ospi_v0.obj (.text.OSPI_setDeviceSize)
                  7000a0ce    00000002     --HOLE-- [fill = 0]
                  7000a0d0    0000004c     ti_power_clock_config.obj (.text.Module_clockEnable)
                  7000a11c    00000004     --HOLE-- [fill = 0]
                  7000a120    0000004c     drivers.am243x.r5f.ti-arm-clang.debug.lib : ospi_v0.obj (.text.OSPI_getHandle)
                  7000a16c    0000004c     libc.a : fclose.c.obj (.text.fclose)
                  7000a1b8    00000008     --HOLE-- [fill = 0]
                  7000a1c0    0000004a     drivers.am243x.r5f.ti-arm-clang.debug.lib : sciclient_soc_priv.obj (.text.Sciclient_getDevId)
                  7000a20a    00000006     --HOLE-- [fill = 0]
                  7000a210    00000048     board.am243x.r5f.ti-arm-clang.debug.lib : flash.obj (.text.Flash_read)
                  7000a258    00000008     --HOLE-- [fill = 0]
                  7000a260    00000048                                             : flash.obj (.text.Flash_write)
                  7000a2a8    00000008     --HOLE-- [fill = 0]
                  7000a2b0    00000048     drivers.am243x.r5f.ti-arm-clang.debug.lib : ospi_v0.obj (.text.OSPI_setRdDataCaptureDelay)
                  7000a2f8    00000048     libsysbm.a : unlink.c.obj (.text.unlink)
                  7000a340    00000046     drivers.am243x.r5f.ti-arm-clang.debug.lib : ospi_dma.obj (.text.OSPI_dmaClose)
                  7000a386    0000000a     --HOLE-- [fill = 0]
                  7000a390    00000044     ti_dpl_config.obj (.text.Dpl_init)
                  7000a3d4    0000000c     --HOLE-- [fill = 0]
                  7000a3e0    00000044     drivers.am243x.r5f.ti-arm-clang.debug.lib : ospi_v0.obj (.text.OSPI_enableDacMode)
                  7000a424    0000000c     --HOLE-- [fill = 0]
                  7000a430    00000044     nortos.am243x.r5f.ti-arm-clang.debug.lib : DebugP_nortos.obj (.text._DebugP_logZone)
                  7000a474    0000000c     --HOLE-- [fill = 0]
                  7000a480    00000044                                              : printf.obj (.text._strnlen_s)
                  7000a4c4    0000000c     --HOLE-- [fill = 0]
                  7000a4d0    00000042                                              : ClockP_nortos.obj (.text.ClockP_start)
                  7000a512    00000002     --HOLE-- [fill = 0]
                  7000a514    00000040     libc.a : memory.c.obj (.text.free_list_insert)
                  7000a554    00000040            : memcmp.c.obj (.text.memcmp)
                  7000a594    0000000c     --HOLE-- [fill = 0]
                  7000a5a0    0000003e     board.am243x.r5f.ti-arm-clang.debug.lib : flash.obj (.text.Flash_eraseBlk)
                  7000a5de    00000002     --HOLE-- [fill = 0]
                  7000a5e0    0000003e     drivers.am243x.r5f.ti-arm-clang.debug.lib : ospi_v0.obj (.text.OSPI_setCmdDummyCycles)
                  7000a61e    00000002     --HOLE-- [fill = 0]
                  7000a620    0000003e                                               : ospi_v0.obj (.text.OSPI_setReadDummyCycles)
                  7000a65e    00000002     --HOLE-- [fill = 0]
                  7000a660    0000003e                                               : sciclient.obj (.text.Sciclient_secProxyWaitThread)
                  7000a69e    00000002     --HOLE-- [fill = 0]
                  7000a6a0    0000003c                                               : ospi_v0.obj (.text.OSPI_enableDdrRdCmds)
                  7000a6dc    00000004     --HOLE-- [fill = 0]
                  7000a6e0    0000003a     board.am243x.r5f.ti-arm-clang.debug.lib : flash.obj (.text.Flash_getAttrs)
                  7000a71a    00000006     --HOLE-- [fill = 0]
                  7000a720    0000003a     drivers.am243x.r5f.ti-arm-clang.debug.lib : ospi_v0.obj (.text.OSPI_disablePhyPipeline)
                  7000a75a    00000006     --HOLE-- [fill = 0]
                  7000a760    0000003a                                               : ospi_v0.obj (.text.OSPI_enableDDR)
                  7000a79a    00000006     --HOLE-- [fill = 0]
                  7000a7a0    0000003a     nortos.am243x.r5f.ti-arm-clang.debug.lib : printf.obj (.text._atoi)
                  7000a7da    00000006     --HOLE-- [fill = 0]
                  7000a7e0    00000038     drivers.am243x.r5f.ti-arm-clang.debug.lib : ospi_phy.obj (.text.CSL_REG32_FINS_RAW)
                  7000a818    00000008     --HOLE-- [fill = 0]
                  7000a820    00000038                                               : ospi_v0.obj (.text.CSL_REG32_FINS_RAW)
                  7000a858    00000008     --HOLE-- [fill = 0]
                  7000a860    00000038                                               : ospi_v0.obj (.text.OSPI_utilLog2)
                  7000a898    00000008     --HOLE-- [fill = 0]
                  7000a8a0    00000038                                               : sciclient.obj (.text.Sciclient_secProxyFlush)
                  7000a8d8    00000008     --HOLE-- [fill = 0]
                  7000a8e0    00000034     nortos.am243x.r5f.ti-arm-clang.debug.lib : TimerP.obj (.text.TimerP_Params_init)
                  7000a914    00000034     libc.a : memory.c.obj (.text.free_list_remove)
                  7000a948    00000034     libsysbm.a : lseek.c.obj (.text.lseek)
                  7000a97c    00000034                : read.c.obj (.text.read)
                  7000a9b0    00000034                : write.c.obj (.text.write)
                  7000a9e4    0000000c     --HOLE-- [fill = 0]
                  7000a9f0    00000030     board.am243x.r5f.ti-arm-clang.debug.lib : flash.obj (.text.Flash_close)
                  7000aa20    00000030     drivers.am243x.r5f.ti-arm-clang.debug.lib : ospi_v0.obj (.text.OSPI_setModeBits)
                  7000aa50    00000030     ti_drivers_config.obj (.text.System_init)
                  7000aa80    0000002e     drivers.am243x.r5f.ti-arm-clang.debug.lib : sciclient.obj (.text.CSL_secProxyGetMaxMsgSize)
                  7000aaae    00000002     --HOLE-- [fill = 0]
                  7000aab0    0000002e                                               : ospi_v0.obj (.text.OSPI_enableModeBitsCmd)
                  7000aade    00000002     --HOLE-- [fill = 0]
                  7000aae0    0000002e                                               : ospi_v0.obj (.text.OSPI_enableModeBitsRead)
                  7000ab0e    00000002     --HOLE-- [fill = 0]
                  7000ab10    0000002e                                               : ospi_v0.obj (.text.OSPI_setDualOpCodeMode)
                  7000ab3e    00000002     --HOLE-- [fill = 0]
                  7000ab40    0000002e                                               : sciclient.obj (.text.Sciclient_secProxyReadThread32)
                  7000ab6e    00000002     --HOLE-- [fill = 0]
                  7000ab70    0000002e     nortos.am243x.r5f.ti-arm-clang.debug.lib : printf.obj (.text._is_digit)
                  7000ab9e    00000002     --HOLE-- [fill = 0]
                  7000aba0    0000002c                                              : DebugP_log.obj (.text.DebugP_logZoneEnable)
                  7000abcc    00000004     --HOLE-- [fill = 0]
                  7000abd0    0000002c                                              : SemaphoreP_nortos.obj (.text.SemaphoreP_constructBinary)
                  7000abfc    00000004     --HOLE-- [fill = 0]
                  7000ac00    0000002c                                              : TimerP.obj (.text.TimerP_clearOverflowInt)
                  7000ac2c    00000004     --HOLE-- [fill = 0]
                  7000ac30    00000028     drivers.am243x.r5f.ti-arm-clang.debug.lib : sciclient.obj (.text.Sciclient_secProxyVerifyThread)
                  7000ac58    00000008     --HOLE-- [fill = 0]
                  7000ac60    00000028     nortos.am243x.r5f.ti-arm-clang.debug.lib : printf.obj (.text.vprintf_)
                  7000ac88    00000008     --HOLE-- [fill = 0]
                  7000ac90    00000026     board.am243x.r5f.ti-arm-clang.debug.lib : flash.obj (.text.Flash_getPhyTuningOffset)
                  7000acb6    0000000a     --HOLE-- [fill = 0]
                  7000acc0    00000026     drivers.am243x.r5f.ti-arm-clang.debug.lib : ospi_v0.obj (.text.OSPI_ReadCmdParams_init)
                  7000ace6    0000000a     --HOLE-- [fill = 0]
                  7000acf0    00000026                                               : ospi_v0.obj (.text.OSPI_WriteCmdParams_init)
                  7000ad16    0000000a     --HOLE-- [fill = 0]
                  7000ad20    00000024                                               : ospi_phy.obj (.text.CSL_REG32_FEXT_RAW)
                  7000ad44    0000000c     --HOLE-- [fill = 0]
                  7000ad50    00000024                                               : ospi_v0.obj (.text.CSL_REG32_FEXT_RAW)
                  7000ad74    0000000c     --HOLE-- [fill = 0]
                  7000ad80    00000024                                               : sciclient.obj (.text.CSL_REG32_FEXT_RAW)
                  7000ada4    0000000c     --HOLE-- [fill = 0]
                  7000adb0    00000024                                               : ospi_v0.obj (.text.OSPI_Transaction_init)
                  7000add4    0000000c     --HOLE-- [fill = 0]
                  7000ade0    00000024     nortos.am243x.r5f.ti-arm-clang.debug.lib : SemaphoreP_nortos.obj (.text.SemaphoreP_constructMutex)
                  7000ae04    0000000c     --HOLE-- [fill = 0]
                  7000ae10    00000024                                              : printf.obj (.text._out_char)
                  7000ae34    0000000c     --HOLE-- [fill = 0]
                  7000ae40    00000024                                              : boot_armv7r.obj (.text._system_pre_init)
                  7000ae64    00000024     libclang_rt.builtins.a : aeabi_uldivmod.S.obj (.text)
                  7000ae88    00000008     --HOLE-- [fill = 0]
                  7000ae90    00000022     drivers.am243x.r5f.ti-arm-clang.debug.lib : ospi_v0.obj (.text.OSPI_getFlashDataBaseAddr)
                  7000aeb2    0000000e     --HOLE-- [fill = 0]
                  7000aec0    00000020                                               : ospi_v0.obj (.text.OSPI_setCmdExtType)
                  7000aee0    00000020                                               : ospi_v0.obj (.text.OSPI_setPhyEnableSuccess)
                  7000af00    00000020     ti_pinmux_config.obj (.text.Pinmux_init)
                  7000af20    0000001e     nortos.am243x.r5f.ti-arm-clang.debug.lib : ClockP_nortos.obj (.text.ClockP_Params_init)
                  7000af3e    00000002     --HOLE-- [fill = 0]
                  7000af40    0000001c     ti_board_open_close.obj (.text.Board_driversOpen)
                  7000af5c    00000004     --HOLE-- [fill = 0]
                  7000af60    0000001c     drivers.am243x.r5f.ti-arm-clang.debug.lib : csl_sec_proxy.obj (.text.CSL_secProxyGetDataAddr)
                  7000af7c    00000004     --HOLE-- [fill = 0]
                  7000af80    0000001c                                               : ospi_phy.obj (.text.OSPI_phyGetTuningData)
                  7000af9c    0000001c     libsysbm.a : hostrename.c.obj (.text.strlen)
                  7000afb8    0000001c                : memcpy32.S.obj (.text:TI_memcpy_small)
                  7000afd4    0000001c     libclang_rt.builtins.a : aeabi_memset.S.obj (.text)
                  7000aff0    0000001a     drivers.am243x.r5f.ti-arm-clang.debug.lib : ospi_v0.obj (.text.OSPI_isPhyEnable)
                  7000b00a    00000006     --HOLE-- [fill = 0]
                  7000b010    00000018                                               : sciclient.obj (.text.Sciclient_secProxyThreadStatusReg)
                  7000b028    00000008     --HOLE-- [fill = 0]
                  7000b030    00000018     nortos.am243x.r5f.ti-arm-clang.debug.lib : SemaphoreP_nortos.obj (.text.SemaphoreP_Params_init)
                  7000b048    00000008     --HOLE-- [fill = 0]
                  7000b050    00000018                                              : TimerP.obj (.text.TimerP_start)
                  7000b068    00000008     --HOLE-- [fill = 0]
                  7000b070    00000018                                              : TimerP.obj (.text.TimerP_stop)
                  7000b088    00000018     libsysbm.a : memset32.S.obj (.text:TI_memset_small)
                  7000b0a0    00000016     nortos.am243x.r5f.ti-arm-clang.debug.lib : ClockP_nortos.obj (.text.ClockP_isActive)
                  7000b0b6    0000000a     --HOLE-- [fill = 0]
                  7000b0c0    00000016     drivers.am243x.r5f.ti-arm-clang.debug.lib : sciclient.obj (.text.Sciclient_secProxyReadThreadCount)
                  7000b0d6    0000000a     --HOLE-- [fill = 0]
                  7000b0e0    00000014     board.am243x.r5f.ti-arm-clang.debug.lib : flash_nor_ospi.obj (.text.Flash_norOspiClose)
                  7000b0f4    00000014     libc.a : fgets.c.obj (.text.gets)
                  7000b108    00000008     --HOLE-- [fill = 0]
                  7000b110    00000014     ti_dpl_config.obj (.text.putchar_)
                  7000b124    00000014     libsysbm.a : hostrename.c.obj (.text.strcpy)
                  7000b138    00000008     --HOLE-- [fill = 0]
                  7000b140    00000012     nortos.am243x.r5f.ti-arm-clang.debug.lib : TimerP.obj (.text.TimerP_getCount)
                  7000b152    0000000e     --HOLE-- [fill = 0]
                  7000b160    00000012                                              : TimerP.obj (.text.TimerP_getReloadCount)
                  7000b172    0000000e     --HOLE-- [fill = 0]
                  7000b180    00000010     drivers.am243x.r5f.ti-arm-clang.debug.lib : ospi_phy.obj (.text.CSL_REG32_WR_RAW)
                  7000b190    00000010                                               : ospi_v0.obj (.text.CSL_REG32_WR_RAW)
                  7000b1a0    00000010                                               : pinmux.obj (.text.CSL_REG32_WR_RAW)
                  7000b1b0    00000010                                               : sciclient.obj (.text.CSL_REG32_WR_RAW)
                  7000b1c0    00000010                                               : soc.obj (.text.CSL_REG32_WR_RAW)
                  7000b1d0    00000010     nortos.am243x.r5f.ti-arm-clang.debug.lib : ClockP_nortos_r5.obj (.text.ClockP_getTimerCount)
                  7000b1e0    00000010                                              : ClockP_nortos_r5.obj (.text.ClockP_timerClearOverflowInt)
                  7000b1f0    00000010                                              : printf.obj (.text._out_null)
                  7000b200    00000010     libc.a : fputc.c.obj (.text.putchar)
                  7000b210    0000000c     drivers.am243x.r5f.ti-arm-clang.debug.lib : ospi_phy.obj (.text.CSL_REG32_RD_RAW)
                  7000b21c    00000004     --HOLE-- [fill = 0]
                  7000b220    0000000c                                               : ospi_v0.obj (.text.CSL_REG32_RD_RAW)
                  7000b22c    00000004     --HOLE-- [fill = 0]
                  7000b230    0000000c                                               : sciclient.obj (.text.CSL_REG32_RD_RAW)
                  7000b23c    00000004     --HOLE-- [fill = 0]
                  7000b240    0000000c     ti_power_clock_config.obj (.text.PowerClock_init)
                  7000b24c    00000004     --HOLE-- [fill = 0]
                  7000b250    00000008     ti_board_open_close.obj (.text.Board_driversClose)
                  7000b258    00000008     --HOLE-- [fill = 0]
                  7000b260    00000008     ti_drivers_open_close.obj (.text.Drivers_close)
                  7000b268    00000008     --HOLE-- [fill = 0]
                  7000b270    00000008     ti_drivers_open_close.obj (.text.Drivers_open)
                  7000b278    00000008     --HOLE-- [fill = 0]
                  7000b280    00000008     drivers.am243x.r5f.ti-arm-clang.debug.lib : ospi_v0.obj (.text.OSPI_isr)
                  7000b288    00000008     --HOLE-- [fill = 0]
                  7000b290    00000008     nortos.am243x.r5f.ti-arm-clang.debug.lib : SemaphoreP_nortos.obj (.text.SemaphoreP_destruct)
                  7000b298    00000008     --HOLE-- [fill = 0]
                  7000b2a0    00000004     libclang_rt.builtins.a : aeabi_div0.c.obj (.text.__aeabi_idiv0)
                  7000b2a4    0000000c     --HOLE-- [fill = 0]
                  7000b2b0    00000004                            : aeabi_div0.c.obj (.text.__aeabi_ldiv0)
                  7000b2b4    0000000c     --HOLE-- [fill = 0]

.text.hwi 
*          0    7000b2c0    00000a80     
                  7000b2c0    000005b8     nortos.am243x.r5f.ti-arm-clang.debug.lib : HwiP_armv7r_vim.obj (.text.hwi)
                  7000b878    00000008     --HOLE-- [fill = 0]
                  7000b880    000003d8                                              : HwiP_armv7r_handlers_nortos.obj (.text.hwi)
                  7000bc58    00000078                                              : HwiP_armv7r_handlers_nortos_asm.obj (.text.hwi)
                  7000bcd0    00000070                                              : HwiP_armv7r_asm.obj (.text.hwi)

.text.cache 
*          0    7000bd40    00000490     
                  7000bd40    00000340     nortos.am243x.r5f.ti-arm-clang.debug.lib : CacheP_armv7r_asm.obj (.text.cache)
                  7000c080    00000148                                              : CacheP_armv7r.obj (.text.cache)
                  7000c1c8    00000008     --HOLE-- [fill = 0]

.text.mpu 
*          0    7000c1d0    000002d0     
                  7000c1d0    00000256     nortos.am243x.r5f.ti-arm-clang.debug.lib : MpuP_armv7r.obj (.text.mpu)
                  7000c426    00000002     --HOLE-- [fill = 0]
                  7000c428    00000078                                              : MpuP_armv7r_asm.obj (.text.mpu)

.text.boot 
*          0    7000c4a0    00000140     
                  7000c4a0    000000fc     nortos.am243x.r5f.ti-arm-clang.debug.lib : boot_armv7r_asm.obj (.text.boot)
                  7000c59c    00000004     --HOLE-- [fill = 0]
                  7000c5a0    00000024                                              : DebugP_log.obj (.text.boot)
                  7000c5c4    0000000c     --HOLE-- [fill = 0]
                  7000c5d0    0000000c     ti_dpl_config.obj (.text.boot)
                  7000c5dc    00000004     --HOLE-- [fill = 0]

.data      0    7000c5e0    00000728     
                  7000c5e0    000000f0     libc.a : defs.c.obj (.data._ftable)
                  7000c6d0    000000c0     main.obj (.data.gMainMenu)
                  7000c790    0000009c     drivers.am243x.r5f.ti-arm-clang.debug.lib : ospi_v0.obj (.data.gOspiDrvObj)
                  7000c82c    00000080                                               : ospi_phy.obj (.data.gOspiFlashAttackVector)
                  7000c8ac    00000080                                               : ospi_phy.obj (.data.gReadBuf)
                  7000c92c    00000078     libsysbm.a : host_device.c.obj (.data._device)
                  7000c9a4    00000070     ti_board_open_close.obj (.data.gFlashDevCfg_S25HL512T)
                  7000ca14    00000050     libsysbm.a : host_device.c.obj (.data._stream)
                  7000ca64    00000048     ti_drivers_config.obj (.data.gOspiAttrs)
                  7000caac    00000040     ti_dpl_config.obj (.data.gMpuRegionConfig)
                  7000caec    00000038     ti_pinmux_config.obj (.data.gPinMuxMainDomainCfg)
                  7000cb24    00000030     ti_board_open_close.obj (.data.gFlashAttrs_S25HL512T)
                  7000cb54    00000028     drivers.am243x.r5f.ti-arm-clang.debug.lib : ospi_phy.obj (.data.gPhyTuneWindowParamsGTE133)
                  7000cb7c    00000028                                               : ospi_phy.obj (.data.gPhyTuneWindowParamsLT133)
                  7000cba4    00000024     board.am243x.r5f.ti-arm-clang.debug.lib : flash_nor_ospi.obj (.data.gFlashToSpiProtocolMap)
                  7000cbc8    00000020     ti_drivers_config.obj (.data.gOspiDmaRestrictRegions)
                  7000cbe8    00000020     drivers.am243x.r5f.ti-arm-clang.debug.lib : sciclient_soc_priv.obj (.data.gSciclientSecProxyCfg)
                  7000cc08    0000001c     board.am243x.r5f.ti-arm-clang.debug.lib : flash_nor_ospi.obj (.data.gFlashNorOspiFxns)
                  7000cc24    00000018     drivers.am243x.r5f.ti-arm-clang.debug.lib : sciclient.obj (.data.gSciclientHandle)
                  7000cc3c    00000018     ti_power_clock_config.obj (.data.gSocModulesClockFrequency)
                  7000cc54    00000014     ti_dpl_config.obj (.data.gClockConfig)
                  7000cc68    00000010     ti_board_open_close.obj (.data.gFlashConfig)
                  7000cc78    00000010     ti_power_clock_config.obj (.data.gSocModules)
                  7000cc88    0000000c     nortos.am243x.r5f.ti-arm-clang.debug.lib : AddrTranslateP.obj (.data.gAddrTranslateConfig)
                  7000cc94    0000000c     ti_dpl_config.obj (.data.gMpuConfig)
                  7000cca0    00000008     libc.a : exit.c.obj (.data..L_MergedGlobals)
                  7000cca8    00000008     ti_dpl_config.obj (.data.gCacheConfig)
                  7000ccb0    00000008     ti_board_open_close.obj (.data.gFlashParams)
                  7000ccb8    00000008     ti_drivers_config.obj (.data.gOspiConfig)
                  7000ccc0    00000008     ti_pinmux_config.obj (.data.gPinMuxMcuDomainCfg)
                  7000ccc8    00000004     libc.a : defs.c.obj (.data.__TI_ft_end)
                  7000cccc    00000004            : aeabi_portable.c.obj (.data.__aeabi_errno)
                  7000ccd0    00000004            : _lock.c.obj (.data._lock)
                  7000ccd4    00000004            : _lock.c.obj (.data._unlock)
                  7000ccd8    00000004     nortos.am243x.r5f.ti-arm-clang.debug.lib : CacheP_armv7r.obj (.data.gCacheL1dCacheLineSize)
                  7000ccdc    00000004                                              : CacheP_armv7r.obj (.data.gCacheL1pCacheLineSize)
                  7000cce0    00000004                                              : DebugP_log.obj (.data.gDebugLogZone)
                  7000cce4    00000004     ti_board_open_close.obj (.data.gFlashConfigNum)
                  7000cce8    00000004     ti_dpl_config.obj (.data.gHwiConfig)
                  7000ccec    00000004     ti_drivers_config.obj (.data.gOspiConfigNum)
                  7000ccf0    00000004     ti_drivers_config.obj (.data.gOspiDmaConfigNum)
                  7000ccf4    00000004     ti_drivers_open_close.obj (.data.gOspiParams)
                  7000ccf8    00000004     drivers.am243x.r5f.ti-arm-clang.debug.lib : ospi_phy.obj (.data.gPhyTuneWindowParams)
                  7000ccfc    00000001     libc.a : fopen.c.obj (.data._search_fp.init)
                  7000ccfd    00000001     drivers.am243x.r5f.ti-arm-clang.debug.lib : sciclient.obj (.data.gSecHeaderSizeWords)
                  7000ccfe    00000002     --HOLE-- [fill = 0]
                  7000cd00    00000001     libc.a : memory.c.obj (.data.memory_is_initialized)
                  7000cd01    00000003     --HOLE-- [fill = 0]
                  7000cd04    00000001     libsysbm.a : open.c.obj (.data.open.stream_init)
                  7000cd05    00000003     --HOLE-- [fill = 0]

.rodata    0    7000cd10    00000d00     
                  7000cd10    00000641     main.obj (.rodata.str1.1)
                  7000d351    00000003     --HOLE-- [fill = 0]
                  7000d354    0000012c     drivers.am243x.r5f.ti-arm-clang.debug.lib : sciclient_fmwSecureProxyMap.obj (.rodata.gSciclientMap)
                  7000d480    00000103     nortos.am243x.r5f.ti-arm-clang.debug.lib : TimerP.obj (.rodata.str1.1)
                  7000d583    0000000d     --HOLE-- [fill = 0]
                  7000d590    00000101     libc.a : aeabi_ctype.S.obj (.rodata)
                  7000d691    000000ac     nortos.am243x.r5f.ti-arm-clang.debug.lib : ClockP_nortos_r5.obj (.rodata.str1.1)
                  7000d73d    0000006b                                              : SemaphoreP_nortos.obj (.rodata.str1.1)
                  7000d7a8    00000065     drivers.am243x.r5f.ti-arm-clang.debug.lib : ospi_v0.obj (.rodata.str1.1)
                  7000d80d    0000005a     nortos.am243x.r5f.ti-arm-clang.debug.lib : ClockP_nortos.obj (.rodata.str1.1)
                  7000d867    00000058     board.am243x.r5f.ti-arm-clang.debug.lib : flash_nor_ospi.obj (.rodata.str1.1)
                  7000d8bf    00000001     --HOLE-- [fill = 0]
                  7000d8c0    00000050     nortos.am243x.r5f.ti-arm-clang.debug.lib : printf.obj (.rodata._ftoa.pow10)
                  7000d910    00000050     ti_board_open_close.obj (.rodata.str1.1)
                  7000d960    00000046     ti_drivers_open_close.obj (.rodata.str1.1)
                  7000d9a6    0000002d     nortos.am243x.r5f.ti-arm-clang.debug.lib : DebugP_log.obj (.rodata.str1.1)
                  7000d9d3    00000001     --HOLE-- [fill = 0]
                  7000d9d4    00000020     drivers.am243x.r5f.ti-arm-clang.debug.lib : ospi_v0.obj (.rodata.cst16)
                  7000d9f4    00000012     nortos.am243x.r5f.ti-arm-clang.debug.lib : printf.obj (.rodata.str1.1)
                  7000da06    0000000a     --HOLE-- [fill = 0]

.bss       0    70071000    00009580     UNINITIALIZED
                  70071000    00008000     main.obj (.bss)
                  70079000    00001008     (.common:gHwiCtrl)
                  7007a008    00000184     ti_drivers_config.obj (.bss.gOspiObjects)
                  7007a18c    00000180     main.obj (.bss.filename)
                  7007a30c    00000120     libsysbm.a : trgmsg.c.obj (.bss:_CIOBUF_)
                  7007a42c    000000a0     (.common:__TI_tmpnams)
                  7007a4cc    00000004     nortos.am243x.r5f.ti-arm-clang.debug.lib : HwiP_armv7r_vim.obj (.bss.gdummy)
                  7007a4d0    00000038     (.common:gClockCtrl)
                  7007a508    00000014     (.common:gFlashObject_S25HL512T)
                  7007a51c    00000010     main.obj (.bss.inputStr)
                  7007a52c    00000008     (.common:parmbuf)
                  7007a534    00000004     libc.a : memory.c.obj (.bss.sys_free)
                  7007a538    00000004     (.common:gFlashHandle)
                  7007a53c    00000004     (.common:gOspiHandle)
                  7007a540    00000040     --HOLE--

.sysmem    0    7007a580    00008000     UNINITIALIZED
                  7007a580    00000010     libc.a : memory.c.obj (.sysmem)
                  7007a590    00007ff0     --HOLE--

.stack     0    70082580    00004000     UNINITIALIZED
                  70082580    00000004     nortos.am243x.r5f.ti-arm-clang.debug.lib : boot_armv7r_asm.obj (.stack)
                  70082584    00003ffc     --HOLE--

.irqstack 
*          0    70086580    00001000     UNINITIALIZED
                  70086580    00001000     --HOLE--

.fiqstack 
*          0    70087580    00000100     UNINITIALIZED
                  70087580    00000100     --HOLE--

.svcstack 
*          0    70087680    00000100     UNINITIALIZED
                  70087680    00000100     --HOLE--

.abortstack 
*          0    70087780    00000100     UNINITIALIZED
                  70087780    00000100     --HOLE--

.undefinedstack 
*          0    70087880    00000100     UNINITIALIZED
                  70087880    00000100     --HOLE--

.bss.filebuf 
*          0    70090000    00150000     NOLOAD SECTION
                  70090000    00150000     main.obj (.bss.filebuf)

__llvm_prf_cnts 
*          0    70071000    00000000     UNINITIALIZED

__llvm_prf_bits 
*          0    70071000    00000000     UNINITIALIZED

MODULE SUMMARY

       Module                                   code    ro data   rw data
       ------                                   ----    -------   -------
    obj/debug/
       main.obj                                 1880    1601      1409616
       ti_board_open_close.obj                  310     80        212    
       ti_drivers_config.obj                    48      0         508    
       ti_drivers_open_close.obj                266     70        8      
       ti_power_clock_config.obj                180     0         40     
       ti_dpl_config.obj                        100     0         108    
       ti_pinmux_config.obj                     32      0         64     
    +--+----------------------------------------+-------+---------+---------+
       Total:                                   2816    1751      1410556
                                                                         
    /home/gtbldadm/nightlybuilds/repo_manifests/scripts/jenkins/mcu_plus_sdk_am243x_08_04_00_17/source/board/lib/board.am243x.r5f.ti-arm-clang.debug.lib
       flash_nor_ospi.obj                       5838    88        64     
       flash.obj                                814     0         0      
    +--+----------------------------------------+-------+---------+---------+
       Total:                                   6652    88        64     
                                                                         
    /home/gtbldadm/nightlybuilds/repo_manifests/scripts/jenkins/mcu_plus_sdk_am243x_08_04_00_17/source/drivers/lib/drivers.am243x.r5f.ti-arm-clang.debug.lib
       ospi_v0.obj                              5836    133       156    
       ospi_phy.obj                             4754    0         340    
       sciclient.obj                            2266    0         25     
       sciclient_pm.obj                         1710    0         0      
       soc.obj                                  886     0         0      
       pinmux.obj                               458     0         0      
       sciclient_fmwSecureProxyMap.obj          0       300       0      
       sciclient_soc_priv.obj                   232     0         32     
       ospi_dma.obj                             260     0         0      
       csl_sec_proxy.obj                        28      0         0      
    +--+----------------------------------------+-------+---------+---------+
       Total:                                   16430   433       553    
                                                                         
    /home/gtbldadm/nightlybuilds/repo_manifests/scripts/jenkins/mcu_plus_sdk_am243x_08_04_00_17/source/kernel/nortos/lib/nortos.am243x.r5f.ti-arm-clang.debug.lib
       printf.obj                               6684    98        0      
       HwiP_armv7r_vim.obj                      1464    0         4108   
       ClockP_nortos.obj                        1076    90        56     
       TimerP.obj                               866     259       0      
       HwiP_armv7r_handlers_nortos.obj          984     0         0      
       CacheP_armv7r_asm.obj                    832     0         0      
       SemaphoreP_nortos.obj                    528     107       0      
       MpuP_armv7r.obj                          598     0         0      
       ClockP_nortos_r5.obj                     402     172       0      
       CacheP_armv7r.obj                        328     0         8      
       boot_armv7r_asm.obj                      252     0         0      
       DebugP_log.obj                           202     45        4      
       AddrTranslateP.obj                       234     0         12     
       HwiP_armv7r_handlers_nortos_asm.obj      120     0         0      
       MpuP_armv7r_asm.obj                      120     0         0      
       HwiP_armv7r_asm.obj                      112     0         0      
       DebugP_nortos.obj                        68      0         0      
       HwiP_armv7r_vectors_nortos_sbl_asm.obj   64      0         0      
       boot_armv7r.obj                          36      0         0      
    +--+----------------------------------------+-------+---------+---------+
       Total:                                   14970   771       4188   
                                                                         
    /home/gtbldadm/ti/ti-cgt-armllvm_2.1.1.LTS/lib/armv7r-ti-none-eabihf/c/libc.a
       memory.c.obj                             1172    0         5      
       fopen.c.obj                              784     0         1      
       fgets.c.obj                              684     0         0      
       strtol.c.obj                             520     0         0      
       defs.c.obj                               0       0         404    
       setvbuf.c.obj                            324     0         0      
       getdevice.c.obj                          308     0         0      
       _io_perm.c.obj                           272     0         0      
       aeabi_ctype.S.obj                        0       257       0      
       fclose.c.obj                             256     0         0      
       fputc.c.obj                              248     0         0      
       _bufread.c.obj                           232     0         0      
       fseek.c.obj                              184     0         0      
       ftell.c.obj                              184     0         0      
       fflush.c.obj                             136     0         0      
       exit.c.obj                               92      0         8      
       autoinit.c.obj                           80      0         0      
       memcmp.c.obj                             64      0         0      
       aeabi_portable.c.obj                     12      0         4      
       _lock.c.obj                              4       0         8      
    +--+----------------------------------------+-------+---------+---------+
       Total:                                   5556    257       430    
                                                                         
    /home/gtbldadm/ti/ti-cgt-armllvm_2.1.1.LTS/lib/armv7r-ti-none-eabihf/c/libsysbm.a
       trgmsg.c.obj                             176     0         288    
       open.c.obj                               288     0         1      
       hostrename.c.obj                         208     0         0      
       host_device.c.obj                        0       0         200    
       hostopen.c.obj                           148     0         8      
       hostlseek.c.obj                          152     0         0      
       close.c.obj                              140     0         0      
       hostread.c.obj                           132     0         0      
       hostwrite.c.obj                          132     0         0      
       hostunlink.c.obj                         108     0         0      
       hostclose.c.obj                          96      0         0      
       unlink.c.obj                             72      0         0      
       lseek.c.obj                              52      0         0      
       read.c.obj                               52      0         0      
       write.c.obj                              52      0         0      
       memcpy32.S.obj                           28      0         0      
       memset32.S.obj                           24      0         0      
       remove.c.obj                             4       0         0      
    +--+----------------------------------------+-------+---------+---------+
       Total:                                   1864    0         497    
                                                                         
    /home/gtbldadm/ti/ti-cgt-armllvm_2.1.1.LTS/lib/clang/14.0.6/lib/armv7r-ti-none-eabihf/libclang_rt.builtins.a
       udivsi3.S.obj                            464     0         0      
       udivmoddi4.S.obj                         280     0         0      
       aeabi_uldivmod.S.obj                     36      0         0      
       aeabi_memset.S.obj                       28      0         0      
       aeabi_div0.c.obj                         8       0         0      
       aeabi_memcpy.S.obj                       4       0         0      
    +--+----------------------------------------+-------+---------+---------+
       Total:                                   820     0         0      
                                                                         
       Heap:                                    0       0         32768  
       Stack:                                   0       0         16384  
    +--+----------------------------------------+-------+---------+---------+
       Grand Total:                             49108   3300      1465440


GLOBAL SYMBOLS: SORTED ALPHABETICALLY BY Name 

address   name                             
-------   ----                             
70006791  AddrTranslateP_getLocalAddr      
7000b251  Board_driversClose               
7000af41  Board_driversOpen                
70009f91  Board_flashClose                 
70007141  Board_flashOpen                  
70001368  C$$EXIT                          
70009e14  C$$IO$$                          
7000af61  CSL_secProxyGetDataAddr          
7000c050  CacheP_configForceWrThru         
7000c101  CacheP_disable                   
7000bd40  CacheP_disableL1d                
7000bd68  CacheP_disableL1p                
7000c151  CacheP_enable                    
7000bd80  CacheP_enableL1d                 
7000bd98  CacheP_enableL1p                 
7000c044  CacheP_getCacheLevelInfo         
7000c00c  CacheP_getEnabled                
7000c081  CacheP_init                      
7000c191  CacheP_inv                       
7000bdb0  CacheP_invL1d                    
7000be24  CacheP_invL1dAll                 
7000bde8  CacheP_invL1p                    
7000be2c  CacheP_invL1pAll                 
7000c070  CacheP_setDLFO                   
7000be34  CacheP_wb                        
7000beac  CacheP_wbAll                     
7000be70  CacheP_wbInv                     
7000bf54  CacheP_wbInvAll                  
7000bf6c  CacheP_wbInvAllAsm               
7000af21  ClockP_Params_init               
70009591  ClockP_construct                 
70007b81  ClockP_destruct                  
70008b01  ClockP_getTimeUsec               
7000b1d1  ClockP_getTimerCount             
70004b21  ClockP_init                      
7000b0a1  ClockP_isActive                  
7000a4d1  ClockP_start                     
700072d1  ClockP_stop                      
7000b1e1  ClockP_timerClearOverflowInt     
70007391  ClockP_timerTickIsr              
7000aba1  DebugP_logZoneEnable             
7000a391  Dpl_init                         
7000b261  Drivers_close                    
7000b271  Drivers_open                     
70009fe1  Drivers_ospiClose                
70007a21  Drivers_ospiOpen                 
7000a9f1  Flash_close                      
7000a5a1  Flash_eraseBlk                   
7000a6e1  Flash_getAttrs                   
7000ac91  Flash_getPhyTuningOffset         
70007511  Flash_offsetToBlkPage            
70007451  Flash_offsetToSectorPage         
70009a71  Flash_open                       
70009841  Flash_quirkSpansionUNHYSADisable 
7000a211  Flash_read                       
7000a261  Flash_write                      
70009ad4  HOSTclose                        
7000834c  HOSTlseek                        
700085c8  HOSTopen                         
70008e44  HOSTread                         
70007f88  HOSTrename                       
700096f0  HOSTunlink                       
70008ec8  HOSTwrite                        
7000b411  HwiP_Params_init                 
7000b391  HwiP_clearInt                    
7000b441  HwiP_construct                   
7000bc01  HwiP_data_abort_handler          
7000b641  HwiP_destruct                    
7000bcd0  HwiP_disable                     
7000bce0  HwiP_disableFIQ                  
7000b301  HwiP_disableInt                  
7000bd28  HwiP_disableVIC                  
7000bcf0  HwiP_enable                      
7000bd00  HwiP_enableFIQ                   
7000b2c1  HwiP_enableInt                   
7000bd18  HwiP_enableVIC                   
7000b9c1  HwiP_fiq_handler                 
7000bd38  HwiP_getCPSR                     
7000b821  HwiP_inISR                       
7000b6b1  HwiP_init                        
7000bc58  HwiP_irq_handler                 
7000b881  HwiP_irq_handler_c               
7000b3d1  HwiP_post                        
7000bbc1  HwiP_prefetch_abort_handler      
7000bb01  HwiP_reserved_handler            
7000bd10  HwiP_restore                     
7000b361  HwiP_restoreInt                  
7000bb81  HwiP_svc_handler                 
7000bb41  HwiP_undefined_handler           
7000a0d1  Module_clockEnable               
70009ba1  Module_clockSetFrequency         
7000c1d1  MpuP_RegionAttrs_init            
7000c341  MpuP_disable                     
7000c428  MpuP_disableAsm                  
7000c440  MpuP_disableBRAsm                
7000c2f1  MpuP_enable                      
7000c450  MpuP_enableAsm                   
7000c468  MpuP_enableBRAsm                 
7000c391  MpuP_init                        
7000c381  MpuP_isEnable                    
7000c478  MpuP_isEnableAsm                 
7000c201  MpuP_setRegion                   
7000c48c  MpuP_setRegionAsm                
7000acc1  OSPI_ReadCmdParams_init          
7000adb1  OSPI_Transaction_init            
7000acf1  OSPI_WriteCmdParams_init         
70007691  OSPI_close                       
70009291  OSPI_disablePhy                  
7000a721  OSPI_disablePhyPipeline          
7000a341  OSPI_dmaClose                    
70009f31  OSPI_dmaCopy                     
70009761  OSPI_dmaOpen                     
7000a761  OSPI_enableDDR                   
7000a3e1  OSPI_enableDacMode               
7000a6a1  OSPI_enableDdrRdCmds             
7000aab1  OSPI_enableModeBitsCmd           
7000aae1  OSPI_enableModeBitsRead          
70008ca1  OSPI_enablePhy                   
7000ae91  OSPI_getFlashDataBaseAddr        
7000a121  OSPI_getHandle                   
700083f1  OSPI_init                        
7000aff1  OSPI_isPhyEnable                 
70003ba1  OSPI_open                        
70000b41  OSPI_phyFindOTP1                 
70001371  OSPI_phyFindOTP2                 
70008f51  OSPI_phyFindRxHigh               
70008fe1  OSPI_phyFindRxLow                
70009071  OSPI_phyFindTxHigh               
70009101  OSPI_phyFindTxLow                
7000af81  OSPI_phyGetTuningData            
70009491  OSPI_phyReadAttackVector         
70006fa1  OSPI_phyResyncDLL                
70008a71  OSPI_phySetRdDelayTxRxDLL        
700075d1  OSPI_phyTuneDDR                  
700049a1  OSPI_readCmd                     
70004ca1  OSPI_readDirect                  
7000a5e1  OSPI_setCmdDummyCycles           
7000aec1  OSPI_setCmdExtType               
7000a081  OSPI_setDeviceSize               
7000ab11  OSPI_setDualOpCodeMode           
7000aa21  OSPI_setModeBits                 
70009e81  OSPI_setNumAddrBytes             
7000aee1  OSPI_setPhyEnableSuccess         
700064a1  OSPI_setProtocol                 
7000a2b1  OSPI_setRdDataCaptureDelay       
7000a621  OSPI_setReadDummyCycles          
70007ce1  OSPI_setXferOpCodes              
70004f71  OSPI_writeCmd                    
700050c1  OSPI_writeIndirect               
70009211  Pinmux_config                    
7000af01  Pinmux_init                      
7000b241  PowerClock_init                  
70008d31  SOC_controlModuleLockMMR         
70008171  SOC_controlModuleUnlockMMR       
70008701  SOC_moduleClockEnable            
70004651  SOC_moduleSetClockFrequency      
70008031  Sciclient_getContext             
70007961  Sciclient_getCurrentContext      
7000a1c1  Sciclient_getDevId               
70008531  Sciclient_init                   
70007d91  Sciclient_pmGetModuleClkNumParent
70008211  Sciclient_pmGetModuleClkParent   
70008831  Sciclient_pmGetModuleState       
700088c1  Sciclient_pmModuleClkRequest     
70008491  Sciclient_pmModuleGetClkStatus   
70005861  Sciclient_pmQueryModuleClkFreq   
70006171  Sciclient_pmSetModuleClkFreq     
700082b1  Sciclient_pmSetModuleClkParent   
70009b41  Sciclient_pmSetModuleRst         
70008951  Sciclient_pmSetModuleState       
700025b1  Sciclient_service                
7000b031  SemaphoreP_Params_init           
70009e21  SemaphoreP_construct             
7000abd1  SemaphoreP_constructBinary       
7000ade1  SemaphoreP_constructMutex        
7000b291  SemaphoreP_destruct              
700066a1  SemaphoreP_pend                  
70009c01  SemaphoreP_post                  
7000aa51  System_init                      
7000afb8  TI_memcpy_small                  
7000b088  TI_memset_small                  
7000a8e1  TimerP_Params_init               
7000ac01  TimerP_clearOverflowInt          
7000b141  TimerP_getCount                  
7000b161  TimerP_getReloadCount            
70002891  TimerP_setup                     
7000b051  TimerP_start                     
7000b071  TimerP_stop                      
7007a30c  _CIOBUF_                         
70009311  _DebugP_assert                   
7000c5a1  _DebugP_assertNoLog              
7000a431  _DebugP_logZone                  
70087880  __ABORT_STACK_END                
00000100  __ABORT_STACK_SIZE               
70087780  __ABORT_STACK_START              
7007a580  __BSS_END                        
70071000  __BSS_START                      
7007a30c  __CIOBUF_                        
70087680  __FIQ_STACK_END                  
00000100  __FIQ_STACK_SIZE                 
70087580  __FIQ_STACK_START                
70087580  __IRQ_STACK_END                  
00001000  __IRQ_STACK_SIZE                 
70086580  __IRQ_STACK_START                
70086580  __STACK_END                      
00004000  __STACK_SIZE                     
70087780  __SVC_STACK_END                  
00000100  __SVC_STACK_SIZE                 
70087680  __SVC_STACK_START                
00008000  __SYSMEM_SIZE                    
UNDEFED   __TI_CINIT_Base                  
UNDEFED   __TI_CINIT_Limit                 
UNDEFED   __TI_Handler_Table_Base          
UNDEFED   __TI_Handler_Table_Limit         
7000a030  __TI_auto_init_nobinit_nopinit   
7000687c  __TI_buff_read                   
70009d18  __TI_cleanup                     
7000cca0  __TI_cleanup_ptr                 
70007744  __TI_closefile                   
70008b88  __TI_doflush                     
7000cca4  __TI_dtors_ptr                   
7000ccc8  __TI_ft_end                      
ffffffff  __TI_pprof_out_hndl              
ffffffff  __TI_prof_data_size              
ffffffff  __TI_prof_data_start             
70009604  __TI_rd_ok                       
70009d70  __TI_readmsg                     
70000000  __TI_static_base__               
7007a42c  __TI_tmpnams                     
70009dc8  __TI_writemsg                    
700080d0  __TI_wrt_ok                      
70087980  __UNDEFINED_STACK_END            
00000100  __UNDEFINED_STACK_SIZE           
70087880  __UNDEFINED_STACK_START          
7000d590  __aeabi_ctype_table_             
7000d590  __aeabi_ctype_table_C            
7000cccc  __aeabi_errno                    
70000b34  __aeabi_errno_addr               
7000b2a0  __aeabi_idiv0                    
7000b2b0  __aeabi_ldiv0                    
7000afe4  __aeabi_memclr                   
7000afe4  __aeabi_memclr4                  
7000afe4  __aeabi_memclr8                  
70002ddc  __aeabi_memcpy                   
70002ddc  __aeabi_memcpy4                  
70002ddc  __aeabi_memcpy8                  
7000afd4  __aeabi_memset                   
7000afd4  __aeabi_memset4                  
7000afd4  __aeabi_memset8                  
70003d8c  __aeabi_uidiv                    
7000ae64  __aeabi_uldivmod                 
ffffffff  __binit__                        
7000c5d1  __mpu_init                       
70082580  __stack                          
70071000  __start___llvm_prf_bits          
70071000  __start___llvm_prf_cnts          
70071000  __stop___llvm_prf_bits           
70071000  __stop___llvm_prf_cnts           
70005cfc  __udivmoddi4                     
70003d8c  __udivsi3                        
7000c4c4  _c_int00                         
7000c4a0  _c_int00_sbl                     
7000c92c  _device                          
7000c5e0  _ftable                          
7000ccd0  _lock                            
70002258  _nop                             
7000ca14  _stream                          
7007a580  _sys_memory                      
UNDEFED   _system_post_cinit               
7000ae41  _system_pre_init                 
7000ccd4  _unlock                          
70000000  _vectors_sbl                     
70001368  abort                            
700042e0  aligned_alloc                    
ffffffff  binit                            
700089dc  close                            
70009ed4  exit                             
7000a16c  fclose                           
700097cc  finddevice                       
700065a8  fopen                            
70006964  fputc                            
70004498  free                             
7000225c  fseek                            
700077f8  fseeko                           
7000288c  ftell                            
700078ac  ftello                           
7000cc88  gAddrTranslateConfig             
7000cca8  gCacheConfig                     
7000ccd8  gCacheL1dCacheLineSize           
7000ccdc  gCacheL1pCacheLineSize           
7000cc54  gClockConfig                     
7007a4d0  gClockCtrl                       
7000cce0  gDebugLogZone                    
70090000  gFileBuf                         
7000cb24  gFlashAttrs_S25HL512T            
7000cc68  gFlashConfig                     
7000cce4  gFlashConfigNum                  
7000c9a4  gFlashDevCfg_S25HL512T           
7007a538  gFlashHandle                     
7000cc08  gFlashNorOspiFxns                
7007a508  gFlashObject_S25HL512T           
7000ccb0  gFlashParams                     
7000cba4  gFlashToSpiProtocolMap           
7000cce8  gHwiConfig                       
70079000  gHwiCtrl                         
7000c6d0  gMainMenu                        
7000cc94  gMpuConfig                       
7000caac  gMpuRegionConfig                 
7000ccb8  gOspiConfig                      
7000ccec  gOspiConfigNum                   
7000c5e0  gOspiDmaConfig                   
7000ccf0  gOspiDmaConfigNum                
7007a53c  gOspiHandle                      
7000ccf4  gOspiParams                      
7000ccf8  gPhyTuneWindowParams             
7000cb54  gPhyTuneWindowParamsGTE133       
7000cb7c  gPhyTuneWindowParamsLT133        
7000d354  gSciclientMap                    
7000cbe8  gSciclientSecProxyCfg            
7000cc78  gSocModules                      
7000cc3c  gSocModulesClockFrequency        
70071000  gVerifyBuf                       
7000706c  getdevice                        
7000b0f4  gets                             
7000a948  lseek                            
700055f1  main                             
700025a4  malloc                           
700042e0  memalign                         
7000a554  memcmp                           
70005ab8  open                             
7007a52c  parmbuf                          
7000b200  putchar                          
7000b111  putchar_                         
7000a97c  read                             
70002dd8  remove                           
70009681  sbl_jtag_uniflash_erase_all      
70002de1  sbl_jtag_uniflash_load_file      
70004e11  sbl_jtag_uniflash_verify_file    
70004121  sbl_jtag_uniflash_write_file     
70005210  setvbuf                          
70003788  strtol                           
7000a2f8  unlink                           
7000ac61  vprintf_                         
7000a9b0  write                            


GLOBAL SYMBOLS: SORTED BY Symbol Address 

address   name                             
-------   ----                             
00000100  __ABORT_STACK_SIZE               
00000100  __FIQ_STACK_SIZE                 
00000100  __SVC_STACK_SIZE                 
00000100  __UNDEFINED_STACK_SIZE           
00001000  __IRQ_STACK_SIZE                 
00004000  __STACK_SIZE                     
00008000  __SYSMEM_SIZE                    
70000000  __TI_static_base__               
70000000  _vectors_sbl                     
70000b34  __aeabi_errno_addr               
70000b41  OSPI_phyFindOTP1                 
70001368  C$$EXIT                          
70001368  abort                            
70001371  OSPI_phyFindOTP2                 
70002258  _nop                             
7000225c  fseek                            
700025a4  malloc                           
700025b1  Sciclient_service                
7000288c  ftell                            
70002891  TimerP_setup                     
70002dd8  remove                           
70002ddc  __aeabi_memcpy                   
70002ddc  __aeabi_memcpy4                  
70002ddc  __aeabi_memcpy8                  
70002de1  sbl_jtag_uniflash_load_file      
70003788  strtol                           
70003ba1  OSPI_open                        
70003d8c  __aeabi_uidiv                    
70003d8c  __udivsi3                        
70004121  sbl_jtag_uniflash_write_file     
700042e0  aligned_alloc                    
700042e0  memalign                         
70004498  free                             
70004651  SOC_moduleSetClockFrequency      
700049a1  OSPI_readCmd                     
70004b21  ClockP_init                      
70004ca1  OSPI_readDirect                  
70004e11  sbl_jtag_uniflash_verify_file    
70004f71  OSPI_writeCmd                    
700050c1  OSPI_writeIndirect               
70005210  setvbuf                          
700055f1  main                             
70005861  Sciclient_pmQueryModuleClkFreq   
70005ab8  open                             
70005cfc  __udivmoddi4                     
70006171  Sciclient_pmSetModuleClkFreq     
700064a1  OSPI_setProtocol                 
700065a8  fopen                            
700066a1  SemaphoreP_pend                  
70006791  AddrTranslateP_getLocalAddr      
7000687c  __TI_buff_read                   
70006964  fputc                            
70006fa1  OSPI_phyResyncDLL                
7000706c  getdevice                        
70007141  Board_flashOpen                  
700072d1  ClockP_stop                      
70007391  ClockP_timerTickIsr              
70007451  Flash_offsetToSectorPage         
70007511  Flash_offsetToBlkPage            
700075d1  OSPI_phyTuneDDR                  
70007691  OSPI_close                       
70007744  __TI_closefile                   
700077f8  fseeko                           
700078ac  ftello                           
70007961  Sciclient_getCurrentContext      
70007a21  Drivers_ospiOpen                 
70007b81  ClockP_destruct                  
70007ce1  OSPI_setXferOpCodes              
70007d91  Sciclient_pmGetModuleClkNumParent
70007f88  HOSTrename                       
70008031  Sciclient_getContext             
700080d0  __TI_wrt_ok                      
70008171  SOC_controlModuleUnlockMMR       
70008211  Sciclient_pmGetModuleClkParent   
700082b1  Sciclient_pmSetModuleClkParent   
7000834c  HOSTlseek                        
700083f1  OSPI_init                        
70008491  Sciclient_pmModuleGetClkStatus   
70008531  Sciclient_init                   
700085c8  HOSTopen                         
70008701  SOC_moduleClockEnable            
70008831  Sciclient_pmGetModuleState       
700088c1  Sciclient_pmModuleClkRequest     
70008951  Sciclient_pmSetModuleState       
700089dc  close                            
70008a71  OSPI_phySetRdDelayTxRxDLL        
70008b01  ClockP_getTimeUsec               
70008b88  __TI_doflush                     
70008ca1  OSPI_enablePhy                   
70008d31  SOC_controlModuleLockMMR         
70008e44  HOSTread                         
70008ec8  HOSTwrite                        
70008f51  OSPI_phyFindRxHigh               
70008fe1  OSPI_phyFindRxLow                
70009071  OSPI_phyFindTxHigh               
70009101  OSPI_phyFindTxLow                
70009211  Pinmux_config                    
70009291  OSPI_disablePhy                  
70009311  _DebugP_assert                   
70009491  OSPI_phyReadAttackVector         
70009591  ClockP_construct                 
70009604  __TI_rd_ok                       
70009681  sbl_jtag_uniflash_erase_all      
700096f0  HOSTunlink                       
70009761  OSPI_dmaOpen                     
700097cc  finddevice                       
70009841  Flash_quirkSpansionUNHYSADisable 
70009a71  Flash_open                       
70009ad4  HOSTclose                        
70009b41  Sciclient_pmSetModuleRst         
70009ba1  Module_clockSetFrequency         
70009c01  SemaphoreP_post                  
70009d18  __TI_cleanup                     
70009d70  __TI_readmsg                     
70009dc8  __TI_writemsg                    
70009e14  C$$IO$$                          
70009e21  SemaphoreP_construct             
70009e81  OSPI_setNumAddrBytes             
70009ed4  exit                             
70009f31  OSPI_dmaCopy                     
70009f91  Board_flashClose                 
70009fe1  Drivers_ospiClose                
7000a030  __TI_auto_init_nobinit_nopinit   
7000a081  OSPI_setDeviceSize               
7000a0d1  Module_clockEnable               
7000a121  OSPI_getHandle                   
7000a16c  fclose                           
7000a1c1  Sciclient_getDevId               
7000a211  Flash_read                       
7000a261  Flash_write                      
7000a2b1  OSPI_setRdDataCaptureDelay       
7000a2f8  unlink                           
7000a341  OSPI_dmaClose                    
7000a391  Dpl_init                         
7000a3e1  OSPI_enableDacMode               
7000a431  _DebugP_logZone                  
7000a4d1  ClockP_start                     
7000a554  memcmp                           
7000a5a1  Flash_eraseBlk                   
7000a5e1  OSPI_setCmdDummyCycles           
7000a621  OSPI_setReadDummyCycles          
7000a6a1  OSPI_enableDdrRdCmds             
7000a6e1  Flash_getAttrs                   
7000a721  OSPI_disablePhyPipeline          
7000a761  OSPI_enableDDR                   
7000a8e1  TimerP_Params_init               
7000a948  lseek                            
7000a97c  read                             
7000a9b0  write                            
7000a9f1  Flash_close                      
7000aa21  OSPI_setModeBits                 
7000aa51  System_init                      
7000aab1  OSPI_enableModeBitsCmd           
7000aae1  OSPI_enableModeBitsRead          
7000ab11  OSPI_setDualOpCodeMode           
7000aba1  DebugP_logZoneEnable             
7000abd1  SemaphoreP_constructBinary       
7000ac01  TimerP_clearOverflowInt          
7000ac61  vprintf_                         
7000ac91  Flash_getPhyTuningOffset         
7000acc1  OSPI_ReadCmdParams_init          
7000acf1  OSPI_WriteCmdParams_init         
7000adb1  OSPI_Transaction_init            
7000ade1  SemaphoreP_constructMutex        
7000ae41  _system_pre_init                 
7000ae64  __aeabi_uldivmod                 
7000ae91  OSPI_getFlashDataBaseAddr        
7000aec1  OSPI_setCmdExtType               
7000aee1  OSPI_setPhyEnableSuccess         
7000af01  Pinmux_init                      
7000af21  ClockP_Params_init               
7000af41  Board_driversOpen                
7000af61  CSL_secProxyGetDataAddr          
7000af81  OSPI_phyGetTuningData            
7000afb8  TI_memcpy_small                  
7000afd4  __aeabi_memset                   
7000afd4  __aeabi_memset4                  
7000afd4  __aeabi_memset8                  
7000afe4  __aeabi_memclr                   
7000afe4  __aeabi_memclr4                  
7000afe4  __aeabi_memclr8                  
7000aff1  OSPI_isPhyEnable                 
7000b031  SemaphoreP_Params_init           
7000b051  TimerP_start                     
7000b071  TimerP_stop                      
7000b088  TI_memset_small                  
7000b0a1  ClockP_isActive                  
7000b0f4  gets                             
7000b111  putchar_                         
7000b141  TimerP_getCount                  
7000b161  TimerP_getReloadCount            
7000b1d1  ClockP_getTimerCount             
7000b1e1  ClockP_timerClearOverflowInt     
7000b200  putchar                          
7000b241  PowerClock_init                  
7000b251  Board_driversClose               
7000b261  Drivers_close                    
7000b271  Drivers_open                     
7000b291  SemaphoreP_destruct              
7000b2a0  __aeabi_idiv0                    
7000b2b0  __aeabi_ldiv0                    
7000b2c1  HwiP_enableInt                   
7000b301  HwiP_disableInt                  
7000b361  HwiP_restoreInt                  
7000b391  HwiP_clearInt                    
7000b3d1  HwiP_post                        
7000b411  HwiP_Params_init                 
7000b441  HwiP_construct                   
7000b641  HwiP_destruct                    
7000b6b1  HwiP_init                        
7000b821  HwiP_inISR                       
7000b881  HwiP_irq_handler_c               
7000b9c1  HwiP_fiq_handler                 
7000bb01  HwiP_reserved_handler            
7000bb41  HwiP_undefined_handler           
7000bb81  HwiP_svc_handler                 
7000bbc1  HwiP_prefetch_abort_handler      
7000bc01  HwiP_data_abort_handler          
7000bc58  HwiP_irq_handler                 
7000bcd0  HwiP_disable                     
7000bce0  HwiP_disableFIQ                  
7000bcf0  HwiP_enable                      
7000bd00  HwiP_enableFIQ                   
7000bd10  HwiP_restore                     
7000bd18  HwiP_enableVIC                   
7000bd28  HwiP_disableVIC                  
7000bd38  HwiP_getCPSR                     
7000bd40  CacheP_disableL1d                
7000bd68  CacheP_disableL1p                
7000bd80  CacheP_enableL1d                 
7000bd98  CacheP_enableL1p                 
7000bdb0  CacheP_invL1d                    
7000bde8  CacheP_invL1p                    
7000be24  CacheP_invL1dAll                 
7000be2c  CacheP_invL1pAll                 
7000be34  CacheP_wb                        
7000be70  CacheP_wbInv                     
7000beac  CacheP_wbAll                     
7000bf54  CacheP_wbInvAll                  
7000bf6c  CacheP_wbInvAllAsm               
7000c00c  CacheP_getEnabled                
7000c044  CacheP_getCacheLevelInfo         
7000c050  CacheP_configForceWrThru         
7000c070  CacheP_setDLFO                   
7000c081  CacheP_init                      
7000c101  CacheP_disable                   
7000c151  CacheP_enable                    
7000c191  CacheP_inv                       
7000c1d1  MpuP_RegionAttrs_init            
7000c201  MpuP_setRegion                   
7000c2f1  MpuP_enable                      
7000c341  MpuP_disable                     
7000c381  MpuP_isEnable                    
7000c391  MpuP_init                        
7000c428  MpuP_disableAsm                  
7000c440  MpuP_disableBRAsm                
7000c450  MpuP_enableAsm                   
7000c468  MpuP_enableBRAsm                 
7000c478  MpuP_isEnableAsm                 
7000c48c  MpuP_setRegionAsm                
7000c4a0  _c_int00_sbl                     
7000c4c4  _c_int00                         
7000c5a1  _DebugP_assertNoLog              
7000c5d1  __mpu_init                       
7000c5e0  _ftable                          
7000c5e0  gOspiDmaConfig                   
7000c6d0  gMainMenu                        
7000c92c  _device                          
7000c9a4  gFlashDevCfg_S25HL512T           
7000ca14  _stream                          
7000caac  gMpuRegionConfig                 
7000cb24  gFlashAttrs_S25HL512T            
7000cb54  gPhyTuneWindowParamsGTE133       
7000cb7c  gPhyTuneWindowParamsLT133        
7000cba4  gFlashToSpiProtocolMap           
7000cbe8  gSciclientSecProxyCfg            
7000cc08  gFlashNorOspiFxns                
7000cc3c  gSocModulesClockFrequency        
7000cc54  gClockConfig                     
7000cc68  gFlashConfig                     
7000cc78  gSocModules                      
7000cc88  gAddrTranslateConfig             
7000cc94  gMpuConfig                       
7000cca0  __TI_cleanup_ptr                 
7000cca4  __TI_dtors_ptr                   
7000cca8  gCacheConfig                     
7000ccb0  gFlashParams                     
7000ccb8  gOspiConfig                      
7000ccc8  __TI_ft_end                      
7000cccc  __aeabi_errno                    
7000ccd0  _lock                            
7000ccd4  _unlock                          
7000ccd8  gCacheL1dCacheLineSize           
7000ccdc  gCacheL1pCacheLineSize           
7000cce0  gDebugLogZone                    
7000cce4  gFlashConfigNum                  
7000cce8  gHwiConfig                       
7000ccec  gOspiConfigNum                   
7000ccf0  gOspiDmaConfigNum                
7000ccf4  gOspiParams                      
7000ccf8  gPhyTuneWindowParams             
7000d354  gSciclientMap                    
7000d590  __aeabi_ctype_table_             
7000d590  __aeabi_ctype_table_C            
70071000  __BSS_START                      
70071000  __start___llvm_prf_bits          
70071000  __start___llvm_prf_cnts          
70071000  __stop___llvm_prf_bits           
70071000  __stop___llvm_prf_cnts           
70071000  gVerifyBuf                       
70079000  gHwiCtrl                         
7007a30c  _CIOBUF_                         
7007a30c  __CIOBUF_                        
7007a42c  __TI_tmpnams                     
7007a4d0  gClockCtrl                       
7007a508  gFlashObject_S25HL512T           
7007a52c  parmbuf                          
7007a538  gFlashHandle                     
7007a53c  gOspiHandle                      
7007a580  __BSS_END                        
7007a580  _sys_memory                      
70082580  __stack                          
70086580  __IRQ_STACK_START                
70086580  __STACK_END                      
70087580  __FIQ_STACK_START                
70087580  __IRQ_STACK_END                  
70087680  __FIQ_STACK_END                  
70087680  __SVC_STACK_START                
70087780  __ABORT_STACK_START              
70087780  __SVC_STACK_END                  
70087880  __ABORT_STACK_END                
70087880  __UNDEFINED_STACK_START          
70087980  __UNDEFINED_STACK_END            
70090000  gFileBuf                         
ffffffff  __TI_pprof_out_hndl              
ffffffff  __TI_prof_data_size              
ffffffff  __TI_prof_data_start             
ffffffff  __binit__                        
ffffffff  binit                            
UNDEFED   __TI_CINIT_Base                  
UNDEFED   __TI_CINIT_Limit                 
UNDEFED   __TI_Handler_Table_Base          
UNDEFED   __TI_Handler_Table_Limit         
UNDEFED   _system_post_cinit               

[344 symbols]
