******************************************************************************
            TI ARM Clang Linker Unix v2.1.1                    
******************************************************************************
>> Linked Thu Sep 29 15:52:53 2022

OUTPUT FILE NAME:   <sbl_jtag_uniflash.release.out>
ENTRY POINT SYMBOL: "_vectors_sbl"  address: 70000000


MEMORY CONFIGURATION

         name            origin    length      used     unused   attr    fill
----------------------  --------  ---------  --------  --------  ----  --------
  R5F_VECS              00000000   00000040  00000000  00000040  RWIX
  R5F_TCMA              00000040   00007fc0  00000000  00007fc0  RWIX
  R5F_TCMB0             41010000   00008000  00000000  00008000  RWIX
  MSRAM_VECS            70000000   00000100  00000040  000000c0  RWIX
  MSRAM_0               70000100   00070f00  000097b0  00067750  RWIX
  MSRAM_1               70071000   0001f000  00016980  00008680  RWIX
  MSRAM_2               70090000   00150000  00150000  00000000  RWIX


SEGMENT ALLOCATION MAP

run origin  load origin   length   init length attrs members
----------  ----------- ---------- ----------- ----- -------
70000000    70000000    00000040   00000040    r-x
  70000000    70000000    00000040   00000040    r-x .vectors
70000100    70000100    00008380   00008380    r-x
  70000100    70000100    00007420   00007420    r-x .text
  70007520    70007520    00000790   00000790    r-x .text.hwi
  70007cb0    70007cb0    00000460   00000460    r-x .text.cache
  70008110    70008110    00000240   00000240    r-x .text.mpu
  70008350    70008350    00000130   00000130    r-x .text.boot
70008480    70008480    00000728   00000728    rw-
  70008480    70008480    00000728   00000728    rw- .data
70008bb0    70008bb0    00000d00   00000d00    r--
  70008bb0    70008bb0    00000d00   00000d00    r-- .rodata
70071000    70071000    00015580   00000000    rw-
  70071000    70071000    00009580   00000000    rw- .bss
  7007a580    7007a580    00008000   00000000    rw- .sysmem
  70082580    70082580    00004000   00000000    rw- .stack
70086580    70086580    00001400   00000000    r--
  70086580    70086580    00001000   00000000    r-- .irqstack
  70087580    70087580    00000100   00000000    r-- .fiqstack
  70087680    70087680    00000100   00000000    r-- .svcstack
  70087780    70087780    00000100   00000000    r-- .abortstack
  70087880    70087880    00000100   00000000    r-- .undefinedstack


SECTION ALLOCATION MAP

 output                                  attributes/
section   page    origin      length       input sections
--------  ----  ----------  ----------   ----------------
.vectors   0    70000000    00000040     
                  70000000    00000040     nortos.am243x.r5f.ti-arm-clang.release.lib : HwiP_armv7r_vectors_nortos_sbl_asm.obj (.vectors)

.text      0    70000100    00007420     
                  70000100    00000648     board.am243x.r5f.ti-arm-clang.release.lib : flash_nor_ospi.obj (.text.Flash_norOspiOpen)
                  70000748    00000008     drivers.am243x.r5f.ti-arm-clang.release.lib : ospi_v0.obj (.text.OSPI_setCmdExtType)
                  70000750    00000596     nortos.am243x.r5f.ti-arm-clang.release.lib : printf.obj (.text._vsnprintf)
                  70000ce6    00000002     drivers.am243x.r5f.ti-arm-clang.release.lib : ospi_v0.obj (.text.OSPI_isr)
                  70000ce8    0000052c                                                 : ospi_phy.obj (.text.OSPI_phyFindOTP1)
                  70001214    0000000c                                                 : ospi_v0.obj (.text.OSPI_getFlashDataBaseAddr)
                  70001220    00000388     nortos.am243x.r5f.ti-arm-clang.release.lib : printf.obj (.text._ftoa)
                  700015a8    00000008     libc.a : exit.c.obj (.text:abort)
                  700015b0    0000033e     board.am243x.r5f.ti-arm-clang.release.lib : flash_nor_ospi.obj (.text.Flash_setQeBit)
                  700018ee    00000002     --HOLE-- [fill = 0]
                  700018f0    00000310     nortos.am243x.r5f.ti-arm-clang.release.lib : printf.obj (.text._etoa)
                  70001c00    000002fc     drivers.am243x.r5f.ti-arm-clang.release.lib : ospi_phy.obj (.text.OSPI_phyFindOTP2)
                  70001efc    000002dc                                                 : sciclient.obj (.text.Sciclient_service)
                  700021d8    00000298     libc.a : fgets.c.obj (.text._dofgets)
                  70002470    00000294     drivers.am243x.r5f.ti-arm-clang.release.lib : ospi_v0.obj (.text.OSPI_open)
                  70002704    00000208     libc.a : strtol.c.obj (.text.strtol)
                  7000290c    000001d0     libclang_rt.builtins.a : udivsi3.S.obj (.text)
                  70002adc    00000004     libc.a : _lock.c.obj (.text._nop)
                  70002ae0    000001c0     nortos.am243x.r5f.ti-arm-clang.release.lib : TimerP.obj (.text.TimerP_setup)
                  70002ca0    000001c0     libc.a : fopen.c.obj (.text._openfile)
                  70002e60    000001b8            : memory.c.obj (.text.aligned_alloc)
                  70003018    000001b8            : memory.c.obj (.text.free)
                  700031d0    000001a4     main.obj (.text.sbl_jtag_uniflash_load_file)
                  70003374    00000144     libc.a : setvbuf.c.obj (.text.setvbuf)
                  700034b8    00000006     drivers.am243x.r5f.ti-arm-clang.release.lib : ospi_v0.obj (.text.OSPI_isPhyEnable)
                  700034be    00000002     --HOLE-- [fill = 0]
                  700034c0    00000142     main.obj (.text.sbl_jtag_uniflash_write_file)
                  70003602    00000002     --HOLE-- [fill = 0]
                  70003604    0000000c     libc.a : aeabi_portable.c.obj (.text.__aeabi_errno_addr)
                  70003610    00000140     board.am243x.r5f.ti-arm-clang.release.lib : flash_nor_ospi.obj (.text.Flash_norOspiReset)
                  70003750    00000132     nortos.am243x.r5f.ti-arm-clang.release.lib : printf.obj (.text._ntoa_format)
                  70003882    0000012c     drivers.am243x.r5f.ti-arm-clang.release.lib : soc.obj (.text.SOC_moduleSetClockFrequency)
                  700039ae    00000002     --HOLE-- [fill = 0]
                  700039b0    00000120     libsysbm.a : open.c.obj (.text.open)
                  70003ad0    0000011e     main.obj (.text.sbl_jtag_uniflash_verify_file)
                  70003bee    00000002     --HOLE-- [fill = 0]
                  70003bf0    00000118     libclang_rt.builtins.a : udivmoddi4.S.obj (.text)
                  70003d08    00000004     libc.a : fseek.c.obj (.text.fseek)
                  70003d0c    00000004            : ftell.c.obj (.text.ftell)
                  70003d10    000000fc     nortos.am243x.r5f.ti-arm-clang.release.lib : ClockP_nortos_r5.obj (.text.ClockP_init)
                  70003e0c    000000f8     libc.a : fopen.c.obj (.text.fopen)
                  70003f04    0000000c            : memory.c.obj (.text.malloc)
                  70003f10    000000f6     board.am243x.r5f.ti-arm-clang.release.lib : flash_nor_ospi.obj (.text.Flash_norOspiWrite)
                  70004006    000000ea     drivers.am243x.r5f.ti-arm-clang.release.lib : ospi_v0.obj (.text.OSPI_readCmd)
                  700040f0    000000e8                                                 : ospi_v0.obj (.text.OSPI_setProtocol)
                  700041d8    000000e8     libc.a : _bufread.c.obj (.text.__TI_buff_read)
                  700042c0    000000e8            : fputc.c.obj (.text.fputc)
                  700043a8    00000004     libsysbm.a : remove.c.obj (.text.remove)
                  700043ac    00000004     libclang_rt.builtins.a : aeabi_memcpy.S.obj (.text)
                  700043b0    000000e6     main.obj (.text.main)
                  70004496    0000000a     drivers.am243x.r5f.ti-arm-clang.release.lib : csl_sec_proxy.obj (.text.CSL_secProxyGetDataAddr)
                  700044a0    000000ca     board.am243x.r5f.ti-arm-clang.release.lib : flash_nor_ospi.obj (.text.Flash_norOspiErase)
                  7000456a    00000006     --HOLE-- [fill = 0]
                  70004570    000000ca                                               : flash_nor_ospi.obj (.text.Flash_norOspiEraseSector)
                  7000463a    000000ca     drivers.am243x.r5f.ti-arm-clang.release.lib : ospi_v0.obj (.text.OSPI_writeCmd)
                  70004704    000000c8     libc.a : getdevice.c.obj (.text.getdevice)
                  700047cc    00000004     --HOLE-- [fill = 0]
                  700047d0    000000c6     board.am243x.r5f.ti-arm-clang.release.lib : flash_nor_ospi.obj (.text.Flash_setOeBit)
                  70004896    00000002     --HOLE-- [fill = 0]
                  70004898    000000c4     drivers.am243x.r5f.ti-arm-clang.release.lib : ospi_v0.obj (.text.OSPI_writeIndirect)
                  7000495c    000000c0                                                 : ospi_v0.obj (.text.OSPI_readDirect)
                  70004a1c    000000b4     libc.a : fclose.c.obj (.text.__TI_closefile)
                  70004ad0    000000b4            : fseek.c.obj (.text.fseeko)
                  70004b84    000000b4            : ftell.c.obj (.text.ftello)
                  70004c38    00000008            : fputc.c.obj (.tramp.putchar.1)
                  70004c40    000000b0     nortos.am243x.r5f.ti-arm-clang.release.lib : printf.obj (.text._ntoa_long_long)
                  70004cf0    000000ac     drivers.am243x.r5f.ti-arm-clang.release.lib : pinmux.obj (.text.Pinmux_config)
                  70004d9c    00000004     --HOLE-- [fill = 0]
                  70004da0    000000aa     board.am243x.r5f.ti-arm-clang.release.lib : flash_nor_ospi.obj (.text.Flash_norOspiWaitReady)
                  70004e4a    00000006     --HOLE-- [fill = 0]
                  70004e50    000000a6     nortos.am243x.r5f.ti-arm-clang.release.lib : printf.obj (.text._out_rev)
                  70004ef6    00000002     --HOLE-- [fill = 0]
                  70004ef8    000000a4     libc.a : memory.c.obj (.text.split)
                  70004f9c    00000004     --HOLE-- [fill = 0]
                  70004fa0    000000a0     board.am243x.r5f.ti-arm-clang.release.lib : flash_nor_ospi.obj (.text.Flash_norOspiReadId)
                  70005040    000000a0     libsysbm.a : hostrename.c.obj (.text.HOSTrename)
                  700050e0    000000a0     drivers.am243x.r5f.ti-arm-clang.release.lib : sciclient_pm.obj (.text.Sciclient_pmQueryModuleClkFreq)
                  70005180    0000009c     libc.a : _io_perm.c.obj (.text.__TI_wrt_ok)
                  7000521c    00000098     libsysbm.a : hostlseek.c.obj (.text.HOSTlseek)
                  700052b4    0000000a     drivers.am243x.r5f.ti-arm-clang.release.lib : ospi_v0.obj (.text.OSPI_setPhyEnableSuccess)
                  700052be    00000002     --HOLE-- [fill = 0]
                  700052c0    00000096     nortos.am243x.r5f.ti-arm-clang.release.lib : SemaphoreP_nortos.obj (.text.SemaphoreP_pend)
                  70005356    00000002     --HOLE-- [fill = 0]
                  70005358    00000094     libsysbm.a : hostopen.c.obj (.text.HOSTopen)
                  700053ec    0000008e     drivers.am243x.r5f.ti-arm-clang.release.lib : sciclient_pm.obj (.text.Sciclient_pmSetModuleClkFreq)
                  7000547a    00000006     --HOLE-- [fill = 0]
                  70005480    0000008c     nortos.am243x.r5f.ti-arm-clang.release.lib : printf.obj (.text._ntoa_long)
                  7000550c    0000008c     libsysbm.a : close.c.obj (.text.close)
                  70005598    00000088     libc.a : fflush.c.obj (.text.__TI_doflush)
                  70005620    00000084     libsysbm.a : hostread.c.obj (.text.HOSTread)
                  700056a4    00000084                : hostwrite.c.obj (.text.HOSTwrite)
                  70005728    00000084     drivers.am243x.r5f.ti-arm-clang.release.lib : sciclient.obj (.text.Sciclient_sendMessage)
                  700057ac    00000080                                                 : ospi_phy.obj (.text.OSPI_phyTuneDDR)
                  7000582c    00000004     --HOLE-- [fill = 0]
                  70005830    0000007a     board.am243x.r5f.ti-arm-clang.release.lib : flash_nor_ospi.obj (.text.Flash_norOspiRegWrite)
                  700058aa    0000007a     drivers.am243x.r5f.ti-arm-clang.release.lib : sciclient_pm.obj (.text.Sciclient_pmGetModuleClkNumParent)
                  70005924    00000078                                                 : ospi_v0.obj (.text.OSPI_init)
                  7000599c    00000074     libc.a : _io_perm.c.obj (.text.__TI_rd_ok)
                  70005a10    0000006e     ti_board_open_close.obj (.text.Board_flashOpen)
                  70005a7e    0000006e     drivers.am243x.r5f.ti-arm-clang.release.lib : ospi_phy.obj (.text.OSPI_phyResyncDLL)
                  70005aec    0000006e                                                 : sciclient_pm.obj (.text.Sciclient_pmGetModuleState)
                  70005b5a    00000006     --HOLE-- [fill = 0]
                  70005b60    0000006c     nortos.am243x.r5f.ti-arm-clang.release.lib : ClockP_nortos.obj (.text.ClockP_timerTickIsr)
                  70005bcc    0000006c     libsysbm.a : hostunlink.c.obj (.text.HOSTunlink)
                  70005c38    0000006c     drivers.am243x.r5f.ti-arm-clang.release.lib : soc.obj (.text.SOC_moduleClockEnable)
                  70005ca4    0000006c                                                 : sciclient.obj (.text.Sciclient_init)
                  70005d10    0000006c     libc.a : getdevice.c.obj (.text.finddevice)
                  70005d7c    00000004     --HOLE-- [fill = 0]
                  70005d80    0000006a     board.am243x.r5f.ti-arm-clang.release.lib : flash.obj (.text.Flash_offsetToSectorPage)
                  70005dea    00000006     --HOLE-- [fill = 0]
                  70005df0    00000068     nortos.am243x.r5f.ti-arm-clang.release.lib : AddrTranslateP.obj (.text.AddrTranslateP_getLocalAddr)
                  70005e58    00000008                                                : HwiP_armv7r_asm.obj (.tramp.HwiP_enable.1)
                  70005e60    00000066     board.am243x.r5f.ti-arm-clang.release.lib : flash_nor_ospi.obj (.text.Flash_norOspiRegRead)
                  70005ec6    00000002     --HOLE-- [fill = 0]
                  70005ec8    00000008     nortos.am243x.r5f.ti-arm-clang.release.lib : HwiP_armv7r_asm.obj (.tramp.HwiP_restore.1)
                  70005ed0    00000066     board.am243x.r5f.ti-arm-clang.release.lib : flash_nor_ospi.obj (.text.Flash_norOspiSetRegCfg)
                  70005f36    0000000a     --HOLE-- [fill = 0]
                  70005f40    00000066                                               : flash.obj (.text.Flash_offsetToBlkPage)
                  70005fa6    00000066     drivers.am243x.r5f.ti-arm-clang.release.lib : sciclient_pm.obj (.text.Sciclient_pmGetModuleClkParent)
                  7000600c    00000064                                                 : ospi_v0.obj (.text.OSPI_close)
                  70006070    00000064                                                 : sciclient_pm.obj (.text.Sciclient_pmModuleGetClkStatus)
                  700060d4    00000060     libsysbm.a : hostclose.c.obj (.text.HOSTclose)
                  70006134    0000005e     drivers.am243x.r5f.ti-arm-clang.release.lib : sciclient_pm.obj (.text.Sciclient_pmSetModuleClkParent)
                  70006192    0000000e     --HOLE-- [fill = 0]
                  700061a0    0000005c     nortos.am243x.r5f.ti-arm-clang.release.lib : DebugP_log.obj (.text._DebugP_assert)
                  700061fc    0000005a     drivers.am243x.r5f.ti-arm-clang.release.lib : sciclient_pm.obj (.text.Sciclient_pmModuleClkRequest)
                  70006256    00000058                                                 : ospi_v0.obj (.text.OSPI_setXferOpCodes)
                  700062ae    00000002     --HOLE-- [fill = 0]
                  700062b0    00000058     libc.a : fopen.c.obj (.text.__TI_cleanup)
                  70006308    00000058     libsysbm.a : trgmsg.c.obj (.text.__TI_readmsg)
                  70006360    00000058                : trgmsg.c.obj (.text.__TI_writemsg)
                  700063b8    00000008     --HOLE-- [fill = 0]
                  700063c0    00000056     board.am243x.r5f.ti-arm-clang.release.lib : flash_nor_ospi.obj (.text.Flash_norOspiRead)
                  70006416    00000002     --HOLE-- [fill = 0]
                  70006418    00000054     libc.a : exit.c.obj (.text.exit)
                  7000646c    00000052     drivers.am243x.r5f.ti-arm-clang.release.lib : sciclient_pm.obj (.text.Sciclient_pmSetModuleState)
                  700064be    00000002     --HOLE-- [fill = 0]
                  700064c0    00000050     nortos.am243x.r5f.ti-arm-clang.release.lib : ClockP_nortos.obj (.text.ClockP_addToList)
                  70006510    00000050                                                : ClockP_nortos.obj (.text.ClockP_construct)
                  70006560    00000050     drivers.am243x.r5f.ti-arm-clang.release.lib : sciclient_soc_priv.obj (.text.Sciclient_getContext)
                  700065b0    00000050     main.obj (.text.sbl_jtag_uniflash_erase_all)
                  70006600    00000050     libc.a : autoinit.c.obj (.text:__TI_auto_init_nobinit_nopinit)
                  70006650    0000004c     nortos.am243x.r5f.ti-arm-clang.release.lib : ClockP_nortos.obj (.text.ClockP_getTimeUsec)
                  7000669c    00000004     --HOLE-- [fill = 0]
                  700066a0    0000004c     ti_drivers_open_close.obj (.text.Drivers_ospiOpen)
                  700066ec    0000004c     libc.a : fclose.c.obj (.text.fclose)
                  70006738    00000048     drivers.am243x.r5f.ti-arm-clang.release.lib : ospi_phy.obj (.text.OSPI_phyReadAttackVector)
                  70006780    00000048                                                 : ospi_phy.obj (.text.OSPI_phySetRdDelayTxRxDLL)
                  700067c8    00000048     libsysbm.a : unlink.c.obj (.text.unlink)
                  70006810    00000046     drivers.am243x.r5f.ti-arm-clang.release.lib : ospi_v0.obj (.text.OSPI_enablePhy)
                  70006856    00000002     --HOLE-- [fill = 0]
                  70006858    00000044                                                 : ospi_phy.obj (.text.OSPI_phyFindRxHigh)
                  7000689c    00000044                                                 : ospi_phy.obj (.text.OSPI_phyFindRxLow)
                  700068e0    00000044                                                 : ospi_phy.obj (.text.OSPI_phyFindTxHigh)
                  70006924    00000044                                                 : ospi_phy.obj (.text.OSPI_phyFindTxLow)
                  70006968    00000044                                                 : sciclient_pm.obj (.text.Sciclient_pmSetModuleRst)
                  700069ac    00000004     --HOLE-- [fill = 0]
                  700069b0    00000042     board.am243x.r5f.ti-arm-clang.release.lib : flash_nor_ospi.obj (.text.Flash_quirkSpansionUNHYSADisable)
                  700069f2    0000000e     --HOLE-- [fill = 0]
                  70006a00    00000040     nortos.am243x.r5f.ti-arm-clang.release.lib : ClockP_nortos.obj (.text.ClockP_stop)
                  70006a40    00000040     ti_dpl_config.obj (.text.Dpl_init)
                  70006a80    00000040     drivers.am243x.r5f.ti-arm-clang.release.lib : ospi_v0.obj (.text.OSPI_flashExecCmd)
                  70006ac0    00000040     nortos.am243x.r5f.ti-arm-clang.release.lib : SemaphoreP_nortos.obj (.text.SemaphoreP_constructBinary)
                  70006b00    00000040     libc.a : memory.c.obj (.text.free_list_insert)
                  70006b40    0000003e     nortos.am243x.r5f.ti-arm-clang.release.lib : SemaphoreP_nortos.obj (.text.SemaphoreP_constructMutex)
                  70006b7e    00000002     --HOLE-- [fill = 0]
                  70006b80    0000003a                                                : ClockP_nortos.obj (.text.ClockP_destruct)
                  70006bba    00000038     drivers.am243x.r5f.ti-arm-clang.release.lib : ospi_v0.obj (.text.OSPI_disablePhy)
                  70006bf2    00000002     --HOLE-- [fill = 0]
                  70006bf4    00000038                                                 : ospi_dma.obj (.text.OSPI_dmaOpen)
                  70006c2c    00000038                                                 : soc.obj (.text.SOC_controlModuleUnlockMMR)
                  70006c64    00000038                                                 : sciclient.obj (.text.Sciclient_getCurrentContext)
                  70006c9c    00000004     --HOLE-- [fill = 0]
                  70006ca0    00000038     nortos.am243x.r5f.ti-arm-clang.release.lib : DebugP_nortos.obj (.text._DebugP_logZone)
                  70006cd8    00000008     --HOLE-- [fill = 0]
                  70006ce0    00000036     board.am243x.r5f.ti-arm-clang.release.lib : flash.obj (.text.Flash_open)
                  70006d16    0000000a     --HOLE-- [fill = 0]
                  70006d20    00000036     ti_power_clock_config.obj (.text.Module_clockSetFrequency)
                  70006d56    0000000a     --HOLE-- [fill = 0]
                  70006d60    00000034     nortos.am243x.r5f.ti-arm-clang.release.lib : ClockP_nortos.obj (.text.ClockP_start)
                  70006d94    00000034     libc.a : memory.c.obj (.text.free_list_remove)
                  70006dc8    00000034     libsysbm.a : lseek.c.obj (.text.lseek)
                  70006dfc    00000034                : read.c.obj (.text.read)
                  70006e30    00000034                : write.c.obj (.text.write)
                  70006e64    0000000c     --HOLE-- [fill = 0]
                  70006e70    00000032     nortos.am243x.r5f.ti-arm-clang.release.lib : SemaphoreP_nortos.obj (.text.SemaphoreP_post)
                  70006ea2    0000000e     --HOLE-- [fill = 0]
                  70006eb0    0000002e     ti_power_clock_config.obj (.text.Module_clockEnable)
                  70006ede    0000002e     drivers.am243x.r5f.ti-arm-clang.release.lib : soc.obj (.text.SOC_controlModuleLockMMR)
                  70006f0c    00000028                                                 : ospi_v0.obj (.text.OSPI_getHandle)
                  70006f34    00000026                                                 : ospi_v0.obj (.text.OSPI_setNumAddrBytes)
                  70006f5a    00000006     --HOLE-- [fill = 0]
                  70006f60    00000026     ti_drivers_config.obj (.text.System_init)
                  70006f86    00000024     drivers.am243x.r5f.ti-arm-clang.release.lib : ospi_dma.obj (.text.OSPI_dmaCopy)
                  70006faa    00000024                                                 : ospi_v0.obj (.text.OSPI_setDeviceSize)
                  70006fce    00000002     --HOLE-- [fill = 0]
                  70006fd0    00000024     nortos.am243x.r5f.ti-arm-clang.release.lib : printf.obj (.text.vprintf_)
                  70006ff4    00000024     libclang_rt.builtins.a : aeabi_uldivmod.S.obj (.text)
                  70007018    00000008     --HOLE-- [fill = 0]
                  70007020    00000022     ti_pinmux_config.obj (.text.Pinmux_init)
                  70007042    0000000e     --HOLE-- [fill = 0]
                  70007050    00000020     nortos.am243x.r5f.ti-arm-clang.release.lib : DebugP_log.obj (.text.DebugP_logZoneEnable)
                  70007070    00000020     board.am243x.r5f.ti-arm-clang.release.lib : flash.obj (.text.Flash_getAttrs)
                  70007090    00000020     drivers.am243x.r5f.ti-arm-clang.release.lib : sciclient.obj (.text.Sciclient_secProxyWaitThread)
                  700070b0    00000020     nortos.am243x.r5f.ti-arm-clang.release.lib : TimerP.obj (.text.TimerP_Params_init)
                  700070d0    0000001e     board.am243x.r5f.ti-arm-clang.release.lib : flash.obj (.text.Flash_read)
                  700070ee    00000002     --HOLE-- [fill = 0]
                  700070f0    0000001e                                               : flash.obj (.text.Flash_write)
                  7000710e    0000001e     drivers.am243x.r5f.ti-arm-clang.release.lib : ospi_v0.obj (.text.OSPI_enableDacMode)
                  7000712c    0000001e                                                 : ospi_v0.obj (.text.OSPI_waitWriteSRAMLevel)
                  7000714a    0000001c                                                 : ospi_v0.obj (.text.OSPI_setRdDataCaptureDelay)
                  70007166    0000000a     --HOLE-- [fill = 0]
                  70007170    0000001c     nortos.am243x.r5f.ti-arm-clang.release.lib : boot_armv7r.obj (.text._system_pre_init)
                  7000718c    0000001c     libsysbm.a : hostrename.c.obj (.text.strlen)
                  700071a8    0000001c                : memcpy32.S.obj (.text:TI_memcpy_small)
                  700071c4    0000001c     libclang_rt.builtins.a : aeabi_memset.S.obj (.text)
                  700071e0    0000001a     drivers.am243x.r5f.ti-arm-clang.release.lib : ospi_v0.obj (.text.OSPI_getCmdExt)
                  700071fa    00000006     --HOLE-- [fill = 0]
                  70007200    00000018     ti_board_open_close.obj (.text.Board_driversClose)
                  70007218    00000018     drivers.am243x.r5f.ti-arm-clang.release.lib : sciclient.obj (.text.CSL_secProxyGetMaxMsgSize)
                  70007230    00000018     ti_drivers_open_close.obj (.text.Drivers_close)
                  70007248    00000018     drivers.am243x.r5f.ti-arm-clang.release.lib : ospi_v0.obj (.text.OSPI_disablePhyPipeline)
                  70007260    00000018                                                 : ospi_dma.obj (.text.OSPI_dmaClose)
                  70007278    00000018                                                 : ospi_v0.obj (.text.OSPI_setCmdDummyCycles)
                  70007290    00000018                                                 : sciclient.obj (.text.Sciclient_secProxyReadThread32)
                  700072a8    00000018     libsysbm.a : memset32.S.obj (.text:TI_memset_small)
                  700072c0    00000016     drivers.am243x.r5f.ti-arm-clang.release.lib : ospi_v0.obj (.text.OSPI_ReadCmdParams_init)
                  700072d6    00000016                                                 : ospi_v0.obj (.text.OSPI_WriteCmdParams_init)
                  700072ec    00000014                                                 : ospi_v0.obj (.text.OSPI_enableModeBitsCmd)
                  70007300    00000014                                                 : ospi_v0.obj (.text.OSPI_setReadDummyCycles)
                  70007314    00000014                                                 : sciclient_soc_priv.obj (.text.Sciclient_getDevId)
                  70007328    00000014     libc.a : fgets.c.obj (.text.gets)
                  7000733c    00000014     libsysbm.a : hostrename.c.obj (.text.strcpy)
                  70007350    00000012     board.am243x.r5f.ti-arm-clang.release.lib : flash.obj (.text.Flash_eraseBlk)
                  70007362    00000012     drivers.am243x.r5f.ti-arm-clang.release.lib : ospi_v0.obj (.text.OSPI_Transaction_init)
                  70007374    0000000c     --HOLE-- [fill = 0]
                  70007380    00000012     nortos.am243x.r5f.ti-arm-clang.release.lib : TimerP.obj (.text.TimerP_clearOverflowInt)
                  70007392    0000000e     --HOLE-- [fill = 0]
                  700073a0    00000010     board.am243x.r5f.ti-arm-clang.release.lib : flash.obj (.text.Flash_getPhyTuningOffset)
                  700073b0    00000010     drivers.am243x.r5f.ti-arm-clang.release.lib : ospi_v0.obj (.text.OSPI_enableModeBitsRead)
                  700073c0    00000010                                                 : ospi_phy.obj (.text.OSPI_phyGetTuningData)
                  700073d0    00000010                                                 : ospi_v0.obj (.text.OSPI_setModeBits)
                  700073e0    00000010                                                 : ospi_v0.obj (.text.OSPI_utilLog2)
                  700073f0    00000010     libc.a : fputc.c.obj (.text.putchar)
                  70007400    0000000e     board.am243x.r5f.ti-arm-clang.release.lib : flash.obj (.text.Flash_close)
                  7000740e    00000002     --HOLE-- [fill = 0]
                  70007410    0000000e     ti_power_clock_config.obj (.text.PowerClock_init)
                  7000741e    00000002     --HOLE-- [fill = 0]
                  70007420    0000000a     nortos.am243x.r5f.ti-arm-clang.release.lib : ClockP_nortos.obj (.text.ClockP_Params_init)
                  7000742a    00000006     --HOLE-- [fill = 0]
                  70007430    0000000a                                                : ClockP_nortos.obj (.text.ClockP_isActive)
                  7000743a    00000006     --HOLE-- [fill = 0]
                  70007440    0000000a                                                : TimerP.obj (.text.TimerP_start)
                  7000744a    00000006     --HOLE-- [fill = 0]
                  70007450    00000008     board.am243x.r5f.ti-arm-clang.release.lib : flash_nor_ospi.obj (.text.Flash_norOspiClose)
                  70007458    00000008     --HOLE-- [fill = 0]
                  70007460    00000008     nortos.am243x.r5f.ti-arm-clang.release.lib : printf.obj (.text._out_char)
                  70007468    00000008     --HOLE-- [fill = 0]
                  70007470    00000004     ti_board_open_close.obj (.text.Board_driversOpen)
                  70007474    0000000c     --HOLE-- [fill = 0]
                  70007480    00000004     nortos.am243x.r5f.ti-arm-clang.release.lib : ClockP_nortos_r5.obj (.text.ClockP_getTimerCount)
                  70007484    0000000c     --HOLE-- [fill = 0]
                  70007490    00000004                                                : ClockP_nortos_r5.obj (.text.ClockP_timerClearOverflowInt)
                  70007494    0000000c     --HOLE-- [fill = 0]
                  700074a0    00000004     ti_drivers_open_close.obj (.text.Drivers_open)
                  700074a4    0000000c     --HOLE-- [fill = 0]
                  700074b0    00000004     nortos.am243x.r5f.ti-arm-clang.release.lib : TimerP.obj (.text.TimerP_getCount)
                  700074b4    0000000c     --HOLE-- [fill = 0]
                  700074c0    00000004                                                : TimerP.obj (.text.TimerP_getReloadCount)
                  700074c4    0000000c     --HOLE-- [fill = 0]
                  700074d0    00000004     libclang_rt.builtins.a : aeabi_div0.c.obj (.text.__aeabi_idiv0)
                  700074d4    0000000c     --HOLE-- [fill = 0]
                  700074e0    00000004                            : aeabi_div0.c.obj (.text.__aeabi_ldiv0)
                  700074e4    0000000c     --HOLE-- [fill = 0]
                  700074f0    00000004     ti_dpl_config.obj (.text.putchar_)
                  700074f4    0000000c     --HOLE-- [fill = 0]
                  70007500    00000002     nortos.am243x.r5f.ti-arm-clang.release.lib : SemaphoreP_nortos.obj (.text.SemaphoreP_destruct)
                  70007502    0000000e     --HOLE-- [fill = 0]
                  70007510    00000002                                                : printf.obj (.text._out_null)
                  70007512    0000000e     --HOLE-- [fill = 0]

.text.hwi 
*          0    70007520    00000790     
                  70007520    00000452     nortos.am243x.r5f.ti-arm-clang.release.lib : HwiP_armv7r_vim.obj (.text.hwi)
                  70007972    00000002     --HOLE-- [fill = 0]
                  70007974    00000008                                                : HwiP_armv7r_asm.obj (.tramp.HwiP_enableFIQ.1)
                  7000797c    00000004     --HOLE-- [fill = 0]
                  70007980    0000023e                                                : HwiP_armv7r_handlers_nortos.obj (.text.hwi)
                  70007bbe    00000002     --HOLE-- [fill = 0]
                  70007bc0    00000078                                                : HwiP_armv7r_handlers_nortos_asm.obj (.text.hwi)
                  70007c38    00000070                                                : HwiP_armv7r_asm.obj (.text.hwi)
                  70007ca8    00000008     --HOLE-- [fill = 0]

.text.cache 
*          0    70007cb0    00000460     
                  70007cb0    00000340     nortos.am243x.r5f.ti-arm-clang.release.lib : CacheP_armv7r_asm.obj (.text.cache)
                  70007ff0    00000106                                                : CacheP_armv7r.obj (.text.cache)
                  700080f6    00000002     --HOLE-- [fill = 0]
                  700080f8    00000008                                                : CacheP_armv7r_asm.obj (.tramp.CacheP_invL1d.1)
                  70008100    00000008                                                : HwiP_armv7r_asm.obj (.tramp.HwiP_restore.2)
                  70008108    00000008                                                : CacheP_armv7r_asm.obj (.tramp.CacheP_enableL1p.1)

.text.mpu 
*          0    70008110    00000240     
                  70008110    000001b4     nortos.am243x.r5f.ti-arm-clang.release.lib : MpuP_armv7r.obj (.text.mpu)
                  700082c4    00000078                                                : MpuP_armv7r_asm.obj (.text.mpu)
                  7000833c    00000008                                                : MpuP_armv7r_asm.obj (.tramp.MpuP_isEnableAsm.1)
                  70008344    00000008                                                : HwiP_armv7r_asm.obj (.tramp.HwiP_restore.3)
                  7000834c    00000004     --HOLE-- [fill = 0]

.text.boot 
*          0    70008350    00000130     
                  70008350    000000fc     nortos.am243x.r5f.ti-arm-clang.release.lib : boot_armv7r_asm.obj (.text.boot)
                  7000844c    00000004     --HOLE-- [fill = 0]
                  70008450    0000001e                                                : DebugP_log.obj (.text.boot)
                  7000846e    00000002     --HOLE-- [fill = 0]
                  70008470    0000000e     ti_dpl_config.obj (.text.boot)
                  7000847e    00000002     --HOLE-- [fill = 0]

.data      0    70008480    00000728     
                  70008480    000000f0     libc.a : defs.c.obj (.data._ftable)
                  70008570    000000c0     main.obj (.data.gMainMenu)
                  70008630    0000009c     drivers.am243x.r5f.ti-arm-clang.release.lib : ospi_v0.obj (.data.gOspiDrvObj)
                  700086cc    00000080                                                 : ospi_phy.obj (.data.gOspiFlashAttackVector)
                  7000874c    00000080                                                 : ospi_phy.obj (.data.gReadBuf)
                  700087cc    00000078     libsysbm.a : host_device.c.obj (.data._device)
                  70008844    00000070     ti_board_open_close.obj (.data.gFlashDevCfg_S25HL512T)
                  700088b4    00000054     drivers.am243x.r5f.ti-arm-clang.release.lib : ospi_phy.obj (.data..L_MergedGlobals)
                  70008908    00000050     libsysbm.a : host_device.c.obj (.data._stream)
                  70008958    00000048     ti_drivers_config.obj (.data.gOspiAttrs)
                  700089a0    00000040     ti_dpl_config.obj (.data.gMpuRegionConfig)
                  700089e0    00000038     ti_pinmux_config.obj (.data.gPinMuxMainDomainCfg)
                  70008a18    00000030     ti_board_open_close.obj (.data.gFlashAttrs_S25HL512T)
                  70008a48    00000024     board.am243x.r5f.ti-arm-clang.release.lib : flash_nor_ospi.obj (.data.gFlashToSpiProtocolMap)
                  70008a6c    00000020     ti_drivers_config.obj (.data.gOspiDmaRestrictRegions)
                  70008a8c    00000004     libc.a : defs.c.obj (.data.__TI_ft_end)
                  70008a90    00000020     drivers.am243x.r5f.ti-arm-clang.release.lib : sciclient_soc_priv.obj (.data.gSciclientSecProxyCfg)
                  70008ab0    0000001c     board.am243x.r5f.ti-arm-clang.release.lib : flash_nor_ospi.obj (.data.gFlashNorOspiFxns)
                  70008acc    00000018     drivers.am243x.r5f.ti-arm-clang.release.lib : sciclient.obj (.data..L_MergedGlobals)
                  70008ae4    00000018     ti_power_clock_config.obj (.data.gSocModulesClockFrequency)
                  70008afc    00000014     ti_dpl_config.obj (.data.gClockConfig)
                  70008b10    00000010     ti_board_open_close.obj (.data.gFlashConfig)
                  70008b20    00000010     ti_power_clock_config.obj (.data.gSocModules)
                  70008b30    0000000c     nortos.am243x.r5f.ti-arm-clang.release.lib : AddrTranslateP.obj (.data.gAddrTranslateConfig)
                  70008b3c    0000000c     ti_dpl_config.obj (.data.gMpuConfig)
                  70008b48    00000008     libc.a : exit.c.obj (.data..L_MergedGlobals)
                  70008b50    00000008     ti_dpl_config.obj (.data.gCacheConfig)
                  70008b58    00000008     ti_board_open_close.obj (.data.gFlashParams)
                  70008b60    00000008     ti_drivers_config.obj (.data.gOspiConfig)
                  70008b68    00000008     ti_pinmux_config.obj (.data.gPinMuxMcuDomainCfg)
                  70008b70    00000004     libc.a : aeabi_portable.c.obj (.data.__aeabi_errno)
                  70008b74    00000004            : _lock.c.obj (.data._lock)
                  70008b78    00000004            : _lock.c.obj (.data._unlock)
                  70008b7c    00000004     nortos.am243x.r5f.ti-arm-clang.release.lib : CacheP_armv7r.obj (.data.gCacheL1dCacheLineSize)
                  70008b80    00000004                                                : CacheP_armv7r.obj (.data.gCacheL1pCacheLineSize)
                  70008b84    00000004                                                : DebugP_log.obj (.data.gDebugLogZone)
                  70008b88    00000004     ti_board_open_close.obj (.data.gFlashConfigNum)
                  70008b8c    00000004     ti_dpl_config.obj (.data.gHwiConfig)
                  70008b90    00000004     ti_drivers_config.obj (.data.gOspiConfigNum)
                  70008b94    00000004     ti_drivers_config.obj (.data.gOspiDmaConfigNum)
                  70008b98    00000004     ti_drivers_open_close.obj (.data.gOspiParams)
                  70008b9c    00000001     libc.a : fopen.c.obj (.data._search_fp.init)
                  70008b9d    00000003     --HOLE-- [fill = 0]
                  70008ba0    00000001            : memory.c.obj (.data.memory_is_initialized)
                  70008ba1    00000003     --HOLE-- [fill = 0]
                  70008ba4    00000001     libsysbm.a : open.c.obj (.data.open.stream_init)
                  70008ba5    00000003     --HOLE-- [fill = 0]

.rodata    0    70008bb0    00000d00     
                  70008bb0    00000641     main.obj (.rodata.str1.1)
                  700091f1    00000003     --HOLE-- [fill = 0]
                  700091f4    0000012c     drivers.am243x.r5f.ti-arm-clang.release.lib : sciclient_fmwSecureProxyMap.obj (.rodata.gSciclientMap)
                  70009320    00000103     nortos.am243x.r5f.ti-arm-clang.release.lib : TimerP.obj (.rodata.str1.1)
                  70009423    0000000d     --HOLE-- [fill = 0]
                  70009430    00000101     libc.a : aeabi_ctype.S.obj (.rodata)
                  70009531    000000ac     nortos.am243x.r5f.ti-arm-clang.release.lib : ClockP_nortos_r5.obj (.rodata.str1.1)
                  700095dd    0000006b                                                : SemaphoreP_nortos.obj (.rodata.str1.1)
                  70009648    00000065     drivers.am243x.r5f.ti-arm-clang.release.lib : ospi_v0.obj (.rodata.str1.1)
                  700096ad    0000005a     nortos.am243x.r5f.ti-arm-clang.release.lib : ClockP_nortos.obj (.rodata.str1.1)
                  70009707    00000058     board.am243x.r5f.ti-arm-clang.release.lib : flash_nor_ospi.obj (.rodata.str1.1)
                  7000975f    00000001     --HOLE-- [fill = 0]
                  70009760    00000050     nortos.am243x.r5f.ti-arm-clang.release.lib : printf.obj (.rodata._ftoa.pow10)
                  700097b0    00000050     ti_board_open_close.obj (.rodata.str1.1)
                  70009800    00000046     ti_drivers_open_close.obj (.rodata.str1.1)
                  70009846    0000002d     nortos.am243x.r5f.ti-arm-clang.release.lib : DebugP_log.obj (.rodata.str1.1)
                  70009873    00000001     --HOLE-- [fill = 0]
                  70009874    00000018     drivers.am243x.r5f.ti-arm-clang.release.lib : sciclient_soc_priv.obj (.rodata..Lswitch.table.Sciclient_getDevId)
                  7000988c    00000012     nortos.am243x.r5f.ti-arm-clang.release.lib : printf.obj (.rodata.str1.1)
                  7000989e    00000002     --HOLE-- [fill = 0]
                  700098a0    00000010     drivers.am243x.r5f.ti-arm-clang.release.lib : ospi_v0.obj (.rodata.cst16)

.bss       0    70071000    00009580     UNINITIALIZED
                  70071000    00008000     main.obj (.bss)
                  70079000    00001008     (.common:gHwiCtrl)
                  7007a008    00000184     ti_drivers_config.obj (.bss.gOspiObjects)
                  7007a18c    00000180     main.obj (.bss.filename)
                  7007a30c    00000120     libsysbm.a : trgmsg.c.obj (.bss:_CIOBUF_)
                  7007a42c    000000a0     (.common:__TI_tmpnams)
                  7007a4cc    00000004     nortos.am243x.r5f.ti-arm-clang.release.lib : HwiP_armv7r_vim.obj (.bss.gdummy)
                  7007a4d0    00000038     (.common:gClockCtrl)
                  7007a508    00000014     (.common:gFlashObject_S25HL512T)
                  7007a51c    00000010     main.obj (.bss.inputStr)
                  7007a52c    00000008     (.common:parmbuf)
                  7007a534    00000004     libc.a : memory.c.obj (.bss.sys_free)
                  7007a538    00000004     (.common:gFlashHandle)
                  7007a53c    00000004     (.common:gOspiHandle)
                  7007a540    00000040     --HOLE--

.sysmem    0    7007a580    00008000     UNINITIALIZED
                  7007a580    00000010     libc.a : memory.c.obj (.sysmem)
                  7007a590    00007ff0     --HOLE--

.stack     0    70082580    00004000     UNINITIALIZED
                  70082580    00000004     nortos.am243x.r5f.ti-arm-clang.release.lib : boot_armv7r_asm.obj (.stack)
                  70082584    00003ffc     --HOLE--

.irqstack 
*          0    70086580    00001000     UNINITIALIZED
                  70086580    00001000     --HOLE--

.fiqstack 
*          0    70087580    00000100     UNINITIALIZED
                  70087580    00000100     --HOLE--

.svcstack 
*          0    70087680    00000100     UNINITIALIZED
                  70087680    00000100     --HOLE--

.abortstack 
*          0    70087780    00000100     UNINITIALIZED
                  70087780    00000100     --HOLE--

.undefinedstack 
*          0    70087880    00000100     UNINITIALIZED
                  70087880    00000100     --HOLE--

.bss.filebuf 
*          0    70090000    00150000     NOLOAD SECTION
                  70090000    00150000     main.obj (.bss.filebuf)

__llvm_prf_cnts 
*          0    70071000    00000000     UNINITIALIZED

__llvm_prf_bits 
*          0    70071000    00000000     UNINITIALIZED

MODULE SUMMARY

       Module                                   code    ro data   rw data
       ------                                   ----    -------   -------
    obj/release/
       main.obj                                 1338    1601      1409616
       ti_drivers_config.obj                    38      0         508    
       ti_board_open_close.obj                  138     80        212    
       ti_dpl_config.obj                        82      0         108    
       ti_drivers_open_close.obj                104     70        8      
       ti_power_clock_config.obj                114     0         40     
       ti_pinmux_config.obj                     34      0         64     
    +--+----------------------------------------+-------+---------+---------+
       Total:                                   1848    1751      1410556
                                                                         
    /home/gtbldadm/nightlybuilds/repo_manifests/scripts/jenkins/mcu_plus_sdk_am243x_08_04_00_17/source/board/lib/board.am243x.r5f.ti-arm-clang.release.lib
       flash_nor_ospi.obj                       4422    88        64     
       flash.obj                                402     0         0      
    +--+----------------------------------------+-------+---------+---------+
       Total:                                   4824    88        64     
                                                                         
    /home/gtbldadm/nightlybuilds/repo_manifests/scripts/jenkins/mcu_plus_sdk_am243x_08_04_00_17/source/drivers/lib/drivers.am243x.r5f.ti-arm-clang.release.lib
       ospi_phy.obj                             2758    0         340    
       ospi_v0.obj                              2678    117       156    
       sciclient.obj                            1108    0         24     
       sciclient_pm.obj                         1070    0         0      
       soc.obj                                  510     0         0      
       sciclient_fmwSecureProxyMap.obj          0       300       0      
       pinmux.obj                               172     0         0      
       sciclient_soc_priv.obj                   100     24        32     
       ospi_dma.obj                             116     0         0      
       csl_sec_proxy.obj                        10      0         0      
    +--+----------------------------------------+-------+---------+---------+
       Total:                                   8522    441       552    
                                                                         
    /home/gtbldadm/nightlybuilds/repo_manifests/scripts/jenkins/mcu_plus_sdk_am243x_08_04_00_17/source/kernel/nortos/lib/nortos.am243x.r5f.ti-arm-clang.release.lib
       HwiP_armv7r_vim.obj                      1106    0         4108   
       printf.obj                               3952    98        0      
       CacheP_armv7r_asm.obj                    848     0         0      
       TimerP.obj                               516     259       0      
       ClockP_nortos.obj                        538     90        56     
       HwiP_armv7r_handlers_nortos.obj          574     0         0      
       MpuP_armv7r.obj                          436     0         0      
       SemaphoreP_nortos.obj                    328     107       0      
       ClockP_nortos_r5.obj                     260     172       0      
       CacheP_armv7r.obj                        262     0         8      
       boot_armv7r_asm.obj                      252     0         0      
       DebugP_log.obj                           154     45        4      
       HwiP_armv7r_asm.obj                      152     0         0      
       MpuP_armv7r_asm.obj                      128     0         0      
       HwiP_armv7r_handlers_nortos_asm.obj      120     0         0      
       AddrTranslateP.obj                       104     0         12     
       HwiP_armv7r_vectors_nortos_sbl_asm.obj   64      0         0      
       DebugP_nortos.obj                        56      0         0      
       boot_armv7r.obj                          28      0         0      
    +--+----------------------------------------+-------+---------+---------+
       Total:                                   9878    771       4188   
                                                                         
    /home/gtbldadm/ti/ti-cgt-armllvm_2.1.1.LTS/lib/armv7r-ti-none-eabihf/c/libc.a
       memory.c.obj                             1172    0         5      
       fopen.c.obj                              784     0         1      
       fgets.c.obj                              684     0         0      
       strtol.c.obj                             520     0         0      
       defs.c.obj                               0       0         404    
       setvbuf.c.obj                            324     0         0      
       getdevice.c.obj                          308     0         0      
       _io_perm.c.obj                           272     0         0      
       aeabi_ctype.S.obj                        0       257       0      
       fclose.c.obj                             256     0         0      
       fputc.c.obj                              256     0         0      
       _bufread.c.obj                           232     0         0      
       fseek.c.obj                              184     0         0      
       ftell.c.obj                              184     0         0      
       fflush.c.obj                             136     0         0      
       exit.c.obj                               92      0         8      
       autoinit.c.obj                           80      0         0      
       aeabi_portable.c.obj                     12      0         4      
       _lock.c.obj                              4       0         8      
    +--+----------------------------------------+-------+---------+---------+
       Total:                                   5500    257       430    
                                                                         
    /home/gtbldadm/ti/ti-cgt-armllvm_2.1.1.LTS/lib/armv7r-ti-none-eabihf/c/libsysbm.a
       trgmsg.c.obj                             176     0         288    
       open.c.obj                               288     0         1      
       hostrename.c.obj                         208     0         0      
       host_device.c.obj                        0       0         200    
       hostopen.c.obj                           148     0         8      
       hostlseek.c.obj                          152     0         0      
       close.c.obj                              140     0         0      
       hostread.c.obj                           132     0         0      
       hostwrite.c.obj                          132     0         0      
       hostunlink.c.obj                         108     0         0      
       hostclose.c.obj                          96      0         0      
       unlink.c.obj                             72      0         0      
       lseek.c.obj                              52      0         0      
       read.c.obj                               52      0         0      
       write.c.obj                              52      0         0      
       memcpy32.S.obj                           28      0         0      
       memset32.S.obj                           24      0         0      
       remove.c.obj                             4       0         0      
    +--+----------------------------------------+-------+---------+---------+
       Total:                                   1864    0         497    
                                                                         
    /home/gtbldadm/ti/ti-cgt-armllvm_2.1.1.LTS/lib/clang/14.0.6/lib/armv7r-ti-none-eabihf/libclang_rt.builtins.a
       udivsi3.S.obj                            464     0         0      
       udivmoddi4.S.obj                         280     0         0      
       aeabi_uldivmod.S.obj                     36      0         0      
       aeabi_memset.S.obj                       28      0         0      
       aeabi_div0.c.obj                         8       0         0      
       aeabi_memcpy.S.obj                       4       0         0      
    +--+----------------------------------------+-------+---------+---------+
       Total:                                   820     0         0      
                                                                         
       Heap:                                    0       0         32768  
       Stack:                                   0       0         16384  
    +--+----------------------------------------+-------+---------+---------+
       Grand Total:                             33256   3308      1465439

VENEERS

callee name               veneer name
   callee addr  veneer addr  call addr  call info
--------------  -----------  ---------  ----------------
putchar                   $Ven$TA$L$PI$$putchar
   700073f0     70004c38     700074f0   ti_dpl_config.obj (.text.putchar_)
HwiP_enable               $Ven$TA$L$PI$$HwiP_enable
   70007c58     70005e58     70006a7c   ti_dpl_config.obj (.text.Dpl_init)
HwiP_restore              $Ven$TA$L$PI$$HwiP_restore
   70007c78     70005ec8     70006a3c   nortos.am243x.r5f.ti-arm-clang.release.lib : ClockP_nortos.obj (.text.ClockP_stop)
                             70006bb6                                              : ClockP_nortos.obj (.text.ClockP_destruct)
                             70006d90                                              : ClockP_nortos.obj (.text.ClockP_start)
                             70006e9e                                              : SemaphoreP_nortos.obj (.text.SemaphoreP_post)
HwiP_enableFIQ            $Ven$TA$L$PI$$HwiP_enableFIQ
   70007c68     70007974     7000795c   nortos.am243x.r5f.ti-arm-clang.release.lib : HwiP_armv7r_vim.obj (.text.hwi)
CacheP_invL1d             $Ven$TA$L$PI$$CacheP_invL1d
   70007d20     700080f8     700080f2   nortos.am243x.r5f.ti-arm-clang.release.lib : CacheP_armv7r.obj (.text.cache)
HwiP_restore              $Ven$TA$L$PI$$HwiP_restore
   70007c78     70008100     700080a6   nortos.am243x.r5f.ti-arm-clang.release.lib : CacheP_armv7r.obj (.text.cache)
CacheP_enableL1p          $Ven$TA$L$PI$$CacheP_enableL1p
   70007d08     70008108     70008062   nortos.am243x.r5f.ti-arm-clang.release.lib : CacheP_armv7r.obj (.text.cache)
                             700080cc                                              : CacheP_armv7r.obj (.text.cache)
MpuP_isEnableAsm          $Ven$TA$L$PI$$MpuP_isEnableAsm
   70008314     7000833c     70008250   nortos.am243x.r5f.ti-arm-clang.release.lib : MpuP_armv7r.obj (.text.mpu)
HwiP_restore              $Ven$TA$L$PI$$HwiP_restore
   70007c78     70008344     7000820a   nortos.am243x.r5f.ti-arm-clang.release.lib : MpuP_armv7r.obj (.text.mpu)
                             7000823c                                              : MpuP_armv7r.obj (.text.mpu)

[9 trampolines]
[14 trampoline calls]


GLOBAL SYMBOLS: SORTED ALPHABETICALLY BY Name 

address   name                             
-------   ----                             
70005df1  AddrTranslateP_getLocalAddr      
70007201  Board_driversClose               
70007471  Board_driversOpen                
70005a11  Board_flashOpen                  
700015a8  C$$EXIT                          
700063ac  C$$IO$$                          
70004497  CSL_secProxyGetDataAddr          
70007fc0  CacheP_configForceWrThru         
70008071  CacheP_disable                   
70007cb0  CacheP_disableL1d                
70007cd8  CacheP_disableL1p                
700080b1  CacheP_enable                    
70007cf0  CacheP_enableL1d                 
70007d08  CacheP_enableL1p                 
70007fb4  CacheP_getCacheLevelInfo         
70007f7c  CacheP_getEnabled                
70007ff1  CacheP_init                      
700080d1  CacheP_inv                       
70007d20  CacheP_invL1d                    
70007d94  CacheP_invL1dAll                 
70007d58  CacheP_invL1p                    
70007d9c  CacheP_invL1pAll                 
70007fe0  CacheP_setDLFO                   
70007da4  CacheP_wb                        
70007e1c  CacheP_wbAll                     
70007de0  CacheP_wbInv                     
70007ec4  CacheP_wbInvAll                  
70007edc  CacheP_wbInvAllAsm               
70007421  ClockP_Params_init               
70006511  ClockP_construct                 
70006b81  ClockP_destruct                  
70006651  ClockP_getTimeUsec               
70007481  ClockP_getTimerCount             
70003d11  ClockP_init                      
70007431  ClockP_isActive                  
70006d61  ClockP_start                     
70006a01  ClockP_stop                      
70007491  ClockP_timerClearOverflowInt     
70005b61  ClockP_timerTickIsr              
70007051  DebugP_logZoneEnable             
70006a41  Dpl_init                         
70007231  Drivers_close                    
700074a1  Drivers_open                     
700066a1  Drivers_ospiOpen                 
70007401  Flash_close                      
70007351  Flash_eraseBlk                   
70007071  Flash_getAttrs                   
700073a1  Flash_getPhyTuningOffset         
70005f41  Flash_offsetToBlkPage            
70005d81  Flash_offsetToSectorPage         
70006ce1  Flash_open                       
700069b1  Flash_quirkSpansionUNHYSADisable 
700070d1  Flash_read                       
700070f1  Flash_write                      
700060d4  HOSTclose                        
7000521c  HOSTlseek                        
70005358  HOSTopen                         
70005620  HOSTread                         
70005040  HOSTrename                       
70005bcc  HOSTunlink                       
700056a4  HOSTwrite                        
70007641  HwiP_Params_init                 
700075f1  HwiP_clearInt                    
70007661  HwiP_construct                   
70007b91  HwiP_data_abort_handler          
700077b1  HwiP_destruct                    
70007c38  HwiP_disable                     
70007c48  HwiP_disableFIQ                  
70007551  HwiP_disableInt                  
70007c90  HwiP_disableVIC                  
70007c58  HwiP_enable                      
70007c68  HwiP_enableFIQ                   
70007521  HwiP_enableInt                   
70007c80  HwiP_enableVIC                   
70007a11  HwiP_fiq_handler                 
70007ca0  HwiP_getCPSR                     
70007961  HwiP_inISR                       
70007891  HwiP_init                        
70007bc0  HwiP_irq_handler                 
70007981  HwiP_irq_handler_c               
70007611  HwiP_post                        
70007b61  HwiP_prefetch_abort_handler      
70007ad1  HwiP_reserved_handler            
70007c78  HwiP_restore                     
70007591  HwiP_restoreInt                  
70007b31  HwiP_svc_handler                 
70007b01  HwiP_undefined_handler           
70006eb1  Module_clockEnable               
70006d21  Module_clockSetFrequency         
70008111  MpuP_RegionAttrs_init            
70008211  MpuP_disable                     
700082c4  MpuP_disableAsm                  
700082dc  MpuP_disableBRAsm                
700081d1  MpuP_enable                      
700082ec  MpuP_enableAsm                   
70008304  MpuP_enableBRAsm                 
70008261  MpuP_init                        
70008251  MpuP_isEnable                    
70008314  MpuP_isEnableAsm                 
70008121  MpuP_setRegion                   
70008328  MpuP_setRegionAsm                
700072c1  OSPI_ReadCmdParams_init          
70007363  OSPI_Transaction_init            
700072d7  OSPI_WriteCmdParams_init         
7000600d  OSPI_close                       
70006bbb  OSPI_disablePhy                  
70007249  OSPI_disablePhyPipeline          
70007261  OSPI_dmaClose                    
70006f87  OSPI_dmaCopy                     
70006bf5  OSPI_dmaOpen                     
7000710f  OSPI_enableDacMode               
700072ed  OSPI_enableModeBitsCmd           
700073b1  OSPI_enableModeBitsRead          
70006811  OSPI_enablePhy                   
70001215  OSPI_getFlashDataBaseAddr        
70006f0d  OSPI_getHandle                   
70005925  OSPI_init                        
700034b9  OSPI_isPhyEnable                 
70002471  OSPI_open                        
70000ce9  OSPI_phyFindOTP1                 
70001c01  OSPI_phyFindOTP2                 
70006859  OSPI_phyFindRxHigh               
7000689d  OSPI_phyFindRxLow                
700068e1  OSPI_phyFindTxHigh               
70006925  OSPI_phyFindTxLow                
700073c1  OSPI_phyGetTuningData            
70006739  OSPI_phyReadAttackVector         
70005a7f  OSPI_phyResyncDLL                
70006781  OSPI_phySetRdDelayTxRxDLL        
700057ad  OSPI_phyTuneDDR                  
70004007  OSPI_readCmd                     
7000495d  OSPI_readDirect                  
70007279  OSPI_setCmdDummyCycles           
70000749  OSPI_setCmdExtType               
70006fab  OSPI_setDeviceSize               
700073d1  OSPI_setModeBits                 
70006f35  OSPI_setNumAddrBytes             
700052b5  OSPI_setPhyEnableSuccess         
700040f1  OSPI_setProtocol                 
7000714b  OSPI_setRdDataCaptureDelay       
70007301  OSPI_setReadDummyCycles          
70006257  OSPI_setXferOpCodes              
7000463b  OSPI_writeCmd                    
70004899  OSPI_writeIndirect               
70004cf1  Pinmux_config                    
70007021  Pinmux_init                      
70007411  PowerClock_init                  
70006edf  SOC_controlModuleLockMMR         
70006c2d  SOC_controlModuleUnlockMMR       
70005c39  SOC_moduleClockEnable            
70003883  SOC_moduleSetClockFrequency      
70006561  Sciclient_getContext             
70006c65  Sciclient_getCurrentContext      
70007315  Sciclient_getDevId               
70005ca5  Sciclient_init                   
700058ab  Sciclient_pmGetModuleClkNumParent
70005fa7  Sciclient_pmGetModuleClkParent   
70005aed  Sciclient_pmGetModuleState       
700061fd  Sciclient_pmModuleClkRequest     
70006071  Sciclient_pmModuleGetClkStatus   
700050e1  Sciclient_pmQueryModuleClkFreq   
700053ed  Sciclient_pmSetModuleClkFreq     
70006135  Sciclient_pmSetModuleClkParent   
70006969  Sciclient_pmSetModuleRst         
7000646d  Sciclient_pmSetModuleState       
70001efd  Sciclient_service                
70006ac1  SemaphoreP_constructBinary       
70006b41  SemaphoreP_constructMutex        
70007501  SemaphoreP_destruct              
700052c1  SemaphoreP_pend                  
70006e71  SemaphoreP_post                  
70006f61  System_init                      
700071a8  TI_memcpy_small                  
700072a8  TI_memset_small                  
700070b1  TimerP_Params_init               
70007381  TimerP_clearOverflowInt          
700074b1  TimerP_getCount                  
700074c1  TimerP_getReloadCount            
70002ae1  TimerP_setup                     
70007441  TimerP_start                     
7007a30c  _CIOBUF_                         
700061a1  _DebugP_assert                   
70008451  _DebugP_assertNoLog              
70006ca1  _DebugP_logZone                  
70087880  __ABORT_STACK_END                
00000100  __ABORT_STACK_SIZE               
70087780  __ABORT_STACK_START              
7007a580  __BSS_END                        
70071000  __BSS_START                      
7007a30c  __CIOBUF_                        
70087680  __FIQ_STACK_END                  
00000100  __FIQ_STACK_SIZE                 
70087580  __FIQ_STACK_START                
70087580  __IRQ_STACK_END                  
00001000  __IRQ_STACK_SIZE                 
70086580  __IRQ_STACK_START                
70086580  __STACK_END                      
00004000  __STACK_SIZE                     
70087780  __SVC_STACK_END                  
00000100  __SVC_STACK_SIZE                 
70087680  __SVC_STACK_START                
00008000  __SYSMEM_SIZE                    
UNDEFED   __TI_CINIT_Base                  
UNDEFED   __TI_CINIT_Limit                 
UNDEFED   __TI_Handler_Table_Base          
UNDEFED   __TI_Handler_Table_Limit         
70006600  __TI_auto_init_nobinit_nopinit   
700041d8  __TI_buff_read                   
700062b0  __TI_cleanup                     
70008b48  __TI_cleanup_ptr                 
70004a1c  __TI_closefile                   
70005598  __TI_doflush                     
70008b4c  __TI_dtors_ptr                   
70008a8c  __TI_ft_end                      
ffffffff  __TI_pprof_out_hndl              
ffffffff  __TI_prof_data_size              
ffffffff  __TI_prof_data_start             
7000599c  __TI_rd_ok                       
70006308  __TI_readmsg                     
70000000  __TI_static_base__               
7007a42c  __TI_tmpnams                     
70006360  __TI_writemsg                    
70005180  __TI_wrt_ok                      
70087980  __UNDEFINED_STACK_END            
00000100  __UNDEFINED_STACK_SIZE           
70087880  __UNDEFINED_STACK_START          
70009430  __aeabi_ctype_table_             
70009430  __aeabi_ctype_table_C            
70008b70  __aeabi_errno                    
70003604  __aeabi_errno_addr               
700074d0  __aeabi_idiv0                    
700074e0  __aeabi_ldiv0                    
700071d4  __aeabi_memclr                   
700071d4  __aeabi_memclr4                  
700071d4  __aeabi_memclr8                  
700043ac  __aeabi_memcpy                   
700043ac  __aeabi_memcpy4                  
700043ac  __aeabi_memcpy8                  
700071c4  __aeabi_memset                   
700071c4  __aeabi_memset4                  
700071c4  __aeabi_memset8                  
7000290c  __aeabi_uidiv                    
70006ff4  __aeabi_uldivmod                 
ffffffff  __binit__                        
70008471  __mpu_init                       
70082580  __stack                          
70071000  __start___llvm_prf_bits          
70071000  __start___llvm_prf_cnts          
70071000  __stop___llvm_prf_bits           
70071000  __stop___llvm_prf_cnts           
70003bf0  __udivmoddi4                     
7000290c  __udivsi3                        
70008374  _c_int00                         
70008350  _c_int00_sbl                     
700087cc  _device                          
70008480  _ftable                          
70008b74  _lock                            
70002adc  _nop                             
70008908  _stream                          
7007a580  _sys_memory                      
UNDEFED   _system_post_cinit               
70007171  _system_pre_init                 
70008b78  _unlock                          
70000000  _vectors_sbl                     
700015a8  abort                            
70002e60  aligned_alloc                    
ffffffff  binit                            
7000550c  close                            
70006418  exit                             
700066ec  fclose                           
70005d10  finddevice                       
70003e0c  fopen                            
700042c0  fputc                            
70003018  free                             
70003d08  fseek                            
70004ad0  fseeko                           
70003d0c  ftell                            
70004b84  ftello                           
70008b30  gAddrTranslateConfig             
70008b50  gCacheConfig                     
70008b7c  gCacheL1dCacheLineSize           
70008b80  gCacheL1pCacheLineSize           
70008afc  gClockConfig                     
7007a4d0  gClockCtrl                       
70008b84  gDebugLogZone                    
70090000  gFileBuf                         
70008a18  gFlashAttrs_S25HL512T            
70008b10  gFlashConfig                     
70008b88  gFlashConfigNum                  
70008844  gFlashDevCfg_S25HL512T           
7007a538  gFlashHandle                     
70008ab0  gFlashNorOspiFxns                
7007a508  gFlashObject_S25HL512T           
70008b58  gFlashParams                     
70008a48  gFlashToSpiProtocolMap           
70008b8c  gHwiConfig                       
70079000  gHwiCtrl                         
70008570  gMainMenu                        
70008b3c  gMpuConfig                       
700089a0  gMpuRegionConfig                 
70008b60  gOspiConfig                      
70008b90  gOspiConfigNum                   
70008480  gOspiDmaConfig                   
70008b94  gOspiDmaConfigNum                
7007a53c  gOspiHandle                      
70008b98  gOspiParams                      
700088b4  gPhyTuneWindowParams             
700088b8  gPhyTuneWindowParamsGTE133       
700088e0  gPhyTuneWindowParamsLT133        
700091f4  gSciclientMap                    
70008a90  gSciclientSecProxyCfg            
70008b20  gSocModules                      
70008ae4  gSocModulesClockFrequency        
70071000  gVerifyBuf                       
70004704  getdevice                        
70007328  gets                             
70006dc8  lseek                            
700043b1  main                             
70003f04  malloc                           
70002e60  memalign                         
700039b0  open                             
7007a52c  parmbuf                          
700073f0  putchar                          
700074f1  putchar_                         
70006dfc  read                             
700043a8  remove                           
700065b1  sbl_jtag_uniflash_erase_all      
700031d1  sbl_jtag_uniflash_load_file      
70003ad1  sbl_jtag_uniflash_verify_file    
700034c1  sbl_jtag_uniflash_write_file     
70003374  setvbuf                          
70002704  strtol                           
700067c8  unlink                           
70006fd1  vprintf_                         
70006e30  write                            


GLOBAL SYMBOLS: SORTED BY Symbol Address 

address   name                             
-------   ----                             
00000100  __ABORT_STACK_SIZE               
00000100  __FIQ_STACK_SIZE                 
00000100  __SVC_STACK_SIZE                 
00000100  __UNDEFINED_STACK_SIZE           
00001000  __IRQ_STACK_SIZE                 
00004000  __STACK_SIZE                     
00008000  __SYSMEM_SIZE                    
70000000  __TI_static_base__               
70000000  _vectors_sbl                     
70000749  OSPI_setCmdExtType               
70000ce9  OSPI_phyFindOTP1                 
70001215  OSPI_getFlashDataBaseAddr        
700015a8  C$$EXIT                          
700015a8  abort                            
70001c01  OSPI_phyFindOTP2                 
70001efd  Sciclient_service                
70002471  OSPI_open                        
70002704  strtol                           
7000290c  __aeabi_uidiv                    
7000290c  __udivsi3                        
70002adc  _nop                             
70002ae1  TimerP_setup                     
70002e60  aligned_alloc                    
70002e60  memalign                         
70003018  free                             
700031d1  sbl_jtag_uniflash_load_file      
70003374  setvbuf                          
700034b9  OSPI_isPhyEnable                 
700034c1  sbl_jtag_uniflash_write_file     
70003604  __aeabi_errno_addr               
70003883  SOC_moduleSetClockFrequency      
700039b0  open                             
70003ad1  sbl_jtag_uniflash_verify_file    
70003bf0  __udivmoddi4                     
70003d08  fseek                            
70003d0c  ftell                            
70003d11  ClockP_init                      
70003e0c  fopen                            
70003f04  malloc                           
70004007  OSPI_readCmd                     
700040f1  OSPI_setProtocol                 
700041d8  __TI_buff_read                   
700042c0  fputc                            
700043a8  remove                           
700043ac  __aeabi_memcpy                   
700043ac  __aeabi_memcpy4                  
700043ac  __aeabi_memcpy8                  
700043b1  main                             
70004497  CSL_secProxyGetDataAddr          
7000463b  OSPI_writeCmd                    
70004704  getdevice                        
70004899  OSPI_writeIndirect               
7000495d  OSPI_readDirect                  
70004a1c  __TI_closefile                   
70004ad0  fseeko                           
70004b84  ftello                           
70004cf1  Pinmux_config                    
70005040  HOSTrename                       
700050e1  Sciclient_pmQueryModuleClkFreq   
70005180  __TI_wrt_ok                      
7000521c  HOSTlseek                        
700052b5  OSPI_setPhyEnableSuccess         
700052c1  SemaphoreP_pend                  
70005358  HOSTopen                         
700053ed  Sciclient_pmSetModuleClkFreq     
7000550c  close                            
70005598  __TI_doflush                     
70005620  HOSTread                         
700056a4  HOSTwrite                        
700057ad  OSPI_phyTuneDDR                  
700058ab  Sciclient_pmGetModuleClkNumParent
70005925  OSPI_init                        
7000599c  __TI_rd_ok                       
70005a11  Board_flashOpen                  
70005a7f  OSPI_phyResyncDLL                
70005aed  Sciclient_pmGetModuleState       
70005b61  ClockP_timerTickIsr              
70005bcc  HOSTunlink                       
70005c39  SOC_moduleClockEnable            
70005ca5  Sciclient_init                   
70005d10  finddevice                       
70005d81  Flash_offsetToSectorPage         
70005df1  AddrTranslateP_getLocalAddr      
70005f41  Flash_offsetToBlkPage            
70005fa7  Sciclient_pmGetModuleClkParent   
7000600d  OSPI_close                       
70006071  Sciclient_pmModuleGetClkStatus   
700060d4  HOSTclose                        
70006135  Sciclient_pmSetModuleClkParent   
700061a1  _DebugP_assert                   
700061fd  Sciclient_pmModuleClkRequest     
70006257  OSPI_setXferOpCodes              
700062b0  __TI_cleanup                     
70006308  __TI_readmsg                     
70006360  __TI_writemsg                    
700063ac  C$$IO$$                          
70006418  exit                             
7000646d  Sciclient_pmSetModuleState       
70006511  ClockP_construct                 
70006561  Sciclient_getContext             
700065b1  sbl_jtag_uniflash_erase_all      
70006600  __TI_auto_init_nobinit_nopinit   
70006651  ClockP_getTimeUsec               
700066a1  Drivers_ospiOpen                 
700066ec  fclose                           
70006739  OSPI_phyReadAttackVector         
70006781  OSPI_phySetRdDelayTxRxDLL        
700067c8  unlink                           
70006811  OSPI_enablePhy                   
70006859  OSPI_phyFindRxHigh               
7000689d  OSPI_phyFindRxLow                
700068e1  OSPI_phyFindTxHigh               
70006925  OSPI_phyFindTxLow                
70006969  Sciclient_pmSetModuleRst         
700069b1  Flash_quirkSpansionUNHYSADisable 
70006a01  ClockP_stop                      
70006a41  Dpl_init                         
70006ac1  SemaphoreP_constructBinary       
70006b41  SemaphoreP_constructMutex        
70006b81  ClockP_destruct                  
70006bbb  OSPI_disablePhy                  
70006bf5  OSPI_dmaOpen                     
70006c2d  SOC_controlModuleUnlockMMR       
70006c65  Sciclient_getCurrentContext      
70006ca1  _DebugP_logZone                  
70006ce1  Flash_open                       
70006d21  Module_clockSetFrequency         
70006d61  ClockP_start                     
70006dc8  lseek                            
70006dfc  read                             
70006e30  write                            
70006e71  SemaphoreP_post                  
70006eb1  Module_clockEnable               
70006edf  SOC_controlModuleLockMMR         
70006f0d  OSPI_getHandle                   
70006f35  OSPI_setNumAddrBytes             
70006f61  System_init                      
70006f87  OSPI_dmaCopy                     
70006fab  OSPI_setDeviceSize               
70006fd1  vprintf_                         
70006ff4  __aeabi_uldivmod                 
70007021  Pinmux_init                      
70007051  DebugP_logZoneEnable             
70007071  Flash_getAttrs                   
700070b1  TimerP_Params_init               
700070d1  Flash_read                       
700070f1  Flash_write                      
7000710f  OSPI_enableDacMode               
7000714b  OSPI_setRdDataCaptureDelay       
70007171  _system_pre_init                 
700071a8  TI_memcpy_small                  
700071c4  __aeabi_memset                   
700071c4  __aeabi_memset4                  
700071c4  __aeabi_memset8                  
700071d4  __aeabi_memclr                   
700071d4  __aeabi_memclr4                  
700071d4  __aeabi_memclr8                  
70007201  Board_driversClose               
70007231  Drivers_close                    
70007249  OSPI_disablePhyPipeline          
70007261  OSPI_dmaClose                    
70007279  OSPI_setCmdDummyCycles           
700072a8  TI_memset_small                  
700072c1  OSPI_ReadCmdParams_init          
700072d7  OSPI_WriteCmdParams_init         
700072ed  OSPI_enableModeBitsCmd           
70007301  OSPI_setReadDummyCycles          
70007315  Sciclient_getDevId               
70007328  gets                             
70007351  Flash_eraseBlk                   
70007363  OSPI_Transaction_init            
70007381  TimerP_clearOverflowInt          
700073a1  Flash_getPhyTuningOffset         
700073b1  OSPI_enableModeBitsRead          
700073c1  OSPI_phyGetTuningData            
700073d1  OSPI_setModeBits                 
700073f0  putchar                          
70007401  Flash_close                      
70007411  PowerClock_init                  
70007421  ClockP_Params_init               
70007431  ClockP_isActive                  
70007441  TimerP_start                     
70007471  Board_driversOpen                
70007481  ClockP_getTimerCount             
70007491  ClockP_timerClearOverflowInt     
700074a1  Drivers_open                     
700074b1  TimerP_getCount                  
700074c1  TimerP_getReloadCount            
700074d0  __aeabi_idiv0                    
700074e0  __aeabi_ldiv0                    
700074f1  putchar_                         
70007501  SemaphoreP_destruct              
70007521  HwiP_enableInt                   
70007551  HwiP_disableInt                  
70007591  HwiP_restoreInt                  
700075f1  HwiP_clearInt                    
70007611  HwiP_post                        
70007641  HwiP_Params_init                 
70007661  HwiP_construct                   
700077b1  HwiP_destruct                    
70007891  HwiP_init                        
70007961  HwiP_inISR                       
70007981  HwiP_irq_handler_c               
70007a11  HwiP_fiq_handler                 
70007ad1  HwiP_reserved_handler            
70007b01  HwiP_undefined_handler           
70007b31  HwiP_svc_handler                 
70007b61  HwiP_prefetch_abort_handler      
70007b91  HwiP_data_abort_handler          
70007bc0  HwiP_irq_handler                 
70007c38  HwiP_disable                     
70007c48  HwiP_disableFIQ                  
70007c58  HwiP_enable                      
70007c68  HwiP_enableFIQ                   
70007c78  HwiP_restore                     
70007c80  HwiP_enableVIC                   
70007c90  HwiP_disableVIC                  
70007ca0  HwiP_getCPSR                     
70007cb0  CacheP_disableL1d                
70007cd8  CacheP_disableL1p                
70007cf0  CacheP_enableL1d                 
70007d08  CacheP_enableL1p                 
70007d20  CacheP_invL1d                    
70007d58  CacheP_invL1p                    
70007d94  CacheP_invL1dAll                 
70007d9c  CacheP_invL1pAll                 
70007da4  CacheP_wb                        
70007de0  CacheP_wbInv                     
70007e1c  CacheP_wbAll                     
70007ec4  CacheP_wbInvAll                  
70007edc  CacheP_wbInvAllAsm               
70007f7c  CacheP_getEnabled                
70007fb4  CacheP_getCacheLevelInfo         
70007fc0  CacheP_configForceWrThru         
70007fe0  CacheP_setDLFO                   
70007ff1  CacheP_init                      
70008071  CacheP_disable                   
700080b1  CacheP_enable                    
700080d1  CacheP_inv                       
70008111  MpuP_RegionAttrs_init            
70008121  MpuP_setRegion                   
700081d1  MpuP_enable                      
70008211  MpuP_disable                     
70008251  MpuP_isEnable                    
70008261  MpuP_init                        
700082c4  MpuP_disableAsm                  
700082dc  MpuP_disableBRAsm                
700082ec  MpuP_enableAsm                   
70008304  MpuP_enableBRAsm                 
70008314  MpuP_isEnableAsm                 
70008328  MpuP_setRegionAsm                
70008350  _c_int00_sbl                     
70008374  _c_int00                         
70008451  _DebugP_assertNoLog              
70008471  __mpu_init                       
70008480  _ftable                          
70008480  gOspiDmaConfig                   
70008570  gMainMenu                        
700087cc  _device                          
70008844  gFlashDevCfg_S25HL512T           
700088b4  gPhyTuneWindowParams             
700088b8  gPhyTuneWindowParamsGTE133       
700088e0  gPhyTuneWindowParamsLT133        
70008908  _stream                          
700089a0  gMpuRegionConfig                 
70008a18  gFlashAttrs_S25HL512T            
70008a48  gFlashToSpiProtocolMap           
70008a8c  __TI_ft_end                      
70008a90  gSciclientSecProxyCfg            
70008ab0  gFlashNorOspiFxns                
70008ae4  gSocModulesClockFrequency        
70008afc  gClockConfig                     
70008b10  gFlashConfig                     
70008b20  gSocModules                      
70008b30  gAddrTranslateConfig             
70008b3c  gMpuConfig                       
70008b48  __TI_cleanup_ptr                 
70008b4c  __TI_dtors_ptr                   
70008b50  gCacheConfig                     
70008b58  gFlashParams                     
70008b60  gOspiConfig                      
70008b70  __aeabi_errno                    
70008b74  _lock                            
70008b78  _unlock                          
70008b7c  gCacheL1dCacheLineSize           
70008b80  gCacheL1pCacheLineSize           
70008b84  gDebugLogZone                    
70008b88  gFlashConfigNum                  
70008b8c  gHwiConfig                       
70008b90  gOspiConfigNum                   
70008b94  gOspiDmaConfigNum                
70008b98  gOspiParams                      
700091f4  gSciclientMap                    
70009430  __aeabi_ctype_table_             
70009430  __aeabi_ctype_table_C            
70071000  __BSS_START                      
70071000  __start___llvm_prf_bits          
70071000  __start___llvm_prf_cnts          
70071000  __stop___llvm_prf_bits           
70071000  __stop___llvm_prf_cnts           
70071000  gVerifyBuf                       
70079000  gHwiCtrl                         
7007a30c  _CIOBUF_                         
7007a30c  __CIOBUF_                        
7007a42c  __TI_tmpnams                     
7007a4d0  gClockCtrl                       
7007a508  gFlashObject_S25HL512T           
7007a52c  parmbuf                          
7007a538  gFlashHandle                     
7007a53c  gOspiHandle                      
7007a580  __BSS_END                        
7007a580  _sys_memory                      
70082580  __stack                          
70086580  __IRQ_STACK_START                
70086580  __STACK_END                      
70087580  __FIQ_STACK_START                
70087580  __IRQ_STACK_END                  
70087680  __FIQ_STACK_END                  
70087680  __SVC_STACK_START                
70087780  __ABORT_STACK_START              
70087780  __SVC_STACK_END                  
70087880  __ABORT_STACK_END                
70087880  __UNDEFINED_STACK_START          
70087980  __UNDEFINED_STACK_END            
70090000  gFileBuf                         
ffffffff  __TI_pprof_out_hndl              
ffffffff  __TI_prof_data_size              
ffffffff  __TI_prof_data_start             
ffffffff  __binit__                        
ffffffff  binit                            
UNDEFED   __TI_CINIT_Base                  
UNDEFED   __TI_CINIT_Limit                 
UNDEFED   __TI_Handler_Table_Base          
UNDEFED   __TI_Handler_Table_Limit         
UNDEFED   _system_post_cinit               

[335 symbols]
