******************************************************************************
            TI ARM Clang Linker Unix v2.1.1                    
******************************************************************************
>> Linked Thu Sep 29 15:50:29 2022

OUTPUT FILE NAME:   <sbl_uart_uniflash.debug.out>
ENTRY POINT SYMBOL: "_vectors_sbl"  address: 70000000


MEMORY CONFIGURATION

         name            origin    length      used     unused   attr    fill
----------------------  --------  ---------  --------  --------  ----  --------
  R5F_VECS              00000000   00000040  00000000  00000040  RWIX
  R5F_TCMA              00000040   00007fc0  00000000  00007fc0  RWIX
  R5F_TCMB0             41010000   00008000  00000000  00008000  RWIX
  MSRAM_VECS            70000000   00000100  00000040  000000c0  RWIX
  MSRAM_0               70000100   0007ff00  000254c0  0005aa40  RWIX
  MSRAM_1               70080000   00018000  00017c80  00000380  RWIX
  DDR                   80000000   00800000  00800000  00000000  RWIX


SEGMENT ALLOCATION MAP

run origin  load origin   length   init length attrs members
----------  ----------- ---------- ----------- ----- -------
70000000    70000000    00000040   00000040    r-x
  70000000    70000000    00000040   00000040    r-x .vectors
70000100    70000100    00021270   00021270    r-x
  70000100    70000100    0001ff50   0001ff50    r-x .text
  70020050    70020050    00000a80   00000a80    r-x .text.hwi
  70020ad0    70020ad0    00000490   00000490    r-x .text.cache
  70020f60    70020f60    000002d0   000002d0    r-x .text.mpu
  70021230    70021230    00000140   00000140    r-x .text.boot
70021380    70021380    00002980   00002980    rw-
  70021380    70021380    00002980   00002980    rw- .data
70023d00    70023d00    000018c0   000018c0    r--
  70023d00    70023d00    000018c0   000018c0    r-- .rodata
70080000    70080000    00016880   00000000    rw-
  70080000    70080000    0000a880   00000000    rw- .bss
  7008a880    7008a880    00008000   00000000    rw- .sysmem
  70092880    70092880    00004000   00000000    rw- .stack
70096880    70096880    00001400   00000000    r--
  70096880    70096880    00001000   00000000    r-- .irqstack
  70097880    70097880    00000100   00000000    r-- .fiqstack
  70097980    70097980    00000100   00000000    r-- .svcstack
  70097a80    70097a80    00000100   00000000    r-- .abortstack
  70097b80    70097b80    00000100   00000000    r-- .undefinedstack


SECTION ALLOCATION MAP

 output                                  attributes/
section   page    origin      length       input sections
--------  ----  ----------  ----------   ----------------
.vectors   0    70000000    00000040     
                  70000000    00000040     nortos.am243x.r5f.ti-arm-clang.debug.lib : HwiP_armv7r_vectors_nortos_sbl_asm.obj (.vectors)

.text      0    70000100    0001ff50     
                  70000100    00000de0     libc.a : _printfi.c.obj (.text:__TI_printfi_nofloat)
                  70000ee0    00000a34     nortos.am243x.r5f.ti-arm-clang.debug.lib : printf.obj (.text._vsnprintf)
                  70001914    0000000c     libc.a : aeabi_portable.c.obj (.text.__aeabi_errno_addr)
                  70001920    00000826     drivers.am243x.r5f.ti-arm-clang.debug.lib : ospi_phy.obj (.text.OSPI_phyFindOTP1)
                  70002146    00000002     --HOLE-- [fill = 0]
                  70002148    00000008     libc.a : exit.c.obj (.text:abort)
                  70002150    00000622     drivers.am243x.r5f.ti-arm-clang.debug.lib : mmcsd_v0.obj (.text.MMCSD_transfer)
                  70002772    00000002     --HOLE-- [fill = 0]
                  70002774    00000004     libclang_rt.builtins.a : aeabi_memcpy.S.obj (.text)
                  70002778    00000008     --HOLE-- [fill = 0]
                  70002780    000005f4     drivers.am243x.r5f.ti-arm-clang.debug.lib : sciclient_rm_irq.obj (.text.Sciclient_rmIrqRouteValidate)
                  70002d74    0000000c     --HOLE-- [fill = 0]
                  70002d80    00000550                                               : ospi_phy.obj (.text.OSPI_phyFindOTP2)
                  700032d0    00000550                                               : udma_rm.obj (.text.Udma_rmInit)
                  70003820    0000051e     nortos.am243x.r5f.ti-arm-clang.debug.lib : printf.obj (.text._ftoa)
                  70003d3e    00000002     --HOLE-- [fill = 0]
                  70003d40    00000478                                              : printf.obj (.text._etoa)
                  700041b8    00000008     --HOLE-- [fill = 0]
                  700041c0    0000043e     drivers.am243x.r5f.ti-arm-clang.debug.lib : mmcsd_v0.obj (.text.MMCSD_initEMMC)
                  700045fe    00000002     --HOLE-- [fill = 0]
                  70004600    000003e4                                               : mmcsd_v0.obj (.text.MMCSD_switchEmmcMode)
                  700049e4    0000000c     --HOLE-- [fill = 0]
                  700049f0    000003c2                                               : mmcsd_v0.obj (.text.MMCSD_initSD)
                  70004db2    0000000e     --HOLE-- [fill = 0]
                  70004dc0    000003bc                                               : udma_soc.obj (.text.Udma_initDrvHandle)
                  7000517c    00000004     --HOLE-- [fill = 0]
                  70005180    0000039c                                               : udma_ch.obj (.text.Udma_chAllocResource)
                  7000551c    00000004     --HOLE-- [fill = 0]
                  70005520    00000372                                               : udma_rmcfg_common.obj (.text.UdmaRmInitPrms_init)
                  70005892    0000000e     --HOLE-- [fill = 0]
                  700058a0    00000360                                               : udma_ch.obj (.text.Udma_chDisableTxChan)
                  70005c00    0000035a                                               : udma_event.obj (.text.Udma_eventConfig)
                  70005f5a    00000006     --HOLE-- [fill = 0]
                  70005f60    00000342     board.am243x.r5f.ti-arm-clang.debug.lib : flash_nor_ospi.obj (.text.Flash_setQeBit)
                  700062a2    0000000e     --HOLE-- [fill = 0]
                  700062b0    00000306     drivers.am243x.r5f.ti-arm-clang.debug.lib : sciclient_rm_irq.obj (.text.Sciclient_rmIrqGetRoute)
                  700065b6    0000000a     --HOLE-- [fill = 0]
                  700065c0    000002f4                                               : udma_event.obj (.text.Udma_eventReset)
                  700068b4    0000000c     --HOLE-- [fill = 0]
                  700068c0    000002e8                                               : xmodem.obj (.text.xmodemTransmit)
                  70006ba8    00000008     --HOLE-- [fill = 0]
                  70006bb0    000002e0                                               : bootloader_uniflash.obj (.text.Bootloader_uniflashProcessFlashCommands)
                  70006e90    000002da                                               : sciclient.obj (.text.Sciclient_service)
                  7000716a    00000006     --HOLE-- [fill = 0]
                  70007170    000002ce                                               : mmcsd_v0.obj (.text.MMCSD_xferStatusPollingFxn)
                  7000743e    00000002     --HOLE-- [fill = 0]
                  70007440    000002c8                                               : udma_ch.obj (.text.Udma_chDisableRxChan)
                  70007708    00000008     --HOLE-- [fill = 0]
                  70007710    000002ae     nortos.am243x.r5f.ti-arm-clang.debug.lib : TimerP.obj (.text.TimerP_setup)
                  700079be    00000002     --HOLE-- [fill = 0]
                  700079c0    0000029c     drivers.am243x.r5f.ti-arm-clang.debug.lib : bootloader_mmcsd_raw.obj (.text.Bootloader_MmcsdRaw_writeToOffset)
                  70007c5c    00000004     --HOLE-- [fill = 0]
                  70007c60    00000294                                               : csl_bcdma.obj (.text.CSL_bcdmaChanOpCfgChan)
                  70007ef4    0000000c     --HOLE-- [fill = 0]
                  70007f00    0000028a                                               : ospi_v0.obj (.text.OSPI_programInstance)
                  7000818a    00000006     --HOLE-- [fill = 0]
                  70008190    00000286                                               : uart_v0.obj (.text.UART_open)
                  70008416    0000000a     --HOLE-- [fill = 0]
                  70008420    0000026a                                               : lpddr4_16bit.obj (.text.LPDDR4_INTR_SanityFunction1)
                  7000868a    00000006     --HOLE-- [fill = 0]
                  70008690    0000026a                                               : mmcsd_v0.obj (.text.MMCSD_open)
                  700088fa    00000006     --HOLE-- [fill = 0]
                  70008900    00000262                                               : ospi_dma_udma.obj (.text.OspiDma_udmaOpen)
                  70008b62    0000000e     --HOLE-- [fill = 0]
                  70008b70    00000260                                               : udma_ch.obj (.text.Udma_chConfigRx)
                  70008dd0    00000260                                               : xmodem.obj (.text.xmodemReceive)
                  70009030    0000025a                                               : lpddr4_16bit.obj (.text.LPDDR4_INTR_SanityFunction2)
                  7000928a    00000006     --HOLE-- [fill = 0]
                  70009290    00000248                                               : sciclient_rm_irq.obj (.text.Sciclient_rmIrqFindRoute)
                  700094d8    00000008     --HOLE-- [fill = 0]
                  700094e0    00000242                                               : mmcsd_v0.obj (.text.MMCSD_phyConfigure)
                  70009722    0000000e     --HOLE-- [fill = 0]
                  70009730    00000242                                               : uart_v0.obj (.text.UART_fifoConfig)
                  70009972    0000000e     --HOLE-- [fill = 0]
                  70009980    0000023e     nortos.am243x.r5f.ti-arm-clang.debug.lib : printf.obj (.text._ntoa_format)
                  70009bbe    00000002     --HOLE-- [fill = 0]
                  70009bc0    0000023a     drivers.am243x.r5f.ti-arm-clang.debug.lib : bootloader_mmcsd_raw.obj (.text.Bootloader_MmcsdRaw_readFromOffset)
                  70009dfa    00000006     --HOLE-- [fill = 0]
                  70009e00    00000238     board.am243x.r5f.ti-arm-clang.debug.lib : flash_nor_ospi.obj (.text.Flash_set888mode)
                  7000a038    00000008     --HOLE-- [fill = 0]
                  7000a040    0000022a     drivers.am243x.r5f.ti-arm-clang.debug.lib : udma_rm.obj (.text.Udma_rmDeinit)
                  7000a26a    00000006     --HOLE-- [fill = 0]
                  7000a270    00000228                                               : uart_v0.obj (.text.UART_masterIsr)
                  7000a498    00000008     --HOLE-- [fill = 0]
                  7000a4a0    00000222                                               : udma_event.obj (.text.Udma_eventRegister)
                  7000a6c2    0000000e     --HOLE-- [fill = 0]
                  7000a6d0    0000021e                                               : udma_event.obj (.text.Udma_eventAllocResource)
                  7000a8ee    00000002     --HOLE-- [fill = 0]
                  7000a8f0    00000214                                               : udma_rm.obj (.text.Udma_rmSetSharedResRmInitPrms)
                  7000ab04    0000000c     --HOLE-- [fill = 0]
                  7000ab10    0000020c                                               : udma_ch.obj (.text.Udma_chFreeResource)
                  7000ad1c    00000004     --HOLE-- [fill = 0]
                  7000ad20    0000020a                                               : udma_ring_common.obj (.text.Udma_ringAlloc)
                  7000af2a    00000006     --HOLE-- [fill = 0]
                  7000af30    00000202     board.am243x.r5f.ti-arm-clang.debug.lib : flash_nor_ospi.obj (.text.Flash_norOspiOpen)
                  7000b132    0000000e     --HOLE-- [fill = 0]
                  7000b140    000001ee     drivers.am243x.r5f.ti-arm-clang.debug.lib : uart_v0.obj (.text.UART_write)
                  7000b32e    00000002     --HOLE-- [fill = 0]
                  7000b330    000001ea                                               : ospi_v0.obj (.text.OSPI_open)
                  7000b51a    00000006     --HOLE-- [fill = 0]
                  7000b520    000001e6                                               : udma_ch.obj (.text.Udma_chDisableBlkCpyChan)
                  7000b706    0000000a     --HOLE-- [fill = 0]
                  7000b710    000001d8                                               : udma_flow.obj (.text.Udma_flowConfig)
                  7000b8e8    000001d0     libclang_rt.builtins.a : udivsi3.S.obj (.text)
                  7000bab8    00000008     --HOLE-- [fill = 0]
                  7000bac0    000001c8     drivers.am243x.r5f.ti-arm-clang.debug.lib : uart_v0.obj (.text.UART_read)
                  7000bc88    00000008     --HOLE-- [fill = 0]
                  7000bc90    000001b4                                               : soc.obj (.text.SOC_moduleSetClockFrequency)
                  7000be44    0000000c     --HOLE-- [fill = 0]
                  7000be50    000001b0                                               : uart_v0.obj (.text.UART_close)
                  7000c000    00000198                                               : sciclient_rm_irq.obj (.text.Sciclient_rmClearInterruptRoute)
                  7000c198    00000008     --HOLE-- [fill = 0]
                  7000c1a0    00000196                                               : udma_ch.obj (.text.Udma_chConfigTx)
                  7000c336    0000000a     --HOLE-- [fill = 0]
                  7000c340    00000194                                               : ospi_dma_udma.obj (.text.OspiDma_udmaUpdateSubmitTR)
                  7000c4d4    0000000c     --HOLE-- [fill = 0]
                  7000c4e0    0000018a                                               : sciclient_rm_irq.obj (.text.Sciclient_rmIrqDeleteRoute)
                  7000c66a    00000006     --HOLE-- [fill = 0]
                  7000c670    0000018a                                               : sciclient_rm_irq.obj (.text.Sciclient_rmProgramInterruptRoute)
                  7000c7fa    00000006     --HOLE-- [fill = 0]
                  7000c800    00000186                                               : sciclient_rm_irq.obj (.text.Sciclient_rmIrqProgramRoute)
                  7000c986    0000000a     --HOLE-- [fill = 0]
                  7000c990    00000184     board.am243x.r5f.ti-arm-clang.debug.lib : flash_nor_ospi.obj (.text.Flash_set444mode)
                  7000cb14    0000000c     --HOLE-- [fill = 0]
                  7000cb20    00000182     drivers.am243x.r5f.ti-arm-clang.debug.lib : udma_ch.obj (.text.Udma_chEnableLocal)
                  7000cca2    0000000e     --HOLE-- [fill = 0]
                  7000ccb0    0000017e                                               : ospi_v0.obj (.text.OSPI_readCmd)
                  7000ce2e    00000002     --HOLE-- [fill = 0]
                  7000ce30    00000178                                               : uart_v0.obj (.text.UART_configInstance)
                  7000cfa8    00000008     --HOLE-- [fill = 0]
                  7000cfb0    00000172     nortos.am243x.r5f.ti-arm-clang.debug.lib : ClockP_nortos_r5.obj (.text.ClockP_init)
                  7000d122    0000000e     --HOLE-- [fill = 0]
                  7000d130    0000016c     drivers.am243x.r5f.ti-arm-clang.debug.lib : csl_bcdma.obj (.text.CSL_bcdmaChanOpTeardownChan)
                  7000d29c    00000004     --HOLE-- [fill = 0]
                  7000d2a0    0000016c                                               : ospi_v0.obj (.text.OSPI_readDirect)
                  7000d40c    00000004     --HOLE-- [fill = 0]
                  7000d410    00000168                                               : csl_bcdma.obj (.text.CSL_bcdmaChanOp)
                  7000d578    00000008     --HOLE-- [fill = 0]
                  7000d580    00000168                                               : udma_ch.obj (.text.Udma_chOpen)
                  7000d6e8    00000008     --HOLE-- [fill = 0]
                  7000d6f0    00000162                                               : lpddr4.obj (.text.LPDDR4_INTR_SanityFunction3)
                  7000d852    0000000e     --HOLE-- [fill = 0]
                  7000d860    0000015a                                               : udma_rm.obj (.text.Udma_rmAllocMappedRxCh)
                  7000d9ba    00000006     --HOLE-- [fill = 0]
                  7000d9c0    0000015a                                               : udma_rm.obj (.text.Udma_rmAllocMappedTxCh)
                  7000db1a    00000006     --HOLE-- [fill = 0]
                  7000db20    00000158                                               : csl_bcdma.obj (.text.CSL_bcdmaChanOpGetChanStats)
                  7000dc78    00000008     --HOLE-- [fill = 0]
                  7000dc80    00000152                                               : lpddr4.obj (.text.LPDDR4_INTR_SanityFunction4)
                  7000ddd2    0000000e     --HOLE-- [fill = 0]
                  7000dde0    00000150                                               : csl_lcdma_ringacc.obj (.text.CSL_lcdma_ringaccDequeue)
                  7000df30    00000150                                               : ospi_v0.obj (.text.OSPI_writeCmd)
                  7000e080    00000150                                               : uart_v0.obj (.text.UART_procLineStatusErr)
                  7000e1d0    0000014e                                               : ospi_v0.obj (.text.OSPI_writeIndirect)
                  7000e31e    00000002     --HOLE-- [fill = 0]
                  7000e320    00000146                                               : ddr.obj (.text.DDR_start)
                  7000e466    0000000a     --HOLE-- [fill = 0]
                  7000e470    00000146                                               : udma_ch.obj (.text.Udma_chAssignRegOverlay)
                  7000e5b6    0000000a     --HOLE-- [fill = 0]
                  7000e5c0    00000142                                               : sciclient.obj (.text.Sciclient_sendMessage)
                  7000e702    0000000e     --HOLE-- [fill = 0]
                  7000e710    00000140                                               : sciclient_rm_irq.obj (.text.Sciclient_rmIaValidateMapping)
                  7000e850    00000140                                               : udma_rm.obj (.text.Udma_rmAllocMappedRing)
                  7000e990    0000013e                                               : lpddr4_16bit.obj (.text.LPDDR4_AckCtlInterrupt_4)
                  7000eace    00000002     --HOLE-- [fill = 0]
                  7000ead0    0000013a                                               : lpddr4_16bit.obj (.text.LPDDR4_AckCtlInterrupt)
                  7000ec0a    00000006     --HOLE-- [fill = 0]
                  7000ec10    00000138     nortos.am243x.r5f.ti-arm-clang.debug.lib : printf.obj (.text._ntoa_long_long)
                  7000ed48    00000008     --HOLE-- [fill = 0]
                  7000ed50    00000136     drivers.am243x.r5f.ti-arm-clang.debug.lib : sciclient_rm_irq.obj (.text.Sciclient_rmIrqVintDelete)
                  7000ee86    0000000a     --HOLE-- [fill = 0]
                  7000ee90    00000134                                               : mmcsd_v0.obj (.text.MMCSD_xferStatusPollingFxnCMD19)
                  7000efc4    0000000c     --HOLE-- [fill = 0]
                  7000efd0    00000130                                               : sciclient.obj (.text.Sciclient_recvMessage)
                  7000f100    0000012e                                               : udma_rm.obj (.text.Udma_rmAllocIrIntr)
                  7000f22e    00000002     --HOLE-- [fill = 0]
                  7000f230    0000012a                                               : sciclient_pm.obj (.text.Sciclient_pmQueryModuleClkFreq)
                  7000f35a    00000006     --HOLE-- [fill = 0]
                  7000f360    00000128                                               : mmcsd_v0.obj (.text.MMCSD_read)
                  7000f488    00000008     --HOLE-- [fill = 0]
                  7000f490    00000126     board.am243x.r5f.ti-arm-clang.debug.lib : flash_nor_ospi.obj (.text.Flash_norOspiWrite)
                  7000f5b6    0000000a     --HOLE-- [fill = 0]
                  7000f5c0    00000126     drivers.am243x.r5f.ti-arm-clang.debug.lib : mmcsd_v0.obj (.text.MMCSD_getModeSd)
                  7000f6e6    0000000a     --HOLE-- [fill = 0]
                  7000f6f0    00000122                                               : udma_rm.obj (.text.Udma_rmAllocBlkCopyCh)
                  7000f812    0000000e     --HOLE-- [fill = 0]
                  7000f820    00000122                                               : udma_rm.obj (.text.Udma_rmAllocBlkCopyHcCh)
                  7000f942    0000000e     --HOLE-- [fill = 0]
                  7000f950    00000122                                               : udma_rm.obj (.text.Udma_rmAllocBlkCopyUhcCh)
                  7000fa72    0000000e     --HOLE-- [fill = 0]
                  7000fa80    00000122                                               : udma_rm.obj (.text.Udma_rmAllocRxCh)
                  7000fba2    0000000e     --HOLE-- [fill = 0]
                  7000fbb0    00000122                                               : udma_rm.obj (.text.Udma_rmAllocRxHcCh)
                  7000fcd2    0000000e     --HOLE-- [fill = 0]
                  7000fce0    00000122                                               : udma_rm.obj (.text.Udma_rmAllocRxUhcCh)
                  7000fe02    0000000e     --HOLE-- [fill = 0]
                  7000fe10    00000122                                               : udma_rm.obj (.text.Udma_rmAllocTxCh)
                  7000ff32    0000000e     --HOLE-- [fill = 0]
                  7000ff40    00000122                                               : udma_rm.obj (.text.Udma_rmAllocTxHcCh)
                  70010062    0000000e     --HOLE-- [fill = 0]
                  70010070    00000122                                               : udma_rm.obj (.text.Udma_rmAllocTxUhcCh)
                  70010192    0000000e     --HOLE-- [fill = 0]
                  700101a0    00000120                                               : mmcsd_v0.obj (.text.MMCSD_write)
                  700102c0    0000011e                                               : sciclient_rm_irq.obj (.text.Sciclient_rmIaValidateEvt)
                  700103de    00000002     --HOLE-- [fill = 0]
                  700103e0    0000011e                                               : sciclient_rm_irq.obj (.text.Sciclient_rmIrqVintAdd)
                  700104fe    00000002     --HOLE-- [fill = 0]
                  70010500    0000011c     board.am243x.r5f.ti-arm-clang.debug.lib : flash_nor_ospi.obj (.text.Flash_norOspiReset)
                  7001061c    00000004     --HOLE-- [fill = 0]
                  70010620    00000118     drivers.am243x.r5f.ti-arm-clang.debug.lib : lpddr4_16bit.obj (.text.LPDDR4_CheckCtlInterrupt)
                  70010738    00000008     --HOLE-- [fill = 0]
                  70010740    00000118                                               : udma_ring_lcdma.obj (.text.Udma_ringSetCfgLcdma)
                  70010858    00000118     libclang_rt.builtins.a : udivmoddi4.S.obj (.text)
                  70010970    00000116     drivers.am243x.r5f.ti-arm-clang.debug.lib : csl_bcdma.obj (.text.CSL_bcdmaChanOpDecChanStats)
                  70010a86    0000000a     --HOLE-- [fill = 0]
                  70010a90    00000116                                               : uart_v0.obj (.text.UART_divisorLatchWrite)
                  70010ba6    0000000a     --HOLE-- [fill = 0]
                  70010bb0    00000114     board.am243x.r5f.ti-arm-clang.debug.lib : flash_nor_ospi.obj (.text.Flash_norOspiSetProtocol)
                  70010cc4    0000000c     --HOLE-- [fill = 0]
                  70010cd0    00000114     nortos.am243x.r5f.ti-arm-clang.debug.lib : printf.obj (.text._ntoa_long)
                  70010de4    0000000c     --HOLE-- [fill = 0]
                  70010df0    00000110     board.am243x.r5f.ti-arm-clang.debug.lib : flash_nor_ospi.obj (.text.Flash_norOspiWaitReady)
                  70010f00    00000110     drivers.am243x.r5f.ti-arm-clang.debug.lib : sciclient_pm.obj (.text.Sciclient_pmSetModuleClkFreq)
                  70011010    0000010e                                               : ddr.obj (.text.DDR_changeFreqAck)
                  7001111e    00000002     --HOLE-- [fill = 0]
                  70011120    0000010a     board.am243x.r5f.ti-arm-clang.debug.lib : flash_nor_ospi.obj (.text.Flash_norOspiErase)
                  7001122a    00000006     --HOLE-- [fill = 0]
                  70011230    0000010a                                             : flash_nor_ospi.obj (.text.Flash_norOspiEraseSector)
                  7001133a    00000006     --HOLE-- [fill = 0]
                  70011340    00000106     drivers.am243x.r5f.ti-arm-clang.debug.lib : lpddr4_16bit.obj (.text.LPDDR4_AckCtlInterrupt_3)
                  70011446    0000000a     --HOLE-- [fill = 0]
                  70011450    00000106                                               : mmcsd_priv.obj (.text.MMCSD_parseCSDSd)
                  70011556    0000000a     --HOLE-- [fill = 0]
                  70011560    00000106                                               : ospi_v0.obj (.text.OSPI_setProtocol)
                  70011666    0000000a     --HOLE-- [fill = 0]
                  70011670    00000106                                               : udma_event.obj (.text.Udma_eventCheckParams)
                  70011776    0000000a     --HOLE-- [fill = 0]
                  70011780    00000104                                               : csl_pktdma.obj (.text.CSL_pktdmaTeardownChan)
                  70011884    0000000c     --HOLE-- [fill = 0]
                  70011890    00000102                                               : bootloader_uniflash.obj (.text.Bootloader_uniflashFlashFile)
                  70011992    0000000e     --HOLE-- [fill = 0]
                  700119a0    00000100                                               : csl_lcdma_ringacc.obj (.text.CSL_lcdma_ringaccPop64MultiAccess)
                  70011aa0    000000fe                                               : bootloader_uniflash.obj (.text.Bootloader_uniflashFlashErase)
                  70011b9e    00000002     --HOLE-- [fill = 0]
                  70011ba0    000000fe                                               : sciclient_rm_irq.obj (.text.Sciclient_rmIrGetOutp)
                  70011c9e    00000002     --HOLE-- [fill = 0]
                  70011ca0    000000fe                                               : udma.obj (.text.Udma_init)
                  70011d9e    00000002     --HOLE-- [fill = 0]
                  70011da0    000000fa                                               : csl_lcdma_ringacc.obj (.text.CSL_lcdma_ringaccPush64MultiAccess)
                  70011e9a    00000006     --HOLE-- [fill = 0]
                  70011ea0    000000fa                                               : mmcsd_priv.obj (.text.MMCSD_parseCIDEmmc)
                  70011f9a    00000006     --HOLE-- [fill = 0]
                  70011fa0    000000f4                                               : sciclient_rm_irq.obj (.text.Sciclient_rmTranslateIntOutput)
                  70012094    0000000c     --HOLE-- [fill = 0]
                  700120a0    000000f2                                               : mmcsd_v0.obj (.text.MMCSD_phyTuneAuto)
                  70012192    0000000e     --HOLE-- [fill = 0]
                  700121a0    000000f0                                               : mmcsd_priv.obj (.text.MMCSD_parseECSDEmmc)
                  70012290    000000f0     nortos.am243x.r5f.ti-arm-clang.debug.lib : SemaphoreP_nortos.obj (.text.SemaphoreP_pend)
                  70012380    000000ee     main.obj (.text.main)
                  7001246e    00000002     --HOLE-- [fill = 0]
                  70012470    000000ec     drivers.am243x.r5f.ti-arm-clang.debug.lib : udma_event.obj (.text.Udma_eventIsrFxn)
                  7001255c    00000004     --HOLE-- [fill = 0]
                  70012560    000000ea     nortos.am243x.r5f.ti-arm-clang.debug.lib : AddrTranslateP.obj (.text.AddrTranslateP_getLocalAddr)
                  7001264a    00000006     --HOLE-- [fill = 0]
                  70012650    000000ea     drivers.am243x.r5f.ti-arm-clang.debug.lib : lpddr4_16bit.obj (.text.LPDDR4_CheckCtlInterrupt_2)
                  7001273a    00000006     --HOLE-- [fill = 0]
                  70012740    000000e8                                               : lpddr4_16bit.obj (.text.LPDDR4_AckCtlInterrupt_2)
                  70012828    00000008     --HOLE-- [fill = 0]
                  70012830    000000e8                                               : udma_event.obj (.text.Udma_eventFreeResource)
                  70012918    00000008     --HOLE-- [fill = 0]
                  70012920    000000e6                                               : mmcsd_v0.obj (.text.MMCSD_getModeEmmc)
                  70012a06    0000000a     --HOLE-- [fill = 0]
                  70012a10    000000e4                                               : mmcsd_v0.obj (.text.MMCSD_halSetBusFreq)
                  70012af4    0000000c     --HOLE-- [fill = 0]
                  70012b00    000000e2                                               : bootloader_uniflash.obj (.text.Bootloader_uniflashFlashVerifyFile)
                  70012be2    0000000e     --HOLE-- [fill = 0]
                  70012bf0    000000e2     board.am243x.r5f.ti-arm-clang.debug.lib : flash_nor_ospi.obj (.text.Flash_norOspiReadId)
                  70012cd2    0000000e     --HOLE-- [fill = 0]
                  70012ce0    000000e2     drivers.am243x.r5f.ti-arm-clang.debug.lib : mmcsd_v0.obj (.text.MMCSD_phyInit)
                  70012dc2    0000000e     --HOLE-- [fill = 0]
                  70012dd0    000000e2                                               : sciclient_rm_irq.obj (.text.Sciclient_rmIrqGetNode)
                  70012eb2    0000000e     --HOLE-- [fill = 0]
                  70012ec0    000000e0                                               : bootloader_uniflash.obj (.text.Bootloader_uniflashFlashVerifyFileMMCSDRaw)
                  70012fa0    000000de     board.am243x.r5f.ti-arm-clang.debug.lib : flash_nor_ospi.obj (.text.Flash_norOspiSet4ByteAddrMode)
                  7001307e    00000002     --HOLE-- [fill = 0]
                  70013080    000000de     drivers.am243x.r5f.ti-arm-clang.debug.lib : mmcsd_v0.obj (.text.MMCSD_cmdStatusPollingFxn)
                  7001315e    00000002     --HOLE-- [fill = 0]
                  70013160    000000de                                               : sciclient.obj (.text.Sciclient_waitForMessage)
                  7001323e    00000002     --HOLE-- [fill = 0]
                  70013240    000000de                                               : uart_v0.obj (.text.UART_intrEnable)
                  7001331e    00000002     --HOLE-- [fill = 0]
                  70013320    000000dc                                               : bootloader_uniflash.obj (.text.Bootloader_uniflashFlashOrVerifyXipFile)
                  700133fc    00000004     --HOLE-- [fill = 0]
                  70013400    000000da                                               : sciclient_rm_irq.obj (.text.Sciclient_rmIrInpIsFree)
                  700134da    00000006     --HOLE-- [fill = 0]
                  700134e0    000000da                                               : uart_v0.obj (.text.UART_intrDisable)
                  700135ba    00000006     --HOLE-- [fill = 0]
                  700135c0    000000da                                               : udma_rm.obj (.text.Udma_rmGetSciclientDefaultBoardCfgRmRange)
                  7001369a    00000006     --HOLE-- [fill = 0]
                  700136a0    000000d8     board.am243x.r5f.ti-arm-clang.debug.lib : flash_nor_ospi.obj (.text.Flash_norOspiSetRegCfg)
                  70013778    00000008     --HOLE-- [fill = 0]
                  70013780    000000d6                                             : flash_nor_ospi.obj (.text.Flash_setOeBit)
                  70013856    0000000a     --HOLE-- [fill = 0]
                  70013860    000000d4     drivers.am243x.r5f.ti-arm-clang.debug.lib : bootloader_soc.obj (.text.Bootloader_socOpenFirewalls)
                  70013934    0000000c     --HOLE-- [fill = 0]
                  70013940    000000d4                                               : csl_bcdma.obj (.text.CSL_bcdmaChanOpGetChanRT)
                  70013a14    0000000c     --HOLE-- [fill = 0]
                  70013a20    000000d4                                               : pinmux.obj (.text.Pinmux_unlockMMR)
                  70013af4    0000000c     --HOLE-- [fill = 0]
                  70013b00    000000ce                                               : mmcsd_v0.obj (.text.MMCSD_enableBootPartition)
                  70013bce    00000002     --HOLE-- [fill = 0]
                  70013bd0    000000ce                                               : mmcsd_priv.obj (.text.MMCSD_parseCIDSd)
                  70013c9e    00000002     --HOLE-- [fill = 0]
                  70013ca0    000000cc                                               : uart_v0.obj (.text.UART_flushTxFifo)
                  70013d6c    00000004     --HOLE-- [fill = 0]
                  70013d70    000000cc                                               : udma_rm.obj (.text.Udma_rmAllocVintrBit)
                  70013e3c    00000004     --HOLE-- [fill = 0]
                  70013e40    000000ca                                               : csl_bcdma.obj (.text.CSL_bcdmaChanOpSetBurstSize)
                  70013f0a    00000006     --HOLE-- [fill = 0]
                  70013f10    000000ca                                               : ospi_phy.obj (.text.OSPI_phyResyncDLL)
                  70013fda    00000006     --HOLE-- [fill = 0]
                  70013fe0    000000ca                                               : ospi_dma_udma.obj (.text.OspiDma_udmaCopy)
                  700140aa    00000006     --HOLE-- [fill = 0]
                  700140b0    000000ca                                               : udma_ring_common.obj (.text.Udma_ringCheckParams)
                  7001417a    00000006     --HOLE-- [fill = 0]
                  70014180    000000c8                                               : udma_event.obj (.text.Udma_eventCheckUnRegister)
                  70014248    00000008     --HOLE-- [fill = 0]
                  70014250    000000c8                                               : udma_ring_common.obj (.text.Udma_ringFree)
                  70014318    00000008     --HOLE-- [fill = 0]
                  70014320    000000c6                                               : udma_event.obj (.text.Udma_eventUnRegister)
                  700143e6    0000000a     --HOLE-- [fill = 0]
                  700143f0    000000c4                                               : sciclient_rm_irq.obj (.text.Sciclient_rmIrqIsVintRouteSet)
                  700144b4    0000000c     --HOLE-- [fill = 0]
                  700144c0    000000c2     ti_board_open_close.obj (.text.Board_flashOpen)
                  70014582    0000000e     --HOLE-- [fill = 0]
                  70014590    000000c2     drivers.am243x.r5f.ti-arm-clang.debug.lib : mmcsd_v0.obj (.text.MMCSD_setupADMA2)
                  70014652    0000000e     --HOLE-- [fill = 0]
                  70014660    000000c2                                               : uart_v0.obj (.text.UART_writePolling)
                  70014722    0000000e     --HOLE-- [fill = 0]
                  70014730    000000c2                                               : udma_ch.obj (.text.Udma_chClose)
                  700147f2    0000000e     --HOLE-- [fill = 0]
                  70014800    000000c0                                               : csl_bcdma.obj (.text.CSL_bcdmaChanOpAccessRemotePeerReg)
                  700148c0    000000c0                                               : lpddr4_16bit.obj (.text.LPDDR4_CheckCtlInterrupt_4)
                  70014980    000000c0                                               : lpddr4.obj (.text.LPDDR4_ReadReg)
                  70014a40    000000c0     nortos.am243x.r5f.ti-arm-clang.debug.lib : printf.obj (.text._out_rev)
                  70014b00    000000bc     drivers.am243x.r5f.ti-arm-clang.debug.lib : ddr.obj (.text.DDR_setClock)
                  70014bbc    00000004     --HOLE-- [fill = 0]
                  70014bc0    000000ba     nortos.am243x.r5f.ti-arm-clang.debug.lib : ClockP_nortos.obj (.text.ClockP_stop)
                  70014c7a    00000006     --HOLE-- [fill = 0]
                  70014c80    000000ba     drivers.am243x.r5f.ti-arm-clang.debug.lib : uart_v0.obj (.text.UART_init)
                  70014d3a    00000006     --HOLE-- [fill = 0]
                  70014d40    000000b8     nortos.am243x.r5f.ti-arm-clang.debug.lib : ClockP_nortos.obj (.text.ClockP_timerTickIsr)
                  70014df8    00000008     --HOLE-- [fill = 0]
                  70014e00    000000b8     board.am243x.r5f.ti-arm-clang.debug.lib : flash.obj (.text.Flash_offsetToSectorPage)
                  70014eb8    00000008     --HOLE-- [fill = 0]
                  70014ec0    000000b8     drivers.am243x.r5f.ti-arm-clang.debug.lib : lpddr4.obj (.text.LPDDR4_WriteReg)
                  70014f78    00000008     --HOLE-- [fill = 0]
                  70014f80    000000b8     ti_drivers_config.obj (.text.System_init)
                  70015038    00000008     --HOLE-- [fill = 0]
                  70015040    000000b6     drivers.am243x.r5f.ti-arm-clang.debug.lib : bootloader_uniflash.obj (.text.Bootloader_uniflashFlashOrVerifyRprcXipFile)
                  700150f6    0000000a     --HOLE-- [fill = 0]
                  70015100    000000b6                                               : csl_pktdma.obj (.text.CSL_pktdmaAccessChanPeerReg)
                  700151b6    0000000a     --HOLE-- [fill = 0]
                  700151c0    000000b6                                               : ddr.obj (.text.DDR_initDrv)
                  70015276    0000000a     --HOLE-- [fill = 0]
                  70015280    000000b6     board.am243x.r5f.ti-arm-clang.debug.lib : flash.obj (.text.Flash_offsetToBlkPage)
                  70015336    0000000a     --HOLE-- [fill = 0]
                  70015340    000000b6     drivers.am243x.r5f.ti-arm-clang.debug.lib : mmcsd_v0.obj (.text.MMCSD_halSendCommand)
                  700153f6    0000000a     --HOLE-- [fill = 0]
                  70015400    000000b6                                               : ospi_phy.obj (.text.OSPI_phyTuneDDR)
                  700154b6    0000000a     --HOLE-- [fill = 0]
                  700154c0    000000b6                                               : uart_v0.obj (.text.UART_readPolling)
                  70015576    0000000a     --HOLE-- [fill = 0]
                  70015580    000000b4                                               : ospi_v0.obj (.text.OSPI_close)
                  70015634    0000000c     --HOLE-- [fill = 0]
                  70015640    000000b4                                               : udma.obj (.text.Udma_deinit)
                  700156f4    0000000c     --HOLE-- [fill = 0]
                  70015700    000000b2                                               : sciclient.obj (.text.Sciclient_getCurrentContext)
                  700157b2    0000000e     --HOLE-- [fill = 0]
                  700157c0    000000b0                                               : udma_ch.obj (.text.Udma_chCheckParams)
                  70015870    000000ae                                               : udma_soc.obj (.text.Udma_getMappedChRingAttributes)
                  7001591e    00000002     --HOLE-- [fill = 0]
                  70015920    000000ac     ti_drivers_open_close.obj (.text.Drivers_uartOpen)
                  700159cc    00000004     --HOLE-- [fill = 0]
                  700159d0    000000ac     drivers.am243x.r5f.ti-arm-clang.debug.lib : uart_v0.obj (.text.UART_readCancelNoCB)
                  70015a7c    00000004     --HOLE-- [fill = 0]
                  70015a80    000000ac                                               : udma_ch.obj (.text.UdmaChRxPrms_init)
                  70015b2c    00000004     --HOLE-- [fill = 0]
                  70015b30    000000ac                                               : udma_ch.obj (.text.UdmaChTxPrms_init)
                  70015bdc    00000004     --HOLE-- [fill = 0]
                  70015be0    000000ac                                               : udma_ch.obj (.text.Udma_chDisable)
                  70015c8c    00000004     --HOLE-- [fill = 0]
                  70015c90    000000aa                                               : csl_bcdma.obj (.text.CSL_bcdmaChanOpSetChanPause)
                  70015d3a    00000006     --HOLE-- [fill = 0]
                  70015d40    000000aa                                               : csl_bcdma.obj (.text.CSL_bcdmaChanOpSetChanRT)
                  70015dea    00000006     --HOLE-- [fill = 0]
                  70015df0    000000aa     ti_drivers_open_close.obj (.text.Drivers_mmcsdOpen)
                  70015e9a    00000006     --HOLE-- [fill = 0]
                  70015ea0    000000aa     ti_drivers_open_close.obj (.text.Drivers_ospiOpen)
                  70015f4a    00000006     --HOLE-- [fill = 0]
                  70015f50    000000aa     drivers.am243x.r5f.ti-arm-clang.debug.lib : uart_v0.obj (.text.UART_fifoWrite)
                  70015ffa    00000006     --HOLE-- [fill = 0]
                  70016000    000000a8     nortos.am243x.r5f.ti-arm-clang.debug.lib : ClockP_nortos.obj (.text.ClockP_addToList)
                  700160a8    00000008     --HOLE-- [fill = 0]
                  700160b0    000000a8                                              : ClockP_nortos.obj (.text.ClockP_destruct)
                  70016158    00000008     --HOLE-- [fill = 0]
                  70016160    000000a8     drivers.am243x.r5f.ti-arm-clang.debug.lib : ospi_v0.obj (.text.OSPI_isProtocolValid)
                  70016208    00000008     --HOLE-- [fill = 0]
                  70016210    000000a8                                               : ospi_dma_udma.obj (.text.OspiDma_udmaClose)
                  700162b8    00000008     --HOLE-- [fill = 0]
                  700162c0    000000a8                                               : sciclient_rm_irq.obj (.text.Sciclient_rmIrInpRomMapped)
                  70016368    00000008     --HOLE-- [fill = 0]
                  70016370    000000a8                                               : sciclient_rm_irq.obj (.text.Sciclient_rmIrOutpRomMapped)
                  70016418    00000008     --HOLE-- [fill = 0]
                  70016420    000000a8                                               : udma_ring_lcdma.obj (.text.Udma_ringSetDoorBellLcdma)
                  700164c8    00000008     --HOLE-- [fill = 0]
                  700164d0    000000a6                                               : ospi_v0.obj (.text.OSPI_setXferOpCodes)
                  70016576    0000000a     --HOLE-- [fill = 0]
                  70016580    000000a6                                               : sciclient_pm.obj (.text.Sciclient_pmGetModuleClkNumParent)
                  70016626    0000000a     --HOLE-- [fill = 0]
                  70016630    000000a4                                               : bootloader_soc.obj (.text.Bootloader_socOpenFirewallRegion)
                  700166d4    0000000c     --HOLE-- [fill = 0]
                  700166e0    000000a4                                               : csl_intaggr.obj (.text.CSL_intaggrIsIntrPending)
                  70016784    0000000c     --HOLE-- [fill = 0]
                  70016790    000000a4                                               : ospi_v0.obj (.text.OSPI_flashExecCmd)
                  70016834    0000000c     --HOLE-- [fill = 0]
                  70016840    000000a4                                               : sciclient_rm_irq.obj (.text.Sciclient_rmIrqCheckLoop)
                  700168e4    0000000c     --HOLE-- [fill = 0]
                  700168f0    000000a0                                               : udma_rm.obj (.text.Udma_rmAllocEvent)
                  70016990    000000a0                                               : udma_rm.obj (.text.Udma_rmAllocVintr)
                  70016a30    0000009e                                               : mmcsd_v0.obj (.text.MMCSD_halCmdResponseGet)
                  70016ace    00000002     --HOLE-- [fill = 0]
                  70016ad0    0000009e                                               : sciclient_soc_priv.obj (.text.Sciclient_getContext)
                  70016b6e    00000002     --HOLE-- [fill = 0]
                  70016b70    0000009c                                               : udma_ring_lcdma.obj (.text.Udma_ringFlushRawLcdma)
                  70016c0c    00000004     --HOLE-- [fill = 0]
                  70016c10    0000009a                                               : soc.obj (.text.SOC_controlModuleUnlockMMR)
                  70016caa    00000006     --HOLE-- [fill = 0]
                  70016cb0    0000009a                                               : sciclient_pm.obj (.text.Sciclient_pmGetModuleClkParent)
                  70016d4a    00000006     --HOLE-- [fill = 0]
                  70016d50    0000009a                                               : sciclient_pm.obj (.text.Sciclient_pmSetModuleClkParent)
                  70016dea    00000006     --HOLE-- [fill = 0]
                  70016df0    0000009a                                               : sciclient_rm_irq.obj (.text.Sciclient_rmIrOutpIsFree)
                  70016e8a    00000006     --HOLE-- [fill = 0]
                  70016e90    0000009a                                               : udma_ring_common.obj (.text.Udma_ringQueueRaw)
                  70016f2a    00000006     --HOLE-- [fill = 0]
                  70016f30    00000098                                               : csl_bcdma.obj (.text.CSL_bcdmaChanOpSetChanEnable)
                  70016fc8    00000008     --HOLE-- [fill = 0]
                  70016fd0    00000098                                               : mmcsd_v0.obj (.text.MMCSD_init)
                  70017068    00000008     --HOLE-- [fill = 0]
                  70017070    00000098                                               : ospi_v0.obj (.text.OSPI_init)
                  70017108    00000008     --HOLE-- [fill = 0]
                  70017110    00000098                                               : sciclient_pm.obj (.text.Sciclient_pmModuleGetClkStatus)
                  700171a8    00000008     --HOLE-- [fill = 0]
                  700171b0    00000098     ti_drivers_config.obj (.text.System_deinit)
                  70017248    00000008     --HOLE-- [fill = 0]
                  70017250    00000096     drivers.am243x.r5f.ti-arm-clang.debug.lib : sciclient.obj (.text.Sciclient_init)
                  700172e6    0000000a     --HOLE-- [fill = 0]
                  700172f0    00000096                                               : uart_v0.obj (.text.UART_subConfigTCRTLRModeEn)
                  70017386    0000000a     --HOLE-- [fill = 0]
                  70017390    00000096                                               : udma_flow.obj (.text.UdmaFlowPrms_init)
                  70017426    0000000a     --HOLE-- [fill = 0]
                  70017430    00000096                                               : udma_ring_common.obj (.text.Udma_ringDequeueRaw)
                  700174c6    0000000a     --HOLE-- [fill = 0]
                  700174d0    00000096                                               : xmodem.obj (.text.check)
                  70017566    0000000a     --HOLE-- [fill = 0]
                  70017570    00000094                                               : sciclient.obj (.text.Sciclient_waitForBootNotification)
                  70017604    0000000c     --HOLE-- [fill = 0]
                  70017610    00000092     board.am243x.r5f.ti-arm-clang.debug.lib : flash_nor_ospi.obj (.text.Flash_norOspiSetModeDummy)
                  700176a2    0000000e     --HOLE-- [fill = 0]
                  700176b0    00000092     drivers.am243x.r5f.ti-arm-clang.debug.lib : soc.obj (.text.SOC_moduleClockEnable)
                  70017742    0000000e     --HOLE-- [fill = 0]
                  70017750    00000092                                               : sciclient_rm_irq.obj (.text.Sciclient_rmPsPop)
                  700177e2    0000000e     --HOLE-- [fill = 0]
                  700177f0    00000092                                               : uart_v0.obj (.text.UART_writeCancelNoCB)
                  70017882    0000000e     --HOLE-- [fill = 0]
                  70017890    00000090                                               : ddr.obj (.text.DDR_initHwRegs)
                  70017920    00000090                                               : mmcsd_v0.obj (.text.MMCSD_halBusPower)
                  700179b0    00000090                                               : mmcsd_v0.obj (.text.MMCSD_isReadyForTransfer)
                  70017a40    0000008e                                               : udma_rm.obj (.text.Udma_rmFreeMappedRing)
                  70017ace    00000002     --HOLE-- [fill = 0]
                  70017ad0    0000008c     board.am243x.r5f.ti-arm-clang.debug.lib : flash_nor_ospi.obj (.text.Flash_norOspiSetAddressBytes)
                  70017b5c    00000004     --HOLE-- [fill = 0]
                  70017b60    0000008c     drivers.am243x.r5f.ti-arm-clang.debug.lib : sciclient_pm.obj (.text.Sciclient_pmGetModuleState)
                  70017bec    00000004     --HOLE-- [fill = 0]
                  70017bf0    0000008c                                               : sciclient_pm.obj (.text.Sciclient_pmModuleClkRequest)
                  70017c7c    00000004     --HOLE-- [fill = 0]
                  70017c80    0000008c                                               : sciclient_pm.obj (.text.Sciclient_pmSetModuleState)
                  70017d0c    00000004     --HOLE-- [fill = 0]
                  70017d10    0000008c                                               : sciclient_rm_irq.obj (.text.Sciclient_rmIaEvtRomMapped)
                  70017d9c    00000004     --HOLE-- [fill = 0]
                  70017da0    0000008a                                               : lpddr4.obj (.text.LPDDR4_PollCtlIrq)
                  70017e2a    00000006     --HOLE-- [fill = 0]
                  70017e30    0000008a                                               : lpddr4.obj (.text.LPDDR4_PollPhyIndepIrq)
                  70017eba    00000006     --HOLE-- [fill = 0]
                  70017ec0    0000008a                                               : ospi_phy.obj (.text.OSPI_phySetRdDelayTxRxDLL)
                  70017f4a    00000006     --HOLE-- [fill = 0]
                  70017f50    0000008a                                               : udma_ring_common.obj (.text.Udma_ringFlushRaw)
                  70017fda    00000006     --HOLE-- [fill = 0]
                  70017fe0    00000088                                               : csl_bcdma.obj (.text.CSL_bcdmaGetCfg)
                  70018068    00000008     --HOLE-- [fill = 0]
                  70018070    00000088     nortos.am243x.r5f.ti-arm-clang.debug.lib : ClockP_nortos.obj (.text.ClockP_getTimeUsec)
                  700180f8    00000008     --HOLE-- [fill = 0]
                  70018100    00000088     drivers.am243x.r5f.ti-arm-clang.debug.lib : udma_rm.obj (.text.Udma_rmFreeVintrBit)
                  70018188    00000008     --HOLE-- [fill = 0]
                  70018190    00000086                                               : ddr.obj (.text.DDR_init)
                  70018216    0000000a     --HOLE-- [fill = 0]
                  70018220    00000086     board.am243x.r5f.ti-arm-clang.debug.lib : flash_nor_ospi.obj (.text.Flash_norOspiRead)
                  700182a6    0000000a     --HOLE-- [fill = 0]
                  700182b0    00000086     drivers.am243x.r5f.ti-arm-clang.debug.lib : lpddr4_16bit.obj (.text.LPDDR4_CheckCtlInterrupt_3)
                  70018336    0000000a     --HOLE-- [fill = 0]
                  70018340    00000086                                               : mmcsd_v0.obj (.text.MMCSD_halSetBusWidth)
                  700183c6    0000000a     --HOLE-- [fill = 0]
                  700183d0    00000086                                               : ospi_v0.obj (.text.OSPI_enablePhy)
                  70018456    0000000a     --HOLE-- [fill = 0]
                  70018460    00000086                                               : soc.obj (.text.SOC_controlModuleLockMMR)
                  700184e6    0000000a     --HOLE-- [fill = 0]
                  700184f0    00000086                                               : uart_v0.obj (.text.UART_tcrTlrBitValRestore)
                  70018576    0000000a     --HOLE-- [fill = 0]
                  70018580    00000084     board.am243x.r5f.ti-arm-clang.debug.lib : flash_nor_ospi.obj (.text.Flash_norOspiRegWrite)
                  70018604    0000000c     --HOLE-- [fill = 0]
                  70018610    00000084     drivers.am243x.r5f.ti-arm-clang.debug.lib : mmcsd_v0.obj (.text.MMCSD_halLinesResetCmd)
                  70018694    0000000c     --HOLE-- [fill = 0]
                  700186a0    00000084                                               : mmcsd_v0.obj (.text.MMCSD_halLinesResetDat)
                  70018724    0000000c     --HOLE-- [fill = 0]
                  70018730    00000084                                               : uart_dma.obj (.text.UART_dmaDisableChannel)
                  700187b4    0000000c     --HOLE-- [fill = 0]
                  700187c0    00000082                                               : udma_utils.obj (.text.CSL_udmapCppi5SetReturnPolicy)
                  70018842    0000000e     --HOLE-- [fill = 0]
                  70018850    00000082                                               : mmcsd_v0.obj (.text.MMCSD_halSoftReset)
                  700188d2    0000000e     --HOLE-- [fill = 0]
                  700188e0    00000082                                               : mmcsd_v0.obj (.text.MMCSD_sendTuningDataEMMC)
                  70018962    0000000e     --HOLE-- [fill = 0]
                  70018970    00000082                                               : ospi_phy.obj (.text.OSPI_phyFindRxHigh)
                  700189f2    0000000e     --HOLE-- [fill = 0]
                  70018a00    00000082                                               : ospi_phy.obj (.text.OSPI_phyFindRxLow)
                  70018a82    0000000e     --HOLE-- [fill = 0]
                  70018a90    00000082                                               : ospi_phy.obj (.text.OSPI_phyFindTxHigh)
                  70018b12    0000000e     --HOLE-- [fill = 0]
                  70018b20    00000082                                               : ospi_phy.obj (.text.OSPI_phyFindTxLow)
                  70018ba2    0000000e     --HOLE-- [fill = 0]
                  70018bb0    00000082                                               : udma_ch.obj (.text.Udma_chPair)
                  70018c32    0000000e     --HOLE-- [fill = 0]
                  70018c40    00000082                                               : udma_ch.obj (.text.Udma_chUnpair)
                  70018cc2    0000000e     --HOLE-- [fill = 0]
                  70018cd0    00000080     board.am243x.r5f.ti-arm-clang.debug.lib : flash_nor_ospi.obj (.text.Flash_norOspiRegRead)
                  70018d50    00000080     drivers.am243x.r5f.ti-arm-clang.debug.lib : uart_dma.obj (.text.UART_dmaClose)
                  70018dd0    00000080                                               : uart_v0.obj (.text.UART_readData)
                  70018e50    0000007e                                               : csl_bcdma.obj (.text.CSL_bcdmaChanOpIsChanEnabled)
                  70018ece    00000002     --HOLE-- [fill = 0]
                  70018ed0    0000007e                                               : csl_bcdma.obj (.text.CSL_bcdmaChanOpIsValidChanIdx)
                  70018f4e    00000002     --HOLE-- [fill = 0]
                  70018f50    0000007e                                               : csl_bcdma.obj (.text.CSL_bcdmaMapChanIdx)
                  70018fce    00000002     --HOLE-- [fill = 0]
                  70018fd0    0000007e                                               : lpddr4.obj (.text.LPDDR4_StartSequenceController)
                  7001904e    00000002     --HOLE-- [fill = 0]
                  70019050    0000007c                                               : csl_pktdma.obj (.text.CSL_pktdmaGetCfg)
                  700190cc    00000004     --HOLE-- [fill = 0]
                  700190d0    0000007c                                               : pinmux.obj (.text.Pinmux_config)
                  7001914c    00000004     --HOLE-- [fill = 0]
                  70019150    0000007a                                               : ospi_v0.obj (.text.OSPI_disablePhy)
                  700191ca    00000006     --HOLE-- [fill = 0]
                  700191d0    0000007a                                               : uart_v0.obj (.text.UART_Params_init)
                  7001924a    00000006     --HOLE-- [fill = 0]
                  70019250    0000007a     nortos.am243x.r5f.ti-arm-clang.debug.lib : DebugP_log.obj (.text._DebugP_assert)
                  700192ca    00000006     --HOLE-- [fill = 0]
                  700192d0    00000078     drivers.am243x.r5f.ti-arm-clang.debug.lib : ospi_v0.obj (.text.OSPI_waitIndWriteComplete)
                  70019348    00000078     libc.a : snprintf.c.obj (.text.snprintf)
                  700193c0    00000076     drivers.am243x.r5f.ti-arm-clang.debug.lib : csl_bcdma.obj (.text.CSL_bcdmaChanOpClearError)
                  70019436    0000000a     --HOLE-- [fill = 0]
                  70019440    00000076                                               : csl_bcdma.obj (.text.CSL_bcdmaDoChanOp)
                  700194b6    0000000a     --HOLE-- [fill = 0]
                  700194c0    00000076                                               : mmcsd_priv.obj (.text.MMCSD_parseCSDEmmc)
                  70019536    0000000a     --HOLE-- [fill = 0]
                  70019540    00000076                                               : ospi_v0.obj (.text.OSPI_isDmaRestrictedRegion)
                  700195b6    0000000a     --HOLE-- [fill = 0]
                  700195c0    00000076                                               : ospi_phy.obj (.text.OSPI_phyReadAttackVector)
                  70019636    0000000a     --HOLE-- [fill = 0]
                  70019640    00000076                                               : ospi_v0.obj (.text.OSPI_waitIdle)
                  700196b6    0000000a     --HOLE-- [fill = 0]
                  700196c0    00000076                                               : uart_v0.obj (.text.UART_fifoRead)
                  70019736    0000000a     --HOLE-- [fill = 0]
                  70019740    00000076                                               : udma_ch.obj (.text.Udma_chGetCqRingHandle)
                  700197b6    0000000a     --HOLE-- [fill = 0]
                  700197c0    00000076                                               : udma_ch.obj (.text.Udma_chGetFqRingHandle)
                  70019836    0000000a     --HOLE-- [fill = 0]
                  70019840    00000074                                               : bootloader_uniflash.obj (.text.Bootloader_uniflashFlashPhyTuningData)
                  700198b4    0000000c     --HOLE-- [fill = 0]
                  700198c0    00000074     nortos.am243x.r5f.ti-arm-clang.debug.lib : ClockP_nortos.obj (.text.ClockP_construct)
                  70019934    0000000c     --HOLE-- [fill = 0]
                  70019940    00000074     drivers.am243x.r5f.ti-arm-clang.debug.lib : uart_v0.obj (.text.UART_readInterrupt)
                  700199b4    0000000c     --HOLE-- [fill = 0]
                  700199c0    00000074                                               : udma_ch.obj (.text.Udma_chEnable)
                  70019a34    0000000c     --HOLE-- [fill = 0]
                  70019a40    00000072                                               : csl_bcdma.obj (.text.CSL_bcdmaChanOpTriggerChan)
                  70019ab2    0000000e     --HOLE-- [fill = 0]
                  70019ac0    00000072                                               : csl_lcdma_ringacc.obj (.text.CSL_lcdma_ringaccAckReverseRing)
                  70019b32    0000000e     --HOLE-- [fill = 0]
                  70019b40    00000072     nortos.am243x.r5f.ti-arm-clang.debug.lib : ClockP_nortos.obj (.text.ClockP_usleep)
                  70019bb2    0000000e     --HOLE-- [fill = 0]
                  70019bc0    00000072     drivers.am243x.r5f.ti-arm-clang.debug.lib : mmcsd_v0.obj (.text.MMCSD_close)
                  70019c32    0000000e     --HOLE-- [fill = 0]
                  70019c40    00000072                                               : udma_utils.obj (.text.UdmaUtils_makeTrpd)
                  70019cb2    0000000e     --HOLE-- [fill = 0]
                  70019cc0    00000070                                               : csl_intaggr.obj (.text.CSL_intaggrClrIntr)
                  70019d30    00000070                                               : mmcsd_v0.obj (.text.MMCSD_halSetUHSMode)
                  70019da0    00000070                                               : sciclient_rm.obj (.text.Sciclient_rmGetResourceRange)
                  70019e10    00000070                                               : uart_dma.obj (.text.UART_dmaOpen)
                  70019e80    00000070                                               : uart_v0.obj (.text.UART_readByte)
                  70019ef0    00000070                                               : udma_rm.obj (.text.Udma_rmFreeMappedRxCh)
                  70019f60    00000070                                               : udma_rm.obj (.text.Udma_rmFreeMappedTxCh)
                  70019fd0    00000070     libc.a : atoi.c.obj (.text.atoi)
                  7001a040    0000006e     drivers.am243x.r5f.ti-arm-clang.debug.lib : lpddr4_16bit.obj (.text.LPDDR4_EnablePIInitiator)
                  7001a0ae    00000002     --HOLE-- [fill = 0]
                  7001a0b0    0000006e                                               : mmcsd_v0.obj (.text.MMCSD_phyGetOtapDelay)
                  7001a11e    00000002     --HOLE-- [fill = 0]
                  7001a120    0000006e                                               : sciclient_rm_irq.obj (.text.Sciclient_rmIaVintGetInfo)
                  7001a18e    00000002     --HOLE-- [fill = 0]
                  7001a190    0000006c                                               : ddr_soc.obj (.text.DDR_socEnableVttRegulator)
                  7001a1fc    00000004     --HOLE-- [fill = 0]
                  7001a200    0000006c                                               : ospi_dma.obj (.text.OSPI_dmaOpen)
                  7001a26c    00000004     --HOLE-- [fill = 0]
                  7001a270    0000006c                                               : udma_ch.obj (.text.UdmaChPrms_init)
                  7001a2dc    00000004     --HOLE-- [fill = 0]
                  7001a2e0    0000006a     board.am243x.r5f.ti-arm-clang.debug.lib : flash_nor_ospi.obj (.text.Flash_quirkSpansionUNHYSADisable)
                  7001a34a    00000006     --HOLE-- [fill = 0]
                  7001a350    0000006a     drivers.am243x.r5f.ti-arm-clang.debug.lib : lpddr4.obj (.text.LPDDR4_WriteCtlConfig)
                  7001a3ba    00000006     --HOLE-- [fill = 0]
                  7001a3c0    0000006a                                               : lpddr4.obj (.text.LPDDR4_WritePhyConfig)
                  7001a42a    00000006     --HOLE-- [fill = 0]
                  7001a430    0000006a                                               : lpddr4.obj (.text.LPDDR4_WritePhyIndepConfig)
                  7001a49a    00000006     --HOLE-- [fill = 0]
                  7001a4a0    0000006a                                               : pinmux.obj (.text.Pinmux_lockMMR)
                  7001a50a    00000006     --HOLE-- [fill = 0]
                  7001a510    0000006a                                               : udma_rm.obj (.text.Udma_rmCheckResLeak)
                  7001a57a    00000006     --HOLE-- [fill = 0]
                  7001a580    00000068     board.am243x.r5f.ti-arm-clang.debug.lib : flash_nor_ospi.obj (.text.Flash_norOspiCmdRead)
                  7001a5e8    00000008     --HOLE-- [fill = 0]
                  7001a5f0    00000068     drivers.am243x.r5f.ti-arm-clang.debug.lib : ospi_v0.obj (.text.OSPI_waitWriteSRAMLevel)
                  7001a658    00000008     --HOLE-- [fill = 0]
                  7001a660    00000068                                               : sciclient_rm_irq.obj (.text.Sciclient_rmIrqCfgIsDirectEvent)
                  7001a6c8    00000008     --HOLE-- [fill = 0]
                  7001a6d0    00000068                                               : sciclient_rm_irq.obj (.text.Sciclient_rmIrqCfgIsDirectNonEvent)
                  7001a738    00000008     --HOLE-- [fill = 0]
                  7001a740    00000068                                               : sciclient_rm_irq.obj (.text.Sciclient_rmIrqCfgIsEventToVintMappingOnly)
                  7001a7a8    00000008     --HOLE-- [fill = 0]
                  7001a7b0    00000068                                               : sciclient_rm_irq.obj (.text.Sciclient_rmIrqCfgIsOesOnly)
                  7001a818    00000008     --HOLE-- [fill = 0]
                  7001a820    00000068                                               : sciclient_rm_irq.obj (.text.Sciclient_rmIrqCfgIsUnmappedVintDirectEvent)
                  7001a888    00000008     --HOLE-- [fill = 0]
                  7001a890    00000068                                               : uart_v0.obj (.text.UART_divisorValCompute)
                  7001a8f8    00000008     --HOLE-- [fill = 0]
                  7001a900    00000068                                               : udma_ring_lcdma.obj (.text.Udma_ringPrimeReadLcdma)
                  7001a968    00000008     --HOLE-- [fill = 0]
                  7001a970    00000066                                               : bootloader_uniflash.obj (.text.Bootloader_uniflashFlashFileMMCSDRaw)
                  7001a9d6    0000000a     --HOLE-- [fill = 0]
                  7001a9e0    00000066                                               : csl_lcdma_ringacc.obj (.text.CSL_lcdma_ringaccCommitToForwardRing)
                  7001aa46    0000000a     --HOLE-- [fill = 0]
                  7001aa50    00000066                                               : udma_utils.obj (.text.CSL_udmapCppi5SetIds)
                  7001aab6    0000000a     --HOLE-- [fill = 0]
                  7001aac0    00000066                                               : ddr.obj (.text.DDR_probe)
                  7001ab26    0000000a     --HOLE-- [fill = 0]
                  7001ab30    00000064                                               : mmcsd_v0.obj (.text.MMCSD_getXferSpeedFromModeEmmc)
                  7001ab94    0000000c     --HOLE-- [fill = 0]
                  7001aba0    00000064                                               : ospi_v0.obj (.text.OSPI_getCmdExt)
                  7001ac04    0000000c     --HOLE-- [fill = 0]
                  7001ac10    00000064                                               : sciclient_rm_irq.obj (.text.Sciclient_rmIrGetInst)
                  7001ac74    0000000c     --HOLE-- [fill = 0]
                  7001ac80    00000064                                               : udma_rm.obj (.text.Udma_rmFreeEvent)
                  7001ace4    0000000c     --HOLE-- [fill = 0]
                  7001acf0    00000064                                               : udma_rm.obj (.text.Udma_rmFreeIrIntr)
                  7001ad54    0000000c     --HOLE-- [fill = 0]
                  7001ad60    00000064                                               : udma_rm.obj (.text.Udma_rmFreeVintr)
                  7001adc4    0000000c     --HOLE-- [fill = 0]
                  7001add0    00000062     board.am243x.r5f.ti-arm-clang.debug.lib : flash.obj (.text.Flash_open)
                  7001ae32    0000000e     --HOLE-- [fill = 0]
                  7001ae40    00000062     drivers.am243x.r5f.ti-arm-clang.debug.lib : udma_event.obj (.text.UdmaEventPrms_init)
                  7001aea2    0000000e     --HOLE-- [fill = 0]
                  7001aeb0    00000062                                               : udma_rm.obj (.text.Udma_rmFreeBlkCopyCh)
                  7001af12    0000000e     --HOLE-- [fill = 0]
                  7001af20    00000062                                               : udma_rm.obj (.text.Udma_rmFreeBlkCopyHcCh)
                  7001af82    0000000e     --HOLE-- [fill = 0]
                  7001af90    00000062                                               : udma_rm.obj (.text.Udma_rmFreeBlkCopyUhcCh)
                  7001aff2    0000000e     --HOLE-- [fill = 0]
                  7001b000    00000062                                               : udma_rm.obj (.text.Udma_rmFreeRxCh)
                  7001b062    0000000e     --HOLE-- [fill = 0]
                  7001b070    00000062                                               : udma_rm.obj (.text.Udma_rmFreeRxHcCh)
                  7001b0d2    0000000e     --HOLE-- [fill = 0]
                  7001b0e0    00000062                                               : udma_rm.obj (.text.Udma_rmFreeRxUhcCh)
                  7001b142    0000000e     --HOLE-- [fill = 0]
                  7001b150    00000062                                               : udma_rm.obj (.text.Udma_rmFreeTxCh)
                  7001b1b2    0000000e     --HOLE-- [fill = 0]
                  7001b1c0    00000062                                               : udma_rm.obj (.text.Udma_rmFreeTxHcCh)
                  7001b222    0000000e     --HOLE-- [fill = 0]
                  7001b230    00000062                                               : udma_rm.obj (.text.Udma_rmFreeTxUhcCh)
                  7001b292    0000000e     --HOLE-- [fill = 0]
                  7001b2a0    00000062                                               : bootloader_xmodem.obj (.text._inbyte)
                  7001b302    0000000e     --HOLE-- [fill = 0]
                  7001b310    00000060                                               : bootloader_xmodem.obj (.text.Bootloader_xmodemReceive)
                  7001b370    00000060                                               : uart_v0.obj (.text.UART_getChar)
                  7001b3d0    00000060                                               : udma_utils.obj (.text.Udma_phyToVirtFxn)
                  7001b430    00000060                                               : udma_utils.obj (.text.Udma_virtToPhyFxn)
                  7001b490    0000005e                                               : lpddr4.obj (.text.LPDDR4_PollAndAckIrq)
                  7001b4ee    00000002     --HOLE-- [fill = 0]
                  7001b4f0    0000005e                                               : sciclient_pm.obj (.text.Sciclient_pmSetModuleRst)
                  7001b54e    00000002     --HOLE-- [fill = 0]
                  7001b550    0000005e                                               : uart_v0.obj (.text.UART_writeData)
                  7001b5ae    00000002     --HOLE-- [fill = 0]
                  7001b5b0    0000005c                                               : lpddr4.obj (.text.LPDDR4_CheckPhyIndepInterrupt)
                  7001b60c    00000004     --HOLE-- [fill = 0]
                  7001b610    0000005c                                               : lpddr4.obj (.text.LPDDR4_SanityFunction4)
                  7001b66c    00000004     --HOLE-- [fill = 0]
                  7001b670    0000005c     ti_power_clock_config.obj (.text.Module_clockSetFrequency)
                  7001b6cc    00000004     --HOLE-- [fill = 0]
                  7001b6d0    0000005c     drivers.am243x.r5f.ti-arm-clang.debug.lib : sciclient_rm_irq.obj (.text.Sciclient_rmIaGetInst)
                  7001b72c    00000004     --HOLE-- [fill = 0]
                  7001b730    0000005c                                               : sciclient_rm_irq.obj (.text.Sciclient_rmPsPush)
                  7001b78c    00000004     --HOLE-- [fill = 0]
                  7001b790    0000005a                                               : mmcsd_v0.obj (.text.MMCSD_halIsClockStable)
                  7001b7ea    00000006     --HOLE-- [fill = 0]
                  7001b7f0    0000005a                                               : sciclient_rm_irq.obj (.text.Sciclient_rmIaValidateGlobalEvt)
                  7001b84a    00000006     --HOLE-- [fill = 0]
                  7001b850    0000005a     nortos.am243x.r5f.ti-arm-clang.debug.lib : SemaphoreP_nortos.obj (.text.SemaphoreP_post)
                  7001b8aa    00000006     --HOLE-- [fill = 0]
                  7001b8b0    0000005a     drivers.am243x.r5f.ti-arm-clang.debug.lib : uart_v0.obj (.text.UART_regConfigModeEnable)
                  7001b90a    00000006     --HOLE-- [fill = 0]
                  7001b910    00000058                                               : bootloader_xmodem.obj (.text.Bootloader_xmodemTransmit)
                  7001b968    00000008     --HOLE-- [fill = 0]
                  7001b970    00000058     board.am243x.r5f.ti-arm-clang.debug.lib : flash_nor_ospi.obj (.text.Flash_norOspiCmdWrite)
                  7001b9c8    00000008     --HOLE-- [fill = 0]
                  7001b9d0    00000058     drivers.am243x.r5f.ti-arm-clang.debug.lib : ospi_v0.obj (.text.OSPI_writeFifoData)
                  7001ba28    00000008     --HOLE-- [fill = 0]
                  7001ba30    00000058                                               : sciclient_firewall.obj (.text.Sciclient_firewallChangeOwnerInfo)
                  7001ba88    00000008     --HOLE-- [fill = 0]
                  7001ba90    00000058                                               : sciclient_firewall.obj (.text.Sciclient_firewallSetRegion)
                  7001bae8    00000008     --HOLE-- [fill = 0]
                  7001baf0    00000058                                               : sciclient_rm.obj (.text.Sciclient_rmIrqSetRaw)
                  7001bb48    00000008     --HOLE-- [fill = 0]
                  7001bb50    00000058                                               : sciclient_rm_irq.obj (.text.Sciclient_rmIrqUnmappedVintRouteDelete)
                  7001bba8    00000008     --HOLE-- [fill = 0]
                  7001bbb0    00000058                                               : sciclient_rm.obj (.text.Sciclient_rmRingCfg)
                  7001bc08    00000008     --HOLE-- [fill = 0]
                  7001bc10    00000058                                               : sciclient_rm.obj (.text.Sciclient_rmUdmapFlowCfg)
                  7001bc68    00000008     --HOLE-- [fill = 0]
                  7001bc70    00000058                                               : sciclient_rm.obj (.text.Sciclient_rmUdmapFlowSizeThreshCfg)
                  7001bcc8    00000008     --HOLE-- [fill = 0]
                  7001bcd0    00000058                                               : sciclient_rm.obj (.text.Sciclient_rmUdmapRxChCfg)
                  7001bd28    00000008     --HOLE-- [fill = 0]
                  7001bd30    00000058                                               : sciclient_rm.obj (.text.Sciclient_rmUdmapTxChCfg)
                  7001bd88    00000008     --HOLE-- [fill = 0]
                  7001bd90    00000058                                               : udma_utils.obj (.text.UdmaUtils_getTrSizeEncoded)
                  7001bde8    00000058     libc.a : snprintf.c.obj (.text._outs)
                  7001be40    00000056     drivers.am243x.r5f.ti-arm-clang.debug.lib : mmcsd_v0.obj (.text.CSL_REG64_FEXT_RAW)
                  7001be96    0000000a     --HOLE-- [fill = 0]
                  7001bea0    00000056                                               : csl_intaggr.obj (.text.CSL_intaggrGetCfg)
                  7001bef6    0000000a     --HOLE-- [fill = 0]
                  7001bf00    00000056                                               : sciclient_rm.obj (.text.Sciclient_rmIrqReleaseRaw)
                  7001bf56    0000000a     --HOLE-- [fill = 0]
                  7001bf60    00000056                                               : sciclient_rm.obj (.text.Sciclient_rmPsilPair)
                  7001bfb6    0000000a     --HOLE-- [fill = 0]
                  7001bfc0    00000056                                               : sciclient_rm.obj (.text.Sciclient_rmPsilUnpair)
                  7001c016    0000000a     --HOLE-- [fill = 0]
                  7001c020    00000056     nortos.am243x.r5f.ti-arm-clang.debug.lib : SemaphoreP_nortos.obj (.text.SemaphoreP_construct)
                  7001c076    0000000a     --HOLE-- [fill = 0]
                  7001c080    00000054     drivers.am243x.r5f.ti-arm-clang.debug.lib : csl_pktdma.obj (.text.CSL_pktdmaIsValidChanIdx)
                  7001c0d4    0000000c     --HOLE-- [fill = 0]
                  7001c0e0    00000054                                               : mmcsd_v0.obj (.text.MMCSD_halEnableInternalClock)
                  7001c134    0000000c     --HOLE-- [fill = 0]
                  7001c140    00000054                                               : ospi_v0.obj (.text.OSPI_setNumAddrBytes)
                  7001c194    0000000c     --HOLE-- [fill = 0]
                  7001c1a0    00000054                                               : sciclient_rm_irq.obj (.text.Sciclient_rmUnmappedVintRouteCreate)
                  7001c1f4    0000000c     --HOLE-- [fill = 0]
                  7001c200    00000054                                               : uart_dma.obj (.text.UART_readInterruptDma)
                  7001c254    0000000c     --HOLE-- [fill = 0]
                  7001c260    00000054                                               : uart_dma.obj (.text.UART_writeInterruptDma)
                  7001c2b4    0000000c     --HOLE-- [fill = 0]
                  7001c2c0    00000054                                               : udma_ring_common.obj (.text.UdmaRingPrms_init)
                  7001c314    0000000c     --HOLE-- [fill = 0]
                  7001c320    00000052                                               : lpddr4.obj (.text.LPDDR4_AckPhyIndepInterrupt)
                  7001c372    0000000e     --HOLE-- [fill = 0]
[...]
70023700  gTuningPattern8Bit                                                            
70023780  gFlashDevCfg_S28HS512T                                                        
70023860  gRmIrInstances                                                                
700238c0  gUartParams                                                                   
70023914  gMpuRegionConfig                                                              
70023a18  gFlashAttrs_S28HS512T                                                         
70023a78  gSocModulesClockFrequency                                                     
70023aa8  gPhyTuneWindowParamsGTE133                                                    
70023ad0  gPhyTuneWindowParamsLT133                                                     
70023af8  gFlashToSpiProtocolMap                                                        
70023b3c  gRmIaInstances                                                                
70023b5c  gCacheL1dCacheLineSize                                                        
70023b60  gSciclientSecProxyCfg                                                         
70023b80  gSocModules                                                                   
70023ba0  gFlashNorOspiFxns                                                             
70023bbc  gOspiUdma0Args                                                                
70023bf0  gClockConfig                                                                  
70023c18  gFlashConfig                                                                  
70023c38  gAddrTranslateConfig                                                          
70023c44  gMpuConfig                                                                    
70023c50  gOspiDmaUdmaFxns                                                              
70023c5c  gCacheConfig                                                                  
70023c64  gFlashParams                                                                  
70023c6c  gMmcsdConfig                                                                  
70023c74  gMmcsdParams                                                                  
70023c7c  gOspiConfig                                                                   
70023c84  gOspiDmaConfig                                                                
70023c9c  gUartConfig                                                                   
70023ca4  gCacheL1pCacheLineSize                                                        
70023ca8  gDebugLogZone                                                                 
70023cac  gFlashConfigNum                                                               
70023cb0  gHwiConfig                                                                    
70023cb4  gMmcsdConfigNum                                                               
70023cb8  gOspiConfigNum                                                                
70023cbc  gOspiDmaConfigNum                                                             
70023cc0  gOspiParams                                                                   
70023cc4  gPhyTuneWindowParams                                                          
70023cc8  gUartConfigNum                                                                
70023ccc  gUartDmaConfigNum                                                             
70023f00  gUdmaRmDefBoardCfg_Pktdma                                                     
70024248  gUdmaTxMappedChRingAttributes                                                 
700244b8  gSciclientMap                                                                 
700246e8  CMP_EVENT_INTROUTER0_outp_0_15_to_GICSS0_spi_48_63                            
700246f0  __aeabi_ctype_table_                                                          
700246f0  __aeabi_ctype_table_C                                                         
70024a44  gUdmaRxMappedChRingAttributes                                                 
70024ae0  gUdmaRmDefBoardCfg_Bcdma                                                      
70024c3c  tisci_if_TIMESYNC_EVENT_INTROUTER0                                            
70024d64  gRmIrqTree                                                                    
70024e14  gRmIrqTreeCount                                                               
70024f88  tisci_if_MAIN_GPIOMUX_INTROUTER0                                              
70024fbc  tisci_if_DMASS0_INTAGGR_0                                                     
70025044  tisci_if_MCU_MCU_GPIOMUX_INTROUTER0                                           
700250ac  tisci_if_CPTS0                                                                
700250cc  tisci_if_PRU_ICSSG0                                                           
700250e8  tisci_if_PRU_ICSSG1                                                           
70025104  tisci_if_CMP_EVENT_INTROUTER0                                                 
7002511c  tisci_if_PCIE0                                                                
70025144  tisci_if_CPSW0                                                                
70025154  CMP_EVENT_INTROUTER0_outp_16_23_to_R5FSS0_CORE0_intr_48_55                    
7002515c  CMP_EVENT_INTROUTER0_outp_16_23_to_R5FSS0_CORE1_intr_48_55                    
70025164  CMP_EVENT_INTROUTER0_outp_24_31_to_R5FSS1_CORE0_intr_48_55                    
7002516c  CMP_EVENT_INTROUTER0_outp_24_31_to_R5FSS1_CORE1_intr_48_55                    
70025174  CMP_EVENT_INTROUTER0_outp_32_39_to_DMASS0_INTAGGR_0_intaggr_levi_pend_0_7     
7002517c  CPSW0_cpts_comp_0_0_to_CMP_EVENT_INTROUTER0_in_80_80                          
70025184  CPSW0_cpts_genf0_1_1_to_TIMESYNC_EVENT_INTROUTER0_in_21_21                    
7002518c  CPSW0_cpts_genf1_2_2_to_TIMESYNC_EVENT_INTROUTER0_in_22_22                    
70025194  CPSW0_cpts_sync_3_3_to_TIMESYNC_EVENT_INTROUTER0_in_34_34                     
7002519c  CPTS0_cpts_comp_0_0_to_CMP_EVENT_INTROUTER0_in_82_82                          
700251a4  CPTS0_cpts_genf0_1_1_to_TIMESYNC_EVENT_INTROUTER0_in_16_16                    
700251ac  CPTS0_cpts_genf1_2_2_to_TIMESYNC_EVENT_INTROUTER0_in_17_17                    
700251b4  CPTS0_cpts_genf2_3_3_to_TIMESYNC_EVENT_INTROUTER0_in_18_18                    
700251bc  CPTS0_cpts_genf3_4_4_to_TIMESYNC_EVENT_INTROUTER0_in_19_19                    
700251c4  CPTS0_cpts_genf4_5_5_to_TIMESYNC_EVENT_INTROUTER0_in_20_20                    
700251cc  CPTS0_cpts_genf5_6_6_to_TIMESYNC_EVENT_INTROUTER0_in_24_24                    
700251d4  CPTS0_cpts_sync_7_7_to_TIMESYNC_EVENT_INTROUTER0_in_35_35                     
700251dc  DMASS0_INTAGGR_0_intaggr_vintr_pend_0_39_to_GICSS0_spi_64_103                 
700251e4  DMASS0_INTAGGR_0_intaggr_vintr_pend_120_127_to_R5FSS1_CORE0_intr_8_15         
700251ec  DMASS0_INTAGGR_0_intaggr_vintr_pend_128_135_to_R5FSS1_CORE1_intr_8_15         
700251f4  DMASS0_INTAGGR_0_intaggr_vintr_pend_152_159_to_PRU_ICSSG0_pr1_slv_intr_16_23  
700251fc  DMASS0_INTAGGR_0_intaggr_vintr_pend_160_167_to_PRU_ICSSG1_pr1_slv_intr_16_23  
70025204  DMASS0_INTAGGR_0_intaggr_vintr_pend_168_183_to_MCU_M4FSS0_CORE0_nvic_32_47    
7002520c  DMASS0_INTAGGR_0_intaggr_vintr_pend_40_71_to_R5FSS0_CORE0_intr_64_95          
70025214  DMASS0_INTAGGR_0_intaggr_vintr_pend_40_71_to_R5FSS0_CORE1_intr_64_95          
7002521c  DMASS0_INTAGGR_0_intaggr_vintr_pend_72_79_to_R5FSS0_CORE0_intr_8_15           
70025224  DMASS0_INTAGGR_0_intaggr_vintr_pend_80_87_to_R5FSS0_CORE1_intr_8_15           
7002522c  DMASS0_INTAGGR_0_intaggr_vintr_pend_88_119_to_R5FSS1_CORE0_intr_64_95         
70025234  DMASS0_INTAGGR_0_intaggr_vintr_pend_88_119_to_R5FSS1_CORE1_intr_64_95         
7002523c  EPWM0_epwm_synco_o_0_0_to_TIMESYNC_EVENT_INTROUTER0_in_39_39                  
70025244  EPWM3_epwm_synco_o_0_0_to_TIMESYNC_EVENT_INTROUTER0_in_40_40                  
7002524c  EPWM6_epwm_synco_o_0_0_to_TIMESYNC_EVENT_INTROUTER0_in_41_41                  
70025254  GPIO0_gpio_0_89_to_MAIN_GPIOMUX_INTROUTER0_in_0_89                            
7002525c  GPIO0_gpio_bank_90_98_to_MAIN_GPIOMUX_INTROUTER0_in_190_198                   
70025264  GPIO1_gpio_0_89_to_MAIN_GPIOMUX_INTROUTER0_in_90_179                          
7002526c  GPIO1_gpio_bank_90_98_to_MAIN_GPIOMUX_INTROUTER0_in_180_188                   
70025274  GPMC0_gpmc_sdmareq_0_0_to_DMASS0_INTAGGR_0_intaggr_levi_pend_29_29            
7002527c  GTC0_gtc_push_event_0_0_to_TIMESYNC_EVENT_INTROUTER0_in_36_36                 
70025284  MAIN_GPIOMUX_INTROUTER0_outp_0_15_to_GICSS0_spi_32_47                         
7002528c  MAIN_GPIOMUX_INTROUTER0_outp_0_15_to_R5FSS0_CORE0_intr_32_47                  
70025294  MAIN_GPIOMUX_INTROUTER0_outp_0_15_to_R5FSS0_CORE1_intr_32_47                  
7002529c  MAIN_GPIOMUX_INTROUTER0_outp_0_15_to_R5FSS1_CORE0_intr_32_47                  
700252a4  MAIN_GPIOMUX_INTROUTER0_outp_0_15_to_R5FSS1_CORE1_intr_32_47                  
700252ac  MAIN_GPIOMUX_INTROUTER0_outp_16_17_to_DMASS0_INTAGGR_0_intaggr_levi_pend_24_25
700252b4  MAIN_GPIOMUX_INTROUTER0_outp_18_23_to_PRU_ICSSG0_pr1_iep0_cap_intr_req_4_9    
700252bc  MAIN_GPIOMUX_INTROUTER0_outp_18_23_to_PRU_ICSSG1_pr1_iep0_cap_intr_req_4_9    
700252c4  MAIN_GPIOMUX_INTROUTER0_outp_24_29_to_PRU_ICSSG0_pr1_iep1_cap_intr_req_10_15  
700252cc  MAIN_GPIOMUX_INTROUTER0_outp_24_29_to_PRU_ICSSG1_pr1_iep1_cap_intr_req_10_15  
700252d4  MAIN_GPIOMUX_INTROUTER0_outp_30_37_to_DMASS0_INTAGGR_0_intaggr_levi_pend_16_23
700252dc  MAIN_GPIOMUX_INTROUTER0_outp_38_45_to_PRU_ICSSG0_pr1_slv_intr_46_53           
700252e4  MAIN_GPIOMUX_INTROUTER0_outp_46_53_to_PRU_ICSSG1_pr1_slv_intr_46_53           
700252ec  MCU_GPIO0_gpio_0_29_to_MCU_MCU_GPIOMUX_INTROUTER0_in_0_29                     
700252f4  MCU_GPIO0_gpio_bank_30_31_to_MCU_MCU_GPIOMUX_INTROUTER0_in_30_31              
700252fc  MCU_MCU_GPIOMUX_INTROUTER0_outp_0_3_to_GICSS0_spi_104_107                     
70025304  MCU_MCU_GPIOMUX_INTROUTER0_outp_0_3_to_R5FSS0_CORE0_intr_104_107              
7002530c  MCU_MCU_GPIOMUX_INTROUTER0_outp_0_3_to_R5FSS0_CORE1_intr_104_107              
70025314  MCU_MCU_GPIOMUX_INTROUTER0_outp_0_3_to_R5FSS1_CORE0_intr_104_107              
7002531c  MCU_MCU_GPIOMUX_INTROUTER0_outp_0_3_to_R5FSS1_CORE1_intr_104_107              
70025324  MCU_MCU_GPIOMUX_INTROUTER0_outp_4_7_to_MCU_M4FSS0_CORE0_nvic_0_3              
7002532c  MCU_MCU_GPIOMUX_INTROUTER0_outp_8_11_to_MCU_ESM0_esm_pls_event0_88_91         
70025334  MCU_MCU_GPIOMUX_INTROUTER0_outp_8_11_to_MCU_ESM0_esm_pls_event1_92_95         
7002533c  MCU_MCU_GPIOMUX_INTROUTER0_outp_8_11_to_MCU_ESM0_esm_pls_event2_96_99         
70025344  PCIE0_pcie_cpts_comp_0_0_to_CMP_EVENT_INTROUTER0_in_81_81                     
7002534c  PCIE0_pcie_cpts_genf0_1_1_to_TIMESYNC_EVENT_INTROUTER0_in_23_23               
70025354  PCIE0_pcie_cpts_hw1_push_2_2_to_TIMESYNC_EVENT_INTROUTER0_in_37_37            
7002535c  PCIE0_pcie_cpts_sync_3_3_to_TIMESYNC_EVENT_INTROUTER0_in_33_33                
70025364  PCIE0_pcie_ptm_valid_pulse_4_4_to_TIMESYNC_EVENT_INTROUTER0_in_38_38          
7002536c  PRU_ICSSG0_pr1_edc0_sync0_out_0_0_to_TIMESYNC_EVENT_INTROUTER0_in_25_25       
70025374  PRU_ICSSG0_pr1_edc0_sync1_out_1_1_to_TIMESYNC_EVENT_INTROUTER0_in_26_26       
7002537c  PRU_ICSSG0_pr1_edc1_sync0_out_2_2_to_TIMESYNC_EVENT_INTROUTER0_in_27_27       
70025384  PRU_ICSSG0_pr1_edc1_sync1_out_3_3_to_TIMESYNC_EVENT_INTROUTER0_in_28_28       
7002538c  PRU_ICSSG0_pr1_host_intr_req_4_11_to_CMP_EVENT_INTROUTER0_in_0_7              
70025394  PRU_ICSSG0_pr1_iep0_cmp_intr_req_12_27_to_CMP_EVENT_INTROUTER0_in_16_31       
7002539c  PRU_ICSSG0_pr1_iep1_cmp_intr_req_28_43_to_CMP_EVENT_INTROUTER0_in_32_47       
700253a4  PRU_ICSSG1_pr1_edc0_sync0_out_0_0_to_TIMESYNC_EVENT_INTROUTER0_in_29_29       
700253ac  PRU_ICSSG1_pr1_edc0_sync1_out_1_1_to_TIMESYNC_EVENT_INTROUTER0_in_30_30       
700253b4  PRU_ICSSG1_pr1_edc1_sync0_out_2_2_to_TIMESYNC_EVENT_INTROUTER0_in_31_31       
700253bc  PRU_ICSSG1_pr1_edc1_sync1_out_3_3_to_TIMESYNC_EVENT_INTROUTER0_in_32_32       
700253c4  PRU_ICSSG1_pr1_host_intr_req_4_11_to_CMP_EVENT_INTROUTER0_in_8_15             
700253cc  PRU_ICSSG1_pr1_iep0_cmp_intr_req_12_27_to_CMP_EVENT_INTROUTER0_in_48_63       
700253d4  PRU_ICSSG1_pr1_iep1_cmp_intr_req_28_43_to_CMP_EVENT_INTROUTER0_in_64_79       
700253dc  TIMER0_timer_pwm_0_0_to_TIMESYNC_EVENT_INTROUTER0_in_0_0                      
700253e4  TIMER1_timer_pwm_0_0_to_TIMESYNC_EVENT_INTROUTER0_in_1_1                      
700253ec  TIMER2_timer_pwm_0_0_to_TIMESYNC_EVENT_INTROUTER0_in_2_2                      
700253f4  TIMER3_timer_pwm_0_0_to_TIMESYNC_EVENT_INTROUTER0_in_3_3                      
700253fc  TIMESYNC_EVENT_INTROUTER0_outl_0_7_to_DMASS0_INTAGGR_0_intaggr_levi_pend_8_15 
70025404  TIMESYNC_EVENT_INTROUTER0_outl_10_10_to_PRU_ICSSG0_pr1_edc1_latch0_in_2_2     
7002540c  TIMESYNC_EVENT_INTROUTER0_outl_11_11_to_PRU_ICSSG0_pr1_edc1_latch1_in_3_3     
70025414  TIMESYNC_EVENT_INTROUTER0_outl_12_12_to_PRU_ICSSG1_pr1_edc0_latch0_in_0_0     
7002541c  TIMESYNC_EVENT_INTROUTER0_outl_13_13_to_PRU_ICSSG1_pr1_edc0_latch1_in_1_1     
70025424  TIMESYNC_EVENT_INTROUTER0_outl_14_14_to_PRU_ICSSG1_pr1_edc1_latch0_in_2_2     
7002542c  TIMESYNC_EVENT_INTROUTER0_outl_15_15_to_PRU_ICSSG1_pr1_edc1_latch1_in_3_3     
70025434  TIMESYNC_EVENT_INTROUTER0_outl_16_16_to_CPTS0_cpts_hw1_push_0_0               
7002543c  TIMESYNC_EVENT_INTROUTER0_outl_17_17_to_CPTS0_cpts_hw2_push_1_1               
70025444  TIMESYNC_EVENT_INTROUTER0_outl_18_18_to_CPTS0_cpts_hw3_push_2_2               
7002544c  TIMESYNC_EVENT_INTROUTER0_outl_19_19_to_CPTS0_cpts_hw4_push_3_3               
70025454  TIMESYNC_EVENT_INTROUTER0_outl_20_20_to_CPTS0_cpts_hw5_push_4_4               
7002545c  TIMESYNC_EVENT_INTROUTER0_outl_21_21_to_CPTS0_cpts_hw6_push_5_5               
70025464  TIMESYNC_EVENT_INTROUTER0_outl_22_22_to_CPTS0_cpts_hw7_push_6_6               
7002546c  TIMESYNC_EVENT_INTROUTER0_outl_23_23_to_CPTS0_cpts_hw8_push_7_7               
70025474  TIMESYNC_EVENT_INTROUTER0_outl_29_29_to_PCIE0_pcie_cpts_hw2_push_0_0          
7002547c  TIMESYNC_EVENT_INTROUTER0_outl_30_30_to_CPSW0_cpts_hw1_push_0_0               
70025484  TIMESYNC_EVENT_INTROUTER0_outl_31_31_to_CPSW0_cpts_hw2_push_1_1               
7002548c  TIMESYNC_EVENT_INTROUTER0_outl_32_32_to_CPSW0_cpts_hw3_push_2_2               
70025494  TIMESYNC_EVENT_INTROUTER0_outl_33_33_to_CPSW0_cpts_hw4_push_3_3               
7002549c  TIMESYNC_EVENT_INTROUTER0_outl_34_34_to_CPSW0_cpts_hw5_push_4_4               
700254a4  TIMESYNC_EVENT_INTROUTER0_outl_35_35_to_CPSW0_cpts_hw6_push_5_5               
700254ac  TIMESYNC_EVENT_INTROUTER0_outl_36_36_to_CPSW0_cpts_hw7_push_6_6               
700254b4  TIMESYNC_EVENT_INTROUTER0_outl_37_37_to_CPSW0_cpts_hw8_push_7_7               
700254bc  TIMESYNC_EVENT_INTROUTER0_outl_8_8_to_PRU_ICSSG0_pr1_edc0_latch0_in_0_0       
700254c4  TIMESYNC_EVENT_INTROUTER0_outl_9_9_to_PRU_ICSSG0_pr1_edc0_latch1_in_1_1       
700254cc  tisci_if_GPIO0                                                                
700254d4  tisci_if_GPIO1                                                                
700254dc  tisci_if_MCU_GPIO0                                                            
70025594  tisci_if_EPWM0                                                                
70025598  tisci_if_EPWM3                                                                
7002559c  tisci_if_EPWM6                                                                
700255a0  tisci_if_GPMC0                                                                
700255a4  tisci_if_GTC0                                                                 
700255a8  tisci_if_TIMER0                                                               
700255ac  tisci_if_TIMER1                                                               
700255b0  tisci_if_TIMER2                                                               
700255b4  tisci_if_TIMER3                                                               
70080000  __BSS_START                                                                   
70080000  __start___llvm_prf_bits                                                       
70080000  __start___llvm_prf_cnts                                                       
70080000  __stop___llvm_prf_bits                                                        
70080000  __stop___llvm_prf_cnts                                                        
70080000  gUniflashVerifyBuf                                                            
70088000  gHwiCtrl                                                                      
70089008  gUdmaDrvObj                                                                   
7008a288  gClockCtrl                                                                    
7008a300  gMmcsdDataBuf0                                                                
7008a684  gEmmcData0                                                                    
7008a6ac  gFlashObject_S28HS512T                                                        
7008a6d0  gADMA2Desc                                                                    
7008a6dc  gFlashHandle                                                                  
7008a6e0  gMmcsdHandle                                                                  
7008a6e4  gOspiHandle                                                                   
7008a6e8  gUartHandle                                                                   
7008a880  __BSS_END                                                                     
7008a880  _sys_memory                                                                   
70092880  __stack                                                                       
70096880  __IRQ_STACK_START                                                             
70096880  __STACK_END                                                                   
70097880  __FIQ_STACK_START                                                             
70097880  __IRQ_STACK_END                                                               
70097980  __FIQ_STACK_END                                                               
70097980  __SVC_STACK_START                                                             
70097a80  __ABORT_STACK_START                                                           
70097a80  __SVC_STACK_END                                                               
70097b80  __ABORT_STACK_END                                                             
70097b80  __UNDEFINED_STACK_START                                                       
70097c80  __UNDEFINED_STACK_END                                                         
80000000  gUniflashFileBuf                                                              
ffffffff  __TI_pprof_out_hndl                                                           
ffffffff  __TI_prof_data_size                                                           
ffffffff  __TI_prof_data_start                                                          
ffffffff  __binit__                                                                     
ffffffff  binit                                                                         
UNDEFED   __TI_CINIT_Base                                                               
UNDEFED   __TI_CINIT_Limit                                                              
UNDEFED   __TI_Handler_Table_Base                                                       
UNDEFED   __TI_Handler_Table_Limit                                                      
UNDEFED   _system_post_cinit                                                            

[681 symbols]
