******************************************************************************
            TI ARM Clang Linker Unix v2.1.1                    
******************************************************************************
>> Linked Thu Sep 29 15:53:01 2022

OUTPUT FILE NAME:   <sbl_ospi.release.out>
ENTRY POINT SYMBOL: "_vectors_sbl"  address: 70000000


MEMORY CONFIGURATION

         name            origin    length      used     unused   attr    fill
----------------------  --------  ---------  --------  --------  ----  --------
  R5F_VECS              00000000   00000040  00000000  00000040  RWIX
  R5F_TCMA              00000040   00007fc0  00000000  00007fc0  RWIX
  R5F_TCMB0             41010000   00008000  00000000  00008000  RWIX
  MSRAM_VECS            70000000   00000100  00000040  000000c0  RWIX
  MSRAM_0               70000100   0006ff00  00013200  0005cd00  RWIX
  MSRAM_1               70070000   00010000  00007780  00008880  RWIX


SEGMENT ALLOCATION MAP

run origin  load origin   length   init length attrs members
----------  ----------- ---------- ----------- ----- -------
70000000    70000000    00000040   00000040    r-x
  70000000    70000000    00000040   00000040    r-x .vectors
70000100    70000100    0000eaa0   0000eaa0    r-x
  70000100    70000100    0000db40   0000db40    r-x .text
  7000dc40    7000dc40    00000790   00000790    r-x .text.hwi
  7000e3d0    7000e3d0    00000460   00000460    r-x .text.cache
  7000e830    7000e830    00000240   00000240    r-x .text.mpu
  7000ea70    7000ea70    00000130   00000130    r-x .text.boot
7000eba0    7000eba0    000027d8   000027d8    rw-
  7000eba0    7000eba0    000027d8   000027d8    rw- .data
70011378    70011378    00001f88   00001f88    r--
  70011378    70011378    00001f88   00001f88    r-- .rodata
70070000    70070000    00006380   00000000    rw-
  70070000    70070000    00004000   00000000    rw- .stack
  70074000    70074000    00002380   00000000    rw- .bss
70076380    70076380    00001400   00000000    r--
  70076380    70076380    00001000   00000000    r-- .irqstack
  70077380    70077380    00000100   00000000    r-- .fiqstack
  70077480    70077480    00000100   00000000    r-- .svcstack
  70077580    70077580    00000100   00000000    r-- .abortstack
  70077680    70077680    00000100   00000000    r-- .undefinedstack


SECTION ALLOCATION MAP

 output                                  attributes/
section   page    origin      length       input sections
--------  ----  ----------  ----------   ----------------
.vectors   0    70000000    00000040     
                  70000000    00000040     nortos.am243x.r5f.ti-arm-clang.release.lib : HwiP_armv7r_vectors_nortos_sbl_asm.obj (.vectors)

.text      0    70000100    0000db40     
                  70000100    00000648     board.am243x.r5f.ti-arm-clang.release.lib : flash_nor_ospi.obj (.text.Flash_norOspiOpen)
                  70000748    00000008     drivers.am243x.r5f.ti-arm-clang.release.lib : bootloader_soc.obj (.text.Bootloader_socGetSBLMem)
                  70000750    00000596     nortos.am243x.r5f.ti-arm-clang.release.lib : printf.obj (.text._vsnprintf)
                  70000ce6    00000002     drivers.am243x.r5f.ti-arm-clang.release.lib : bootloader_flash.obj (.text.Flash_imgClose)
                  70000ce8    00000554                                                 : sciclient_rm_irq.obj (.text.Sciclient_rmIrqFindRoute)
                  7000123c    0000052c                                                 : ospi_phy.obj (.text.OSPI_phyFindOTP1)
                  70001768    0000050c                                                 : udma_ch.obj (.text.Udma_chDisable)
                  70001c74    00000454                                                 : uart_v0.obj (.text.UART_open)
                  700020c8    00000420                                                 : csl_bcdma.obj (.text.CSL_bcdmaChanOp)
                  700024e8    000003f8                                                 : udma_event.obj (.text.Udma_eventRegister)
                  700028e0    000003b2                                                 : udma_ch.obj (.text.Udma_chOpen)
                  70002c92    0000000e                                                 : csl_lcdma_ringacc.obj (.text.CSL_lcdma_ringaccGetForwardRingOcc)
                  70002ca0    00000388     nortos.am243x.r5f.ti-arm-clang.release.lib : printf.obj (.text._ftoa)
                  70003028    00000008     drivers.am243x.r5f.ti-arm-clang.release.lib : bootloader_flash.obj (.text.Flash_imgSeek)
                  70003030    0000033e     board.am243x.r5f.ti-arm-clang.release.lib : flash_nor_ospi.obj (.text.Flash_setQeBit)
                  7000336e    00000002     drivers.am243x.r5f.ti-arm-clang.release.lib : ospi_v0.obj (.text.OSPI_isr)
                  70003370    00000310     nortos.am243x.r5f.ti-arm-clang.release.lib : printf.obj (.text._etoa)
                  70003680    00000300     main.obj (.text.main)
                  70003980    000002fc     drivers.am243x.r5f.ti-arm-clang.release.lib : ospi_phy.obj (.text.OSPI_phyFindOTP2)
                  70003c7c    000002e8                                                 : udma_rm.obj (.text.Udma_rmInit)
                  70003f64    000002dc                                                 : sciclient.obj (.text.Sciclient_service)
                  70004240    000002a0                                                 : sciclient_rm_irq.obj (.text.Sciclient_rmIrqGetRoute)
                  700044e0    00000294                                                 : ospi_v0.obj (.text.OSPI_open)
                  70004774    00000288                                                 : ddr.obj (.text.DDR_init)
                  700049fc    00000282                                                 : udma_rmcfg_common.obj (.text.UdmaRmInitPrms_init)
                  70004c7e    00000002                                                 : udma_utils.obj (.text.Udma_defaultPhyToVirtFxn)
                  70004c80    00000244                                                 : udma_soc.obj (.text.Udma_initDrvHandle)
                  70004ec4    000001ec                                                 : udma_event.obj (.text.Udma_eventUnRegister)
                  700050b0    000001e8                                                 : uart_v0.obj (.text.UART_write)
                  70005298    000001dc                                                 : sciclient_rm_irq.obj (.text.Sciclient_rmProgramInterruptRoute)
                  70005474    000001c0                                                 : bootloader_soc.obj (.text.Bootloader_socCpuResetRelease)
                  70005634    0000000c                                                 : bootloader.obj (.text.Bootloader_Params_init)
                  70005640    000001c0     nortos.am243x.r5f.ti-arm-clang.release.lib : TimerP.obj (.text.TimerP_setup)
                  70005800    000001a4     drivers.am243x.r5f.ti-arm-clang.release.lib : sciclient_rm_irq.obj (.text.Sciclient_rmClearInterruptRoute)
                  700059a4    0000019c                                                 : udma_ring_common.obj (.text.Udma_ringAlloc)
                  70005b40    00000184                                                 : uart_v0.obj (.text.UART_masterIsr)
                  70005cc4    0000017c                                                 : bootloader.obj (.text.Bootloader_verifyMulticoreImage)
                  70005e40    00000178                                                 : bootloader_soc.obj (.text.Bootloader_socCpuPowerOnResetR5f)
                  70005fb8    00000008                                                 : ospi_v0.obj (.text.OSPI_setCmdExtType)
                  70005fc0    00000140     board.am243x.r5f.ti-arm-clang.release.lib : flash_nor_ospi.obj (.text.Flash_norOspiReset)
                  70006100    0000013c     drivers.am243x.r5f.ti-arm-clang.release.lib : ospi_dma_udma.obj (.text.OspiDma_udmaOpen)
                  7000623c    00000138                                                 : udma_ch.obj (.text.Udma_chConfigRx)
                  70006374    0000000c                                                 : bootloader_profile.obj (.text.Bootloader_profileUpdateAppimageSize)
                  70006380    00000132     nortos.am243x.r5f.ti-arm-clang.release.lib : printf.obj (.text._ntoa_format)
                  700064b2    0000012c     drivers.am243x.r5f.ti-arm-clang.release.lib : soc.obj (.text.SOC_moduleSetClockFrequency)
                  700065de    00000002                                                 : udma_rm.obj (.text.Udma_rmFreeFreeRing)
                  700065e0    0000012c                                                 : uart_v0.obj (.text.UART_close)
                  7000670c    00000004                                                 : bootloader_soc.obj (.text.Bootloader_socWaitForFWBoot)
                  70006710    00000120                                                 : bootloader_profile.obj (.text.Bootloader_profilePrintProfileLog)
                  70006830    00000118                                                 : lpddr4_16bit.obj (.text.LPDDR4_CheckCtlInterrupt)
                  70006948    00000118                                                 : ospi_dma_udma.obj (.text.OspiDma_udmaUpdateSubmitTR)
                  70006a60    00000118     libclang_rt.builtins.a : udivmoddi4.S.obj (.text)
                  70006b78    00000110     drivers.am243x.r5f.ti-arm-clang.release.lib : lpddr4_16bit.obj (.text.LPDDR4_AckCtlInterrupt)
                  70006c88    00000110                                                 : udma_rm.obj (.text.Udma_rmDeinit)
                  70006d98    0000010c                                                 : sciclient_rm_irq.obj (.text.Sciclient_rmIrqDeleteRoute)
                  70006ea4    0000010c                                                 : sciclient_rm_irq.obj (.text.Sciclient_rmIrqProgramRoute)
                  70006fb0    00000104                                                 : bootloader_soc.obj (.text.Bootloader_socCpuResetReleaseSelf)
                  700070b4    0000000c                                                 : bootloader_profile.obj (.text.Bootloader_profileUpdateMediaAndClk)
                  700070c0    000000fc     nortos.am243x.r5f.ti-arm-clang.release.lib : ClockP_nortos_r5.obj (.text.ClockP_init)
                  700071bc    000000f8     drivers.am243x.r5f.ti-arm-clang.release.lib : udma_rm.obj (.text.Udma_rmSetSharedResRmInitPrms)
                  700072b4    0000000c                                                 : ospi_v0.obj (.text.OSPI_getFlashDataBaseAddr)
                  700072c0    000000f6     board.am243x.r5f.ti-arm-clang.release.lib : flash_nor_ospi.obj (.text.Flash_norOspiWrite)
                  700073b6    00000002     --HOLE-- [fill = 0]
                  700073b8    000000f0     drivers.am243x.r5f.ti-arm-clang.release.lib : bootloader_soc.obj (.text.Bootloader_socCpuPowerOnResetM4f)
                  700074a8    000000f0                                                 : udma_ch.obj (.text.Udma_chEnable)
                  70007598    000000f0                                                 : udma_ch.obj (.text.Udma_chFreeResource)
                  70007688    000000f0                                                 : udma_flow.obj (.text.Udma_flowConfig)
                  70007778    000000ea                                                 : ospi_v0.obj (.text.OSPI_readCmd)
                  70007862    00000002     --HOLE-- [fill = 0]
                  70007864    000000e8                                                 : ospi_v0.obj (.text.OSPI_setProtocol)
                  7000794c    000000d4                                                 : udma_ch.obj (.text.Udma_chConfigTx)
                  70007a20    000000ca     board.am243x.r5f.ti-arm-clang.release.lib : flash_nor_ospi.obj (.text.Flash_norOspiErase)
                  70007aea    00000006     drivers.am243x.r5f.ti-arm-clang.release.lib : csl_pktdma.obj (.text.CSL_pktdmaTeardownRxChan)
                  70007af0    000000ca     board.am243x.r5f.ti-arm-clang.release.lib : flash_nor_ospi.obj (.text.Flash_norOspiEraseSector)
                  70007bba    000000ca     drivers.am243x.r5f.ti-arm-clang.release.lib : ospi_v0.obj (.text.OSPI_writeCmd)
                  70007c84    000000c8                                                 : bootloader.obj (.text.Bootloader_rprcImageLoad)
                  70007d4c    00000004                                                 : lpddr4.obj (.text.CPS_UncachedRead32)
                  70007d50    000000c6     board.am243x.r5f.ti-arm-clang.release.lib : flash_nor_ospi.obj (.text.Flash_setOeBit)
                  70007e16    00000002     --HOLE-- [fill = 0]
                  70007e18    000000c4     drivers.am243x.r5f.ti-arm-clang.release.lib : ospi_v0.obj (.text.OSPI_writeIndirect)
                  70007edc    000000c0                                                 : ospi_v0.obj (.text.OSPI_readDirect)
                  70007f9c    000000be                                                 : csl_lcdma_ringacc.obj (.text.CSL_lcdma_ringaccDequeue)
                  7000805a    00000002     --HOLE-- [fill = 0]
                  7000805c    000000b4                                                 : bootloader.obj (.text.Bootloader_parseMultiCoreAppImage)
                  70008110    000000b4                                                 : csl_lcdma_ringacc.obj (.text.CSL_lcdma_ringaccPop64MultiAccess)
                  700081c4    000000b4                                                 : sciclient.obj (.text.Sciclient_getVersionCheck)
                  70008278    00000008                                                 : udma_ring_common.obj (.text.Udma_ringGetForwardRingOcc)
                  70008280    000000b0     nortos.am243x.r5f.ti-arm-clang.release.lib : printf.obj (.text._ntoa_long_long)
                  70008330    000000ac     drivers.am243x.r5f.ti-arm-clang.release.lib : pinmux.obj (.text.Pinmux_config)
                  700083dc    000000ac                                                 : uart_v0.obj (.text.UART_divisorLatchWrite)
                  70008488    00000008                                                 : udma_ring_common.obj (.text.Udma_ringGetReverseRingOcc)
                  70008490    000000aa     board.am243x.r5f.ti-arm-clang.release.lib : flash_nor_ospi.obj (.text.Flash_norOspiWaitReady)
                  7000853a    00000002     --HOLE-- [fill = 0]
                  7000853c    000000a8     drivers.am243x.r5f.ti-arm-clang.release.lib : udma_rm.obj (.text.Udma_rmAllocMappedRxCh)
                  700085e4    000000a8                                                 : udma_rm.obj (.text.Udma_rmAllocMappedTxCh)
                  7000868c    00000004                                                 : lpddr4.obj (.text.CPS_UncachedWrite32)
                  70008690    000000a6     nortos.am243x.r5f.ti-arm-clang.release.lib : printf.obj (.text._out_rev)
                  70008736    0000000a     drivers.am243x.r5f.ti-arm-clang.release.lib : bootloader.obj (.text.Bootloader_getMulticoreImageSize)
                  70008740    000000a0     board.am243x.r5f.ti-arm-clang.release.lib : flash_nor_ospi.obj (.text.Flash_norOspiReadId)
                  700087e0    000000a0     drivers.am243x.r5f.ti-arm-clang.release.lib : sciclient_pm.obj (.text.Sciclient_pmQueryModuleClkFreq)
                  70008880    0000009c                                                 : udma.obj (.text.Udma_init)
                  7000891c    0000009c                                                 : udma_rm.obj (.text.Udma_rmAllocBlkCopyCh)
                  700089b8    0000009c                                                 : udma_rm.obj (.text.Udma_rmAllocBlkCopyHcCh)
                  70008a54    0000009c                                                 : udma_rm.obj (.text.Udma_rmAllocBlkCopyUhcCh)
                  70008af0    0000009c                                                 : udma_rm.obj (.text.Udma_rmAllocIrIntr)
                  70008b8c    0000009c                                                 : udma_rm.obj (.text.Udma_rmAllocRxCh)
                  70008c28    0000009c                                                 : udma_rm.obj (.text.Udma_rmAllocRxHcCh)
                  70008cc4    0000009c                                                 : udma_rm.obj (.text.Udma_rmAllocRxUhcCh)
                  70008d60    0000009c                                                 : udma_rm.obj (.text.Udma_rmAllocTxCh)
                  70008dfc    0000009c                                                 : udma_rm.obj (.text.Udma_rmAllocTxHcCh)
                  70008e98    0000009c                                                 : udma_rm.obj (.text.Udma_rmAllocTxUhcCh)
                  70008f34    00000098                                                 : bootloader.obj (.text.Bootloader_loadSelfCpu)
                  70008fcc    00000098                                                 : csl_lcdma_ringacc.obj (.text.CSL_lcdma_ringaccPush64MultiAccess)
                  70009064    0000000c                                                 : ospi_v0.obj (.text.OSPI_getInputClk)
                  70009070    00000096     nortos.am243x.r5f.ti-arm-clang.release.lib : SemaphoreP_nortos.obj (.text.SemaphoreP_pend)
                  70009106    00000002     --HOLE-- [fill = 0]
                  70009108    00000090     drivers.am243x.r5f.ti-arm-clang.release.lib : bootloader.obj (.text.Bootloader_getMsgLen)
                  70009198    00000090                                                 : uart_v0.obj (.text.UART_flushTxFifo)
                  70009228    00000090                                                 : udma_ch.obj (.text.Udma_chClose)
                  700092b8    00000090                                                 : udma_event.obj (.text.Udma_eventFreeResource)
                  70009348    00000090                                                 : udma_rm.obj (.text.Udma_rmAllocMappedRing)
                  700093d8    0000008e                                                 : sciclient_pm.obj (.text.Sciclient_pmSetModuleClkFreq)
                  70009466    0000008e                                                 : udma_ring_lcdma.obj (.text.Udma_ringSetCfgLcdma)
                  700094f4    0000008c                                                 : uart_v0.obj (.text.UART_procLineStatusErr)
                  70009580    0000008c     nortos.am243x.r5f.ti-arm-clang.release.lib : printf.obj (.text._ntoa_long)
                  7000960c    00000088     drivers.am243x.r5f.ti-arm-clang.release.lib : uart_v0.obj (.text.UART_init)
                  70009694    00000088                                                 : udma_rm.obj (.text.Udma_rmGetSciclientDefaultBoardCfgRmRange)
                  7000971c    00000086                                                 : udma_event.obj (.text.Udma_eventIsrFxn)
                  700097a2    00000002     --HOLE-- [fill = 0]
                  700097a4    00000084                                                 : sciclient.obj (.text.Sciclient_sendMessage)
                  70009828    00000080                                                 : ospi_phy.obj (.text.OSPI_phyTuneDDR)
                  700098a8    0000007c                                                 : sciclient_rm_irq.obj (.text.Sciclient_rmIrInpIsFree)
                  70009924    0000000c                                                 : sciclient.obj (.text.Sciclient_getSelfDevIdCore)
                  70009930    0000007a     board.am243x.r5f.ti-arm-clang.release.lib : flash_nor_ospi.obj (.text.Flash_norOspiRegWrite)
                  700099aa    0000007a     drivers.am243x.r5f.ti-arm-clang.release.lib : sciclient_pm.obj (.text.Sciclient_pmGetModuleClkNumParent)
                  70009a24    0000007a                                                 : sciclient_procboot.obj (.text.Sciclient_procBootWaitProcessorState)
                  70009a9e    00000002     --HOLE-- [fill = 0]
                  70009aa0    00000078                                                 : bootloader_soc.obj (.text.Bootloader_socOpenFirewallRegion)
                  70009b18    00000078                                                 : ospi_v0.obj (.text.OSPI_init)
                  70009b90    00000078     ti_drivers_config.obj (.text.System_init)
                  70009c08    00000074     drivers.am243x.r5f.ti-arm-clang.release.lib : bootloader_soc.obj (.text.Bootloader_socCpuSetEntryPoint)
                  70009c7c    00000074                                                 : ospi_dma_udma.obj (.text.OspiDma_udmaCopy)
                  70009cf0    00000070                                                 : bootloader_soc.obj (.text.Bootloader_socCpuSetClock)
                  70009d60    00000070                                                 : bootloader_soc.obj (.text.Bootloader_socOpenFirewalls)
                  70009dd0    0000006e     ti_board_open_close.obj (.text.Board_flashOpen)
                  70009e3e    0000006e     drivers.am243x.r5f.ti-arm-clang.release.lib : ospi_phy.obj (.text.OSPI_phyResyncDLL)
                  70009eac    0000006e                                                 : sciclient_pm.obj (.text.Sciclient_pmGetModuleState)
                  70009f1a    0000006c                                                 : csl_pktdma.obj (.text.CSL_pktdmaTeardownChan)
                  70009f86    0000000a                                                 : csl_sec_proxy.obj (.text.CSL_secProxyGetDataAddr)
                  70009f90    0000006c     nortos.am243x.r5f.ti-arm-clang.release.lib : ClockP_nortos.obj (.text.ClockP_timerTickIsr)
                  70009ffc    0000006c     drivers.am243x.r5f.ti-arm-clang.release.lib : soc.obj (.text.SOC_moduleClockEnable)
                  7000a068    0000006c                                                 : sciclient.obj (.text.Sciclient_init)
                  7000a0d4    0000006c                                                 : sciclient_rm_irq.obj (.text.Sciclient_rmIrqGetNode)
                  7000a140    0000006c                                                 : sciclient_rm_irq.obj (.text.Sciclient_rmTranslateIntOutput)
                  7000a1ac    00000004                                                 : bootloader_flash.obj (.text.Flash_imgGetCurOffset)
                  7000a1b0    0000006a     board.am243x.r5f.ti-arm-clang.release.lib : flash.obj (.text.Flash_offsetToSectorPage)
                  7000a21a    00000006     drivers.am243x.r5f.ti-arm-clang.release.lib : csl_pktdma.obj (.text.CSL_pktdmaTeardownTxChan)
                  7000a220    00000068     nortos.am243x.r5f.ti-arm-clang.release.lib : AddrTranslateP.obj (.text.AddrTranslateP_getLocalAddr)
                  7000a288    00000068     drivers.am243x.r5f.ti-arm-clang.release.lib : bootloader_soc.obj (.text.Bootloader_socCpuPowerOnResetA53)
                  7000a2f0    00000068                                                 : lpddr4.obj (.text.LPDDR4_Start)
                  7000a358    00000008                                                 : udma_ring_lcdma.obj (.text.Udma_ringHandleClearRegsLcdma)
                  7000a360    00000066     board.am243x.r5f.ti-arm-clang.release.lib : flash_nor_ospi.obj (.text.Flash_norOspiRegRead)
                  7000a3c6    0000000a     drivers.am243x.r5f.ti-arm-clang.release.lib : bootloader_flash.obj (.text.Flash_imgOpen)
                  7000a3d0    00000066     board.am243x.r5f.ti-arm-clang.release.lib : flash_nor_ospi.obj (.text.Flash_norOspiSetRegCfg)
                  7000a436    00000066     drivers.am243x.r5f.ti-arm-clang.release.lib : sciclient_pm.obj (.text.Sciclient_pmGetModuleClkFreq)
                  7000a49c    00000066                                                 : sciclient_pm.obj (.text.Sciclient_pmGetModuleClkParent)
                  7000a502    00000002     --HOLE-- [fill = 0]
                  7000a504    00000064                                                 : ospi_v0.obj (.text.OSPI_close)
                  7000a568    00000064                                                 : ospi_dma_udma.obj (.text.OspiDma_udmaClose)
                  7000a5cc    00000064                                                 : sciclient_pm.obj (.text.Sciclient_pmModuleGetClkStatus)
                  7000a630    00000064                                                 : udma_ring_lcdma.obj (.text.Udma_ringFlushRawLcdma)
                  7000a694    00000060                                                 : csl_bcdma.obj (.text.CSL_bcdmaDoChanOp)
                  7000a6f4    00000060                                                 : sciclient_rm_irq.obj (.text.Sciclient_rmIrOutpIsFree)
                  7000a754    00000060                                                 : udma_ring_common.obj (.text.Udma_ringFree)
                  7000a7b4    00000060                                                 : udma_ring_common.obj (.text.Udma_ringQueueRaw)
                  7000a814    0000005e                                                 : sciclient_pm.obj (.text.Sciclient_pmSetModuleClkParent)
                  7000a872    0000000e                                                 : csl_lcdma_ringacc.obj (.text.CSL_lcdma_ringaccInitRingObj)
                  7000a880    0000005e     ti_drivers_config.obj (.text.System_deinit)
                  7000a8de    00000002     --HOLE-- [fill = 0]
                  7000a8e0    0000005c     drivers.am243x.r5f.ti-arm-clang.release.lib : bootloader_soc.obj (.text.Bootloader_socCpuGetClock)
                  7000a93c    0000005c                                                 : bootloader_soc.obj (.text.Bootloader_socCpuRelease)
                  7000a998    0000005c                                                 : bootloader_soc.obj (.text.Bootloader_socCpuRequest)
                  7000a9f4    0000005c                                                 : uart_v0.obj (.text.UART_writeCancelNoCB)
                  7000aa50    0000005c     nortos.am243x.r5f.ti-arm-clang.release.lib : DebugP_log.obj (.text._DebugP_assert)
                  7000aaac    0000005a     drivers.am243x.r5f.ti-arm-clang.release.lib : csl_pktdma.obj (.text.CSL_pktdmaAccessChanPeerReg)
                  7000ab06    0000005a                                                 : sciclient_pm.obj (.text.Sciclient_pmModuleClkRequest)
                  7000ab60    0000005a                                                 : udma_rm.obj (.text.Udma_rmAllocVintrBit)
                  7000abba    0000005a                                                 : udma_rm.obj (.text.Udma_rmFreeMappedRing)
                  7000ac14    00000058                                                 : bootloader.obj (.text.Bootloader_runCpu)
                  7000ac6c    00000058                                                 : ospi_v0.obj (.text.OSPI_setXferOpCodes)
                  7000acc4    00000058                                                 : sciclient_procboot.obj (.text.Sciclient_procBootSetSequenceCtrl)
                  7000ad1c    00000058                                                 : udma_rm.obj (.text.Udma_rmAllocEvent)
                  7000ad74    00000058                                                 : udma_rm.obj (.text.Udma_rmAllocVintr)
                  7000adcc    00000004                                                 : sciclient.obj (.text.Sciclient_deinit)
                  7000add0    00000056     board.am243x.r5f.ti-arm-clang.release.lib : flash_nor_ospi.obj (.text.Flash_norOspiRead)
                  7000ae26    00000002     --HOLE-- [fill = 0]
                  7000ae28    00000054     drivers.am243x.r5f.ti-arm-clang.release.lib : udma.obj (.text.Udma_deinit)
                  7000ae7c    00000054                                                 : udma_ring_common.obj (.text.Udma_ringDequeueRaw)
                  7000aed0    00000052                                                 : sciclient_pm.obj (.text.Sciclient_pmSetModuleState)
                  7000af22    00000052                                                 : uart_v0.obj (.text.UART_intrDisable)
                  7000af74    00000052                                                 : uart_v0.obj (.text.UART_readData)
                  7000afc6    0000000a                                                 : ospi_v0.obj (.text.OSPI_setPhyEnableSuccess)
                  7000afd0    00000050     nortos.am243x.r5f.ti-arm-clang.release.lib : ClockP_nortos.obj (.text.ClockP_addToList)
                  7000b020    00000050                                                : ClockP_nortos.obj (.text.ClockP_construct)
                  7000b070    00000050     drivers.am243x.r5f.ti-arm-clang.release.lib : sciclient_soc_priv.obj (.text.Sciclient_getContext)
                  7000b0c0    00000050                                                 : sciclient.obj (.text.Sciclient_waitForBootNotification)
                  7000b110    00000050     libc.a : autoinit.c.obj (.text:__TI_auto_init_nobinit_nopinit)
                  7000b160    0000004e     drivers.am243x.r5f.ti-arm-clang.release.lib : sciclient_procboot.obj (.text.Sciclient_procBootReleaseProcessor)
                  7000b1ae    0000004e                                                 : sciclient_rm.obj (.text.Sciclient_rmGetResourceRange)
                  7000b1fc    0000004c                                                 : bootloader_soc.obj (.text.Bootloader_socInitR5FAtcmBtcm)
                  7000b248    00000008     libc.a : exit.c.obj (.text:abort)
                  7000b250    0000004c     nortos.am243x.r5f.ti-arm-clang.release.lib : ClockP_nortos.obj (.text.ClockP_getTimeUsec)
                  7000b29c    00000004     drivers.am243x.r5f.ti-arm-clang.release.lib : sciclient_rm.obj (.text.Sciclient_rmIrqSet)
                  7000b2a0    0000004c     ti_drivers_open_close.obj (.text.Drivers_ospiOpen)
                  7000b2ec    00000004     drivers.am243x.r5f.ti-arm-clang.release.lib : sciclient_rm.obj (.text.Sciclient_rmIrqTranslateIaOutput)
                  7000b2f0    0000004c     ti_drivers_open_close.obj (.text.Drivers_uartOpen)
                  7000b33c    0000004c     drivers.am243x.r5f.ti-arm-clang.release.lib : bootloader_flash.obj (.text.Flash_imgRead)
                  7000b388    0000004c                                                 : uart_dma.obj (.text.UART_dmaDisableChannel)
                  7000b3d4    00000048                                                 : csl_bcdma.obj (.text.CSL_bcdmaChanOpAccessRemotePeerReg)
                  7000b41c    00000048                                                 : ospi_phy.obj (.text.OSPI_phyReadAttackVector)
                  7000b464    00000048                                                 : ospi_phy.obj (.text.OSPI_phySetRdDelayTxRxDLL)
                  7000b4ac    00000048                                                 : sciclient_rm_irq.obj (.text.Sciclient_rmPsPop)
                  7000b4f4    00000048                                                 : uart_dma.obj (.text.UART_dmaClose)
                  7000b53c    00000048                                                 : udma_ch.obj (.text.UdmaChPrms_init)
                  7000b584    00000046                                                 : csl_lcdma_ringacc.obj (.text.CSL_lcdma_ringaccAckReverseRing)
                  7000b5ca    00000046                                                 : ospi_v0.obj (.text.OSPI_enablePhy)
                  7000b610    00000046                                                 : sciclient_pm.obj (.text.Sciclient_pmSetModuleRst_flags)
                  7000b656    00000046                                                 : sciclient_procboot.obj (.text.Sciclient_procBootGetProcessorState)
                  7000b69c    00000046                                                 : udma_rm.obj (.text.Udma_rmFreeMappedRxCh)
                  7000b6e2    00000046                                                 : udma_rm.obj (.text.Udma_rmFreeMappedTxCh)
                  7000b728    00000044                                                 : bootloader.obj (.text.Bootloader_findSeq)
                  7000b76c    00000044                                                 : bootloader.obj (.text.Bootloader_loadCpu)
                  7000b7b0    00000044                                                 : csl_bcdma.obj (.text.CSL_bcdmaChanOpSetChanPause)
                  7000b7f4    00000044                                                 : ospi_phy.obj (.text.OSPI_phyFindRxHigh)
                  7000b838    00000044                                                 : ospi_phy.obj (.text.OSPI_phyFindRxLow)
                  7000b87c    00000044                                                 : ospi_phy.obj (.text.OSPI_phyFindTxHigh)
                  7000b8c0    00000044                                                 : ospi_phy.obj (.text.OSPI_phyFindTxLow)
                  7000b904    00000044                                                 : sciclient_pm.obj (.text.Sciclient_pmSetModuleRst)
                  7000b948    00000044                                                 : sciclient_procboot.obj (.text.Sciclient_procBootRequestProcessor)
                  7000b98c    00000044                                                 : udma_ring_common.obj (.text.Udma_ringFlushRaw)
                  7000b9d0    00000042     board.am243x.r5f.ti-arm-clang.release.lib : flash_nor_ospi.obj (.text.Flash_quirkSpansionUNHYSADisable)
                  7000ba12    00000042     drivers.am243x.r5f.ti-arm-clang.release.lib : sciclient_procboot.obj (.text.Sciclient_procBootAuthAndStart)
                  7000ba54    00000042                                                 : sciclient_rm.obj (.text.Sciclient_rmIrqReleaseRaw)
                  7000ba96    00000042                                                 : sciclient_rm.obj (.text.Sciclient_rmPsilPair)
                  7000bad8    00000042                                                 : sciclient_rm.obj (.text.Sciclient_rmPsilUnpair)
                  7000bb1a    00000006                                                 : ospi_v0.obj (.text.OSPI_isPhyEnable)
                  7000bb20    00000042     main.obj (.text.flashFixUpOspiBoot)
                  7000bb62    0000000e     drivers.am243x.r5f.ti-arm-clang.release.lib : csl_lcdma_ringacc.obj (.text.CSL_lcdma_ringaccPop64)
                  7000bb70    00000040     nortos.am243x.r5f.ti-arm-clang.release.lib : ClockP_nortos.obj (.text.ClockP_stop)
                  7000bbb0    00000040     ti_dpl_config.obj (.text.Dpl_init)
                  7000bbf0    00000040     drivers.am243x.r5f.ti-arm-clang.release.lib : ospi_v0.obj (.text.OSPI_flashExecCmd)
                  7000bc30    00000040                                                 : sciclient_firewall.obj (.text.Sciclient_firewallChangeOwnerInfo)
                  7000bc70    00000040                                                 : sciclient_firewall.obj (.text.Sciclient_firewallSetRegion)
                  7000bcb0    00000040                                                 : sciclient_rm.obj (.text.Sciclient_rmIrqSetRaw)
                  7000bcf0    00000040                                                 : sciclient_rm_irq.obj (.text.Sciclient_rmIrqUnmappedVintRouteDelete)
                  7000bd30    00000040                                                 : sciclient_rm.obj (.text.Sciclient_rmRingCfg)
                  7000bd70    00000040                                                 : sciclient_rm.obj (.text.Sciclient_rmUdmapFlowCfg)
                  7000bdb0    00000040                                                 : sciclient_rm.obj (.text.Sciclient_rmUdmapFlowSizeThreshCfg)
                  7000bdf0    00000040                                                 : sciclient_rm.obj (.text.Sciclient_rmUdmapRxChCfg)
                  7000be30    00000040                                                 : sciclient_rm.obj (.text.Sciclient_rmUdmapTxChCfg)
                  7000be70    00000040     nortos.am243x.r5f.ti-arm-clang.release.lib : SemaphoreP_nortos.obj (.text.SemaphoreP_constructBinary)
                  7000beb0    00000040     drivers.am243x.r5f.ti-arm-clang.release.lib : udma_ch.obj (.text.UdmaChRxPrms_init)
                  7000bef0    00000040                                                 : udma_ch.obj (.text.UdmaChTxPrms_init)
                  7000bf30    00000040                                                 : udma_flow.obj (.text.UdmaFlowPrms_init)
                  7000bf70    00000040                                                 : udma_soc.obj (.text.Udma_getMappedChRingAttributes)
                  7000bfb0    00000040                                                 : udma_rm.obj (.text.Udma_rmFreeBlkCopyCh)
                  7000bff0    00000040                                                 : udma_rm.obj (.text.Udma_rmFreeBlkCopyHcCh)
                  7000c030    00000040                                                 : udma_rm.obj (.text.Udma_rmFreeBlkCopyUhcCh)
                  7000c070    00000040                                                 : udma_rm.obj (.text.Udma_rmFreeEvent)
                  7000c0b0    00000040                                                 : udma_rm.obj (.text.Udma_rmFreeIrIntr)
                  7000c0f0    00000040                                                 : udma_rm.obj (.text.Udma_rmFreeRxCh)
                  7000c130    00000040                                                 : udma_rm.obj (.text.Udma_rmFreeRxHcCh)
                  7000c170    00000040                                                 : udma_rm.obj (.text.Udma_rmFreeRxUhcCh)
                  7000c1b0    00000040                                                 : udma_rm.obj (.text.Udma_rmFreeTxCh)
                  7000c1f0    00000040                                                 : udma_rm.obj (.text.Udma_rmFreeTxHcCh)
                  7000c230    00000040                                                 : udma_rm.obj (.text.Udma_rmFreeTxUhcCh)
                  7000c270    00000040                                                 : udma_rm.obj (.text.Udma_rmFreeVintr)
                  7000c2b0    0000003e                                                 : lpddr4.obj (.text.LPDDR4_ReadReg)
                  7000c2ee    0000003e                                                 : sciclient_procboot.obj (.text.Sciclient_procBootSetProcessorCfg)
                  7000c32c    00000004                                                 : udma_utils.obj (.text.Udma_defaultVirtToPhyFxn)
                  7000c330    0000003e     nortos.am243x.r5f.ti-arm-clang.release.lib : SemaphoreP_nortos.obj (.text.SemaphoreP_constructMutex)
                  7000c36e    0000003e     drivers.am243x.r5f.ti-arm-clang.release.lib : udma_utils.obj (.text.UdmaUtils_makeTrpd)
                  7000c3ac    0000003e                                                 : udma_ring_lcdma.obj (.text.Udma_ringSetDoorBellLcdma)
                  7000c3ea    00000002     --HOLE-- [fill = 0]
                  7000c3ec    0000003c                                                 : bootloader.obj (.text.Bootloader_open)
                  7000c428    0000003c                                                 : csl_intaggr.obj (.text.CSL_intaggrIsIntrPending)
                  7000c464    0000003c                                                 : ddr_soc.obj (.text.DDR_socEnableVttRegulator)
                  7000c4a0    0000003c                                                 : udma_rm.obj (.text.Udma_rmFreeVintrBit)
                  7000c4dc    0000003a                                                 : csl_bcdma.obj (.text.CSL_bcdmaGetCfg)
                  7000c516    0000003a                                                 : csl_intaggr.obj (.text.CSL_intaggrClrIntr)
                  7000c550    0000003a     nortos.am243x.r5f.ti-arm-clang.release.lib : ClockP_nortos.obj (.text.ClockP_destruct)
                  7000c58a    00000006     drivers.am243x.r5f.ti-arm-clang.release.lib : udma_rm.obj (.text.Udma_rmAllocFreeRing)
                  7000c590    0000003a     nortos.am243x.r5f.ti-arm-clang.release.lib : DebugP_uartLogWriter.obj (.text.DebugP_uartLogWriterPutChar)
                  7000c5ca    0000003a     drivers.am243x.r5f.ti-arm-clang.release.lib : lpddr4.obj (.text.LPDDR4_WritePhyConfig)
                  7000c604    00000038                                                 : bootloader.obj (.text.Bootloader_getX509CertLen)
                  7000c63c    00000038                                                 : bootloader_soc.obj (.text.Bootloader_socTranslateSectionAddr)
                  7000c674    00000038                                                 : csl_lcdma_ringacc.obj (.text.CSL_lcdma_ringaccCommitToForwardRing)
                  7000c6ac    00000038                                                 : ospi_v0.obj (.text.OSPI_disablePhy)
                  7000c6e4    00000038                                                 : ospi_dma.obj (.text.OSPI_dmaOpen)
                  7000c71c    00000038                                                 : soc.obj (.text.SOC_controlModuleUnlockMMR)
                  7000c754    00000038                                                 : sciclient.obj (.text.Sciclient_getCurrentContext)
                  7000c78c    00000038                                                 : uart_dma.obj (.text.UART_dmaOpen)
                  7000c7c4    0000000c                                                 : sciclient_rm.obj (.text.Sciclient_rmIrqRelease)
                  7000c7d0    00000038     nortos.am243x.r5f.ti-arm-clang.release.lib : DebugP_nortos.obj (.text._DebugP_logZone)
                  7000c808    00000004     drivers.am243x.r5f.ti-arm-clang.release.lib : udma_soc.obj (.text.Udma_isCacheCoherent)
                  7000c80c    00000004     libclang_rt.builtins.a : aeabi_memcpy.S.obj (.text)
                  7000c810    00000036     board.am243x.r5f.ti-arm-clang.release.lib : flash.obj (.text.Flash_open)
                  7000c846    00000036     drivers.am243x.r5f.ti-arm-clang.release.lib : lpddr4.obj (.text.LPDDR4_WritePhyIndepConfig)
                  7000c87c    00000004     --HOLE-- [fill = 0]
                  7000c880    00000036     ti_power_clock_config.obj (.text.Module_clockSetFrequency)
                  7000c8b6    00000002     --HOLE-- [fill = 0]
                  7000c8b8    00000034     drivers.am243x.r5f.ti-arm-clang.release.lib : bootloader_soc.obj (.text.Bootloader_socMemInitCpu)
                  7000c8ec    00000034                                                 : csl_pktdma.obj (.text.CSL_pktdmaGetCfg)
                  7000c920    00000034     nortos.am243x.r5f.ti-arm-clang.release.lib : ClockP_nortos.obj (.text.ClockP_start)
                  7000c954    00000034     drivers.am243x.r5f.ti-arm-clang.release.lib : lpddr4_16bit.obj (.text.LPDDR4_EnablePIInitiator)
                  7000c988    00000034                                                 : soc.obj (.text.SOC_generateSwWarmResetMcuDomain)
                  7000c9bc    00000034                                                 : udma_event.obj (.text.UdmaEventPrms_init)
                  7000c9f0    00000034                                                 : udma_ring_lcdma.obj (.text.Udma_lcdmaRingaccMemOps)
                  7000ca24    00000034                                                 : udma_ring_lcdma.obj (.text.Udma_ringPrimeReadLcdma)
                  7000ca58    00000034                                                 : udma_rm.obj (.text.Udma_rmCheckResLeak)
                  7000ca8c    00000004     --HOLE-- [fill = 0]
                  7000ca90    00000032     nortos.am243x.r5f.ti-arm-clang.release.lib : ClockP_nortos.obj (.text.ClockP_usleep)
                  7000cac2    0000000e     drivers.am243x.r5f.ti-arm-clang.release.lib : sciclient_rm_irq.obj (.text.Sciclient_rmIrIsIr)
                  7000cad0    00000032     nortos.am243x.r5f.ti-arm-clang.release.lib : SemaphoreP_nortos.obj (.text.SemaphoreP_post)
                  7000cb02    00000002     --HOLE-- [fill = 0]
                  7000cb04    00000030     drivers.am243x.r5f.ti-arm-clang.release.lib : bootloader.obj (.text.Bootloader_BootImageInfo_init)
                  7000cb34    00000030                                                 : lpddr4.obj (.text.LPDDR4_PollCtlIrq)
                  7000cb64    00000030                                                 : lpddr4.obj (.text.LPDDR4_WriteCtlConfig)
                  7000cb94    00000030     nortos.am243x.r5f.ti-arm-clang.release.lib : PmuP_armv7r_asm.obj (.text.pmu)
                  7000cbc4    00000008                                                : PmuP_armv7r_asm.obj (.tramp.PmuP_enableCounters.1)
                  7000cbcc    00000004     --HOLE-- [fill = 0]
                  7000cbd0    0000002e     ti_power_clock_config.obj (.text.Module_clockDisable)
                  7000cbfe    00000002     --HOLE-- [fill = 0]
                  7000cc00    0000002e     ti_power_clock_config.obj (.text.Module_clockEnable)
                  7000cc2e    0000002e     drivers.am243x.r5f.ti-arm-clang.release.lib : soc.obj (.text.SOC_controlModuleLockMMR)
                  7000cc5c    0000002c                                                 : bootloader_profile.obj (.text.Bootloader_profileReset)
                  7000cc88    0000002c                                                 : csl_bcdma.obj (.text.CSL_bcdmaChanOpSetChanEnable)
                  7000ccb4    0000002c                                                 : ddr.obj (.text.DDR_setFreq)
                  7000cce0    0000002c     ti_drivers_open_close.obj (.text.Drivers_close)
                  7000cd0c    0000002c     drivers.am243x.r5f.ti-arm-clang.release.lib : soc.obj (.text.SOC_clearResetCauseMainMcuDomain)
                  7000cd38    0000002c                                                 : sciclient_rm_irq.obj (.text.Sciclient_rmPsPush)
                  7000cd64    0000002c                                                 : uart_v0.obj (.text.UART_getHandle)
                  7000cd90    0000002c                                                 : udma_ring_common.obj (.text.UdmaRingPrms_init)
                  7000cdbc    00000028                                                 : bootloader_soc.obj (.text.Bootloader_socCpuPowerOnReset)
                  7000cde4    00000008     nortos.am243x.r5f.ti-arm-clang.release.lib : CacheP_armv7r_asm.obj (.tramp.CacheP_wb.1)
                  7000cdec    00000004     --HOLE-- [fill = 0]
                  7000cdf0    00000028                                                : ClockP_nortos.obj (.text.ClockP_sleepTicks)
                  7000ce18    00000028     drivers.am243x.r5f.ti-arm-clang.release.lib : ospi_v0.obj (.text.OSPI_getHandle)
                  7000ce40    00000028                                                 : soc.obj (.text.SOC_getWarmResetCauseMcuDomain)
                  7000ce68    00000028                                                 : sciclient_rm_irq.obj (.text.Sciclient_rmIrGetInst)
                  7000ce90    00000028                                                 : udma_ch.obj (.text.Udma_chGetCqRingHandle)
                  7000ceb8    00000028                                                 : udma_ch.obj (.text.Udma_chGetFqRingHandle)
                  7000cee0    00000028                                                 : udma_utils.obj (.text.Udma_phyToVirtFxn)
                  7000cf08    00000028                                                 : udma_ring_lcdma.obj (.text.Udma_ringGetForwardRingOccLcdma)
                  7000cf30    00000028                                                 : udma_ring_lcdma.obj (.text.Udma_ringGetReverseRingOccLcdma)
                  7000cf58    00000028                                                 : udma_rmcfg.obj (.text.Udma_rmGetSharedResPrms)
                  7000cf80    00000028     libclang_rt.builtins.a : ashldi3.S.obj (.text)
                  7000cfa8    00000028                            : lshrdi3.S.obj (.text)
                  7000cfd0    00000026     drivers.am243x.r5f.ti-arm-clang.release.lib : bootloader.obj (.text.Bootloader_rprcImageParseEntryPoint)
                  7000cff6    00000026                                                 : csl_intaggr.obj (.text.CSL_intaggrGetCfg)
                  7000d01c    00000026                                                 : csl_pktdma.obj (.text.CSL_pktdmaGetRxRT)
                  7000d042    00000026                                                 : csl_pktdma.obj (.text.CSL_pktdmaGetTxRT)
                  7000d068    00000026                                                 : ospi_v0.obj (.text.OSPI_setNumAddrBytes)
                  7000d08e    00000002     --HOLE-- [fill = 0]
                  7000d090    00000024                                                 : bootloader_profile.obj (.text.Bootloader_profileAddProfilePoint)
                  7000d0b4    00000024                                                 : ospi_dma.obj (.text.OSPI_dmaCopy)
                  7000d0d8    00000024                                                 : ospi_v0.obj (.text.OSPI_setDeviceSize)
                  7000d0fc    00000024                                                 : udma_event.obj (.text.Udma_eventGetId)
                  7000d120    00000024                                                 : udma_ring_lcdma.obj (.text.Udma_ringPrimeLcdma)
                  7000d144    00000024                                                 : udma_utils.obj (.text.Udma_virtToPhyFxn)
                  7000d168    00000008     nortos.am243x.r5f.ti-arm-clang.release.lib : HwiP_armv7r_asm.obj (.tramp.HwiP_enable.1)
                  7000d170    00000024                                                : PmuP_armv7r.obj (.text.pmu)
                  7000d194    00000008                                                : HwiP_armv7r_asm.obj (.tramp.HwiP_restore.1)
                  7000d19c    00000004     --HOLE-- [fill = 0]
                  7000d1a0    00000024                                                : printf.obj (.text.vprintf_)
                  7000d1c4    00000024     libclang_rt.builtins.a : aeabi_uldivmod.S.obj (.text)
                  7000d1e8    00000022     drivers.am243x.r5f.ti-arm-clang.release.lib : csl_bcdma.obj (.text.CSL_bcdmaChanOpIsChanEnabled)
                  7000d20a    00000006     --HOLE-- [fill = 0]
                  7000d210    00000022     ti_pinmux_config.obj (.text.Pinmux_init)
                  7000d232    00000022     drivers.am243x.r5f.ti-arm-clang.release.lib : udma_utils.obj (.text.UdmaUtils_makeTrpdTr15)
                  7000d254    00000020                                                 : bootloader.obj (.text.Bootloader_runSelfCpu)
                  7000d274    00000020                                                 : csl_bcdma.obj (.text.CSL_bcdmaGetChanPeerReg)
                  7000d294    00000020                                                 : csl_pktdma.obj (.text.CSL_pktdmaSetRxRT)
                  7000d2b4    00000020                                                 : csl_pktdma.obj (.text.CSL_pktdmaSetTxRT)
                  7000d2d4    0000000c     --HOLE-- [fill = 0]
                  7000d2e0    00000020     nortos.am243x.r5f.ti-arm-clang.release.lib : DebugP_log.obj (.text.DebugP_logZoneEnable)
                  7000d300    00000020     board.am243x.r5f.ti-arm-clang.release.lib : flash.obj (.text.Flash_getAttrs)
                  7000d320    00000020                                               : flash.obj (.text.Flash_getHandle)
                  7000d340    00000020     drivers.am243x.r5f.ti-arm-clang.release.lib : sciclient.obj (.text.Sciclient_secProxyWaitThread)
                  7000d360    00000020     nortos.am243x.r5f.ti-arm-clang.release.lib : TimerP.obj (.text.TimerP_Params_init)
                  7000d380    00000020     drivers.am243x.r5f.ti-arm-clang.release.lib : uart_v0.obj (.text.UART_getChar)
                  7000d3a0    00000020                                                 : udma_utils.obj (.text.UdmaUtils_getTrSizeEncoded)
                  7000d3c0    0000001e                                                 : csl_bcdma.obj (.text.CSL_bcdmaSetChanPeerReg)
                  7000d3de    00000002     --HOLE-- [fill = 0]
                  7000d3e0    0000001e     board.am243x.r5f.ti-arm-clang.release.lib : flash.obj (.text.Flash_read)
                  7000d3fe    0000001e     drivers.am243x.r5f.ti-arm-clang.release.lib : lpddr4.obj (.text.LPDDR4_Init)
                  7000d41c    0000001e                                                 : ospi_v0.obj (.text.OSPI_enableDacMode)
                  7000d43a    0000001e                                                 : ospi_v0.obj (.text.OSPI_waitWriteSRAMLevel)
                  7000d458    0000001e                                                 : soc.obj (.text.SOC_getSelfCpuClk)
                  7000d476    00000002     --HOLE-- [fill = 0]
                  7000d478    0000001c                                                 : bootloader_soc.obj (.text.Bootloader_socCpuGetClkDefault)
                  7000d494    0000001c                                                 : bootloader_soc.obj (.text.Bootloader_socGetCoreName)
                  7000d4b0    0000001c                                                 : bootloader_soc.obj (.text.Bootloader_socIsAuthRequired)
                  7000d4cc    0000001c                                                 : bootloader_soc.obj (.text.Bootloader_socResetWorkaround)
                  7000d4e8    0000001c                                                 : bootloader_soc.obj (.text.Bootloader_socRprcToCslCoreId)
                  7000d504    0000001c                                                 : ospi_v0.obj (.text.OSPI_setRdDataCaptureDelay)
                  7000d520    0000001c                                                 : udma_ring_lcdma.obj (.text.Udma_ringDequeueRawLcdma)
                  7000d53c    00000004     --HOLE-- [fill = 0]
                  7000d540    0000001c     nortos.am243x.r5f.ti-arm-clang.release.lib : boot_armv7r.obj (.text._system_pre_init)
                  7000d55c    0000001c     libsysbm.a : memcpy32.S.obj (.text:TI_memcpy_small)
                  7000d578    0000001c     libclang_rt.builtins.a : aeabi_memset.S.obj (.text)
                  7000d594    0000001a     drivers.am243x.r5f.ti-arm-clang.release.lib : csl_bcdma.obj (.text.CSL_bcdmaTeardownRxChan)
                  7000d5ae    0000001a                                                 : csl_bcdma.obj (.text.CSL_bcdmaTeardownTxChan)
                  7000d5c8    0000001a                                                 : ospi_v0.obj (.text.OSPI_getCmdExt)
                  7000d5e2    0000001a                                                 : uart_v0.obj (.text.UART_enhanFuncEnable)
                  7000d5fc    0000001a                                                 : uart_dma.obj (.text.UART_writeInterruptDma)
                  7000d616    0000001a                                                 : udma_utils.obj (.text.UdmaUtils_getRingMemSize)
                  7000d630    00000018                                                 : bootloader_profile.obj (.text.Bootloader_profileAddCore)
                  7000d648    00000018                                                 : csl_pktdma.obj (.text.CSL_pktdmaIsValidChanIdx)
                  7000d660    00000018                                                 : sciclient.obj (.text.CSL_secProxyGetMaxMsgSize)
                  7000d678    00000018                                                 : ospi_v0.obj (.text.OSPI_deinit)
                  7000d690    00000018                                                 : ospi_v0.obj (.text.OSPI_disablePhyPipeline)
                  7000d6a8    00000018                                                 : ospi_dma.obj (.text.OSPI_dmaClose)
                  7000d6c0    00000018                                                 : ospi_v0.obj (.text.OSPI_enableDDR)
                  7000d6d8    00000018                                                 : ospi_v0.obj (.text.OSPI_enablePhyPipeline)
                  7000d6f0    00000018                                                 : ospi_v0.obj (.text.OSPI_enableSDR)
                  7000d708    00000018                                                 : ospi_v0.obj (.text.OSPI_setCmdDummyCycles)
                  7000d720    00000018                                                 : soc.obj (.text.SOC_getCoreName)
                  7000d738    00000018                                                 : sciclient.obj (.text.Sciclient_secProxyReadThread32)
                  7000d750    00000018                                                 : uart_v0.obj (.text.UART_deinit)
                  7000d768    00000018                                                 : udma_ring_lcdma.obj (.text.Udma_ringGetElementCntLcdma)
                  7000d780    00000018                                                 : udma_ring_lcdma.obj (.text.Udma_ringGetMemPtrLcdma)
                  7000d798    00000018                                                 : udma_ring_lcdma.obj (.text.Udma_ringGetModeLcdma)
                  7000d7b0    00000018                                                 : udma_ring_common.obj (.text.Udma_ringGetNum)
                  7000d7c8    00000018                                                 : udma_ring_lcdma.obj (.text.Udma_ringGetRdIdxLcdma)
                  7000d7e0    00000018                                                 : udma_ring_lcdma.obj (.text.Udma_ringGetWrIdxLcdma)
                  7000d7f8    00000018                                                 : udma_ring_lcdma.obj (.text.Udma_ringQueueRawLcdma)
                  7000d810    00000018                                                 : udma_rmcfg.obj (.text.Udma_rmGetDefBoardCfgPrms)
                  7000d828    00000018     libsysbm.a : memset32.S.obj (.text:TI_memset_small)
                  7000d840    00000016     drivers.am243x.r5f.ti-arm-clang.release.lib : bootloader_soc.obj (.text.Bootloader_socAuthImage)
                  7000d856    00000016                                                 : csl_bcdma.obj (.text.CSL_bcdmaGetRxRT)
                  7000d86c    00000016                                                 : csl_bcdma.obj (.text.CSL_bcdmaGetTxRT)
                  7000d882    00000016                                                 : csl_bcdma.obj (.text.CSL_bcdmaSetRxRT)
                  7000d898    00000016                                                 : csl_bcdma.obj (.text.CSL_bcdmaSetTxRT)
                  7000d8ae    00000016                                                 : csl_lcdma_ringacc.obj (.text.CSL_lcdma_ringaccPush64)
                  7000d8c4    00000016                                                 : csl_pktdma.obj (.text.CSL_pktdmaGetChanPeerReg)
                  7000d8da    00000016                                                 : csl_pktdma.obj (.text.CSL_pktdmaSetChanPeerReg)
                  7000d8f0    00000016                                                 : ospi_v0.obj (.text.OSPI_ReadCmdParams_init)
                  7000d906    00000016                                                 : ospi_v0.obj (.text.OSPI_WriteCmdParams_init)
                  7000d91c    00000016                                                 : udma_ch.obj (.text.Udma_chGetCqRingNum)
                  7000d932    00000014                                                 : ospi_v0.obj (.text.OSPI_enableModeBitsCmd)
                  7000d946    00000014                                                 : ospi_v0.obj (.text.OSPI_setReadDummyCycles)
                  7000d95a    00000002     --HOLE-- [fill = 0]
                  7000d95c    00000014                                                 : sciclient_soc_priv.obj (.text.Sciclient_getDevId)
                  7000d970    00000014                                                 : sciclient_rm_irq.obj (.text.Sciclient_getIrAddr)
                  7000d984    00000014                                                 : uart_v0.obj (.text.UART_enhanFuncBitValRestore)
                  7000d998    00000012                                                 : csl_lcdma_ringacc.obj (.text.CSL_lcdma_ringaccGetReverseRingOcc)
                  7000d9aa    00000006     --HOLE-- [fill = 0]
                  7000d9b0    00000012     board.am243x.r5f.ti-arm-clang.release.lib : flash.obj (.text.Flash_reset)
                  7000d9c2    00000012     drivers.am243x.r5f.ti-arm-clang.release.lib : ospi_v0.obj (.text.OSPI_Transaction_init)
                  7000d9d4    0000000c     --HOLE-- [fill = 0]
                  7000d9e0    00000012     nortos.am243x.r5f.ti-arm-clang.release.lib : TimerP.obj (.text.TimerP_clearOverflowInt)
                  7000d9f2    00000012     drivers.am243x.r5f.ti-arm-clang.release.lib : uart_v0.obj (.text.UART_readLineStatus)
                  7000da04    00000010                                                 : bootloader.obj (.text.Bootloader_close)
                  7000da14    00000010                                                 : bootloader.obj (.text.Bootloader_isCorePresent)
                  7000da24    00000010                                                 : csl_lcdma_ringacc.obj (.text.CSL_lcdma_ringaccIsTeardownComplete)
                  7000da34    0000000c     --HOLE-- [fill = 0]
                  7000da40    00000010     board.am243x.r5f.ti-arm-clang.release.lib : flash.obj (.text.Flash_getPhyTuningOffset)
                  7000da50    00000010     drivers.am243x.r5f.ti-arm-clang.release.lib : lpddr4.obj (.text.LPDDR4_Probe)
                  7000da60    00000010                                                 : ospi_v0.obj (.text.OSPI_clearDualOpCodeMode)
                  7000da70    00000010                                                 : ospi_v0.obj (.text.OSPI_enableModeBitsRead)
                  7000da80    00000010                                                 : ospi_phy.obj (.text.OSPI_phyGetTuningData)
                  7000da90    00000010                                                 : ospi_v0.obj (.text.OSPI_setDualOpCodeMode)
                  7000daa0    00000010                                                 : ospi_v0.obj (.text.OSPI_setModeBits)
                  7000dab0    00000010                                                 : ospi_v0.obj (.text.OSPI_utilLog2)
                  7000dac0    00000010                                                 : udma_rm.obj (.text.Udma_rmTranslateCoreIntrInput)
                  7000dad0    00000010                                                 : udma_rm.obj (.text.Udma_rmTranslateIrOutput)
                  7000dae0    0000000e     ti_drivers_open_close.obj (.text.Drivers_open)
                  7000daee    00000002     --HOLE-- [fill = 0]
                  7000daf0    0000000e     board.am243x.r5f.ti-arm-clang.release.lib : flash.obj (.text.Flash_close)
                  7000dafe    00000002     --HOLE-- [fill = 0]
                  7000db00    0000000e     ti_power_clock_config.obj (.text.PowerClock_init)
                  7000db0e    00000002     --HOLE-- [fill = 0]
                  7000db10    0000000c     nortos.am243x.r5f.ti-arm-clang.release.lib : ClockP_nortos.obj (.text.ClockP_getTicks)
                  7000db1c    00000004     --HOLE-- [fill = 0]
                  7000db20    0000000c                                                : DebugP_uartLogWriter.obj (.text.DebugP_uartSetDrvIndex)
                  7000db2c    00000004     --HOLE-- [fill = 0]
                  7000db30    0000000a                                                : ClockP_nortos.obj (.text.ClockP_Params_init)
                  7000db3a    00000006     --HOLE-- [fill = 0]
                  7000db40    0000000a                                                : ClockP_nortos.obj (.text.ClockP_isActive)
                  7000db4a    00000006     --HOLE-- [fill = 0]
                  7000db50    0000000a                                                : TimerP.obj (.text.TimerP_start)
                  7000db5a    00000006     --HOLE-- [fill = 0]
                  7000db60    00000008     board.am243x.r5f.ti-arm-clang.release.lib : flash_nor_ospi.obj (.text.Flash_norOspiClose)
                  7000db68    00000008     --HOLE-- [fill = 0]
                  7000db70    00000008     nortos.am243x.r5f.ti-arm-clang.release.lib : printf.obj (.text._out_char)
                  7000db78    00000008     --HOLE-- [fill = 0]
                  7000db80    00000004     ti_board_open_close.obj (.text.Board_driversOpen)
                  7000db84    0000000c     --HOLE-- [fill = 0]
                  7000db90    00000004     nortos.am243x.r5f.ti-arm-clang.release.lib : ClockP_nortos_r5.obj (.text.ClockP_getTimerCount)
                  7000db94    0000000c     --HOLE-- [fill = 0]
                  7000dba0    00000004                                                : ClockP_nortos_r5.obj (.text.ClockP_timerClearOverflowInt)
                  7000dba4    0000000c     --HOLE-- [fill = 0]
                  7000dbb0    00000004     ti_power_clock_config.obj (.text.PowerClock_deinit)
                  7000dbb4    0000000c     --HOLE-- [fill = 0]
                  7000dbc0    00000004     nortos.am243x.r5f.ti-arm-clang.release.lib : TimerP.obj (.text.TimerP_getCount)
                  7000dbc4    0000000c     --HOLE-- [fill = 0]
                  7000dbd0    00000004                                                : TimerP.obj (.text.TimerP_getReloadCount)
                  7000dbd4    0000000c     --HOLE-- [fill = 0]
                  7000dbe0    00000004     libclang_rt.builtins.a : aeabi_div0.c.obj (.text.__aeabi_ldiv0)
                  7000dbe4    0000000c     --HOLE-- [fill = 0]
                  7000dbf0    00000004     ti_dpl_config.obj (.text.putchar_)
                  7000dbf4    0000000c     --HOLE-- [fill = 0]
                  7000dc00    00000002     ti_dpl_config.obj (.text.Dpl_deinit)
                  7000dc02    0000000e     --HOLE-- [fill = 0]
                  7000dc10    00000002     nortos.am243x.r5f.ti-arm-clang.release.lib : SemaphoreP_nortos.obj (.text.SemaphoreP_destruct)
                  7000dc12    0000000e     --HOLE-- [fill = 0]
                  7000dc20    00000002                                                : TaskP_nortos.obj (.text.TaskP_yield)
                  7000dc22    0000000e     --HOLE-- [fill = 0]
                  7000dc30    00000002                                                : printf.obj (.text._out_null)
                  7000dc32    0000000e     --HOLE-- [fill = 0]

.text.hwi 
*          0    7000dc40    00000790     
                  7000dc40    00000452     nortos.am243x.r5f.ti-arm-clang.release.lib : HwiP_armv7r_vim.obj (.text.hwi)
                  7000e092    00000002     --HOLE-- [fill = 0]
                  7000e094    00000008                                                : HwiP_armv7r_asm.obj (.tramp.HwiP_enableFIQ.1)
                  7000e09c    00000004     --HOLE-- [fill = 0]
                  7000e0a0    0000023e                                                : HwiP_armv7r_handlers_nortos.obj (.text.hwi)
                  7000e2de    00000002     --HOLE-- [fill = 0]
                  7000e2e0    00000078                                                : HwiP_armv7r_handlers_nortos_asm.obj (.text.hwi)
                  7000e358    00000070                                                : HwiP_armv7r_asm.obj (.text.hwi)
                  7000e3c8    00000008     --HOLE-- [fill = 0]

.text.cache 
*          0    7000e3d0    00000460     
                  7000e3d0    00000340     nortos.am243x.r5f.ti-arm-clang.release.lib : CacheP_armv7r_asm.obj (.text.cache)
                  7000e710    00000106                                                : CacheP_armv7r.obj (.text.cache)
                  7000e816    00000002     --HOLE-- [fill = 0]
                  7000e818    00000008                                                : CacheP_armv7r_asm.obj (.tramp.CacheP_invL1d.1)
                  7000e820    00000008                                                : HwiP_armv7r_asm.obj (.tramp.HwiP_restore.2)
                  7000e828    00000008                                                : CacheP_armv7r_asm.obj (.tramp.CacheP_enableL1p.1)

.text.mpu 
*          0    7000e830    00000240     
                  7000e830    000001b4     nortos.am243x.r5f.ti-arm-clang.release.lib : MpuP_armv7r.obj (.text.mpu)
                  7000e9e4    00000078                                                : MpuP_armv7r_asm.obj (.text.mpu)
                  7000ea5c    00000008                                                : MpuP_armv7r_asm.obj (.tramp.MpuP_isEnableAsm.1)
                  7000ea64    00000008                                                : HwiP_armv7r_asm.obj (.tramp.HwiP_restore.3)
                  7000ea6c    00000004     --HOLE-- [fill = 0]

.text.boot 
*          0    7000ea70    00000130     
                  7000ea70    000000fc     nortos.am243x.r5f.ti-arm-clang.release.lib : boot_armv7r_asm.obj (.text.boot)
                  7000eb6c    00000004     --HOLE-- [fill = 0]
                  7000eb70    0000001e                                                : DebugP_log.obj (.text.boot)
                  7000eb8e    00000002     --HOLE-- [fill = 0]
                  7000eb90    0000000e     ti_dpl_config.obj (.text.boot)
                  7000eb9e    00000002     --HOLE-- [fill = 0]

.data      0    7000eba0    000027d8     
                  7000eba0    000007ec     ti_drivers_config.obj (.data.DDRSS_phyReg)
                  7000f38c    0000069c     ti_drivers_config.obj (.data.DDRSS_ctlReg)
                  7000fa28    00000564     ti_drivers_config.obj (.data.DDRSS_phyIndepReg)
                  7000ff8c    000003f6     ti_drivers_config.obj (.data.DDRSS_phyRegNum)
                  70010382    0000034e     ti_drivers_config.obj (.data.DDRSS_ctlRegNum)
                  700106d0    000002b2     ti_drivers_config.obj (.data.DDRSS_phyIndepRegNum)
                  70010982    00000002     --HOLE-- [fill = 0]
                  70010984    000000c4     drivers.am243x.r5f.ti-arm-clang.release.lib : bootloader_soc.obj (.data.gAddrTranslateInfo)
                  70010a48    000000b8                                                 : sciclient_irq_rm.obj (.data.vint_usage_count_DMASS0_INTAGGR_0)
                  70010b00    000000a8                                                 : bootloader_soc.obj (.data.gCoreBootInfo)
                  70010ba8    0000009c                                                 : ospi_v0.obj (.data.gOspiDrvObj)
                  70010c44    0000009c                                                 : uart_v0.obj (.data.gUartDrvObj)
                  70010ce0    00000080                                                 : ospi_phy.obj (.data.gOspiFlashAttackVector)
                  70010d60    00000080                                                 : ospi_phy.obj (.data.gReadBuf)
                  70010de0    00000070     ti_board_open_close.obj (.data.gFlashDevCfg_S28HS512T)
                  70010e50    00000070     ti_pinmux_config.obj (.data.gPinMuxMainDomainCfg)
                  70010ec0    00000060     drivers.am243x.r5f.ti-arm-clang.release.lib : sciclient_irq_rm.obj (.data.gRmIrInstances)
                  70010f20    00000058                                                 : udma_rmcfg.obj (.data.gUdmaRmSharedResPrms)
                  70010f78    00000054                                                 : ospi_phy.obj (.data..L_MergedGlobals)
                  70010fcc    00000054     ti_drivers_open_close.obj (.data.gUartParams)
                  70011020    00000050     ti_dpl_config.obj (.data.gMpuRegionConfig)
                  70011070    00000048     ti_drivers_config.obj (.data.gOspiAttrs)
                  700110b8    00000030     ti_drivers_config.obj (.data.gDdrParams)
                  700110e8    00000030     ti_board_open_close.obj (.data.gFlashAttrs_S28HS512T)
                  70011118    00000024     drivers.am243x.r5f.ti-arm-clang.release.lib : ddr.obj (.data..L_MergedGlobals)
                  7001113c    00000024     board.am243x.r5f.ti-arm-clang.release.lib : flash_nor_ospi.obj (.data.gFlashToSpiProtocolMap)
                  70011160    00000024     ti_power_clock_config.obj (.data.gSocModulesClockFrequency)
                  70011184    00000020     ti_drivers_config.obj (.data.gOspiDmaRestrictRegions)
                  700111a4    00000020     drivers.am243x.r5f.ti-arm-clang.release.lib : sciclient_irq_rm.obj (.data.gRmIaInstances)
                  700111c4    00000004     ti_drivers_config.obj (.data.gBootloaderConfigNum)
                  700111c8    00000020     drivers.am243x.r5f.ti-arm-clang.release.lib : sciclient_soc_priv.obj (.data.gSciclientSecProxyCfg)
                  700111e8    0000001c     ti_drivers_config.obj (.data.gBootloaderConfig)
                  70011204    0000001c     board.am243x.r5f.ti-arm-clang.release.lib : flash_nor_ospi.obj (.data.gFlashNorOspiFxns)
                  70011220    0000001c     ti_drivers_config.obj (.data.gOspiUdma0Args)
                  7001123c    0000001c     ti_power_clock_config.obj (.data.gSocModules)
                  70011258    00000018     drivers.am243x.r5f.ti-arm-clang.release.lib : sciclient.obj (.data..L_MergedGlobals)
                  70011270    00000014                                                 : bootloader_flash.obj (.data.gBootloaderFlashFxns)
                  70011284    00000014     ti_dpl_config.obj (.data.gClockConfig)
                  70011298    00000014     drivers.am243x.r5f.ti-arm-clang.release.lib : bootloader_soc.obj (.data.gResMemSection)
                  700112ac    00000014                                                 : sciclient_irq_rm.obj (.data.rom_usage_DMASS0_INTAGGR_0)
                  700112c0    00000010     ti_board_open_close.obj (.data.gFlashConfig)
                  700112d0    00000010     ti_drivers_config.obj (.data.gUdmaInitPrms)
                  700112e0    0000000c     nortos.am243x.r5f.ti-arm-clang.release.lib : AddrTranslateP.obj (.data.gAddrTranslateConfig)
                  700112ec    0000000c     ti_drivers_config.obj (.data.gBootloader0Args)
                  700112f8    0000000c     ti_dpl_config.obj (.data.gMpuConfig)
                  70011304    0000000c     drivers.am243x.r5f.ti-arm-clang.release.lib : ospi_dma_udma.obj (.data.gOspiDmaUdmaFxns)
                  70011310    00000008     ti_dpl_config.obj (.data.gCacheConfig)
                  70011318    00000008     ti_board_open_close.obj (.data.gFlashParams)
                  70011320    00000008     ti_drivers_config.obj (.data.gOspiConfig)
                  70011328    00000008     ti_drivers_config.obj (.data.gOspiDmaConfig)
                  70011330    00000008     ti_pinmux_config.obj (.data.gPinMuxMcuDomainCfg)
                  70011338    00000008     ti_drivers_config.obj (.data.gUartAttrs)
                  70011340    00000008     ti_drivers_config.obj (.data.gUartConfig)
                  70011348    00000004     nortos.am243x.r5f.ti-arm-clang.release.lib : CacheP_armv7r.obj (.data.gCacheL1dCacheLineSize)
                  7001134c    00000004                                                : CacheP_armv7r.obj (.data.gCacheL1pCacheLineSize)
                  70011350    00000004                                                : DebugP_log.obj (.data.gDebugLogZone)
                  70011354    00000004                                                : DebugP_uartLogWriter.obj (.data.gDebugP_uartDrvIndex)
                  70011358    00000004     ti_board_open_close.obj (.data.gFlashConfigNum)
                  7001135c    00000004     ti_dpl_config.obj (.data.gHwiConfig)
                  70011360    00000004     ti_drivers_config.obj (.data.gOspiConfigNum)
                  70011364    00000004     ti_drivers_config.obj (.data.gOspiDmaConfigNum)
                  70011368    00000004     ti_drivers_open_close.obj (.data.gOspiParams)
                  7001136c    00000004     ti_drivers_config.obj (.data.gUartConfigNum)
                  70011370    00000004     ti_drivers_config.obj (.data.gUartDmaConfigNum)
                  70011374    00000004     ti_drivers_config.obj (.data.operatingMode)

.rodata    0    70011378    00001f88     
                  70011378    0000043b     drivers.am243x.r5f.ti-arm-clang.release.lib : bootloader_soc.obj (.rodata.str1.1)
                  700117b3    00000001     --HOLE-- [fill = 0]
                  700117b4    000001a4                                                 : udma_rmcfg.obj (.rodata.gUdmaRmDefBoardCfg_Pktdma)
                  70011958    000001a2                                                 : ddr.obj (.rodata.str1.1)
                  70011afa    00000158                                                 : bootloader_profile.obj (.rodata.str1.1)
                  70011c52    00000002     --HOLE-- [fill = 0]
                  70011c54    00000138                                                 : udma_soc.obj (.rodata.gUdmaTxMappedChRingAttributes)
                  70011d8c    00000135                                                 : uart_v0.obj (.rodata.str1.1)
                  70011ec1    00000001     --HOLE-- [fill = 0]
                  70011ec2    00000132                                                 : lpddr4_16bit.obj (.rodata.CtlIntMap)
                  70011ff4    0000012c                                                 : sciclient_fmwSecureProxyMap.obj (.rodata.gSciclientMap)
                  70012120    00000117                                                 : bootloader.obj (.rodata.str1.1)
                  70012237    00000103     nortos.am243x.r5f.ti-arm-clang.release.lib : TimerP.obj (.rodata.str1.1)
                  7001233a    000000d4     main.obj (.rodata.str1.1)
                  7001240e    000000d2     drivers.am243x.r5f.ti-arm-clang.release.lib : ospi_dma_udma.obj (.rodata.str1.1)
                  700124e0    000000ac     nortos.am243x.r5f.ti-arm-clang.release.lib : ClockP_nortos_r5.obj (.rodata.str1.1)
                  7001258c    000000a9     drivers.am243x.r5f.ti-arm-clang.release.lib : sciclient.obj (.rodata.str1.1)
                  70012635    00000003     --HOLE-- [fill = 0]
                  70012638    0000009c                                                 : udma_soc.obj (.rodata.gUdmaRxMappedChRingAttributes)
                  700126d4    0000008c     ti_drivers_open_close.obj (.rodata.str1.1)
                  70012760    00000084     drivers.am243x.r5f.ti-arm-clang.release.lib : udma_rmcfg.obj (.rodata.gUdmaRmDefBoardCfg_Bcdma)
                  700127e4    00000084                                                 : udma_utils.obj (.rodata.gUdmaUtilsTrSizeTable)
                  70012868    0000007b                                                 : soc.obj (.rodata.str1.1)
[...]
70010984  gAddrTranslateInfo                                                            
70010a48  vint_usage_count_DMASS0_INTAGGR_0                                             
70010b00  gCoreBootInfo                                                                 
70010de0  gFlashDevCfg_S28HS512T                                                        
70010ec0  gRmIrInstances                                                                
70010f20  gUdmaRmSharedResPrms                                                          
70010f78  gPhyTuneWindowParams                                                          
70010f7c  gPhyTuneWindowParamsGTE133                                                    
70010fa4  gPhyTuneWindowParamsLT133                                                     
70010fcc  gUartParams                                                                   
70011020  gMpuRegionConfig                                                              
700110e8  gFlashAttrs_S28HS512T                                                         
7001113c  gFlashToSpiProtocolMap                                                        
70011160  gSocModulesClockFrequency                                                     
700111a4  gRmIaInstances                                                                
700111c4  gBootloaderConfigNum                                                          
700111c8  gSciclientSecProxyCfg                                                         
700111e8  gBootloaderConfig                                                             
70011204  gFlashNorOspiFxns                                                             
70011220  gOspiUdma0Args                                                                
7001123c  gSocModules                                                                   
70011270  gBootloaderFlashFxns                                                          
70011284  gClockConfig                                                                  
70011298  gResMemSection                                                                
700112c0  gFlashConfig                                                                  
700112e0  gAddrTranslateConfig                                                          
700112ec  gBootloader0Args                                                              
700112f8  gMpuConfig                                                                    
70011304  gOspiDmaUdmaFxns                                                              
70011310  gCacheConfig                                                                  
70011318  gFlashParams                                                                  
70011320  gOspiConfig                                                                   
70011328  gOspiDmaConfig                                                                
70011340  gUartConfig                                                                   
70011348  gCacheL1dCacheLineSize                                                        
7001134c  gCacheL1pCacheLineSize                                                        
70011350  gDebugLogZone                                                                 
70011354  gDebugP_uartDrvIndex                                                          
70011358  gFlashConfigNum                                                               
7001135c  gHwiConfig                                                                    
70011360  gOspiConfigNum                                                                
70011364  gOspiDmaConfigNum                                                             
70011368  gOspiParams                                                                   
7001136c  gUartConfigNum                                                                
70011370  gUartDmaConfigNum                                                             
70011374  operatingMode                                                                 
700117b4  gUdmaRmDefBoardCfg_Pktdma                                                     
70011c54  gUdmaTxMappedChRingAttributes                                                 
70011ff4  gSciclientMap                                                                 
70012638  gUdmaRxMappedChRingAttributes                                                 
70012760  gUdmaRmDefBoardCfg_Bcdma                                                      
70012950  tisci_if_TIMESYNC_EVENT_INTROUTER0                                            
70012a78  gRmIrqTree                                                                    
70012c60  gSOC_r5fVectors                                                               
70012ca8  tisci_if_MAIN_GPIOMUX_INTROUTER0                                              
70012cdc  tisci_if_DMASS0_INTAGGR_0                                                     
70012d3c  tisci_if_MCU_MCU_GPIOMUX_INTROUTER0                                           
70012d80  tisci_if_CPTS0                                                                
70012dbc  tisci_if_PRU_ICSSG0                                                           
70012dd8  tisci_if_PRU_ICSSG1                                                           
70012e0c  tisci_if_CMP_EVENT_INTROUTER0                                                 
70012e24  tisci_if_PCIE0                                                                
70012e5c  tisci_if_CPSW0                                                                
70012e84  CMP_EVENT_INTROUTER0_outp_0_15_to_GICSS0_spi_48_63                            
70012e8c  CMP_EVENT_INTROUTER0_outp_16_23_to_R5FSS0_CORE0_intr_48_55                    
70012e94  CMP_EVENT_INTROUTER0_outp_16_23_to_R5FSS0_CORE1_intr_48_55                    
70012e9c  CMP_EVENT_INTROUTER0_outp_24_31_to_R5FSS1_CORE0_intr_48_55                    
70012ea4  CMP_EVENT_INTROUTER0_outp_24_31_to_R5FSS1_CORE1_intr_48_55                    
70012eac  CMP_EVENT_INTROUTER0_outp_32_39_to_DMASS0_INTAGGR_0_intaggr_levi_pend_0_7     
70012eb4  CPSW0_cpts_comp_0_0_to_CMP_EVENT_INTROUTER0_in_80_80                          
70012ebc  CPSW0_cpts_genf0_1_1_to_TIMESYNC_EVENT_INTROUTER0_in_21_21                    
70012ec4  CPSW0_cpts_genf1_2_2_to_TIMESYNC_EVENT_INTROUTER0_in_22_22                    
70012ecc  CPSW0_cpts_sync_3_3_to_TIMESYNC_EVENT_INTROUTER0_in_34_34                     
70012ed4  CPTS0_cpts_comp_0_0_to_CMP_EVENT_INTROUTER0_in_82_82                          
70012edc  CPTS0_cpts_genf0_1_1_to_TIMESYNC_EVENT_INTROUTER0_in_16_16                    
70012ee4  CPTS0_cpts_genf1_2_2_to_TIMESYNC_EVENT_INTROUTER0_in_17_17                    
70012eec  CPTS0_cpts_genf2_3_3_to_TIMESYNC_EVENT_INTROUTER0_in_18_18                    
70012ef4  CPTS0_cpts_genf3_4_4_to_TIMESYNC_EVENT_INTROUTER0_in_19_19                    
70012efc  CPTS0_cpts_genf4_5_5_to_TIMESYNC_EVENT_INTROUTER0_in_20_20                    
70012f04  CPTS0_cpts_genf5_6_6_to_TIMESYNC_EVENT_INTROUTER0_in_24_24                    
70012f0c  CPTS0_cpts_sync_7_7_to_TIMESYNC_EVENT_INTROUTER0_in_35_35                     
70012f14  DMASS0_INTAGGR_0_intaggr_vintr_pend_0_39_to_GICSS0_spi_64_103                 
70012f1c  DMASS0_INTAGGR_0_intaggr_vintr_pend_120_127_to_R5FSS1_CORE0_intr_8_15         
70012f24  DMASS0_INTAGGR_0_intaggr_vintr_pend_128_135_to_R5FSS1_CORE1_intr_8_15         
70012f2c  DMASS0_INTAGGR_0_intaggr_vintr_pend_152_159_to_PRU_ICSSG0_pr1_slv_intr_16_23  
70012f34  DMASS0_INTAGGR_0_intaggr_vintr_pend_160_167_to_PRU_ICSSG1_pr1_slv_intr_16_23  
70012f3c  DMASS0_INTAGGR_0_intaggr_vintr_pend_168_183_to_MCU_M4FSS0_CORE0_nvic_32_47    
70012f44  DMASS0_INTAGGR_0_intaggr_vintr_pend_40_71_to_R5FSS0_CORE0_intr_64_95          
70012f4c  DMASS0_INTAGGR_0_intaggr_vintr_pend_40_71_to_R5FSS0_CORE1_intr_64_95          
70012f54  DMASS0_INTAGGR_0_intaggr_vintr_pend_72_79_to_R5FSS0_CORE0_intr_8_15           
70012f5c  DMASS0_INTAGGR_0_intaggr_vintr_pend_80_87_to_R5FSS0_CORE1_intr_8_15           
70012f64  DMASS0_INTAGGR_0_intaggr_vintr_pend_88_119_to_R5FSS1_CORE0_intr_64_95         
70012f6c  DMASS0_INTAGGR_0_intaggr_vintr_pend_88_119_to_R5FSS1_CORE1_intr_64_95         
70012f74  EPWM0_epwm_synco_o_0_0_to_TIMESYNC_EVENT_INTROUTER0_in_39_39                  
70012f7c  EPWM3_epwm_synco_o_0_0_to_TIMESYNC_EVENT_INTROUTER0_in_40_40                  
70012f84  EPWM6_epwm_synco_o_0_0_to_TIMESYNC_EVENT_INTROUTER0_in_41_41                  
70012f8c  GPIO0_gpio_0_89_to_MAIN_GPIOMUX_INTROUTER0_in_0_89                            
70012f94  GPIO0_gpio_bank_90_98_to_MAIN_GPIOMUX_INTROUTER0_in_190_198                   
70012f9c  GPIO1_gpio_0_89_to_MAIN_GPIOMUX_INTROUTER0_in_90_179                          
70012fa4  GPIO1_gpio_bank_90_98_to_MAIN_GPIOMUX_INTROUTER0_in_180_188                   
70012fac  GPMC0_gpmc_sdmareq_0_0_to_DMASS0_INTAGGR_0_intaggr_levi_pend_29_29            
70012fb4  GTC0_gtc_push_event_0_0_to_TIMESYNC_EVENT_INTROUTER0_in_36_36                 
70012fbc  MAIN_GPIOMUX_INTROUTER0_outp_0_15_to_GICSS0_spi_32_47                         
70012fc4  MAIN_GPIOMUX_INTROUTER0_outp_0_15_to_R5FSS0_CORE0_intr_32_47                  
70012fcc  MAIN_GPIOMUX_INTROUTER0_outp_0_15_to_R5FSS0_CORE1_intr_32_47                  
70012fd4  MAIN_GPIOMUX_INTROUTER0_outp_0_15_to_R5FSS1_CORE0_intr_32_47                  
70012fdc  MAIN_GPIOMUX_INTROUTER0_outp_0_15_to_R5FSS1_CORE1_intr_32_47                  
70012fe4  MAIN_GPIOMUX_INTROUTER0_outp_16_17_to_DMASS0_INTAGGR_0_intaggr_levi_pend_24_25
70012fec  MAIN_GPIOMUX_INTROUTER0_outp_18_23_to_PRU_ICSSG0_pr1_iep0_cap_intr_req_4_9    
70012ff4  MAIN_GPIOMUX_INTROUTER0_outp_18_23_to_PRU_ICSSG1_pr1_iep0_cap_intr_req_4_9    
70012ffc  MAIN_GPIOMUX_INTROUTER0_outp_24_29_to_PRU_ICSSG0_pr1_iep1_cap_intr_req_10_15  
70013004  MAIN_GPIOMUX_INTROUTER0_outp_24_29_to_PRU_ICSSG1_pr1_iep1_cap_intr_req_10_15  
7001300c  MAIN_GPIOMUX_INTROUTER0_outp_30_37_to_DMASS0_INTAGGR_0_intaggr_levi_pend_16_23
70013014  MAIN_GPIOMUX_INTROUTER0_outp_38_45_to_PRU_ICSSG0_pr1_slv_intr_46_53           
7001301c  MAIN_GPIOMUX_INTROUTER0_outp_46_53_to_PRU_ICSSG1_pr1_slv_intr_46_53           
70013024  MCU_GPIO0_gpio_0_29_to_MCU_MCU_GPIOMUX_INTROUTER0_in_0_29                     
7001302c  MCU_GPIO0_gpio_bank_30_31_to_MCU_MCU_GPIOMUX_INTROUTER0_in_30_31              
70013034  MCU_MCU_GPIOMUX_INTROUTER0_outp_0_3_to_GICSS0_spi_104_107                     
7001303c  MCU_MCU_GPIOMUX_INTROUTER0_outp_0_3_to_R5FSS0_CORE0_intr_104_107              
70013044  MCU_MCU_GPIOMUX_INTROUTER0_outp_0_3_to_R5FSS0_CORE1_intr_104_107              
7001304c  MCU_MCU_GPIOMUX_INTROUTER0_outp_0_3_to_R5FSS1_CORE0_intr_104_107              
70013054  MCU_MCU_GPIOMUX_INTROUTER0_outp_0_3_to_R5FSS1_CORE1_intr_104_107              
7001305c  MCU_MCU_GPIOMUX_INTROUTER0_outp_4_7_to_MCU_M4FSS0_CORE0_nvic_0_3              
70013064  MCU_MCU_GPIOMUX_INTROUTER0_outp_8_11_to_MCU_ESM0_esm_pls_event0_88_91         
7001306c  MCU_MCU_GPIOMUX_INTROUTER0_outp_8_11_to_MCU_ESM0_esm_pls_event1_92_95         
70013074  MCU_MCU_GPIOMUX_INTROUTER0_outp_8_11_to_MCU_ESM0_esm_pls_event2_96_99         
7001307c  PCIE0_pcie_cpts_comp_0_0_to_CMP_EVENT_INTROUTER0_in_81_81                     
70013084  PCIE0_pcie_cpts_genf0_1_1_to_TIMESYNC_EVENT_INTROUTER0_in_23_23               
7001308c  PCIE0_pcie_cpts_hw1_push_2_2_to_TIMESYNC_EVENT_INTROUTER0_in_37_37            
70013094  PCIE0_pcie_cpts_sync_3_3_to_TIMESYNC_EVENT_INTROUTER0_in_33_33                
7001309c  PCIE0_pcie_ptm_valid_pulse_4_4_to_TIMESYNC_EVENT_INTROUTER0_in_38_38          
700130a4  PRU_ICSSG0_pr1_edc0_sync0_out_0_0_to_TIMESYNC_EVENT_INTROUTER0_in_25_25       
700130ac  PRU_ICSSG0_pr1_edc0_sync1_out_1_1_to_TIMESYNC_EVENT_INTROUTER0_in_26_26       
700130b4  PRU_ICSSG0_pr1_edc1_sync0_out_2_2_to_TIMESYNC_EVENT_INTROUTER0_in_27_27       
700130bc  PRU_ICSSG0_pr1_edc1_sync1_out_3_3_to_TIMESYNC_EVENT_INTROUTER0_in_28_28       
700130c4  PRU_ICSSG0_pr1_host_intr_req_4_11_to_CMP_EVENT_INTROUTER0_in_0_7              
700130cc  PRU_ICSSG0_pr1_iep0_cmp_intr_req_12_27_to_CMP_EVENT_INTROUTER0_in_16_31       
700130d4  PRU_ICSSG0_pr1_iep1_cmp_intr_req_28_43_to_CMP_EVENT_INTROUTER0_in_32_47       
700130dc  PRU_ICSSG1_pr1_edc0_sync0_out_0_0_to_TIMESYNC_EVENT_INTROUTER0_in_29_29       
700130e4  PRU_ICSSG1_pr1_edc0_sync1_out_1_1_to_TIMESYNC_EVENT_INTROUTER0_in_30_30       
700130ec  PRU_ICSSG1_pr1_edc1_sync0_out_2_2_to_TIMESYNC_EVENT_INTROUTER0_in_31_31       
700130f4  PRU_ICSSG1_pr1_edc1_sync1_out_3_3_to_TIMESYNC_EVENT_INTROUTER0_in_32_32       
700130fc  PRU_ICSSG1_pr1_host_intr_req_4_11_to_CMP_EVENT_INTROUTER0_in_8_15             
70013104  PRU_ICSSG1_pr1_iep0_cmp_intr_req_12_27_to_CMP_EVENT_INTROUTER0_in_48_63       
7001310c  PRU_ICSSG1_pr1_iep1_cmp_intr_req_28_43_to_CMP_EVENT_INTROUTER0_in_64_79       
70013114  TIMER0_timer_pwm_0_0_to_TIMESYNC_EVENT_INTROUTER0_in_0_0                      
7001311c  TIMER1_timer_pwm_0_0_to_TIMESYNC_EVENT_INTROUTER0_in_1_1                      
70013124  TIMER2_timer_pwm_0_0_to_TIMESYNC_EVENT_INTROUTER0_in_2_2                      
7001312c  TIMER3_timer_pwm_0_0_to_TIMESYNC_EVENT_INTROUTER0_in_3_3                      
70013134  TIMESYNC_EVENT_INTROUTER0_outl_0_7_to_DMASS0_INTAGGR_0_intaggr_levi_pend_8_15 
7001313c  TIMESYNC_EVENT_INTROUTER0_outl_10_10_to_PRU_ICSSG0_pr1_edc1_latch0_in_2_2     
70013144  TIMESYNC_EVENT_INTROUTER0_outl_11_11_to_PRU_ICSSG0_pr1_edc1_latch1_in_3_3     
7001314c  TIMESYNC_EVENT_INTROUTER0_outl_12_12_to_PRU_ICSSG1_pr1_edc0_latch0_in_0_0     
70013154  TIMESYNC_EVENT_INTROUTER0_outl_13_13_to_PRU_ICSSG1_pr1_edc0_latch1_in_1_1     
7001315c  TIMESYNC_EVENT_INTROUTER0_outl_14_14_to_PRU_ICSSG1_pr1_edc1_latch0_in_2_2     
70013164  TIMESYNC_EVENT_INTROUTER0_outl_15_15_to_PRU_ICSSG1_pr1_edc1_latch1_in_3_3     
7001316c  TIMESYNC_EVENT_INTROUTER0_outl_16_16_to_CPTS0_cpts_hw1_push_0_0               
70013174  TIMESYNC_EVENT_INTROUTER0_outl_17_17_to_CPTS0_cpts_hw2_push_1_1               
7001317c  TIMESYNC_EVENT_INTROUTER0_outl_18_18_to_CPTS0_cpts_hw3_push_2_2               
70013184  TIMESYNC_EVENT_INTROUTER0_outl_19_19_to_CPTS0_cpts_hw4_push_3_3               
7001318c  TIMESYNC_EVENT_INTROUTER0_outl_20_20_to_CPTS0_cpts_hw5_push_4_4               
70013194  TIMESYNC_EVENT_INTROUTER0_outl_21_21_to_CPTS0_cpts_hw6_push_5_5               
7001319c  TIMESYNC_EVENT_INTROUTER0_outl_22_22_to_CPTS0_cpts_hw7_push_6_6               
700131a4  TIMESYNC_EVENT_INTROUTER0_outl_23_23_to_CPTS0_cpts_hw8_push_7_7               
700131ac  TIMESYNC_EVENT_INTROUTER0_outl_29_29_to_PCIE0_pcie_cpts_hw2_push_0_0          
700131b4  TIMESYNC_EVENT_INTROUTER0_outl_30_30_to_CPSW0_cpts_hw1_push_0_0               
700131bc  TIMESYNC_EVENT_INTROUTER0_outl_31_31_to_CPSW0_cpts_hw2_push_1_1               
700131c4  TIMESYNC_EVENT_INTROUTER0_outl_32_32_to_CPSW0_cpts_hw3_push_2_2               
700131cc  TIMESYNC_EVENT_INTROUTER0_outl_33_33_to_CPSW0_cpts_hw4_push_3_3               
700131d4  TIMESYNC_EVENT_INTROUTER0_outl_34_34_to_CPSW0_cpts_hw5_push_4_4               
700131dc  TIMESYNC_EVENT_INTROUTER0_outl_35_35_to_CPSW0_cpts_hw6_push_5_5               
700131e4  TIMESYNC_EVENT_INTROUTER0_outl_36_36_to_CPSW0_cpts_hw7_push_6_6               
700131ec  TIMESYNC_EVENT_INTROUTER0_outl_37_37_to_CPSW0_cpts_hw8_push_7_7               
700131f4  TIMESYNC_EVENT_INTROUTER0_outl_8_8_to_PRU_ICSSG0_pr1_edc0_latch0_in_0_0       
700131fc  TIMESYNC_EVENT_INTROUTER0_outl_9_9_to_PRU_ICSSG0_pr1_edc0_latch1_in_1_1       
70013204  tisci_if_GPIO0                                                                
7001320c  tisci_if_GPIO1                                                                
70013214  tisci_if_MCU_GPIO0                                                            
700132d4  gRmIrqTreeCount                                                               
700132d8  tisci_if_EPWM0                                                                
700132dc  tisci_if_EPWM3                                                                
700132e0  tisci_if_EPWM6                                                                
700132e4  tisci_if_GPMC0                                                                
700132e8  tisci_if_GTC0                                                                 
700132ec  tisci_if_TIMER0                                                               
700132f0  tisci_if_TIMER1                                                               
700132f4  tisci_if_TIMER2                                                               
700132f8  tisci_if_TIMER3                                                               
70070000  __stack                                                                       
70070000  __start___llvm_prf_bits                                                       
70070000  __start___llvm_prf_cnts                                                       
70070000  __stop___llvm_prf_bits                                                        
70070000  __stop___llvm_prf_cnts                                                        
70074000  __BSS_START                                                                   
70074000  __STACK_END                                                                   
70074000  gHwiCtrl                                                                      
70075008  gUdmaDrvObj                                                                   
70076050  gProfileObj                                                                   
7007616c  gFlashObject_S28HS512T                                                        
70076300  gClockCtrl                                                                    
70076364  gFlashHandle                                                                  
70076368  gOspiHandle                                                                   
7007636c  gUartHandle                                                                   
70076380  __BSS_END                                                                     
70076380  __IRQ_STACK_START                                                             
70077380  __FIQ_STACK_START                                                             
70077380  __IRQ_STACK_END                                                               
70077480  __FIQ_STACK_END                                                               
70077480  __SVC_STACK_START                                                             
70077580  __ABORT_STACK_START                                                           
70077580  __SVC_STACK_END                                                               
70077680  __ABORT_STACK_END                                                             
70077680  __UNDEFINED_STACK_START                                                       
70077780  __UNDEFINED_STACK_END                                                         
ffffffff  __TI_pprof_out_hndl                                                           
ffffffff  __TI_prof_data_size                                                           
ffffffff  __TI_prof_data_start                                                          
ffffffff  __binit__                                                                     
ffffffff  binit                                                                         
UNDEFED   __TI_CINIT_Base                                                               
UNDEFED   __TI_CINIT_Limit                                                              
UNDEFED   __TI_Handler_Table_Base                                                       
UNDEFED   __TI_Handler_Table_Limit                                                      
UNDEFED   _system_post_cinit                                                            

[699 symbols]
