******************************************************************************
            TI ARM Clang Linker Unix v2.1.1                    
******************************************************************************
>> Linked Thu Sep 29 15:53:14 2022

OUTPUT FILE NAME:   <sbl_sd.release.out>
ENTRY POINT SYMBOL: "_vectors_sbl"  address: 70000000


MEMORY CONFIGURATION

         name            origin    length      used     unused   attr    fill
----------------------  --------  ---------  --------  --------  ----  --------
  R5F_VECS              00000000   00000040  00000000  00000040  RWIX
  R5F_TCMA              00000040   00007fc0  00000000  00007fc0  RWIX
  R5F_TCMB0             41010000   00008000  00000000  00008000  RWIX
  MSRAM_VECS            70000000   00000100  00000040  000000c0  RWIX
  MSRAM_0               70000100   0006ff00  000122e0  0005dc20  RWIX
  MSRAM_1               70070000   00010000  0000ee80  00001180  RWIX
  MSRAM_2               70180000   00060000  00060000  00000000  RWIX


SEGMENT ALLOCATION MAP

run origin  load origin   length   init length attrs members
----------  ----------- ---------- ----------- ----- -------
70000000    70000000    00000040   00000040    r-x
  70000000    70000000    00000040   00000040    r-x .vectors
70000100    70000100    0000e100   0000e100    r-x
  70000100    70000100    0000d1a0   0000d1a0    r-x .text
  7000d2a0    7000d2a0    00000790   00000790    r-x .text.hwi
  7000da30    7000da30    00000460   00000460    r-x .text.cache
  7000de90    7000de90    00000240   00000240    r-x .text.mpu
  7000e0d0    7000e0d0    00000130   00000130    r-x .text.boot
7000e200    7000e200    00002378   00002378    rw-
  7000e200    7000e200    00002378   00002378    rw- .data
70010580    70010580    00001e60   00001e60    r--
  70010580    70010580    00001e60   00001e60    r-- .rodata
70070000    70070000    0000da80   00000000    rw-
  70070000    70070000    00008000   00000000    rw- .sysmem
  70078000    70078000    00004000   00000000    rw- .stack
  7007c000    7007c000    00001a80   00000000    rw- .bss
7007da80    7007da80    00001400   00000000    r--
  7007da80    7007da80    00001000   00000000    r-- .irqstack
  7007ea80    7007ea80    00000100   00000000    r-- .fiqstack
  7007eb80    7007eb80    00000100   00000000    r-- .svcstack
  7007ec80    7007ec80    00000100   00000000    r-- .abortstack
  7007ed80    7007ed80    00000100   00000000    r-- .undefinedstack


SECTION ALLOCATION MAP

 output                                  attributes/
section   page    origin      length       input sections
--------  ----  ----------  ----------   ----------------
.vectors   0    70000000    00000040     
                  70000000    00000040     nortos.am243x.r5f.ti-arm-clang.release.lib : HwiP_armv7r_vectors_nortos_sbl_asm.obj (.vectors)

.text      0    70000100    0000d1a0     
                  70000100    00000de0     libc.a : _printfi.c.obj (.text:__TI_printfi_nofloat)
                  70000ee0    00000ddc     drivers.am243x.r5f.ti-arm-clang.release.lib : mmcsd_v0.obj (.text.MMCSD_open)
                  70001cbc    000006e8                                                 : mmcsd_v0.obj (.text.MMCSD_transfer)
                  700023a4    0000000c                                                 : bootloader.obj (.text.Bootloader_Params_init)
                  700023b0    00000596     nortos.am243x.r5f.ti-arm-clang.release.lib : printf.obj (.text._vsnprintf)
                  70002946    00000002     drivers.am243x.r5f.ti-arm-clang.release.lib : mmcsd_v0.obj (.text.MMCSD_isr)
                  70002948    00000454                                                 : uart_v0.obj (.text.UART_open)
                  70002d9c    00000004                                                 : bootloader_soc.obj (.text.Bootloader_socWaitForFWBoot)
                  70002da0    000003ba     freertos_fat.am243x.r5f.ti-arm-clang.release.lib : ff_dir.obj (.text.FF_FindEntryInDir)
                  7000315a    00000004     drivers.am243x.r5f.ti-arm-clang.release.lib : lpddr4.obj (.text.CPS_UncachedRead32)
                  7000315e    00000002                                                 : bootloader_mem.obj (.text.Mem_imgClose)
                  70003160    000003b0     freertos_fat.am243x.r5f.ti-arm-clang.release.lib : ff_dir.obj (.text.FF_CreateDirent)
                  70003510    000003ac                                                      : ff_ioman.obj (.text.FF_Mount)
                  700038bc    00000004     drivers.am243x.r5f.ti-arm-clang.release.lib : lpddr4.obj (.text.CPS_UncachedWrite32)
                  700038c0    00000388     nortos.am243x.r5f.ti-arm-clang.release.lib : printf.obj (.text._ftoa)
                  70003c48    00000008     drivers.am243x.r5f.ti-arm-clang.release.lib : bootloader_soc.obj (.text.Bootloader_socGetSBLMem)
                  70003c50    0000036a     freertos_fat.am243x.r5f.ti-arm-clang.release.lib : ff_ioman.obj (.text.FF_PartitionSearch)
                  70003fba    00000004     drivers.am243x.r5f.ti-arm-clang.release.lib : bootloader_mem.obj (.text.Mem_imgGetCurOffset)
                  70003fbe    00000002     --HOLE-- [fill = 0]
                  70003fc0    00000310     nortos.am243x.r5f.ti-arm-clang.release.lib : printf.obj (.text._etoa)
                  700042d0    000002e6     main.obj (.text.main)
                  700045b6    0000000a     drivers.am243x.r5f.ti-arm-clang.release.lib : bootloader.obj (.text.Bootloader_getMulticoreImageSize)
                  700045c0    000002e0     freertos_fat.am243x.r5f.ti-arm-clang.release.lib : ff_file.obj (.text.FF_Read)
                  700048a0    000002dc     drivers.am243x.r5f.ti-arm-clang.release.lib : sciclient.obj (.text.Sciclient_service)
                  70004b7c    00000004                                                 : bootloader_mem.obj (.text.Mem_imgSeek)
                  70004b80    000002bc     freertos_fat.am243x.r5f.ti-arm-clang.release.lib : ff_dir.obj (.text.FF_FindShortName)
                  70004e3c    00000288     drivers.am243x.r5f.ti-arm-clang.release.lib : ddr.obj (.text.DDR_init)
                  700050c4    0000000c                                                 : bootloader_profile.obj (.text.Bootloader_profileUpdateAppimageSize)
                  700050d0    0000027a     freertos_fat.am243x.r5f.ti-arm-clang.release.lib : ff_file.obj (.text.FF_Open)
                  7000534a    00000004     drivers.am243x.r5f.ti-arm-clang.release.lib : sciclient.obj (.text.Sciclient_deinit)
                  7000534e    00000002     --HOLE-- [fill = 0]
                  70005350    00000236     freertos_fat.am243x.r5f.ti-arm-clang.release.lib : ff_dir.obj (.text.FF_PopulateLongDirent)
                  70005586    00000002     --HOLE-- [fill = 0]
                  70005588    000001e8     drivers.am243x.r5f.ti-arm-clang.release.lib : uart_v0.obj (.text.UART_write)
                  70005770    000001d0     libclang_rt.builtins.a : udivsi3.S.obj (.text)
                  70005940    000001c0     drivers.am243x.r5f.ti-arm-clang.release.lib : bootloader_soc.obj (.text.Bootloader_socCpuResetRelease)
                  70005b00    000001c0     nortos.am243x.r5f.ti-arm-clang.release.lib : TimerP.obj (.text.TimerP_setup)
                  70005cc0    000001bc     freertos_fat.am243x.r5f.ti-arm-clang.release.lib : ff_fat.obj (.text.FF_FindFreeCluster)
                  70005e7c    000001b8     libc.a : memory.c.obj (.text.aligned_alloc)
                  70006034    000001b8            : memory.c.obj (.text.free)
                  700061ec    00000184     drivers.am243x.r5f.ti-arm-clang.release.lib : uart_v0.obj (.text.UART_masterIsr)
                  70006370    0000017c                                                 : bootloader.obj (.text.Bootloader_verifyMulticoreImage)
                  700064ec    00000178                                                 : bootloader_soc.obj (.text.Bootloader_socCpuPowerOnResetR5f)
                  70006664    0000000c                                                 : bootloader_profile.obj (.text.Bootloader_profileUpdateMediaAndClk)
                  70006670    00000178     freertos_fat.am243x.r5f.ti-arm-clang.release.lib : ff_fat.obj (.text.FF_CountFreeClusters)
                  700067e8    00000008     libc.a : exit.c.obj (.text:abort)
                  700067f0    00000178     freertos_fat.am243x.r5f.ti-arm-clang.release.lib : ff_dir.obj (.text.FF_CreateShortName)
                  70006968    00000004     libc.a : _lock.c.obj (.text._nop)
                  7000696c    00000004     libclang_rt.builtins.a : aeabi_memcpy.S.obj (.text)
                  70006970    00000156     freertos_fat.am243x.r5f.ti-arm-clang.release.lib : ff_ioman.obj (.text.FF_GetBuffer)
                  70006ac6    0000000a     drivers.am243x.r5f.ti-arm-clang.release.lib : csl_sec_proxy.obj (.text.CSL_secProxyGetDataAddr)
                  70006ad0    00000154     freertos_fat.am243x.r5f.ti-arm-clang.release.lib : ff_fat.obj (.text.FF_putFATEntry)
                  70006c24    0000000c     drivers.am243x.r5f.ti-arm-clang.release.lib : sciclient.obj (.text.Sciclient_getSelfDevIdCore)
                  70006c30    00000142     freertos_fat.am243x.r5f.ti-arm-clang.release.lib : ff_file.obj (.text.FF_Close)
                  70006d72    00000002     --HOLE-- [fill = 0]
                  70006d74    0000000c     libc.a : aeabi_portable.c.obj (.text.__aeabi_errno_addr)
                  70006d80    00000136     freertos_fat.am243x.r5f.ti-arm-clang.release.lib : ff_fat.obj (.text.FF_UnlinkClusterChain)
                  70006eb6    00000002     --HOLE-- [fill = 0]
                  70006eb8    00000008     nortos.am243x.r5f.ti-arm-clang.release.lib : PmuP_armv7r_asm.obj (.tramp.PmuP_enableCounters.1)
                  70006ec0    00000132     freertos_fat.am243x.r5f.ti-arm-clang.release.lib : ff_sys.obj (.text.FF_FS_Add)
                  70006ff2    00000002     --HOLE-- [fill = 0]
                  70006ff4    0000000c     libc.a : memory.c.obj (.text.malloc)
                  70007000    00000132     nortos.am243x.r5f.ti-arm-clang.release.lib : printf.obj (.text._ntoa_format)
                  70007132    0000012c     drivers.am243x.r5f.ti-arm-clang.release.lib : soc.obj (.text.SOC_moduleSetClockFrequency)
                  7000725e    00000002     --HOLE-- [fill = 0]
                  70007260    0000012c                                                 : uart_v0.obj (.text.UART_close)
                  7000738c    00000004     --HOLE-- [fill = 0]
                  70007390    00000120                                                 : bootloader_profile.obj (.text.Bootloader_profilePrintProfileLog)
                  700074b0    00000118                                                 : lpddr4_16bit.obj (.text.LPDDR4_CheckCtlInterrupt)
                  700075c8    00000118     libclang_rt.builtins.a : udivmoddi4.S.obj (.text)
                  700076e0    00000114     freertos_fat.am243x.r5f.ti-arm-clang.release.lib : ff_ioman.obj (.text.FF_CreateIOManger)
                  700077f4    00000110     drivers.am243x.r5f.ti-arm-clang.release.lib : lpddr4_16bit.obj (.text.LPDDR4_AckCtlInterrupt)
                  70007904    00000104                                                 : bootloader_soc.obj (.text.Bootloader_socCpuResetReleaseSelf)
                  70007a08    00000008     nortos.am243x.r5f.ti-arm-clang.release.lib : HwiP_armv7r_asm.obj (.tramp.HwiP_enable.1)
                  70007a10    000000fc                                                : ClockP_nortos_r5.obj (.text.ClockP_init)
                  70007b0c    00000004     --HOLE-- [fill = 0]
                  70007b10    000000fc     freertos_fat.am243x.r5f.ti-arm-clang.release.lib : ff_fat.obj (.text.FF_getFATEntry)
                  70007c0c    000000f0     drivers.am243x.r5f.ti-arm-clang.release.lib : bootloader_soc.obj (.text.Bootloader_socCpuPowerOnResetM4f)
                  70007cfc    00000004     --HOLE-- [fill = 0]
                  70007d00    000000de     freertos_fat.am243x.r5f.ti-arm-clang.release.lib : ff_dir.obj (.text.FF_FindDir)
                  70007dde    00000002     --HOLE-- [fill = 0]
                  70007de0    000000de                                                      : ff_dir.obj (.text.FF_PopulateShortDirent)
                  70007ebe    00000002     --HOLE-- [fill = 0]
                  70007ec0    000000de                                                      : ff_fat.obj (.text.FF_TraverseFAT)
                  70007f9e    00000002     --HOLE-- [fill = 0]
                  70007fa0    000000d8     drivers.am243x.r5f.ti-arm-clang.release.lib : mmcsd_v0.obj (.text.MMCSD_phyConfigure)
                  70008078    00000008     nortos.am243x.r5f.ti-arm-clang.release.lib : HwiP_armv7r_asm.obj (.tramp.HwiP_restore.1)
                  70008080    000000d6     freertos_fat.am243x.r5f.ti-arm-clang.release.lib : ff_file.obj (.text.FF_Truncate)
                  70008156    0000000a     --HOLE-- [fill = 0]
                  70008160    000000d4                                                      : ff_ioman.obj (.text.FF_IncreaseFreeClusters)
                  70008234    0000000c     --HOLE-- [fill = 0]
                  70008240    000000d0                                                      : ff_fat.obj (.text.FF_GetChainLength)
                  70008310    000000d0                                                      : ff_string.obj (.text.FF_Utf16ctoUtf8c)
                  700083e0    000000cc                                                      : ff_dir.obj (.text.FF_ExtendDirectory)
                  700084ac    00000004     --HOLE-- [fill = 0]
                  700084b0    000000ca                                                      : ff_ioman.obj (.text.FF_FlushCache)
                  7000857a    00000002     --HOLE-- [fill = 0]
                  7000857c    000000c8     drivers.am243x.r5f.ti-arm-clang.release.lib : bootloader.obj (.text.Bootloader_rprcImageLoad)
                  70008644    0000000c     --HOLE-- [fill = 0]
                  70008650    000000c6     freertos_fat.am243x.r5f.ti-arm-clang.release.lib : ff_dir.obj (.text.FF_FetchEntryWithContext)
                  70008716    0000000a     --HOLE-- [fill = 0]
                  70008720    000000c4                                                      : ff_dir.obj (.text.FF_CreateLFNEntry)
                  700087e4    0000000c     --HOLE-- [fill = 0]
                  700087f0    000000c0                                                      : ff_string.obj (.text.FF_Utf8ctoUtf16c)
                  700088b0    000000be                                                      : ff_dir.obj (.text.FF_PushEntryWithContext)
                  7000896e    000000bc     drivers.am243x.r5f.ti-arm-clang.release.lib : mmcsd_v0.obj (.text.MMCSD_write)
                  70008a2a    00000006     --HOLE-- [fill = 0]
                  70008a30    000000ba     freertos_fat.am243x.r5f.ti-arm-clang.release.lib : ff_string.obj (.text.FF_strtok)
                  70008aea    000000ba     drivers.am243x.r5f.ti-arm-clang.release.lib : mmcsd_v0.obj (.text.MMCSD_read)
                  70008ba4    0000000c     --HOLE-- [fill = 0]
                  70008bb0    000000b8     freertos_fat.am243x.r5f.ti-arm-clang.release.lib : ff_ioman.obj (.text.FF_DecreaseFreeClusters)
                  70008c68    00000008     --HOLE-- [fill = 0]
                  70008c70    000000b6                                                      : ff_sys.obj (.text.FF_FS_Find)
                  70008d26    00000002     --HOLE-- [fill = 0]
                  70008d28    000000b4     drivers.am243x.r5f.ti-arm-clang.release.lib : bootloader.obj (.text.Bootloader_parseMultiCoreAppImage)
                  70008ddc    000000b4                                                 : sciclient.obj (.text.Sciclient_getVersionCheck)
                  70008e90    000000b0     freertos_fat.am243x.r5f.ti-arm-clang.release.lib : ff_dir.obj (.text.FF_CreateFile)
                  70008f40    000000b0     nortos.am243x.r5f.ti-arm-clang.release.lib : printf.obj (.text._ntoa_long_long)
                  70008ff0    000000ae     freertos_fat.am243x.r5f.ti-arm-clang.release.lib : ff_mmcsd.obj (.text.FF_MMCSDDiskInit)
                  7000909e    00000002     --HOLE-- [fill = 0]
                  700090a0    000000ac     drivers.am243x.r5f.ti-arm-clang.release.lib : pinmux.obj (.text.Pinmux_config)
                  7000914c    000000ac                                                 : uart_v0.obj (.text.UART_divisorLatchWrite)
                  700091f8    00000008     --HOLE-- [fill = 0]
                  70009200    000000a6     nortos.am243x.r5f.ti-arm-clang.release.lib : printf.obj (.text._out_rev)
                  700092a6    0000000a     --HOLE-- [fill = 0]
                  700092b0    000000a4     freertos_fat.am243x.r5f.ti-arm-clang.release.lib : ff_fat.obj (.text.FF_ClearCluster)
                  70009354    000000a4     libc.a : memory.c.obj (.text.split)
                  700093f8    000000a0     drivers.am243x.r5f.ti-arm-clang.release.lib : sciclient_pm.obj (.text.Sciclient_pmQueryModuleClkFreq)
                  70009498    00000008     --HOLE-- [fill = 0]
                  700094a0    0000009a     freertos_fat.am243x.r5f.ti-arm-clang.release.lib : ff_file.obj (.text.FF_ReadPartial)
                  7000953a    00000002     --HOLE-- [fill = 0]
                  7000953c    00000098     drivers.am243x.r5f.ti-arm-clang.release.lib : bootloader.obj (.text.Bootloader_loadSelfCpu)
                  700095d4    0000000c     --HOLE-- [fill = 0]
                  700095e0    00000096     nortos.am243x.r5f.ti-arm-clang.release.lib : SemaphoreP_nortos.obj (.text.SemaphoreP_pend)
                  70009676    0000000a     --HOLE-- [fill = 0]
                  70009680    00000092     freertos_fat.am243x.r5f.ti-arm-clang.release.lib : ff_dir.obj (.text.FF_PutEntry)
                  70009712    00000002     --HOLE-- [fill = 0]
                  70009714    00000090     drivers.am243x.r5f.ti-arm-clang.release.lib : bootloader.obj (.text.Bootloader_getMsgLen)
                  700097a4    00000090                                                 : uart_v0.obj (.text.UART_flushTxFifo)
                  70009834    0000008e                                                 : sciclient_pm.obj (.text.Sciclient_pmSetModuleClkFreq)
                  700098c2    0000008c                                                 : mmcsd_v0.obj (.text.MMCSD_halSetBusFreq)
                  7000994e    0000008c                                                 : uart_v0.obj (.text.UART_procLineStatusErr)
                  700099da    00000006     --HOLE-- [fill = 0]
                  700099e0    0000008c     nortos.am243x.r5f.ti-arm-clang.release.lib : printf.obj (.text._ntoa_long)
                  70009a6c    00000004     --HOLE-- [fill = 0]
                  70009a70    0000008a     freertos_fat.am243x.r5f.ti-arm-clang.release.lib : ff_dir.obj (.text.FF_GetEntry)
                  70009afa    00000002     --HOLE-- [fill = 0]
                  70009afc    00000088     drivers.am243x.r5f.ti-arm-clang.release.lib : uart_v0.obj (.text.UART_init)
                  70009b84    0000000c     --HOLE-- [fill = 0]
                  70009b90    00000086     freertos_fat.am243x.r5f.ti-arm-clang.release.lib : ff_ioman.obj (.text.FF_BlockRead)
                  70009c16    0000000a     --HOLE-- [fill = 0]
                  70009c20    00000086                                                      : ff_ioman.obj (.text.FF_BlockWrite)
                  70009ca6    00000084     drivers.am243x.r5f.ti-arm-clang.release.lib : mmcsd_priv.obj (.text.MMCSD_parseCSDSd)
                  70009d2a    00000084                                                 : mmcsd_priv.obj (.text.MMCSD_parseECSDEmmc)
                  70009dae    00000002     --HOLE-- [fill = 0]
                  70009db0    00000084                                                 : sciclient.obj (.text.Sciclient_sendMessage)
                  70009e34    0000000c     --HOLE-- [fill = 0]
                  70009e40    00000082     freertos_fat.am243x.r5f.ti-arm-clang.release.lib : ff_dir.obj (.text.FF_Traverse)
                  70009ec2    0000007a     drivers.am243x.r5f.ti-arm-clang.release.lib : sciclient_pm.obj (.text.Sciclient_pmGetModuleClkNumParent)
                  70009f3c    0000007a                                                 : sciclient_procboot.obj (.text.Sciclient_procBootWaitProcessorState)
                  70009fb6    00000002     --HOLE-- [fill = 0]
                  70009fb8    00000078                                                 : bootloader_soc.obj (.text.Bootloader_socOpenFirewallRegion)
                  7000a030    00000078                                                 : mmcsd_v0.obj (.text.MMCSD_init)
                  7000a0a8    00000078                                                 : mmcsd_priv.obj (.text.MMCSD_parseCIDEmmc)
                  7000a120    00000078                                                 : mmcsd_v0.obj (.text.MMCSD_phyInit)
                  7000a198    00000078     libc.a : snprintf.c.obj (.text.snprintf)
                  7000a210    00000076     drivers.am243x.r5f.ti-arm-clang.release.lib : mmcsd_v0.obj (.text.MMCSD_isReadyForTransfer)
                  7000a286    00000002     --HOLE-- [fill = 0]
                  7000a288    00000074                                                 : bootloader_soc.obj (.text.Bootloader_socCpuSetEntryPoint)
                  7000a2fc    00000070                                                 : bootloader_soc.obj (.text.Bootloader_socCpuSetClock)
                  7000a36c    00000070                                                 : bootloader_soc.obj (.text.Bootloader_socOpenFirewalls)
                  7000a3dc    00000070     libc.a : atoi.c.obj (.text.atoi)
                  7000a44c    0000006e     drivers.am243x.r5f.ti-arm-clang.release.lib : sciclient_pm.obj (.text.Sciclient_pmGetModuleState)
                  7000a4ba    00000006     --HOLE-- [fill = 0]
                  7000a4c0    0000006e     freertos_fat.am243x.r5f.ti-arm-clang.release.lib : ff_ioman.obj (.text.prvDetermineFatType)
                  7000a52e    00000002     --HOLE-- [fill = 0]
                  7000a530    0000006c     nortos.am243x.r5f.ti-arm-clang.release.lib : ClockP_nortos.obj (.text.ClockP_timerTickIsr)
                  7000a59c    0000006c     drivers.am243x.r5f.ti-arm-clang.release.lib : soc.obj (.text.SOC_moduleClockEnable)
                  7000a608    0000006c                                                 : sciclient.obj (.text.Sciclient_init)
                  7000a674    0000000c     --HOLE-- [fill = 0]
                  7000a680    0000006a     freertos_fat.am243x.r5f.ti-arm-clang.release.lib : ff_file.obj (.text.FF_SetCluster)
                  7000a6ea    00000006     --HOLE-- [fill = 0]
                  7000a6f0    00000068     nortos.am243x.r5f.ti-arm-clang.release.lib : AddrTranslateP.obj (.text.AddrTranslateP_getLocalAddr)
                  7000a758    00000068     drivers.am243x.r5f.ti-arm-clang.release.lib : bootloader_soc.obj (.text.Bootloader_socCpuPowerOnResetA53)
                  7000a7c0    00000068                                                 : lpddr4.obj (.text.LPDDR4_Start)
                  7000a828    00000068                                                 : mmcsd_priv.obj (.text.MMCSD_parseCIDSd)
                  7000a890    00000066                                                 : sciclient_pm.obj (.text.Sciclient_pmGetModuleClkFreq)
                  7000a8f6    00000066                                                 : sciclient_pm.obj (.text.Sciclient_pmGetModuleClkParent)
                  7000a95c    00000004     --HOLE-- [fill = 0]
                  7000a960    00000064     freertos_fat.am243x.r5f.ti-arm-clang.release.lib : ff_file.obj (.text.FF_GetModeBits)
                  7000a9c4    0000000c     --HOLE-- [fill = 0]
                  7000a9d0    00000064                                                      : ff_file.obj (.text.FF_GetSequentialClusters)
                  7000aa34    0000000c     --HOLE-- [fill = 0]
                  7000aa40    00000064                                                      : ff_string.obj (.text.FF_strmatch)
                  7000aaa4    00000064     drivers.am243x.r5f.ti-arm-clang.release.lib : sciclient_pm.obj (.text.Sciclient_pmModuleGetClkStatus)
                  7000ab08    00000008     --HOLE-- [fill = 0]
                  7000ab10    00000062     freertos_fat.am243x.r5f.ti-arm-clang.release.lib : ff_fat.obj (.text.prvGetFromFATBuffers)
                  7000ab72    00000002     --HOLE-- [fill = 0]
                  7000ab74    00000060     libc.a : memory.c.obj (.text.calloc)
                  7000abd4    0000005e     drivers.am243x.r5f.ti-arm-clang.release.lib : sciclient_pm.obj (.text.Sciclient_pmSetModuleClkParent)
                  7000ac32    00000002     --HOLE-- [fill = 0]
                  7000ac34    0000005c                                                 : bootloader_soc.obj (.text.Bootloader_socCpuGetClock)
                  7000ac90    0000005c                                                 : bootloader_soc.obj (.text.Bootloader_socCpuRelease)
                  7000acec    0000005c                                                 : bootloader_soc.obj (.text.Bootloader_socCpuRequest)
                  7000ad48    00000008     --HOLE-- [fill = 0]
                  7000ad50    0000005c     ti_drivers_open_close.obj (.text.Drivers_ffOpen)
                  7000adac    0000005c     drivers.am243x.r5f.ti-arm-clang.release.lib : uart_v0.obj (.text.UART_writeCancelNoCB)
                  7000ae08    00000008     --HOLE-- [fill = 0]
                  7000ae10    0000005c     nortos.am243x.r5f.ti-arm-clang.release.lib : DebugP_log.obj (.text._DebugP_assert)
                  7000ae6c    0000005a     drivers.am243x.r5f.ti-arm-clang.release.lib : sciclient_pm.obj (.text.Sciclient_pmModuleClkRequest)
                  7000aec6    00000002     --HOLE-- [fill = 0]
                  7000aec8    00000058                                                 : bootloader.obj (.text.Bootloader_runCpu)
                  7000af20    00000058                                                 : sciclient_procboot.obj (.text.Sciclient_procBootSetSequenceCtrl)
                  7000af78    00000058     libc.a : snprintf.c.obj (.text._outs)
                  7000afd0    00000056     freertos_fat.am243x.r5f.ti-arm-clang.release.lib : ff_fat.obj (.text.FF_FindEndOfChain)
                  7000b026    0000000a     --HOLE-- [fill = 0]
                  7000b030    00000056                                                      : ff_mmcsd.obj (.text.prvReadMmcsd)
                  7000b086    0000000a     --HOLE-- [fill = 0]
                  7000b090    00000056                                                      : ff_mmcsd.obj (.text.prvWriteMmcsd)
                  7000b0e6    0000000a     --HOLE-- [fill = 0]
                  7000b0f0    00000054                                                      : ff_ioman.obj (.text.FF_ReleaseBuffer)
                  7000b144    00000052     drivers.am243x.r5f.ti-arm-clang.release.lib : mmcsd_v0.obj (.text.MMCSD_halSendCommand)
                  7000b196    00000052                                                 : sciclient_pm.obj (.text.Sciclient_pmSetModuleState)
                  7000b1e8    00000052                                                 : uart_v0.obj (.text.UART_intrDisable)
                  7000b23a    00000052                                                 : uart_v0.obj (.text.UART_readData)
                  7000b28c    00000004     --HOLE-- [fill = 0]
                  7000b290    00000050     nortos.am243x.r5f.ti-arm-clang.release.lib : ClockP_nortos.obj (.text.ClockP_addToList)
                  7000b2e0    00000050                                                : ClockP_nortos.obj (.text.ClockP_construct)
                  7000b330    00000050     drivers.am243x.r5f.ti-arm-clang.release.lib : mmcsd_v0.obj (.text.MMCSD_close)
                  7000b380    00000050                                                 : mmcsd_v0.obj (.text.MMCSD_cmdStatusPollingFxn)
                  7000b3d0    00000050                                                 : mmcsd_v0.obj (.text.MMCSD_halSetBusWidth)
                  7000b420    00000050                                                 : sciclient_soc_priv.obj (.text.Sciclient_getContext)
                  7000b470    00000050                                                 : sciclient.obj (.text.Sciclient_waitForBootNotification)
                  7000b4c0    00000050     libc.a : autoinit.c.obj (.text:__TI_auto_init_nobinit_nopinit)
                  7000b510    0000004e     freertos_fat.am243x.r5f.ti-arm-clang.release.lib : ff_dir.obj (.text.FF_InitEntryFetch)
                  7000b55e    00000002     --HOLE-- [fill = 0]
                  7000b560    0000004e                                                      : ff_ioman.obj (.text.FF_ReadParts)
                  7000b5ae    0000004e     drivers.am243x.r5f.ti-arm-clang.release.lib : sciclient_procboot.obj (.text.Sciclient_procBootReleaseProcessor)
                  7000b5fc    0000004c                                                 : bootloader_soc.obj (.text.Bootloader_socInitR5FAtcmBtcm)
                  7000b648    00000008     --HOLE-- [fill = 0]
                  7000b650    0000004c     nortos.am243x.r5f.ti-arm-clang.release.lib : ClockP_nortos.obj (.text.ClockP_getTimeUsec)
                  7000b69c    00000004     --HOLE-- [fill = 0]
                  7000b6a0    0000004c     ti_drivers_open_close.obj (.text.Drivers_mmcsdOpen)
                  7000b6ec    00000004     --HOLE-- [fill = 0]
                  7000b6f0    0000004c     ti_drivers_open_close.obj (.text.Drivers_uartOpen)
                  7000b73c    0000004c     drivers.am243x.r5f.ti-arm-clang.release.lib : uart_dma.obj (.text.UART_dmaDisableChannel)
                  7000b788    00000008     --HOLE-- [fill = 0]
                  7000b790    00000048     freertos_fat.am243x.r5f.ti-arm-clang.release.lib : ff_file.obj (.text.FF_CheckValid)
                  7000b7d8    00000048     drivers.am243x.r5f.ti-arm-clang.release.lib : uart_dma.obj (.text.UART_dmaClose)
                  7000b820    00000048     freertos_fat.am243x.r5f.ti-arm-clang.release.lib : ff_stdio.obj (.text.ff_fopen)
                  7000b868    00000048     libc.a : memccpy.c.obj (.text.memccpy)
                  7000b8b0    00000046     drivers.am243x.r5f.ti-arm-clang.release.lib : sciclient_pm.obj (.text.Sciclient_pmSetModuleRst_flags)
                  7000b8f6    00000046                                                 : sciclient_procboot.obj (.text.Sciclient_procBootGetProcessorState)
                  7000b93c    00000044                                                 : bootloader.obj (.text.Bootloader_findSeq)
                  7000b980    00000044                                                 : bootloader.obj (.text.Bootloader_loadCpu)
                  7000b9c4    00000044                                                 : sciclient_pm.obj (.text.Sciclient_pmSetModuleRst)
                  7000ba08    00000044                                                 : sciclient_procboot.obj (.text.Sciclient_procBootRequestProcessor)
                  7000ba4c    00000042                                                 : sciclient_procboot.obj (.text.Sciclient_procBootAuthAndStart)
                  7000ba8e    00000002     --HOLE-- [fill = 0]
                  7000ba90    00000040     nortos.am243x.r5f.ti-arm-clang.release.lib : ClockP_nortos.obj (.text.ClockP_stop)
                  7000bad0    00000040     drivers.am243x.r5f.ti-arm-clang.release.lib : mmcsd_priv.obj (.text.MMCSD_parseCSDEmmc)
                  7000bb10    00000040                                                 : sciclient_firewall.obj (.text.Sciclient_firewallChangeOwnerInfo)
                  7000bb50    00000040                                                 : sciclient_firewall.obj (.text.Sciclient_firewallSetRegion)
                  7000bb90    00000040     nortos.am243x.r5f.ti-arm-clang.release.lib : SemaphoreP_nortos.obj (.text.SemaphoreP_constructBinary)
                  7000bbd0    00000040     libc.a : memory.c.obj (.text.free_list_insert)
                  7000bc10    0000003e     drivers.am243x.r5f.ti-arm-clang.release.lib : lpddr4.obj (.text.LPDDR4_ReadReg)
                  7000bc4e    0000003e                                                 : sciclient_procboot.obj (.text.Sciclient_procBootSetProcessorCfg)
                  7000bc8c    00000004     --HOLE-- [fill = 0]
                  7000bc90    0000003e     nortos.am243x.r5f.ti-arm-clang.release.lib : SemaphoreP_nortos.obj (.text.SemaphoreP_constructMutex)
                  7000bcce    00000002     --HOLE-- [fill = 0]
                  7000bcd0    0000003c     drivers.am243x.r5f.ti-arm-clang.release.lib : bootloader.obj (.text.Bootloader_open)
                  7000bd0c    0000003c                                                 : ddr_soc.obj (.text.DDR_socEnableVttRegulator)
                  7000bd48    00000008     --HOLE-- [fill = 0]
                  7000bd50    0000003c     freertos_fat.am243x.r5f.ti-arm-clang.release.lib : ff_fat.obj (.text.FF_CreateClusterChain)
                  7000bd8c    0000003c     drivers.am243x.r5f.ti-arm-clang.release.lib : mmcsd_v0.obj (.text.MMCSD_halBusPower)
                  7000bdc8    00000008     --HOLE-- [fill = 0]
                  7000bdd0    0000003a     nortos.am243x.r5f.ti-arm-clang.release.lib : ClockP_nortos.obj (.text.ClockP_destruct)
                  7000be0a    00000006     --HOLE-- [fill = 0]
                  7000be10    0000003a                                                : DebugP_uartLogWriter.obj (.text.DebugP_uartLogWriterPutChar)
                  7000be4a    00000006     --HOLE-- [fill = 0]
                  7000be50    0000003a     ti_dpl_config.obj (.text.Dpl_init)
                  7000be8a    00000006     --HOLE-- [fill = 0]
                  7000be90    0000003a     freertos_fat.am243x.r5f.ti-arm-clang.release.lib : ff_ioman.obj (.text.FF_DeleteIOManager)
                  7000beca    00000006     --HOLE-- [fill = 0]
                  7000bed0    0000003a                                                      : ff_crc.obj (.text.FF_GetCRC16)
                  7000bf0a    00000006     --HOLE-- [fill = 0]
                  7000bf10    0000003a                                                      : ff_fat.obj (.text.FF_ReleaseFATBuffers)
                  7000bf4a    0000003a     drivers.am243x.r5f.ti-arm-clang.release.lib : lpddr4.obj (.text.LPDDR4_WritePhyConfig)
                  7000bf84    0000003a                                                 : mmcsd_v0.obj (.text.MMCSD_halSoftReset)
                  7000bfbe    0000003a                                                 : mmcsd_v0.obj (.text.MMCSD_sendCmd23)
                  7000bff8    00000038                                                 : bootloader.obj (.text.Bootloader_getX509CertLen)
                  7000c030    00000038                                                 : bootloader_soc.obj (.text.Bootloader_socTranslateSectionAddr)
                  7000c068    00000008     --HOLE-- [fill = 0]
                  7000c070    00000038     ti_drivers_open_close.obj (.text.Drivers_close)
                  7000c0a8    00000038     drivers.am243x.r5f.ti-arm-clang.release.lib : soc.obj (.text.SOC_controlModuleUnlockMMR)
                  7000c0e0    00000038                                                 : sciclient.obj (.text.Sciclient_getCurrentContext)
                  7000c118    00000038                                                 : uart_dma.obj (.text.UART_dmaOpen)
                  7000c150    00000038     nortos.am243x.r5f.ti-arm-clang.release.lib : DebugP_nortos.obj (.text._DebugP_logZone)
                  7000c188    00000008     --HOLE-- [fill = 0]
                  7000c190    00000036     freertos_fat.am243x.r5f.ti-arm-clang.release.lib : ff_fat.obj (.text.FF_getMinorBlockEntry)
                  7000c1c6    00000036     drivers.am243x.r5f.ti-arm-clang.release.lib : lpddr4.obj (.text.LPDDR4_WritePhyIndepConfig)
                  7000c1fc    00000004     --HOLE-- [fill = 0]
                  7000c200    00000036     ti_power_clock_config.obj (.text.Module_clockSetFrequency)
                  7000c236    0000000a     --HOLE-- [fill = 0]
                  7000c240    00000036     ti_drivers_config.obj (.text.System_init)
                  7000c276    00000002     --HOLE-- [fill = 0]
                  7000c278    00000034     drivers.am243x.r5f.ti-arm-clang.release.lib : bootloader_soc.obj (.text.Bootloader_socMemInitCpu)
                  7000c2ac    00000004     --HOLE-- [fill = 0]
                  7000c2b0    00000034     nortos.am243x.r5f.ti-arm-clang.release.lib : ClockP_nortos.obj (.text.ClockP_start)
                  7000c2e4    00000034     drivers.am243x.r5f.ti-arm-clang.release.lib : lpddr4_16bit.obj (.text.LPDDR4_EnablePIInitiator)
                  7000c318    00000034                                                 : soc.obj (.text.SOC_generateSwWarmResetMcuDomain)
                  7000c34c    00000034     libc.a : memory.c.obj (.text.free_list_remove)
                  7000c380    00000032     nortos.am243x.r5f.ti-arm-clang.release.lib : ClockP_nortos.obj (.text.ClockP_usleep)
                  7000c3b2    0000000e     --HOLE-- [fill = 0]
                  7000c3c0    00000032     freertos_fat.am243x.r5f.ti-arm-clang.release.lib : ff_file.obj (.text.FF_FileLBA)
                  7000c3f2    0000000e     --HOLE-- [fill = 0]
                  7000c400    00000032                                                      : ff_fat.obj (.text.FF_getMinorBlockNumber)
                  7000c432    0000000e     --HOLE-- [fill = 0]
                  7000c440    00000032     nortos.am243x.r5f.ti-arm-clang.release.lib : SemaphoreP_nortos.obj (.text.SemaphoreP_post)
                  7000c472    0000000e     --HOLE-- [fill = 0]
                  7000c480    00000032     freertos_fat.am243x.r5f.ti-arm-clang.release.lib : ff_stdio.obj (.text.prvFFErrorToErrno)
                  7000c4b2    00000002     --HOLE-- [fill = 0]
                  7000c4b4    00000030     drivers.am243x.r5f.ti-arm-clang.release.lib : bootloader.obj (.text.Bootloader_BootImageInfo_init)
                  7000c4e4    00000030                                                 : lpddr4.obj (.text.LPDDR4_PollCtlIrq)
                  7000c514    00000030                                                 : lpddr4.obj (.text.LPDDR4_WriteCtlConfig)
                  7000c544    00000030     libc.a : snprintf.c.obj (.text._outc)
                  7000c574    00000030     nortos.am243x.r5f.ti-arm-clang.release.lib : PmuP_armv7r_asm.obj (.text.pmu)
                  7000c5a4    0000000c     --HOLE-- [fill = 0]
                  7000c5b0    0000002e     freertos_fat.am243x.r5f.ti-arm-clang.release.lib : ff_crc.obj (.text.FF_GetCRC32)
                  7000c5de    0000002e     drivers.am243x.r5f.ti-arm-clang.release.lib : mmcsd_v0.obj (.text.MMCSD_halLinesResetCmd)
                  7000c60c    0000002e                                                 : mmcsd_v0.obj (.text.MMCSD_halLinesResetDat)
                  7000c63a    00000006     --HOLE-- [fill = 0]
                  7000c640    0000002e     ti_power_clock_config.obj (.text.Module_clockDisable)
                  7000c66e    00000002     --HOLE-- [fill = 0]
                  7000c670    0000002e     ti_power_clock_config.obj (.text.Module_clockEnable)
                  7000c69e    0000002e     drivers.am243x.r5f.ti-arm-clang.release.lib : soc.obj (.text.SOC_controlModuleLockMMR)
                  7000c6cc    0000002c                                                 : bootloader_profile.obj (.text.Bootloader_profileReset)
                  7000c6f8    0000002c                                                 : ddr.obj (.text.DDR_setFreq)
                  7000c724    0000002c                                                 : mmcsd_v0.obj (.text.MMCSD_getHandle)
                  7000c750    0000002c                                                 : mmcsd_v0.obj (.text.MMCSD_halCmdResponseGet)
                  7000c77c    0000002c                                                 : soc.obj (.text.SOC_clearResetCauseMainMcuDomain)
                  7000c7a8    0000002c                                                 : uart_v0.obj (.text.UART_getHandle)
                  7000c7d4    00000028                                                 : bootloader_soc.obj (.text.Bootloader_socCpuPowerOnReset)
                  7000c7fc    00000004     --HOLE-- [fill = 0]
                  7000c800    00000028     nortos.am243x.r5f.ti-arm-clang.release.lib : ClockP_nortos.obj (.text.ClockP_sleepTicks)
                  7000c828    00000028     drivers.am243x.r5f.ti-arm-clang.release.lib : bootloader_mem.obj (.text.Mem_imgRead)
                  7000c850    00000028                                                 : soc.obj (.text.SOC_getWarmResetCauseMcuDomain)
                  7000c878    00000008     --HOLE-- [fill = 0]
                  7000c880    00000028     freertos_fat.am243x.r5f.ti-arm-clang.release.lib : ff_stdio.obj (.text.ff_filelength)
                  7000c8a8    00000008     --HOLE-- [fill = 0]
                  7000c8b0    00000028                                                      : ff_stdio.obj (.text.ff_fread)
                  7000c8d8    00000026     drivers.am243x.r5f.ti-arm-clang.release.lib : bootloader.obj (.text.Bootloader_rprcImageParseEntryPoint)
                  7000c8fe    00000002     --HOLE-- [fill = 0]
                  7000c900    00000026     freertos_fat.am243x.r5f.ti-arm-clang.release.lib : ff_file.obj (.text.FF_GetFileSize)
                  7000c926    0000000a     --HOLE-- [fill = 0]
                  7000c930    00000026                                                      : ff_string.obj (.text.FF_tolower)
                  7000c956    00000026     drivers.am243x.r5f.ti-arm-clang.release.lib : mmcsd_priv.obj (.text.MMCSD_parseSCRSd)
                  7000c97c    00000004     --HOLE-- [fill = 0]
                  7000c980    00000026     freertos_fat.am243x.r5f.ti-arm-clang.release.lib : ff_stdio.obj (.text.ff_fclose)
                  7000c9a6    00000002     --HOLE-- [fill = 0]
                  7000c9a8    00000024     drivers.am243x.r5f.ti-arm-clang.release.lib : bootloader_profile.obj (.text.Bootloader_profileAddProfilePoint)
                  7000c9cc    00000024                                                 : mmcsd_v0.obj (.text.MMCSD_halNormalIntrStatusDisable)
                  7000c9f0    00000024                                                 : mmcsd_v0.obj (.text.MMCSD_halNormalSigIntrDisable)
                  7000ca14    0000000c     --HOLE-- [fill = 0]
                  7000ca20    00000024     ti_drivers_config.obj (.text.System_deinit)
                  7000ca44    0000000c     --HOLE-- [fill = 0]
                  7000ca50    00000024     nortos.am243x.r5f.ti-arm-clang.release.lib : PmuP_armv7r.obj (.text.pmu)
                  7000ca74    0000000c     --HOLE-- [fill = 0]
                  7000ca80    00000024                                                : printf.obj (.text.vprintf_)
                  7000caa4    00000024     libclang_rt.builtins.a : aeabi_uldivmod.S.obj (.text)
                  7000cac8    00000022     drivers.am243x.r5f.ti-arm-clang.release.lib : mmcsd_v0.obj (.text.MMCSD_halErrorIntrStatusEnable)
                  7000caea    00000022                                                 : mmcsd_v0.obj (.text.MMCSD_halErrorSigIntrEnable)
                  7000cb0c    00000022                                                 : mmcsd_v0.obj (.text.MMCSD_halNormalIntrStatusEnable)
                  7000cb2e    00000022                                                 : mmcsd_v0.obj (.text.MMCSD_halNormalSigIntrEnable)
                  7000cb50    00000022     ti_pinmux_config.obj (.text.Pinmux_init)
                  7000cb72    00000002     --HOLE-- [fill = 0]
                  7000cb74    00000020     drivers.am243x.r5f.ti-arm-clang.release.lib : bootloader.obj (.text.Bootloader_runSelfCpu)
                  7000cb94    0000000c     --HOLE-- [fill = 0]
                  7000cba0    00000020     nortos.am243x.r5f.ti-arm-clang.release.lib : DebugP_log.obj (.text.DebugP_logZoneEnable)
                  7000cbc0    00000020     drivers.am243x.r5f.ti-arm-clang.release.lib : sciclient.obj (.text.Sciclient_secProxyWaitThread)
                  7000cbe0    00000020     nortos.am243x.r5f.ti-arm-clang.release.lib : TimerP.obj (.text.TimerP_Params_init)
                  7000cc00    00000020     drivers.am243x.r5f.ti-arm-clang.release.lib : uart_v0.obj (.text.UART_getChar)
                  7000cc20    00000020     libc.a : wcslen.c.obj (.text.wcslen)
                  7000cc40    0000001e     freertos_fat.am243x.r5f.ti-arm-clang.release.lib : ff_mmcsd.obj (.text.FF_MMCSDDiskDelete)
                  7000cc5e    00000002     --HOLE-- [fill = 0]
                  7000cc60    0000001e                                                      : ff_fat.obj (.text.FF_getMajorBlockNumber)
                  7000cc7e    0000001e     drivers.am243x.r5f.ti-arm-clang.release.lib : lpddr4.obj (.text.LPDDR4_Init)
                  7000cc9c    0000001e                                                 : mmcsd_v0.obj (.text.MMCSD_halIsClockStable)
                  7000ccba    0000001e                                                 : soc.obj (.text.SOC_getSelfCpuClk)
                  7000ccd8    0000001c                                                 : bootloader_soc.obj (.text.Bootloader_socCpuGetClkDefault)
                  7000ccf4    0000001c                                                 : bootloader_soc.obj (.text.Bootloader_socGetCoreName)
                  7000cd10    0000001c                                                 : bootloader_soc.obj (.text.Bootloader_socIsAuthRequired)
                  7000cd2c    0000001c                                                 : bootloader_soc.obj (.text.Bootloader_socResetWorkaround)
                  7000cd48    0000001c                                                 : bootloader_soc.obj (.text.Bootloader_socRprcToCslCoreId)
                  7000cd64    0000001c                                                 : bootloader_mem.obj (.text.Mem_imgOpen)
                  7000cd80    0000001c     nortos.am243x.r5f.ti-arm-clang.release.lib : boot_armv7r.obj (.text._system_pre_init)
                  7000cd9c    0000001c     libc.a : _printfi.c.obj (.text.strlen)
                  7000cdb8    0000001c     libsysbm.a : memcpy32.S.obj (.text:TI_memcpy_small)
                  7000cdd4    0000001c     libclang_rt.builtins.a : aeabi_memset.S.obj (.text)
                  7000cdf0    0000001a     freertos_fat.am243x.r5f.ti-arm-clang.release.lib : ff_fat.obj (.text.FF_Cluster2LBA)
                  7000ce0a    0000001a     drivers.am243x.r5f.ti-arm-clang.release.lib : mmcsd_v0.obj (.text.MMCSD_halSetUHSMode)
                  7000ce24    0000001a                                                 : uart_v0.obj (.text.UART_enhanFuncEnable)
                  7000ce3e    0000001a                                                 : uart_dma.obj (.text.UART_writeInterruptDma)
                  7000ce58    00000018                                                 : bootloader_profile.obj (.text.Bootloader_profileAddCore)
                  7000ce70    00000018                                                 : sciclient.obj (.text.CSL_secProxyGetMaxMsgSize)
                  7000ce88    00000018                                                 : mmcsd_v0.obj (.text.MMCSD_deinit)
                  7000cea0    00000018                                                 : soc.obj (.text.SOC_getCoreName)
                  7000ceb8    00000018                                                 : sciclient.obj (.text.Sciclient_secProxyReadThread32)
                  7000ced0    00000018                                                 : uart_v0.obj (.text.UART_deinit)
                  7000cee8    00000018     libsysbm.a : memset32.S.obj (.text:TI_memset_small)
                  7000cf00    00000016     drivers.am243x.r5f.ti-arm-clang.release.lib : bootloader_soc.obj (.text.Bootloader_socAuthImage)
                  7000cf16    00000002     --HOLE-- [fill = 0]
                  7000cf18    00000014                                                 : sciclient_soc_priv.obj (.text.Sciclient_getDevId)
                  7000cf2c    00000014                                                 : uart_v0.obj (.text.UART_enhanFuncBitValRestore)
                  7000cf40    00000012     ti_drivers_open_close.obj (.text.Drivers_open)
                  7000cf52    0000000e     --HOLE-- [fill = 0]
                  7000cf60    00000012     freertos_fat.am243x.r5f.ti-arm-clang.release.lib : ff_fat.obj (.text.FF_getClusterChainNumber)
                  7000cf72    00000012     drivers.am243x.r5f.ti-arm-clang.release.lib : mmcsd_v0.obj (.text.MMCSD_getBlockCount)
                  7000cf84    0000000c     --HOLE-- [fill = 0]
                  7000cf90    00000012     nortos.am243x.r5f.ti-arm-clang.release.lib : TimerP.obj (.text.TimerP_clearOverflowInt)
                  7000cfa2    00000012     drivers.am243x.r5f.ti-arm-clang.release.lib : uart_v0.obj (.text.UART_readLineStatus)
                  7000cfb4    00000010                                                 : bootloader.obj (.text.Bootloader_close)
                  7000cfc4    00000010                                                 : bootloader.obj (.text.Bootloader_isCorePresent)
                  7000cfd4    0000000c     --HOLE-- [fill = 0]
                  7000cfe0    00000010     freertos_fat.am243x.r5f.ti-arm-clang.release.lib : ff_string.obj (.text.FF_GetUtf16SequenceLen)
                  7000cff0    00000010     drivers.am243x.r5f.ti-arm-clang.release.lib : lpddr4.obj (.text.LPDDR4_Probe)
                  7000d000    0000000e     ti_power_clock_config.obj (.text.PowerClock_init)
                  7000d00e    00000002     --HOLE-- [fill = 0]
                  7000d010    0000000c     nortos.am243x.r5f.ti-arm-clang.release.lib : ClockP_nortos.obj (.text.ClockP_getTicks)
                  7000d01c    00000004     --HOLE-- [fill = 0]
                  7000d020    0000000c                                                : DebugP_uartLogWriter.obj (.text.DebugP_uartSetDrvIndex)
                  7000d02c    00000004     --HOLE-- [fill = 0]
                  7000d030    0000000a                                                : ClockP_nortos.obj (.text.ClockP_Params_init)
                  7000d03a    00000006     --HOLE-- [fill = 0]
                  7000d040    0000000a                                                : ClockP_nortos.obj (.text.ClockP_isActive)
                  7000d04a    00000006     --HOLE-- [fill = 0]
                  7000d050    0000000a                                                : TimerP.obj (.text.TimerP_start)
                  7000d05a    00000006     --HOLE-- [fill = 0]
                  7000d060    00000008                                                : printf.obj (.text._out_char)
                  7000d068    00000008     --HOLE-- [fill = 0]
                  7000d070    00000004     ti_board_open_close.obj (.text.Board_driversOpen)
                  7000d074    0000000c     --HOLE-- [fill = 0]
                  7000d080    00000004     nortos.am243x.r5f.ti-arm-clang.release.lib : ClockP_nortos_r5.obj (.text.ClockP_getTimerCount)
                  7000d084    0000000c     --HOLE-- [fill = 0]
                  7000d090    00000004                                                : ClockP_nortos_r5.obj (.text.ClockP_timerClearOverflowInt)
                  7000d094    0000000c     --HOLE-- [fill = 0]
                  7000d0a0    00000004     freertos_fat.am243x.r5f.ti-arm-clang.release.lib : portable.obj (.text.FF_BufferWait)
                  7000d0a4    0000000c     --HOLE-- [fill = 0]
                  7000d0b0    00000004                                                      : portable.obj (.text.FF_CreateEvents)
                  7000d0b4    0000000c     --HOLE-- [fill = 0]
                  7000d0c0    00000004                                                      : portable.obj (.text.FF_Has_Lock)
                  7000d0c4    0000000c     --HOLE-- [fill = 0]
                  7000d0d0    00000004                                                      : ff_memory.obj (.text.FF_getChar)
                  7000d0d4    0000000c     --HOLE-- [fill = 0]
                  7000d0e0    00000004                                                      : ff_memory.obj (.text.FF_getLong)
                  7000d0e4    0000000c     --HOLE-- [fill = 0]
                  7000d0f0    00000004                                                      : ff_memory.obj (.text.FF_getShort)
                  7000d0f4    0000000c     --HOLE-- [fill = 0]
                  7000d100    00000004                                                      : ff_memory.obj (.text.FF_putChar)
                  7000d104    0000000c     --HOLE-- [fill = 0]
                  7000d110    00000004                                                      : ff_memory.obj (.text.FF_putLong)
                  7000d114    0000000c     --HOLE-- [fill = 0]
                  7000d120    00000004                                                      : ff_memory.obj (.text.FF_putShort)
                  7000d124    0000000c     --HOLE-- [fill = 0]
                  7000d130    00000004     ti_power_clock_config.obj (.text.PowerClock_deinit)
                  7000d134    0000000c     --HOLE-- [fill = 0]
                  7000d140    00000004     nortos.am243x.r5f.ti-arm-clang.release.lib : TimerP.obj (.text.TimerP_getCount)
                  7000d144    0000000c     --HOLE-- [fill = 0]
                  7000d150    00000004                                                : TimerP.obj (.text.TimerP_getReloadCount)
                  7000d154    0000000c     --HOLE-- [fill = 0]
                  7000d160    00000004     libclang_rt.builtins.a : aeabi_div0.c.obj (.text.__aeabi_idiv0)
                  7000d164    0000000c     --HOLE-- [fill = 0]
                  7000d170    00000004                            : aeabi_div0.c.obj (.text.__aeabi_ldiv0)
                  7000d174    0000000c     --HOLE-- [fill = 0]
                  7000d180    00000004     ti_dpl_config.obj (.text.putchar_)
                  7000d184    0000000c     --HOLE-- [fill = 0]
                  7000d190    00000004     freertos_fat.am243x.r5f.ti-arm-clang.release.lib : portable.obj (.text.vTaskSetThreadLocalStoragePointer)
                  7000d194    0000000c     --HOLE-- [fill = 0]
                  7000d1a0    00000002     ti_dpl_config.obj (.text.Dpl_deinit)
                  7000d1a2    0000000e     --HOLE-- [fill = 0]
                  7000d1b0    00000002     freertos_fat.am243x.r5f.ti-arm-clang.release.lib : portable.obj (.text.FF_Assert_Lock)
                  7000d1b2    0000000e     --HOLE-- [fill = 0]
                  7000d1c0    00000002                                                      : portable.obj (.text.FF_BufferProceed)
                  7000d1c2    0000000e     --HOLE-- [fill = 0]
                  7000d1d0    00000002                                                      : portable.obj (.text.FF_DeleteEvents)
                  7000d1d2    0000000e     --HOLE-- [fill = 0]
                  7000d1e0    00000002                                                      : portable.obj (.text.FF_LockDirectory)
                  7000d1e2    0000000e     --HOLE-- [fill = 0]
                  7000d1f0    00000002                                                      : portable.obj (.text.FF_LockFAT)
                  7000d1f2    0000000e     --HOLE-- [fill = 0]
                  7000d200    00000002                                                      : portable.obj (.text.FF_PendSemaphore)
                  7000d202    0000000e     --HOLE-- [fill = 0]
                  7000d210    00000002                                                      : portable.obj (.text.FF_ReleaseSemaphore)
                  7000d212    0000000e     --HOLE-- [fill = 0]
                  7000d220    00000002                                                      : portable.obj (.text.FF_Sleep)
                  7000d222    0000000e     --HOLE-- [fill = 0]
                  7000d230    00000002                                                      : portable.obj (.text.FF_UnlockDirectory)
                  7000d232    0000000e     --HOLE-- [fill = 0]
                  7000d240    00000002                                                      : portable.obj (.text.FF_UnlockFAT)
                  7000d242    0000000e     --HOLE-- [fill = 0]
                  7000d250    00000002     nortos.am243x.r5f.ti-arm-clang.release.lib : SemaphoreP_nortos.obj (.text.SemaphoreP_destruct)
                  7000d252    0000000e     --HOLE-- [fill = 0]
                  7000d260    00000002                                                : TaskP_nortos.obj (.text.TaskP_yield)
                  7000d262    0000000e     --HOLE-- [fill = 0]
                  7000d270    00000002                                                : printf.obj (.text._out_null)
                  7000d272    0000000e     --HOLE-- [fill = 0]
                  7000d280    00000002     freertos_fat.am243x.r5f.ti-arm-clang.release.lib : portable.obj (.text.vTaskSuspendAll)
                  7000d282    0000000e     --HOLE-- [fill = 0]
                  7000d290    00000002                                                      : portable.obj (.text.xTaskResumeAll)
                  7000d292    0000000e     --HOLE-- [fill = 0]

.text.hwi 
*          0    7000d2a0    00000790     
                  7000d2a0    00000452     nortos.am243x.r5f.ti-arm-clang.release.lib : HwiP_armv7r_vim.obj (.text.hwi)
                  7000d6f2    00000002     --HOLE-- [fill = 0]
                  7000d6f4    00000008                                                : HwiP_armv7r_asm.obj (.tramp.HwiP_enableFIQ.1)
                  7000d6fc    00000004     --HOLE-- [fill = 0]
                  7000d700    0000023e                                                : HwiP_armv7r_handlers_nortos.obj (.text.hwi)
                  7000d93e    00000002     --HOLE-- [fill = 0]
                  7000d940    00000078                                                : HwiP_armv7r_handlers_nortos_asm.obj (.text.hwi)
                  7000d9b8    00000070                                                : HwiP_armv7r_asm.obj (.text.hwi)
                  7000da28    00000008     --HOLE-- [fill = 0]

.text.cache 
*          0    7000da30    00000460     
                  7000da30    00000340     nortos.am243x.r5f.ti-arm-clang.release.lib : CacheP_armv7r_asm.obj (.text.cache)
                  7000dd70    00000106                                                : CacheP_armv7r.obj (.text.cache)
                  7000de76    00000002     --HOLE-- [fill = 0]
                  7000de78    00000008                                                : CacheP_armv7r_asm.obj (.tramp.CacheP_invL1d.1)
                  7000de80    00000008                                                : HwiP_armv7r_asm.obj (.tramp.HwiP_restore.2)
                  7000de88    00000008                                                : CacheP_armv7r_asm.obj (.tramp.CacheP_enableL1p.1)

.text.mpu 
*          0    7000de90    00000240     
                  7000de90    000001b4     nortos.am243x.r5f.ti-arm-clang.release.lib : MpuP_armv7r.obj (.text.mpu)
                  7000e044    00000078                                                : MpuP_armv7r_asm.obj (.text.mpu)
                  7000e0bc    00000008                                                : MpuP_armv7r_asm.obj (.tramp.MpuP_isEnableAsm.1)
                  7000e0c4    00000008                                                : HwiP_armv7r_asm.obj (.tramp.HwiP_restore.3)
                  7000e0cc    00000004     --HOLE-- [fill = 0]

.text.boot 
*          0    7000e0d0    00000130     
                  7000e0d0    000000fc     nortos.am243x.r5f.ti-arm-clang.release.lib : boot_armv7r_asm.obj (.text.boot)
                  7000e1cc    00000004     --HOLE-- [fill = 0]
                  7000e1d0    0000001e                                                : DebugP_log.obj (.text.boot)
                  7000e1ee    00000002     --HOLE-- [fill = 0]
                  7000e1f0    0000000e     ti_dpl_config.obj (.text.boot)
                  7000e1fe    00000002     --HOLE-- [fill = 0]

.data      0    7000e200    00002378     
                  7000e200    000007ec     ti_drivers_config.obj (.data.DDRSS_phyReg)
                  7000e9ec    0000069c     ti_drivers_config.obj (.data.DDRSS_ctlReg)
                  7000f088    00000564     ti_drivers_config.obj (.data.DDRSS_phyIndepReg)
                  7000f5ec    000003f6     ti_drivers_config.obj (.data.DDRSS_phyRegNum)
                  7000f9e2    0000034e     ti_drivers_config.obj (.data.DDRSS_ctlRegNum)
                  7000fd30    000002b2     ti_drivers_config.obj (.data.DDRSS_phyIndepRegNum)
                  7000ffe2    00000002     --HOLE-- [fill = 0]
                  7000ffe4    000000c4     drivers.am243x.r5f.ti-arm-clang.release.lib : bootloader_soc.obj (.data.gAddrTranslateInfo)
                  700100a8    000000a8                                                 : bootloader_soc.obj (.data.gCoreBootInfo)
                  70010150    0000009c                                                 : mmcsd_v0.obj (.data.gMmcsdDrvObj)
                  700101ec    0000009c                                                 : uart_v0.obj (.data.gUartDrvObj)
                  70010288    00000058     ti_pinmux_config.obj (.data.gPinMuxMainDomainCfg)
                  700102e0    00000054     ti_drivers_open_close.obj (.data.gUartParams)
                  70010334    00000050     ti_dpl_config.obj (.data.gMpuRegionConfig)
                  70010384    0000003c     ti_drivers_config.obj (.data.gMmcsdAttrs)
                  700103c0    00000030     ti_drivers_config.obj (.data.gDdrParams)
                  700103f0    00000024     drivers.am243x.r5f.ti-arm-clang.release.lib : ddr.obj (.data..L_MergedGlobals)
                  70010414    00000024     ti_power_clock_config.obj (.data.gSocModulesClockFrequency)
                  70010438    00000020     drivers.am243x.r5f.ti-arm-clang.release.lib : sciclient_soc_priv.obj (.data.gSciclientSecProxyCfg)
                  70010458    0000001c     ti_drivers_config.obj (.data.gBootloaderConfig)
                  70010474    00000018     drivers.am243x.r5f.ti-arm-clang.release.lib : sciclient.obj (.data..L_MergedGlobals)
                  7001048c    00000014                                                 : bootloader_mem.obj (.data.gBootloaderMemFxns)
                  700104a0    00000014     ti_dpl_config.obj (.data.gClockConfig)
                  700104b4    00000014     drivers.am243x.r5f.ti-arm-clang.release.lib : bootloader_soc.obj (.data.gResMemSection)
                  700104c8    00000014     ti_power_clock_config.obj (.data.gSocModules)
                  700104dc    00000004     libc.a : aeabi_portable.c.obj (.data.__aeabi_errno)
                  700104e0    0000000c     nortos.am243x.r5f.ti-arm-clang.release.lib : AddrTranslateP.obj (.data.gAddrTranslateConfig)
                  700104ec    0000000c     ti_dpl_config.obj (.data.gMpuConfig)
                  700104f8    00000008     ti_drivers_config.obj (.data.gBootloader0Args)
                  70010500    00000008     ti_dpl_config.obj (.data.gCacheConfig)
                  70010508    00000008     ti_drivers_open_close.obj (.data.gFFMmcsdConfig)
                  70010510    00000008     ti_drivers_open_close.obj (.data.gFFPartitionIds)
                  70010518    00000008     ti_drivers_config.obj (.data.gMmcsdConfig)
                  70010520    00000008     ti_drivers_open_close.obj (.data.gMmcsdParams)
                  70010528    00000008     ti_pinmux_config.obj (.data.gPinMuxMcuDomainCfg)
                  70010530    00000008     ti_drivers_config.obj (.data.gUartAttrs)
                  70010538    00000008     ti_drivers_config.obj (.data.gUartConfig)
                  70010540    00000004     libc.a : _lock.c.obj (.data._lock)
                  70010544    00000004            : _lock.c.obj (.data._unlock)
                  70010548    00000004     ti_drivers_config.obj (.data.gBootloaderConfigNum)
                  7001054c    00000004     nortos.am243x.r5f.ti-arm-clang.release.lib : CacheP_armv7r.obj (.data.gCacheL1dCacheLineSize)
                  70010550    00000004                                                : CacheP_armv7r.obj (.data.gCacheL1pCacheLineSize)
                  70010554    00000004                                                : DebugP_log.obj (.data.gDebugLogZone)
                  70010558    00000004                                                : DebugP_uartLogWriter.obj (.data.gDebugP_uartDrvIndex)
                  7001055c    00000004     ti_dpl_config.obj (.data.gHwiConfig)
                  70010560    00000004     ti_drivers_config.obj (.data.gMmcsdConfigNum)
                  70010564    00000004     ti_drivers_config.obj (.data.gUartConfigNum)
                  70010568    00000004     ti_drivers_config.obj (.data.gUartDmaConfigNum)
                  7001056c    00000004     ti_drivers_config.obj (.data.operatingMode)
                  70010570    00000001     libc.a : memory.c.obj (.data.memory_is_initialized)
                  70010571    00000007     --HOLE-- [fill = 0]

.rodata    0    70010580    00001e60     
                  70010580    0000043b     drivers.am243x.r5f.ti-arm-clang.release.lib : bootloader_soc.obj (.rodata.str1.1)
                  700109bb    00000001     --HOLE-- [fill = 0]
                  700109bc    00000400     freertos_fat.am243x.r5f.ti-arm-clang.release.lib : ff_crc.obj (.rodata.crc32_table)
                  70010dbc    000001a2     drivers.am243x.r5f.ti-arm-clang.release.lib : ddr.obj (.rodata.str1.1)
                  70010f5e    00000002     freertos_fat.am243x.r5f.ti-arm-clang.release.lib : ff_sys.obj (.rodata.rootDir)
                  70010f60    000001a0                                                      : ff_stdio.obj (.rodata..Lswitch.table.prvFFErrorToErrno)
                  70011100    00000158     drivers.am243x.r5f.ti-arm-clang.release.lib : bootloader_profile.obj (.rodata.str1.1)
                  70011258    00000135                                                 : uart_v0.obj (.rodata.str1.1)
                  7001138d    00000001     --HOLE-- [fill = 0]
                  7001138e    00000132                                                 : lpddr4_16bit.obj (.rodata.CtlIntMap)
                  700114c0    0000012c                                                 : sciclient_fmwSecureProxyMap.obj (.rodata.gSciclientMap)
                  700115ec    00000119     main.obj (.rodata.str1.1)
                  70011705    00000117     drivers.am243x.r5f.ti-arm-clang.release.lib : bootloader.obj (.rodata.str1.1)
                  7001181c    00000103     nortos.am243x.r5f.ti-arm-clang.release.lib : TimerP.obj (.rodata.str1.1)
                  7001191f    00000001     --HOLE-- [fill = 0]
                  70011920    00000101     libc.a : aeabi_ctype.S.obj (.rodata)
                  70011a21    00000100     freertos_fat.am243x.r5f.ti-arm-clang.release.lib : ff_crc.obj (.rodata.crc16_table_high)
                  70011b21    00000100                                                      : ff_crc.obj (.rodata.crc16_table_low)
                  70011c21    000000da     ti_drivers_open_close.obj (.rodata.str1.1)
                  70011cfb    000000cd     freertos_fat.am243x.r5f.ti-arm-clang.release.lib : ff_ioman.obj (.rodata.str1.1)
                  70011dc8    000000ac     nortos.am243x.r5f.ti-arm-clang.release.lib : ClockP_nortos_r5.obj (.rodata.str1.1)
                  70011e74    000000a9     drivers.am243x.r5f.ti-arm-clang.release.lib : sciclient.obj (.rodata.str1.1)
                  70011f1d    000000a6     freertos_fat.am243x.r5f.ti-arm-clang.release.lib : ff_sys.obj (.rodata.str1.1)
                  70011fc3    0000007b     drivers.am243x.r5f.ti-arm-clang.release.lib : soc.obj (.rodata.str1.1)
                  7001203e    0000006b     nortos.am243x.r5f.ti-arm-clang.release.lib : SemaphoreP_nortos.obj (.rodata.str1.1)
                  700120a9    0000006a     drivers.am243x.r5f.ti-arm-clang.release.lib : mmcsd_v0.obj (.rodata.str1.1)
                  70012113    0000005a     nortos.am243x.r5f.ti-arm-clang.release.lib : ClockP_nortos.obj (.rodata.str1.1)
                  7001216d    00000003     --HOLE-- [fill = 0]
                  70012170    00000050                                                : printf.obj (.rodata._ftoa.pow10)
                  700121c0    0000004b     drivers.am243x.r5f.ti-arm-clang.release.lib : uart_dma.obj (.rodata.str1.1)
                  7001220b    00000001     --HOLE-- [fill = 0]
                  7001220c    00000048                                                 : bootloader_soc.obj (.rodata.gSOC_r5fVectors)
                  70012254    00000037                                                 : mmcsd_priv.obj (.rodata.str1.1)
                  7001228b    00000001     --HOLE-- [fill = 0]
                  7001228c    00000030                                                 : mmcsd_priv.obj (.rodata.gMonths)
                  700122bc    0000002d     nortos.am243x.r5f.ti-arm-clang.release.lib : DebugP_log.obj (.rodata.str1.1)
                  700122e9    00000022     libc.a : _printfi.c.obj (.rodata.str1.1)
                  7001230b    00000001     --HOLE-- [fill = 0]
                  7001230c    00000020     drivers.am243x.r5f.ti-arm-clang.release.lib : soc.obj (.rodata.SOC_getCoreName.coreIdNames)
                  7001232c    00000020                                                 : mmcsd_v0.obj (.rodata.cst32)
                  7001234c    0000001c                                                 : bootloader_soc.obj (.rodata..L__const.Bootloader_socRprcToCslCoreId.rprcCoreIds)
                  70012368    00000018                                                 : sciclient_soc_priv.obj (.rodata..Lswitch.table.Sciclient_getDevId)
                  70012380    00000018     freertos_fat.am243x.r5f.ti-arm-clang.release.lib : ff_dir.obj (.rodata.str1.1)
                  70012398    00000012     nortos.am243x.r5f.ti-arm-clang.release.lib : printf.obj (.rodata.str1.1)
                  700123aa    00000002     --HOLE-- [fill = 0]
                  700123ac    0000000c     drivers.am243x.r5f.ti-arm-clang.release.lib : bootloader_profile.obj (.rodata..Lswitch.table.Bootloader_profilePrintProfileLog)
                  700123b8    0000000b                                                 : bootloader.obj (.rodata..L__const.Bootloader_getMsgLen.boot_seq_oid)
                  700123c3    0000000a     freertos_fat.am243x.r5f.ti-arm-clang.release.lib : ff_dir.obj (.rodata.forbiddenChrs)
                  700123cd    00000006     drivers.am243x.r5f.ti-arm-clang.release.lib : bootloader_soc.obj (.rodata..L__const.Bootloader_socOpenFirewalls.fwlIds)
                  700123d3    0000000d     --HOLE-- [fill = 0]

.sysmem    0    70070000    00008000     UNINITIALIZED
                  70070000    00000010     libc.a : memory.c.obj (.sysmem)
                  70070010    00007ff0     --HOLE--

.stack     0    70078000    00004000     UNINITIALIZED
                  70078000    00000004     nortos.am243x.r5f.ti-arm-clang.release.lib : boot_armv7r_asm.obj (.stack)
                  70078004    00003ffc     --HOLE--

.bss       0    7007c000    00001a80     UNINITIALIZED
                  7007c000    00001008     (.common:gHwiCtrl)
                  7007d008    000003b8     ti_drivers_config.obj (.bss.gMmcsdObjects)
                  7007d3c0    00000280     ti_drivers_config.obj (.bss.gUartObjects)
                  7007d640    00000038     (.common:gClockCtrl)
                  7007d678    00000004     nortos.am243x.r5f.ti-arm-clang.release.lib : HwiP_armv7r_vim.obj (.bss.gdummy)
                  7007d67c    00000004     libc.a : memory.c.obj (.bss.sys_free)
                  7007d680    00000200     (.common:gMmcsdDataBuf0)
                  7007d880    0000011c     (.common:gProfileObj)
                  7007d99c    00000004     (.common:gMmcsdHandle)
                  7007d9a0    00000064     freertos_fat.am243x.r5f.ti-arm-clang.release.lib : ff_sys.obj (.bss.file_systems)
                  7007da04    00000030     (.common:gSdData0)
                  7007da34    00000018     (.common:gFFDisks)
                  7007da4c    0000000c     (.common:gADMA2Desc)
                  7007da58    00000004     (.common:gUartHandle)
                  7007da5c    00000001     (.common:ucAssumeFATType)
                  7007da5d    00000023     --HOLE--

.irqstack 
*          0    7007da80    00001000     UNINITIALIZED
                  7007da80    00001000     --HOLE--

.fiqstack 
*          0    7007ea80    00000100     UNINITIALIZED
                  7007ea80    00000100     --HOLE--

.svcstack 
*          0    7007eb80    00000100     UNINITIALIZED
                  7007eb80    00000100     --HOLE--

.abortstack 
*          0    7007ec80    00000100     UNINITIALIZED
                  7007ec80    00000100     --HOLE--

.undefinedstack 
*          0    7007ed80    00000100     UNINITIALIZED
                  7007ed80    00000100     --HOLE--

.bss.filebuf 
*          0    70180000    00060000     NOLOAD SECTION
                  70180000    00060000     main.obj (.bss.filebuf)

__llvm_prf_cnts 
*          0    70070000    00000000     UNINITIALIZED

__llvm_prf_bits 
*          0    70070000    00000000     UNINITIALIZED

MODULE SUMMARY

       Module                                   code    ro data   rw data
       ------                                   ----    -------   -------
    obj/release/
       main.obj                                 742     281       393216 
       ti_drivers_config.obj                    90      0         9430   
       ti_drivers_open_close.obj                318     218       700    
       ti_power_clock_config.obj                164     0         56     
       ti_dpl_config.obj                        78      0         124    
       ti_pinmux_config.obj                     34      0         96     
       ti_board_open_close.obj                  4       0         0      
    +--+----------------------------------------+-------+---------+---------+
       Total:                                   1430    499       403622 
                                                                         
    /home/gtbldadm/nightlybuilds/repo_manifests/scripts/jenkins/mcu_plus_sdk_am243x_08_04_00_17/source/drivers/lib/drivers.am243x.r5f.ti-arm-clang.release.lib
       mmcsd_v0.obj                             7390    138       168    
       bootloader_soc.obj                       2562    1189      384    
       uart_v0.obj                              3296    309       156    
       bootloader.obj                           1568    290       0      
       sciclient.obj                            1384    169       24     
       sciclient_pm.obj                         1242    0         0      
       ddr.obj                                  692     418       36     
       bootloader_profile.obj                   416     356       284    
       lpddr4_16bit.obj                         604     306       0      
       soc.obj                                  700     155       0      
       mmcsd_priv.obj                           590     103       0      
       sciclient_procboot.obj                   554     0         0      
       lpddr4.obj                               428     0         0      
       uart_dma.obj                             230     75        0      
       sciclient_fmwSecureProxyMap.obj          0       300       0      
       pinmux.obj                               172     0         0      
       sciclient_soc_priv.obj                   100     24        32     
       sciclient_firewall.obj                   128     0         0      
       bootloader_mem.obj                       78      0         20     
       ddr_soc.obj                              60      0         0      
       csl_sec_proxy.obj                        10      0         0      
    +--+----------------------------------------+-------+---------+---------+
       Total:                                   22204   3832      1104   
                                                                         
    /home/gtbldadm/nightlybuilds/repo_manifests/scripts/jenkins/mcu_plus_sdk_am243x_08_04_00_17/source/fs/freertos_fat/lib/freertos_fat.am243x.r5f.ti-arm-clang.release.lib
       ff_dir.obj                               5440    34        0      
       ff_ioman.obj                             3628    205       1      
       ff_fat.obj                               2796    0         0      
       ff_file.obj                              2526    0         0      
       ff_crc.obj                               104     1536      0      
       ff_sys.obj                               488     168       100    
       ff_string.obj                            740     0         0      
       ff_stdio.obj                             240     416       0      
       ff_mmcsd.obj                             376     0         0      
       portable.obj                             40      0         0      
       ff_memory.obj                            24      0         0      
    +--+----------------------------------------+-------+---------+---------+
       Total:                                   16402   2359      101    
                                                                         
    /home/gtbldadm/nightlybuilds/repo_manifests/scripts/jenkins/mcu_plus_sdk_am243x_08_04_00_17/source/kernel/nortos/lib/nortos.am243x.r5f.ti-arm-clang.release.lib
       HwiP_armv7r_vim.obj                      1106    0         4108   
       printf.obj                               3952    98        0      
       CacheP_armv7r_asm.obj                    848     0         0      
       ClockP_nortos.obj                        640     90        56     
       TimerP.obj                               516     259       0      
       HwiP_armv7r_handlers_nortos.obj          574     0         0      
       MpuP_armv7r.obj                          436     0         0      
       SemaphoreP_nortos.obj                    328     107       0      
       ClockP_nortos_r5.obj                     260     172       0      
       CacheP_armv7r.obj                        262     0         8      
       boot_armv7r_asm.obj                      252     0         0      
       DebugP_log.obj                           154     45        4      
       HwiP_armv7r_asm.obj                      152     0         0      
       MpuP_armv7r_asm.obj                      128     0         0      
[...]
70005e7c  aligned_alloc                       
70005e7c  memalign                            
70006034  free                                
70006371  Bootloader_verifyMulticoreImage     
700064ed  Bootloader_socCpuPowerOnResetR5f    
70006665  Bootloader_profileUpdateMediaAndClk 
70006671  FF_CountFreeClusters                
700067e8  C$$EXIT                             
700067e8  abort                               
700067f1  FF_CreateShortName                  
70006968  _nop                                
7000696c  __aeabi_memcpy                      
7000696c  __aeabi_memcpy4                     
7000696c  __aeabi_memcpy8                     
70006971  FF_GetBuffer                        
70006ac7  CSL_secProxyGetDataAddr             
70006ad1  FF_putFATEntry                      
70006c25  Sciclient_getSelfDevIdCore          
70006c31  FF_Close                            
70006d74  __aeabi_errno_addr                  
70006d81  FF_UnlinkClusterChain               
70006ec1  FF_FS_Add                           
70006ff4  malloc                              
70007133  SOC_moduleSetClockFrequency         
70007261  UART_close                          
70007391  Bootloader_profilePrintProfileLog   
700074b1  LPDDR4_CheckCtlInterrupt            
700075c8  __udivmoddi4                        
700076e1  FF_CreateIOManger                   
700077f5  LPDDR4_AckCtlInterrupt              
70007905  Bootloader_socCpuResetReleaseSelf   
70007a11  ClockP_init                         
70007b11  FF_getFATEntry                      
70007c0d  Bootloader_socCpuPowerOnResetM4f    
70007d01  FF_FindDir                          
70007de1  FF_PopulateShortDirent              
70007ec1  FF_TraverseFAT                      
70008161  FF_IncreaseFreeClusters             
70008241  FF_GetChainLength                   
70008311  FF_Utf16ctoUtf8c                    
700083e1  FF_ExtendDirectory                  
700084b1  FF_FlushCache                       
7000857d  Bootloader_rprcImageLoad            
70008651  FF_FetchEntryWithContext            
700087f1  FF_Utf8ctoUtf16c                    
700088b1  FF_PushEntryWithContext             
7000896f  MMCSD_write                         
70008a31  FF_strtok                           
70008aeb  MMCSD_read                          
70008bb1  FF_DecreaseFreeClusters             
70008c71  FF_FS_Find                          
70008d29  Bootloader_parseMultiCoreAppImage   
70008ddd  Sciclient_getVersionCheck           
70008e91  FF_CreateFile                       
70008ff1  FF_MMCSDDiskInit                    
700090a1  Pinmux_config                       
700092b1  FF_ClearCluster                     
700093f9  Sciclient_pmQueryModuleClkFreq      
7000953d  Bootloader_loadSelfCpu              
700095e1  SemaphoreP_pend                     
70009681  FF_PutEntry                         
70009715  Bootloader_getMsgLen                
700097a5  UART_flushTxFifo                    
70009835  Sciclient_pmSetModuleClkFreq        
70009a71  FF_GetEntry                         
70009afd  UART_init                           
70009b91  FF_BlockRead                        
70009c21  FF_BlockWrite                       
70009ca7  MMCSD_parseCSDSd                    
70009d2b  MMCSD_parseECSDEmmc                 
70009ec3  Sciclient_pmGetModuleClkNumParent   
70009f3d  Sciclient_procBootWaitProcessorState
7000a031  MMCSD_init                          
7000a0a9  MMCSD_parseCIDEmmc                  
7000a198  snprintf                            
7000a289  Bootloader_socCpuSetEntryPoint      
7000a2fd  Bootloader_socCpuSetClock           
7000a36d  Bootloader_socOpenFirewalls         
7000a3dc  atoi                                
7000a44d  Sciclient_pmGetModuleState          
7000a531  ClockP_timerTickIsr                 
7000a59d  SOC_moduleClockEnable               
7000a609  Sciclient_init                      
7000a6f1  AddrTranslateP_getLocalAddr         
7000a759  Bootloader_socCpuPowerOnResetA53    
7000a7c1  LPDDR4_Start                        
7000a829  MMCSD_parseCIDSd                    
7000a891  Sciclient_pmGetModuleClkFreq        
7000a8f7  Sciclient_pmGetModuleClkParent      
7000a961  FF_GetModeBits                      
7000aa41  FF_strmatch                         
7000aaa5  Sciclient_pmModuleGetClkStatus      
7000ab11  prvGetFromFATBuffers                
7000ab74  calloc                              
7000abd5  Sciclient_pmSetModuleClkParent      
7000ac35  Bootloader_socCpuGetClock           
7000ac91  Bootloader_socCpuRelease            
7000aced  Bootloader_socCpuRequest            
7000ad51  Drivers_ffOpen                      
7000ae11  _DebugP_assert                      
7000ae6d  Sciclient_pmModuleClkRequest        
7000aec9  Bootloader_runCpu                   
7000af21  Sciclient_procBootSetSequenceCtrl   
7000afd1  FF_FindEndOfChain                   
7000b0f1  FF_ReleaseBuffer                    
7000b197  Sciclient_pmSetModuleState          
7000b2e1  ClockP_construct                    
7000b331  MMCSD_close                         
7000b421  Sciclient_getContext                
7000b471  Sciclient_waitForBootNotification   
7000b4c0  __TI_auto_init_nobinit_nopinit      
7000b511  FF_InitEntryFetch                   
7000b561  FF_ReadParts                        
7000b5af  Sciclient_procBootReleaseProcessor  
7000b5fd  Bootloader_socInitR5FAtcmBtcm       
7000b651  ClockP_getTimeUsec                  
7000b6a1  Drivers_mmcsdOpen                   
7000b6f1  Drivers_uartOpen                    
7000b73d  UART_dmaDisableChannel              
7000b791  FF_CheckValid                       
7000b7d9  UART_dmaClose                       
7000b821  ff_fopen                            
7000b868  memccpy                             
7000b8b1  Sciclient_pmSetModuleRst_flags      
7000b8f7  Sciclient_procBootGetProcessorState 
7000b93d  Bootloader_findSeq                  
7000b981  Bootloader_loadCpu                  
7000b9c5  Sciclient_pmSetModuleRst            
7000ba09  Sciclient_procBootRequestProcessor  
7000ba4d  Sciclient_procBootAuthAndStart      
7000ba91  ClockP_stop                         
7000bad1  MMCSD_parseCSDEmmc                  
7000bb11  Sciclient_firewallChangeOwnerInfo   
7000bb51  Sciclient_firewallSetRegion         
7000bb91  SemaphoreP_constructBinary          
7000bc11  LPDDR4_ReadReg                      
7000bc4f  Sciclient_procBootSetProcessorCfg   
7000bc91  SemaphoreP_constructMutex           
7000bcd1  Bootloader_open                     
7000bd0d  DDR_socEnableVttRegulator           
7000bd51  FF_CreateClusterChain               
7000bdd1  ClockP_destruct                     
7000be11  DebugP_uartLogWriterPutChar         
7000be51  Dpl_init                            
7000be91  FF_DeleteIOManager                  
7000bed1  FF_GetCRC16                         
7000bf11  FF_ReleaseFATBuffers                
7000bf4b  LPDDR4_WritePhyConfig               
7000bff9  Bootloader_getX509CertLen           
7000c031  Bootloader_socTranslateSectionAddr  
7000c071  Drivers_close                       
7000c0a9  SOC_controlModuleUnlockMMR          
7000c0e1  Sciclient_getCurrentContext         
7000c119  UART_dmaOpen                        
7000c151  _DebugP_logZone                     
7000c191  FF_getMinorBlockEntry               
7000c1c7  LPDDR4_WritePhyIndepConfig          
7000c201  Module_clockSetFrequency            
7000c241  System_init                         
7000c279  Bootloader_socMemInitCpu            
7000c2b1  ClockP_start                        
7000c2e5  LPDDR4_EnablePIInitiator            
7000c319  SOC_generateSwWarmResetMcuDomain    
7000c381  ClockP_usleep                       
7000c401  FF_getMinorBlockNumber              
7000c441  SemaphoreP_post                     
7000c481  prvFFErrorToErrno                   
7000c4b5  Bootloader_BootImageInfo_init       
7000c4e5  LPDDR4_PollCtlIrq                   
7000c515  LPDDR4_WriteCtlConfig               
7000c574  CycleCounterP_getCount32            
7000c57c  PmuP_setup                          
7000c584  PmuP_enableCounters                 
7000c58c  PmuP_disableCounters                
7000c594  PmuP_getOverflowStatus              
7000c59c  PmuP_clearOverflowStatus            
7000c5b1  FF_GetCRC32                         
7000c641  Module_clockDisable                 
7000c671  Module_clockEnable                  
7000c69f  SOC_controlModuleLockMMR            
7000c6cd  Bootloader_profileReset             
7000c725  MMCSD_getHandle                     
7000c77d  SOC_clearResetCauseMainMcuDomain    
7000c7a9  UART_getHandle                      
7000c7d5  Bootloader_socCpuPowerOnReset       
7000c851  SOC_getWarmResetCauseMcuDomain      
7000c881  ff_filelength                       
7000c8b1  ff_fread                            
7000c8d9  Bootloader_rprcImageParseEntryPoint 
7000c901  FF_GetFileSize                      
7000c931  FF_tolower                          
7000c957  MMCSD_parseSCRSd                    
7000c981  ff_fclose                           
7000c9a9  Bootloader_profileAddProfilePoint   
7000ca21  System_deinit                       
7000ca51  CycleCounterP_reset                 
7000ca81  vprintf_                            
7000caa4  __aeabi_uldivmod                    
7000cb51  Pinmux_init                         
7000cb75  Bootloader_runSelfCpu               
7000cba1  DebugP_logZoneEnable                
7000cbe1  TimerP_Params_init                  
7000cc20  wcslen                              
7000cc41  FF_MMCSDDiskDelete                  
7000cc61  FF_getMajorBlockNumber              
7000cc7f  LPDDR4_Init                         
7000ccbb  SOC_getSelfCpuClk                   
7000ccd9  Bootloader_socCpuGetClkDefault      
7000ccf5  Bootloader_socGetCoreName           
7000cd11  Bootloader_socIsAuthRequired        
7000cd2d  Bootloader_socResetWorkaround       
7000cd49  Bootloader_socRprcToCslCoreId       
7000cd81  _system_pre_init                    
7000cdb8  TI_memcpy_small                     
7000cdd4  __aeabi_memset                      
7000cdd4  __aeabi_memset4                     
7000cdd4  __aeabi_memset8                     
7000cde4  __aeabi_memclr                      
7000cde4  __aeabi_memclr4                     
7000cde4  __aeabi_memclr8                     
7000cdf1  FF_Cluster2LBA                      
7000ce3f  UART_writeInterruptDma              
7000ce59  Bootloader_profileAddCore           
7000ce89  MMCSD_deinit                        
7000cea1  SOC_getCoreName                     
7000ced1  UART_deinit                         
7000cee8  TI_memset_small                     
7000cf01  Bootloader_socAuthImage             
7000cf19  Sciclient_getDevId                  
7000cf41  Drivers_open                        
7000cf61  FF_getClusterChainNumber            
7000cf73  MMCSD_getBlockCount                 
7000cf91  TimerP_clearOverflowInt             
7000cfb5  Bootloader_close                    
7000cfc5  Bootloader_isCorePresent            
7000cfe1  FF_GetUtf16SequenceLen              
7000cff1  LPDDR4_Probe                        
7000d001  PowerClock_init                     
7000d011  ClockP_getTicks                     
7000d021  DebugP_uartSetDrvIndex              
7000d031  ClockP_Params_init                  
7000d041  ClockP_isActive                     
7000d051  TimerP_start                        
7000d071  Board_driversOpen                   
7000d081  ClockP_getTimerCount                
7000d091  ClockP_timerClearOverflowInt        
7000d0a1  FF_BufferWait                       
7000d0b1  FF_CreateEvents                     
7000d0c1  FF_Has_Lock                         
7000d0d1  FF_getChar                          
7000d0e1  FF_getLong                          
7000d0f1  FF_getShort                         
7000d101  FF_putChar                          
7000d111  FF_putLong                          
7000d121  FF_putShort                         
7000d131  PowerClock_deinit                   
7000d141  TimerP_getCount                     
7000d151  TimerP_getReloadCount               
7000d160  __aeabi_idiv0                       
7000d170  __aeabi_ldiv0                       
7000d181  putchar_                            
7000d191  vTaskSetThreadLocalStoragePointer   
7000d1a1  Dpl_deinit                          
7000d1b1  FF_Assert_Lock                      
7000d1c1  FF_BufferProceed                    
7000d1d1  FF_DeleteEvents                     
7000d1e1  FF_LockDirectory                    
7000d1f1  FF_LockFAT                          
7000d201  FF_PendSemaphore                    
7000d211  FF_ReleaseSemaphore                 
7000d221  FF_Sleep                            
7000d231  FF_UnlockDirectory                  
7000d241  FF_UnlockFAT                        
7000d251  SemaphoreP_destruct                 
7000d261  TaskP_yield                         
7000d281  vTaskSuspendAll                     
7000d291  xTaskResumeAll                      
7000d2a1  HwiP_enableInt                      
7000d2d1  HwiP_disableInt                     
7000d311  HwiP_restoreInt                     
7000d371  HwiP_clearInt                       
7000d391  HwiP_post                           
7000d3c1  HwiP_Params_init                    
7000d3e1  HwiP_construct                      
7000d531  HwiP_destruct                       
7000d611  HwiP_init                           
7000d6e1  HwiP_inISR                          
7000d701  HwiP_irq_handler_c                  
7000d791  HwiP_fiq_handler                    
7000d851  HwiP_reserved_handler               
7000d881  HwiP_undefined_handler              
7000d8b1  HwiP_svc_handler                    
7000d8e1  HwiP_prefetch_abort_handler         
7000d911  HwiP_data_abort_handler             
7000d940  HwiP_irq_handler                    
7000d9b8  HwiP_disable                        
7000d9c8  HwiP_disableFIQ                     
7000d9d8  HwiP_enable                         
7000d9e8  HwiP_enableFIQ                      
7000d9f8  HwiP_restore                        
7000da00  HwiP_enableVIC                      
7000da10  HwiP_disableVIC                     
7000da20  HwiP_getCPSR                        
7000da30  CacheP_disableL1d                   
7000da58  CacheP_disableL1p                   
7000da70  CacheP_enableL1d                    
7000da88  CacheP_enableL1p                    
7000daa0  CacheP_invL1d                       
7000dad8  CacheP_invL1p                       
7000db14  CacheP_invL1dAll                    
7000db1c  CacheP_invL1pAll                    
7000db24  CacheP_wb                           
7000db60  CacheP_wbInv                        
7000db9c  CacheP_wbAll                        
7000dc44  CacheP_wbInvAll                     
7000dc5c  CacheP_wbInvAllAsm                  
7000dcfc  CacheP_getEnabled                   
7000dd34  CacheP_getCacheLevelInfo            
7000dd40  CacheP_configForceWrThru            
7000dd60  CacheP_setDLFO                      
7000dd71  CacheP_init                         
7000ddf1  CacheP_disable                      
7000de31  CacheP_enable                       
7000de51  CacheP_inv                          
7000de91  MpuP_RegionAttrs_init               
7000dea1  MpuP_setRegion                      
7000df51  MpuP_enable                         
7000df91  MpuP_disable                        
7000dfd1  MpuP_isEnable                       
7000dfe1  MpuP_init                           
7000e044  MpuP_disableAsm                     
7000e05c  MpuP_disableBRAsm                   
7000e06c  MpuP_enableAsm                      
7000e084  MpuP_enableBRAsm                    
7000e094  MpuP_isEnableAsm                    
7000e0a8  MpuP_setRegionAsm                   
7000e0d0  _c_int00_sbl                        
7000e0f4  _c_int00                            
7000e1d1  _DebugP_assertNoLog                 
7000e1f1  __mpu_init                          
7000e200  DDRSS_phyReg                        
7000e200  gUartDmaConfig                      
7000e9ec  DDRSS_ctlReg                        
7000f088  DDRSS_phyIndepReg                   
7000f5ec  DDRSS_phyRegNum                     
7000f9e2  DDRSS_ctlRegNum                     
7000fd30  DDRSS_phyIndepRegNum                
7000ffe4  gAddrTranslateInfo                  
700100a8  gCoreBootInfo                       
700102e0  gUartParams                         
70010334  gMpuRegionConfig                    
70010414  gSocModulesClockFrequency           
70010438  gSciclientSecProxyCfg               
70010458  gBootloaderConfig                   
7001048c  gBootloaderMemFxns                  
700104a0  gClockConfig                        
700104b4  gResMemSection                      
700104c8  gSocModules                         
700104dc  __aeabi_errno                       
700104e0  gAddrTranslateConfig                
700104ec  gMpuConfig                          
700104f8  gBootloader0Args                    
70010500  gCacheConfig                        
70010508  gFFMmcsdConfig                      
70010510  gFFPartitionIds                     
70010518  gMmcsdConfig                        
70010520  gMmcsdParams                        
70010538  gUartConfig                         
70010540  _lock                               
70010544  _unlock                             
70010548  gBootloaderConfigNum                
7001054c  gCacheL1dCacheLineSize              
70010550  gCacheL1pCacheLineSize              
70010554  gDebugLogZone                       
70010558  gDebugP_uartDrvIndex                
7001055c  gHwiConfig                          
70010560  gMmcsdConfigNum                     
70010564  gUartConfigNum                      
70010568  gUartDmaConfigNum                   
7001056c  operatingMode                       
700109bc  crc32_table                         
700114c0  gSciclientMap                       
70011920  __aeabi_ctype_table_                
70011920  __aeabi_ctype_table_C               
7001220c  gSOC_r5fVectors                     
70070000  __start___llvm_prf_bits             
70070000  __start___llvm_prf_cnts             
70070000  __stop___llvm_prf_bits              
70070000  __stop___llvm_prf_cnts              
70070000  _sys_memory                         
70078000  __stack                             
7007c000  __BSS_START                         
7007c000  __STACK_END                         
7007c000  gHwiCtrl                            
7007d640  gClockCtrl                          
7007d680  gMmcsdDataBuf0                      
7007d880  gProfileObj                         
7007d99c  gMmcsdHandle                        
7007da04  gSdData0                            
7007da34  gFFDisks                            
7007da4c  gADMA2Desc                          
7007da58  gUartHandle                         
7007da5c  ucAssumeFATType                     
7007da80  __BSS_END                           
7007da80  __IRQ_STACK_START                   
7007ea80  __FIQ_STACK_START                   
7007ea80  __IRQ_STACK_END                     
7007eb80  __FIQ_STACK_END                     
7007eb80  __SVC_STACK_START                   
7007ec80  __ABORT_STACK_START                 
7007ec80  __SVC_STACK_END                     
7007ed80  __ABORT_STACK_END                   
7007ed80  __UNDEFINED_STACK_START             
7007ee80  __UNDEFINED_STACK_END               
70180000  gAppImageBuf                        
ffffffff  __TI_pprof_out_hndl                 
ffffffff  __TI_prof_data_size                 
ffffffff  __TI_prof_data_start                
ffffffff  __binit__                           
ffffffff  binit                               
UNDEFED   __TI_CINIT_Base                     
UNDEFED   __TI_CINIT_Limit                    
UNDEFED   __TI_Handler_Table_Base             
UNDEFED   __TI_Handler_Table_Limit            
UNDEFED   _system_post_cinit                  

[462 symbols]
